
List of user-set options:

                                    Name   Value                used
              acceptable_constr_viol_tol = 0.0001                yes
                          acceptable_tol = 0.001                 yes
                             alpha_for_y = safer-min-dual-infeas  yes
                         constr_viol_tol = 0.0001                yes
                        file_print_level = 5                     yes
                   hessian_approximation = limited-memory        yes
                           linear_solver = mumps                 yes
                                max_iter = 200                   yes
                                 mu_init = 1e-05                 yes
                             mu_strategy = monotone              yes
                      nlp_scaling_method = gradient-based        yes
                             output_file = /home/kaleb/projects/learning/AAD-design/sardines/SARDINE_optimization21_out/IPOPT.out  yes
                             print_level = 5                     yes
                      print_user_options = yes                   yes
                                      sb = yes                   yes
                                     tol = 0.0001                yes
This is Ipopt version 3.11.9, running with linear solver mumps.
NOTE: Other linear solvers might be more efficient (see Ipopt documentation).

Number of nonzeros in equality constraint Jacobian...:    11716
Number of nonzeros in inequality constraint Jacobian.:     4156
Number of nonzeros in Lagrangian Hessian.............:        0

Total number of variables............................:      213
                     variables with only lower bounds:        2
                variables with lower and upper bounds:      211
                     variables with only upper bounds:        0
Total number of equality constraints.................:      200
Total number of inequality constraints...............:      124
        inequality constraints with only lower bounds:       20
   inequality constraints with lower and upper bounds:       64
        inequality constraints with only upper bounds:       40

iter    objective    inf_pr   inf_du lg(mu)  ||d||  lg(rg) alpha_du alpha_pr  ls
   0  1.5427322e-03 1.08e+01 1.22e+00  -5.0 0.00e+00    -  0.00e+00 0.00e+00   0
   1  1.8306843e-03 1.05e+01 1.20e+00  -5.0 3.79e+00    -  3.69e-03 2.60e-02h  1
   2  1.8537361e-03 1.05e+01 1.17e+00  -5.0 5.22e+00    -  2.50e-02 7.57e-04h  1
   3  3.3168076e-03 1.04e+01 6.54e+01  -5.0 2.00e+02    -  1.11e-02 8.86e-03H  1
   4  2.8587656e-02 8.98e+00 5.63e+01  -5.0 3.04e+00    -  1.78e-02 1.37e-01h  1
   5  3.0422514e-02 8.90e+00 5.34e+01  -5.0 3.23e+00    -  5.26e-02 8.04e-03h  1
   6  4.1805342e-02 8.69e+00 5.21e+01  -5.0 1.34e+01    -  2.23e-02 2.45e-02h  1
   7  5.1526347e-02 8.53e+00 4.98e+01  -5.0 1.59e+01    -  4.37e-02 1.83e-02h  1
   8  6.0144863e-02 8.38e+00 4.92e+01  -5.0 1.44e+01    -  3.70e-03 1.76e-02h  1
   9  6.1265651e-02 8.35e+00 4.89e+01  -5.0 1.14e+01    -  5.12e-03 3.41e-03h  1
iter    objective    inf_pr   inf_du lg(mu)  ||d||  lg(rg) alpha_du alpha_pr  ls
  10  6.3558366e-02 8.30e+00 4.89e+01  -5.0 2.32e+01    -  5.36e-04 5.21e-03h  1
  11  6.8096038e-02 8.24e+00 4.87e+01  -5.0 1.38e+01    -  4.83e-03 7.16e-03h  1
  12  7.7340517e-02 8.13e+00 4.80e+01  -5.0 1.50e+01    -  1.39e-02 1.37e-02h  3
  13  9.1175279e-02 7.96e+00 4.72e+01  -5.0 1.49e+01    -  9.34e-03 2.07e-02h  2
  14  1.0978705e-01 7.75e+00 4.72e+01  -5.0 1.14e+01    -  4.82e-06 2.69e-02h  1
  15  1.4145285e-01 7.41e+00 4.51e+01  -5.0 4.67e+00    -  7.18e-03 4.40e-02h  1
  16  1.5171496e-01 7.30e+00 4.44e+01  -5.0 4.47e+00    -  6.21e-03 1.49e-02h  1
  17  6.3385470e-01 2.14e+00 3.91e+01  -5.0 4.42e+00    -  1.86e-02 7.07e-01h  1
  18  7.9206994e-01 3.25e-01 2.32e+01  -5.0 1.21e+00    -  3.50e-01 8.48e-01h  1
  19  8.0727918e-01 1.13e-01 2.31e+01  -5.0 4.97e-01    -  4.24e-04 6.52e-01h  1
iter    objective    inf_pr   inf_du lg(mu)  ||d||  lg(rg) alpha_du alpha_pr  ls
  20  8.1291674e-01 7.26e-02 1.99e+01  -5.0 9.03e-01    -  1.41e-01 3.59e-01h  1
  21  8.1224414e-01 5.48e-02 1.95e+01  -5.0 1.30e+00    -  2.29e-02 2.46e-01f  1
  22  8.1656789e-01 4.05e-06 9.64e+00  -5.0 2.80e-02    -  5.10e-01 1.00e+00h  1
  23  8.1647854e-01 2.40e-06 1.04e+00  -5.0 3.13e-02    -  8.92e-01 3.95e-01h  1
  24  8.1637661e-01 1.42e-06 1.01e+00  -5.0 1.18e-02    -  2.56e-02 1.00e+00f  1
  25  8.1634299e-01 2.30e-07 3.97e+00  -5.0 1.48e-03    -  8.28e-01 1.00e+00h  1
  26  8.1605358e-01 1.02e-06 4.00e+00  -5.0 7.38e-03    -  5.12e-01 1.00e+00h  1
  27  8.1572305e-01 6.30e-06 4.00e+00  -5.0 9.93e-03    -  7.70e-01 1.00e+00h  1
  28  8.1440709e-01 1.07e-04 4.00e+00  -5.0 4.61e+00    -  1.56e-02 6.17e-02f  2
  29  7.9302573e-01 2.51e-03 4.00e+00  -5.0 2.34e+00    -  1.39e-02 1.70e-01h  1
iter    objective    inf_pr   inf_du lg(mu)  ||d||  lg(rg) alpha_du alpha_pr  ls
  30  7.8863627e-01 2.25e-03 4.00e+00  -5.0 9.86e-01    -  1.49e-01 1.01e-01h  1
  31  7.7276078e-01 2.28e-03 4.00e+00  -5.0 6.88e+00    -  3.21e-02 6.15e-02h  1
  32  7.7230586e-01 2.25e-03 4.00e+00  -5.0 6.30e+00    -  8.20e-02 1.59e-02h  1
  33  7.7202538e-01 1.63e-03 8.51e-01  -5.0 1.83e+00    -  1.47e-01 2.72e-01f  2
  34  7.6894110e-01 3.28e-02 7.56e-01  -5.0 5.45e+00    -  1.11e-01 1.91e-01h  1
  35  7.6839948e-01 4.30e-02 6.64e-01  -5.0 4.98e+00    -  1.21e-01 1.72e-01h  1
  36  7.6825937e-01 4.25e-02 5.21e-02  -5.0 2.93e+00    -  2.54e-01 6.74e-02h  1
  37  7.6969507e-01 2.74e-02 3.97e+00  -5.0 1.15e+00    -  5.78e-01 5.12e-01h  1
  38  7.6984338e-01 2.47e-02 3.99e+00  -5.0 2.57e-01    -  1.59e-01 8.92e-02h  1
  39  7.7022462e-01 1.67e-02 4.00e+00  -5.0 2.25e-01    -  3.87e-01 3.17e-01h  1
iter    objective    inf_pr   inf_du lg(mu)  ||d||  lg(rg) alpha_du alpha_pr  ls
  40  7.7153814e-01 2.68e-03 4.01e+00  -5.0 1.08e-01    -  4.91e-01 8.42e-01h  1
  41  7.7175005e-01 6.85e-06 3.96e-01  -5.0 6.30e-02    -  5.84e-01 1.00e+00h  1
  42  7.7175235e-01 1.14e-06 1.93e-02  -5.0 6.33e-02    -  1.00e+00 1.00e+00h  1

Number of Iterations....: 42

                                   (scaled)                 (unscaled)
Objective...............:   7.7175235027518063e-01    7.7175235027518063e-01
Dual infeasibility......:   1.9334411520080905e-02    1.9334411520080905e-02
Constraint violation....:   1.1445264636709695e-06    1.1445264636709695e-06
Complementarity.........:   1.8635531234712321e-05    1.8635531234712321e-05
Overall NLP error.......:   1.8635531234712321e-05    1.9334411520080905e-02


Number of objective function evaluations             = 55
Number of objective gradient evaluations             = 43
Number of equality constraint evaluations            = 55
Number of inequality constraint evaluations          = 55
Number of equality constraint Jacobian evaluations   = 43
Number of inequality constraint Jacobian evaluations = 43
Number of Lagrangian Hessian evaluations             = 0
Total CPU secs in IPOPT (w/o function evaluations)   =      0.711
Total CPU secs in NLP function evaluations           =     24.868

EXIT: Optimal Solution Found.
