
List of user-set options:

                                    Name   Value                used
              acceptable_constr_viol_tol = 0.001                 yes
                          acceptable_tol = 0.01                  yes
                             alpha_for_y = safer-min-dual-infeas  yes
                         constr_viol_tol = 0.001                 yes
                        file_print_level = 5                     yes
                   hessian_approximation = limited-memory        yes
                           linear_solver = mumps                 yes
                                max_iter = 66                    yes
                                 mu_init = 1e-05                 yes
                             mu_strategy = monotone              yes
                      nlp_scaling_method = gradient-based        yes
                             output_file = /home/kaleb/projects/learning/AAD-design/sardines/SARDINE_optimization12_out/IPOPT.out  yes
                             print_level = 5                     yes
                      print_user_options = yes                   yes
                                      sb = yes                   yes
                                     tol = 0.001                 yes
This is Ipopt version 3.11.9, running with linear solver mumps.
NOTE: Other linear solvers might be more efficient (see Ipopt documentation).

Number of nonzeros in equality constraint Jacobian...:     8831
Number of nonzeros in inequality constraint Jacobian.:     2080
Number of nonzeros in Lagrangian Hessian.............:        0

Total number of variables............................:      180
                     variables with only lower bounds:        2
                variables with lower and upper bounds:      178
                     variables with only upper bounds:        0
Total number of equality constraints.................:      174
Total number of inequality constraints...............:       84
        inequality constraints with only lower bounds:       20
   inequality constraints with lower and upper bounds:       44
        inequality constraints with only upper bounds:       20

iter    objective    inf_pr   inf_du lg(mu)  ||d||  lg(rg) alpha_du alpha_pr  ls
   0  5.3995626e-06 1.96e+01 1.00e+00  -5.0 0.00e+00    -  0.00e+00 0.00e+00   0
   1  1.4769074e-05 1.91e+01 9.96e-01  -5.0 5.66e+00    -  1.33e-02 2.33e-02h  1
   2  1.6967585e-05 1.90e+01 1.36e+00  -5.0 4.27e+00    -  2.33e-02 3.57e-03h  1
   3  3.5115426e-05 1.85e+01 1.34e+00  -5.0 3.19e+00    -  2.63e-02 3.06e-02h  1
   4  3.7516875e-05 1.84e+01 9.99e-01  -5.0 7.20e+00    -  4.63e-03 3.56e-03h  1
   5  4.0117693e-05 1.83e+01 9.91e-01  -5.0 1.81e+01    -  1.05e-03 2.72e-03h  1
   6  4.6459551e-05 1.82e+01 1.35e+00  -5.0 1.70e+01    -  7.42e-04 6.44e-03h  1
   7  5.1548870e-05 1.81e+01 1.57e+00  -5.0 1.76e+01    -  2.56e-03 4.25e-03h  1
   8  6.2839502e-05 1.80e+01 2.09e+00  -5.0 1.22e+01    -  2.29e-03 5.78e-03h  1
   9  6.9310385e-05 1.80e+01 1.89e+00  -5.0 1.54e+01    -  4.62e-03 2.34e-03h  1
iter    objective    inf_pr   inf_du lg(mu)  ||d||  lg(rg) alpha_du alpha_pr  ls
  10  2.3636845e-04 1.69e+01 4.25e+00  -5.0 1.52e+01    -  6.73e-03 5.88e-02f  1
  11  2.3642452e-04 1.69e+01 7.08e+00  -5.0 1.73e+02    -  4.66e-04 5.81e-05h  1
  12  2.4202906e-04 1.69e+01 7.15e+00  -5.0 8.34e+01    -  3.39e-08 2.89e-03f  1
  13  2.8975063e-04 1.66e+01 8.92e+00  -5.0 1.84e+01    -  1.93e-03 1.81e-02h  1
  14  2.7757721e-03 1.59e+00 1.80e+01  -5.0 5.09e+00    -  1.90e-02 9.04e-01h  1
  15  2.9896912e-03 2.17e-01 1.97e+00  -5.0 4.59e-01    -  5.57e-01 8.64e-01h  1
  16  3.0230683e-03 1.43e-06 3.40e-01  -5.0 6.18e-02    -  8.36e-01 1.00e+00h  1
  17  3.0230733e-03 3.79e-07 3.24e-03  -5.0 4.56e-04    -  9.91e-01 1.00e+00h  1
  18  3.0252584e-03 5.90e-05 3.57e-03  -5.0 1.21e+00    -  1.27e-02 1.00e+00f  1
  19  3.0252131e-03 3.49e-07 9.76e-04  -5.0 1.03e-02    -  1.00e+00 1.00e+00h  1
iter    objective    inf_pr   inf_du lg(mu)  ||d||  lg(rg) alpha_du alpha_pr  ls
  20  3.0253186e-03 1.04e-05 6.02e-03  -5.0 2.26e-01    -  1.00e+00 1.00e+00h  1
  21  3.0265503e-03 1.61e-05 6.63e-04  -5.0 2.15e+00    -  1.00e+00 1.00e+00h  1

Number of Iterations....: 21

                                   (scaled)                 (unscaled)
Objective...............:   3.0265502534765724e-03    3.0265502534765724e-03
Dual infeasibility......:   6.6330694528762260e-04    6.6330694528762260e-04
Constraint violation....:   1.6144377972476871e-05    1.6144377972476871e-05
Complementarity.........:   1.0000000000000004e-05    1.0000000000000004e-05
Overall NLP error.......:   6.6330694528762260e-04    6.6330694528762260e-04


Number of objective function evaluations             = 22
Number of objective gradient evaluations             = 22
Number of equality constraint evaluations            = 22
Number of inequality constraint evaluations          = 22
Number of equality constraint Jacobian evaluations   = 22
Number of inequality constraint Jacobian evaluations = 22
Number of Lagrangian Hessian evaluations             = 0
Total CPU secs in IPOPT (w/o function evaluations)   =      0.782
Total CPU secs in NLP function evaluations           =      9.674

EXIT: Optimal Solution Found.
