
List of user-set options:

                                    Name   Value                used
              acceptable_constr_viol_tol = 0.001                 yes
                          acceptable_tol = 0.01                  yes
                             alpha_for_y = safer-min-dual-infeas  yes
                         constr_viol_tol = 0.001                 yes
                        file_print_level = 5                     yes
                   hessian_approximation = limited-memory        yes
                           linear_solver = mumps                 yes
                                max_iter = 66                    yes
                                 mu_init = 1e-05                 yes
                             mu_strategy = monotone              yes
                      nlp_scaling_method = gradient-based        yes
                             output_file = /home/kaleb/projects/learning/AAD-design/sardines/SARDINE_optimization7_out/IPOPT.out  yes
                             print_level = 5                     yes
                      print_user_options = yes                   yes
                                      sb = yes                   yes
                                     tol = 0.001                 yes
This is Ipopt version 3.11.9, running with linear solver mumps.
NOTE: Other linear solvers might be more efficient (see Ipopt documentation).

Number of nonzeros in equality constraint Jacobian...:     4707
Number of nonzeros in inequality constraint Jacobian.:     1910
Number of nonzeros in Lagrangian Hessian.............:        0

Total number of variables............................:      126
                     variables with only lower bounds:        2
                variables with lower and upper bounds:      124
                     variables with only upper bounds:        0
Total number of equality constraints.................:      120
Total number of inequality constraints...............:       82
        inequality constraints with only lower bounds:       20
   inequality constraints with lower and upper bounds:       42
        inequality constraints with only upper bounds:       20

iter    objective    inf_pr   inf_du lg(mu)  ||d||  lg(rg) alpha_du alpha_pr  ls
   0  5.3995626e-06 1.96e+01 1.00e+00  -5.0 0.00e+00    -  0.00e+00 0.00e+00   0
   1  9.8933743e-06 1.90e+01 1.60e+00  -5.0 7.20e+00    -  2.70e-02 2.78e-02h  1
   2  1.2896220e-05 1.90e+01 1.76e+00  -5.0 3.91e+01    -  7.80e-03 2.39e-03h  1
   3  3.0455573e-05 1.88e+01 2.17e+00  -5.0 6.03e+01    -  3.79e-03 6.71e-03h  1
   4  5.4909342e-04 1.53e+01 1.12e+01  -5.0 3.22e+01    -  6.59e-03 1.89e-01h  1
   5  6.0312692e-04 1.49e+01 2.47e+01  -5.0 2.09e+01    -  1.63e-01 2.40e-02h  1
   6  1.0056553e-03 1.23e+01 2.33e+01  -5.0 4.21e+00    -  1.70e-01 1.77e-01h  3
   7  1.2292796e-03 1.08e+01 2.17e+01  -5.0 3.45e+00    -  3.31e-01 1.20e-01h  3
   8  1.2973536e-03 1.03e+01 1.39e+01  -5.0 3.02e+00    -  4.53e-01 4.17e-02h  4
   9  1.3118816e-03 1.03e+01 7.17e+00  -5.0 2.89e+00    -  5.41e-01 9.32e-03h  6
iter    objective    inf_pr   inf_du lg(mu)  ||d||  lg(rg) alpha_du alpha_pr  ls
  10  1.3141019e-03 1.02e+01 5.01e+00  -5.0 2.86e+00    -  3.41e-01 1.44e-03h  9
  11  2.0850659e-03 5.11e+00 1.22e+01  -5.0 2.85e+00    -  4.26e-01 5.01e-01h  1
  12  2.3113339e-03 3.59e+00 1.24e+01  -5.0 3.69e+00    -  3.19e-01 2.97e-01h  1
  13  2.6566375e-03 1.17e+00 5.24e+00  -5.0 2.49e+00    -  5.68e-01 6.74e-01h  1
  14  2.8275678e-03 4.37e-05 1.59e+00  -5.0 1.93e+00    -  5.31e-01 1.00e+00h  1
  15  2.8261037e-03 5.48e-06 6.13e-01  -5.0 2.53e-01    -  6.30e-01 1.00e+00h  1
  16  2.8261448e-03 3.03e-08 1.01e-04  -5.0 3.85e-03    -  1.00e+00 1.00e+00h  1
  17  2.8272161e-03 2.43e-05 2.34e-02  -5.0 7.17e-01    -  7.72e-01 1.00e+00f  1
  18  2.8272624e-03 5.25e-07 9.36e-04  -5.0 3.19e-02    -  1.00e+00 1.00e+00h  1

Number of Iterations....: 18

                                   (scaled)                 (unscaled)
Objective...............:   2.8272624491943290e-03    2.8272624491943290e-03
Dual infeasibility......:   9.3621181572876226e-04    9.3621181572876226e-04
Constraint violation....:   5.2522785334492547e-07    5.2522785334492547e-07
Complementarity.........:   1.2765653987337133e-05    1.2765653987337133e-05
Overall NLP error.......:   9.3621181572876226e-04    9.3621181572876226e-04


Number of objective function evaluations             = 39
Number of objective gradient evaluations             = 19
Number of equality constraint evaluations            = 39
Number of inequality constraint evaluations          = 39
Number of equality constraint Jacobian evaluations   = 19
Number of inequality constraint Jacobian evaluations = 19
Number of Lagrangian Hessian evaluations             = 0
Total CPU secs in IPOPT (w/o function evaluations)   =      0.508
Total CPU secs in NLP function evaluations           =     10.058

EXIT: Optimal Solution Found.
