
List of user-set options:

                                    Name   Value                used
              acceptable_constr_viol_tol = 0.001                 yes
                          acceptable_tol = 0.01                  yes
                             alpha_for_y = safer-min-dual-infeas  yes
                         constr_viol_tol = 0.001                 yes
                        file_print_level = 5                     yes
                   hessian_approximation = limited-memory        yes
                           linear_solver = mumps                 yes
                                max_iter = 66                    yes
                                 mu_init = 1e-05                 yes
                             mu_strategy = monotone              yes
                      nlp_scaling_method = gradient-based        yes
                             output_file = /home/kaleb/projects/learning/AAD-design/sardines/SARDINE_optimization22_out/IPOPT.out  yes
                             print_level = 5                     yes
                      print_user_options = yes                   yes
                                      sb = yes                   yes
                                     tol = 0.001                 yes
This is Ipopt version 3.11.9, running with linear solver mumps.
NOTE: Other linear solvers might be more efficient (see Ipopt documentation).

Number of nonzeros in equality constraint Jacobian...:    11828
Number of nonzeros in inequality constraint Jacobian.:     4160
Number of nonzeros in Lagrangian Hessian.............:        0

Total number of variables............................:      215
                     variables with only lower bounds:        2
                variables with lower and upper bounds:      213
                     variables with only upper bounds:        0
Total number of equality constraints.................:      206
Total number of inequality constraints...............:      124
        inequality constraints with only lower bounds:       20
   inequality constraints with lower and upper bounds:       64
        inequality constraints with only upper bounds:       40

iter    objective    inf_pr   inf_du lg(mu)  ||d||  lg(rg) alpha_du alpha_pr  ls
   0  5.3995626e-06 1.96e+01 1.00e+00  -5.0 0.00e+00    -  0.00e+00 0.00e+00   0
   1  7.9842746e-06 1.92e+01 9.96e-01  -5.0 6.01e+00    -  6.81e-03 1.81e-02h  1
   2  7.9931942e-06 1.92e+01 1.10e+00  -5.0 5.20e+00    -  1.78e-02 1.05e-03h  1
   3  1.0825985e-05 1.82e+01 1.08e+00  -5.0 4.86e+00    -  1.65e-02 5.22e-02h  1
   4  2.1428415e-05 1.80e+01 1.08e+00  -5.0 3.64e+00    -  1.03e-02 1.02e-02h  1
   5  2.4605200e-04 1.58e+01 1.14e+00  -5.0 3.43e+00    -  1.17e-02 1.21e-01h  1
   6r 2.4605200e-04 1.58e+01 9.99e+02   1.2 0.00e+00    -  0.00e+00 3.35e-07R  3
   7r 2.3067391e-04 1.60e+01 9.99e+02   1.2 2.90e+06    -  1.44e-06 5.66e-08f  5
   8r 2.6634817e-04 1.22e+01 9.99e+02   1.2 1.49e+03    -  9.44e-05 2.53e-03f  1
   9r 2.6634817e-04 1.22e+01 9.99e+02   1.1 0.00e+00    -  0.00e+00 4.04e-07R  4
iter    objective    inf_pr   inf_du lg(mu)  ||d||  lg(rg) alpha_du alpha_pr  ls
  10r 2.5654604e-04 1.23e+01 9.99e+02   1.1 2.88e+05    -  1.18e-05 3.47e-07f  4
  11r 2.8484523e-04 1.05e+01 9.98e+02   1.1 1.46e+03    -  8.51e-04 1.22e-03f  1
  12  3.0275964e-04 1.04e+01 1.52e+00  -5.0 3.10e+00    -  7.15e-02 1.07e-02h  1
  13  3.7873312e-04 1.00e+01 1.45e+00  -5.0 3.58e+00    -  3.94e-02 3.93e-02h  1
  14  4.1476660e-04 9.86e+00 1.87e+00  -5.0 3.93e+00    -  5.78e-02 1.70e-02h  1
  15  4.7382659e-04 9.59e+00 2.45e+00  -5.0 4.10e+00    -  3.83e-02 2.67e-02h  1
  16  1.0439353e-03 7.01e+00 6.40e+00  -5.0 3.93e+00    -  5.60e-02 2.69e-01h  1
  17  1.1773748e-03 6.32e+00 5.62e+00  -5.0 7.46e+00    -  6.04e-02 9.83e-02h  1
  18  1.2386801e-03 6.03e+00 5.81e+00  -5.0 3.45e+00    -  4.34e-02 4.72e-02h  1
  19  1.3303054e-03 5.58e+00 6.90e+00  -5.0 3.36e+00    -  9.95e-03 7.40e-02h  1
iter    objective    inf_pr   inf_du lg(mu)  ||d||  lg(rg) alpha_du alpha_pr  ls
  20  1.7703870e-03 3.47e+00 9.50e+00  -5.0 2.16e+00    -  3.80e-02 3.78e-01h  1
  21  1.8097499e-03 3.27e+00 9.36e+00  -5.0 3.29e+00    -  3.13e-02 5.75e-02h  1
  22  2.2971322e-03 9.13e-01 1.04e+01  -5.0 1.28e+00    -  1.93e-01 7.21e-01h  1
  23  2.3240187e-03 7.56e-01 1.14e+01  -5.0 2.48e+00    -  3.12e-02 1.72e-01h  1
  24  2.4765413e-03 4.22e-05 1.52e+00  -5.0 3.23e-01    -  9.21e-01 1.00e+00h  1
  25  2.4762872e-03 4.09e-07 4.79e-03  -5.0 7.52e-03    -  9.97e-01 1.00e+00h  1
  26  2.4760927e-03 8.45e-06 8.87e-03  -5.0 2.57e-01    -  9.88e-01 1.00e+00f  1
  27  2.4760717e-03 3.04e-06 3.10e-03  -5.0 1.15e-01    -  9.29e-01 1.00e+00h  1
  28  2.4760530e-03 3.74e-06 3.25e-03  -5.0 1.32e-01    -  1.00e+00 1.00e+00h  1
  29  2.4760178e-03 2.94e-06 2.56e-03  -5.0 1.11e-01    -  1.00e+00 1.00e+00h  1
iter    objective    inf_pr   inf_du lg(mu)  ||d||  lg(rg) alpha_du alpha_pr  ls
  30  2.4759898e-03 2.67e-06 2.32e-03  -5.0 1.05e-01    -  1.00e+00 1.00e+00h  1
  31  2.4759632e-03 2.40e-06 2.08e-03  -5.0 9.80e-02    -  1.00e+00 1.00e+00h  1
  32  2.4759388e-03 2.19e-06 1.90e-03  -5.0 9.30e-02    -  1.00e+00 1.00e+00h  1
  33  2.4759158e-03 2.01e-06 1.74e-03  -5.0 9.44e-02    -  1.00e+00 1.00e+00h  1
  34  2.4758945e-03 1.87e-06 1.62e-03  -5.0 9.13e-02    -  1.00e+00 1.00e+00h  1
  35  2.4758749e-03 1.74e-06 1.51e-03  -5.0 8.87e-02    -  1.00e+00 1.00e+00h  1
  36  2.4758568e-03 1.63e-06 1.41e-03  -5.0 8.62e-02    -  1.00e+00 1.00e+00h  1
  37  2.4758400e-03 1.54e-06 1.33e-03  -5.0 8.40e-02    -  1.00e+00 1.00e+00h  1
  38  2.4758245e-03 1.45e-06 1.25e-03  -5.0 8.22e-02    -  1.00e+00 1.00e+00h  1
  39  2.4758101e-03 1.37e-06 1.18e-03  -5.0 8.05e-02    -  1.00e+00 1.00e+00h  1
iter    objective    inf_pr   inf_du lg(mu)  ||d||  lg(rg) alpha_du alpha_pr  ls
  40  2.4757972e-03 1.30e-06 1.12e-03  -5.0 7.91e-02    -  1.00e+00 1.00e+00h  1
  41  2.4757852e-03 1.24e-06 1.06e-03  -5.0 7.77e-02    -  1.00e+00 1.00e+00h  1

Number of Iterations....: 41

                                   (scaled)                 (unscaled)
Objective...............:   2.4757851972133657e-03    2.4757851972133657e-03
Dual infeasibility......:   1.0598058590682818e-03    1.0598058590682818e-03
Constraint violation....:   1.2352273234220921e-06    1.2352273234220921e-06
Complementarity.........:   1.0000000000000004e-05    1.0000000000000004e-05
Overall NLP error.......:   1.0598058590682818e-03    1.0598058590682818e-03


Number of objective function evaluations             = 58
Number of objective gradient evaluations             = 40
Number of equality constraint evaluations            = 58
Number of inequality constraint evaluations          = 58
Number of equality constraint Jacobian evaluations   = 44
Number of inequality constraint Jacobian evaluations = 44
Number of Lagrangian Hessian evaluations             = 0
Total CPU secs in IPOPT (w/o function evaluations)   =      0.842
Total CPU secs in NLP function evaluations           =     27.313

EXIT: Solved To Acceptable Level.
