
List of user-set options:

                                    Name   Value                used
              acceptable_constr_viol_tol = 0.0001                yes
                          acceptable_tol = 0.001                 yes
                             alpha_for_y = safer-min-dual-infeas  yes
                         constr_viol_tol = 0.0001                yes
                        file_print_level = 5                     yes
                   hessian_approximation = limited-memory        yes
                           linear_solver = mumps                 yes
                                max_iter = 200                   yes
                                 mu_init = 1e-05                 yes
                             mu_strategy = monotone              yes
                      nlp_scaling_method = gradient-based        yes
                             output_file = /home/kaleb/projects/learning/AAD-design/sardines/SARDINE_optimization23_out/IPOPT.out  yes
                             print_level = 5                     yes
                      print_user_options = yes                   yes
                                      sb = yes                   yes
                                     tol = 0.0001                yes
This is Ipopt version 3.11.9, running with linear solver mumps.
NOTE: Other linear solvers might be more efficient (see Ipopt documentation).

Number of nonzeros in equality constraint Jacobian...:    11716
Number of nonzeros in inequality constraint Jacobian.:     4156
Number of nonzeros in Lagrangian Hessian.............:        0

Total number of variables............................:      213
                     variables with only lower bounds:        2
                variables with lower and upper bounds:      211
                     variables with only upper bounds:        0
Total number of equality constraints.................:      200
Total number of inequality constraints...............:      124
        inequality constraints with only lower bounds:       20
   inequality constraints with lower and upper bounds:       64
        inequality constraints with only upper bounds:       40

iter    objective    inf_pr   inf_du lg(mu)  ||d||  lg(rg) alpha_du alpha_pr  ls
   0  1.5427322e-03 1.08e+01 1.22e+00  -5.0 0.00e+00    -  0.00e+00 0.00e+00   0
   1  2.2675991e-03 1.05e+01 1.21e+00  -5.0 3.87e+00    -  2.95e-03 2.89e-02h  1
   2  2.3264003e-03 1.05e+01 1.18e+00  -5.0 4.41e+00    -  2.70e-02 1.07e-03h  1
   3  1.5038042e-02 9.52e+00 1.60e+00  -5.0 3.82e+00    -  1.61e-02 8.92e-02h  1
   4  1.6428600e-02 9.46e+00 1.58e+00  -5.0 3.60e+00    -  4.85e-02 6.64e-03h  1
   5  3.6094485e-02 9.02e+00 2.28e+00  -5.0 1.39e+01    -  1.54e-02 4.68e-02h  1
   6  3.6952246e-02 9.00e+00 1.84e+00  -5.0 1.43e+01    -  2.06e-02 2.04e-03h  1
   7  4.5989717e-02 8.81e+00 2.34e+00  -5.0 1.52e+01    -  1.90e-02 2.06e-02h  1
   8  4.6228724e-02 8.80e+00 6.99e+00  -5.0 3.09e+01    -  2.82e-03 1.75e-03h  1
   9  4.6707406e-02 8.77e+00 7.35e+00  -5.0 4.06e+01    -  3.96e-08 2.83e-03h  2
iter    objective    inf_pr   inf_du lg(mu)  ||d||  lg(rg) alpha_du alpha_pr  ls
  10  4.6927100e-02 8.76e+00 7.45e+00  -5.0 3.88e+01    -  1.78e-03 1.30e-03h  3
  11  4.7218234e-02 8.75e+00 7.76e+00  -5.0 3.25e+01    -  1.29e-03 1.73e-03h  3
  12  4.7701068e-02 8.72e+00 7.95e+00  -5.0 2.89e+01    -  3.19e-03 2.68e-03h  3
  13  5.0786365e-02 8.63e+00 9.14e+00  -5.0 1.90e+01    -  1.46e-06 1.09e-02h  2
  14  5.7404276e-02 8.49e+00 1.80e+01  -5.0 9.91e+00    -  4.99e-03 1.63e-02h  1
  15  6.4478139e-02 8.41e+00 8.74e+00  -5.0 5.63e+00    -  8.96e-03 9.63e-03h  1
  16  9.9261626e-02 8.03e+00 7.02e+00  -5.0 5.08e+00    -  1.74e-02 4.44e-02h  1
  17  1.9572579e-01 7.07e+00 1.63e+01  -5.0 6.62e+00    -  3.98e-02 1.20e-01h  1
  18  2.3030826e-01 6.71e+00 1.38e+01  -5.0 1.06e+01    -  4.73e-02 5.16e-02h  1
  19  2.5005421e-01 6.49e+00 1.27e+01  -5.0 1.05e+01    -  3.55e-02 3.18e-02h  1
iter    objective    inf_pr   inf_du lg(mu)  ||d||  lg(rg) alpha_du alpha_pr  ls
  20  2.5032072e-01 6.49e+00 1.26e+01  -5.0 1.05e+01    -  3.96e-03 5.16e-04h  1
  21  2.5483533e-01 6.44e+00 1.23e+01  -5.0 6.63e+00    -  4.66e-02 7.26e-03h  1
  22  2.7362980e-01 6.26e+00 1.48e+01  -5.0 4.36e+00    -  4.31e-03 2.79e-02h  1
  23  3.1369159e-01 5.89e+00 1.73e+01  -5.0 4.41e+00    -  1.45e-02 5.88e-02h  1
  24  3.2047086e-01 5.83e+00 1.78e+01  -5.0 4.36e+00    -  1.93e-05 1.14e-02h  1
  25  4.4466185e-01 4.68e+00 2.75e+01  -5.0 4.09e+00    -  4.77e-02 1.97e-01h  1
  26  4.5927679e-01 4.53e+00 2.87e+01  -5.0 3.28e+00    -  8.27e-05 3.14e-02h  1
  27  6.6103672e-01 2.60e+00 4.25e+01  -5.0 3.13e+00    -  7.12e-02 4.27e-01h  1
  28  6.7569902e-01 2.22e+00 4.07e+01  -5.0 3.42e+00    -  5.46e-06 1.46e-01h  1
  29  6.7854740e-01 2.18e+00 3.58e+01  -5.0 1.29e+00    -  1.24e-01 1.43e-02h  1
iter    objective    inf_pr   inf_du lg(mu)  ||d||  lg(rg) alpha_du alpha_pr  ls
  30  7.2185925e-01 1.71e+00 4.00e+01  -5.0 1.29e+00    -  6.08e-02 2.18e-01h  1
  31  7.2617831e-01 1.66e+00 3.95e+01  -5.0 2.86e+00    -  1.64e-02 2.97e-02h  1
  32  8.3843209e-01 4.12e-01 4.23e+01  -5.0 9.68e-01    -  5.33e-02 7.51e-01h  1
  33  8.4596480e-01 3.23e-01 3.91e+01  -5.0 7.45e-01    -  8.60e-02 2.17e-01h  1
  34  8.7462164e-01 1.47e-04 1.85e+01  -5.0 1.86e-01    -  5.49e-01 1.00e+00h  1
  35  8.7426185e-01 5.35e-07 9.43e-01  -5.0 3.46e-03    -  9.49e-01 1.00e+00h  1
  36  8.7393599e-01 9.48e-07 1.83e-01  -5.0 4.38e-03    -  8.11e-01 1.00e+00h  1
  37  8.7361709e-01 1.05e-06 1.38e-01  -5.0 1.67e-02    -  2.52e-01 1.00e+00h  1
  38  8.7328805e-01 1.24e-06 4.40e-02  -5.0 1.86e-02    -  7.08e-01 1.00e+00h  1
  39  8.6574624e-01 3.47e-04 4.27e-02  -5.0 1.16e+01    -  8.41e-03 6.47e-02f  2
iter    objective    inf_pr   inf_du lg(mu)  ||d||  lg(rg) alpha_du alpha_pr  ls
  40  8.3737227e-01 3.68e-03 2.24e-02  -5.0 1.47e+01    -  6.63e-03 2.73e-02h  1
  41  8.3899319e-01 2.97e-03 2.53e-02  -5.0 7.19e-01    -  2.16e-01 1.93e-01h  1
  42  8.3941003e-01 2.63e-03 2.70e-02  -5.0 1.23e+00    -  1.66e-01 1.14e-01h  1
  43  8.4163997e-01 1.69e-03 3.28e-02  -5.0 6.84e-01    -  6.81e-01 3.59e-01h  1
  44  8.4285666e-01 3.54e-03 3.36e-02  -5.0 1.62e+00    -  3.24e-01 3.79e-01H  1
  45  8.4181467e-01 3.36e-03 3.03e-02  -5.0 2.15e+00    -  2.18e-01 1.41e-02h  1
  46  8.4457380e-01 1.26e-06 1.74e-02  -5.0 2.75e-02    -  4.22e-01 1.00e+00h  1
  47  8.4403957e-01 4.40e-04 7.96e-03  -5.0 4.34e-01    -  4.59e-01 5.60e-01h  1
  48  8.4374587e-01 6.15e-07 3.95e-03  -5.0 3.72e-02    -  5.89e-01 1.00e+00h  1
  49  8.4369228e-01 3.91e-07 1.66e-03  -5.0 8.93e-03    -  1.00e+00 1.00e+00h  1
iter    objective    inf_pr   inf_du lg(mu)  ||d||  lg(rg) alpha_du alpha_pr  ls
  50  8.4327832e-01 3.18e-04 5.68e-03  -5.0 2.13e-01    -  4.52e-01 3.72e-01h  1
  51  8.4358070e-01 1.61e-06 1.40e-03  -5.0 2.15e-02    -  1.00e+00 1.00e+00h  1
  52  8.4358047e-01 4.71e-05 1.02e-03  -5.0 1.97e-02    -  1.00e+00 1.00e+00h  1
  53  8.4360522e-01 8.70e-07 1.10e-03  -5.0 8.52e-03    -  1.00e+00 1.00e+00h  1
  54  8.4359782e-01 1.94e-06 1.47e-03  -5.0 9.43e-03    -  1.00e+00 1.00e+00h  1
  55  8.4359802e-01 1.20e-05 1.23e-03  -5.0 4.92e-03    -  1.00e+00 1.00e+00h  1
  56  8.4360489e-01 2.04e-07 1.26e-03  -5.0 2.39e-03    -  1.00e+00 1.00e+00h  1
  57  8.4360354e-01 9.51e-07 1.37e-03  -5.0 2.94e-03    -  1.00e+00 1.00e+00h  1
  58  8.4360421e-01 2.44e-06 1.30e-03  -5.0 1.22e-03    -  1.00e+00 1.00e+00h  1
  59  8.4360531e-01 4.96e-08 1.31e-03  -5.0 7.85e-04    -  1.00e+00 1.00e+00h  1
iter    objective    inf_pr   inf_du lg(mu)  ||d||  lg(rg) alpha_du alpha_pr  ls
  60  8.4360563e-01 1.02e-06 1.22e-03  -5.0 6.91e-04    -  1.00e+00 1.00e+00h  1
  61  8.4360618e-01 2.75e-08 1.27e-03  -5.0 3.22e-04    -  1.00e+00 1.00e+00h  1
  62  8.4360612e-01 7.32e-07 1.37e-03  -5.0 3.22e-04    -  1.00e+00 1.00e+00h  1
  63  8.4360637e-01 1.42e-08 1.40e-03  -5.0 1.70e-04    -  1.00e+00 1.00e+00h  1
  64  8.4360638e-01 1.72e-07 1.27e-03  -5.0 1.70e-04    -  1.00e+00 1.00e+00h  1
  65  8.4360648e-01 4.81e-08 1.40e-03  -5.0 7.97e-05    -  1.00e+00 1.00e+00h  1
  66  8.4360649e-01 6.26e-08 1.26e-03  -5.0 4.19e-05    -  1.00e+00 1.00e+00h  1
  67  8.4360653e-01 1.65e-09 1.26e-03  -5.0 1.97e-05    -  1.00e+00 1.00e+00h  1
  68  8.4360655e-01 4.40e-08 1.40e-03  -5.0 1.95e-05    -  1.00e+00 1.00e+00h  1
  69  8.4360655e-01 8.64e-10 9.07e-04  -5.0 1.03e-05    -  1.00e+00 1.00e+00h  1
iter    objective    inf_pr   inf_du lg(mu)  ||d||  lg(rg) alpha_du alpha_pr  ls
  70  8.4360656e-01 1.07e-08 1.26e-03  -5.0 1.03e-05    -  1.00e+00 1.00e+00h  1
  71  8.4360656e-01 2.59e-09 1.40e-03  -5.0 4.86e-06    -  1.00e+00 1.00e+00h  1
  72  8.4360656e-01 4.10e-09 1.26e-03  -5.0 2.55e-06    -  1.00e+00 1.00e+00h  1
  73  8.4360657e-01 9.92e-11 8.04e-04  -5.0 1.20e-06    -  1.00e+00 1.00e+00h  1
  74  8.4360657e-01 2.33e-09 1.40e-03  -5.0 1.20e-06    -  1.00e+00 1.00e+00h  1
  75  8.4360657e-01 1.33e-11 9.03e-04  -5.0 6.31e-07    -  1.00e+00 1.00e+00H  1
  76  8.4360657e-01 2.30e-12 8.04e-04  -5.0 6.31e-07    -  1.00e+00 1.00e+00H  1
  77  8.4360657e-01 7.05e-11 8.06e-04  -5.0 2.97e-07    -  1.00e+00 1.00e+00h  1
  78  8.4360657e-01 6.10e-10 1.40e-03  -5.0 2.96e-07    -  1.00e+00 1.00e+00h  1
  79  8.4360657e-01 1.27e-11 9.02e-04  -5.0 1.55e-07    -  1.00e+00 1.00e+00h  1
iter    objective    inf_pr   inf_du lg(mu)  ||d||  lg(rg) alpha_du alpha_pr  ls
  80  8.4360657e-01 1.94e-10 8.06e-04  -5.0 1.55e-07    -  1.00e+00 1.00e+00h  1
  81  8.4360657e-01 1.33e-11 9.02e-04  -5.0 7.34e-08    -  1.00e+00 1.00e+00h  1
  82  8.4360657e-01 1.74e-10 1.26e-03  -5.0 3.83e-08    -  1.00e+00 1.00e+00h  1
  83  8.4360657e-01 2.34e-12 1.27e-03  -5.0 2.14e-08    -  1.00e+00 1.00e+00H  1
  84  8.4360657e-01 1.75e-12 1.27e-03  -5.0 2.11e-08    -  1.00e+00 1.00e+00H  1
  85  8.4360657e-01 5.81e-13 9.02e-04  -5.0 2.11e-08    -  1.00e+00 1.00e+00H  1
  86  8.4360478e-01 2.20e-06 1.84e-03  -5.0 7.91e-04    -  1.00e+00 1.00e+00h  1
  87  8.4360570e-01 1.09e-06 1.28e-03  -5.0 3.76e-04    -  1.00e+00 5.00e-01h  2
  88  8.4360586e-01 9.51e-07 1.27e-03  -5.0 3.78e-04    -  1.00e+00 1.25e-01h  4
  89  8.4360599e-01 8.30e-07 1.27e-03  -5.0 3.78e-04    -  1.00e+00 1.25e-01h  4
iter    objective    inf_pr   inf_du lg(mu)  ||d||  lg(rg) alpha_du alpha_pr  ls
  90  8.4360609e-01 7.76e-07 7.39e-04  -5.0 8.01e-04    -  1.00e+00 6.25e-02h  5
  91  8.4360609e-01 7.73e-07 7.38e-04  -5.0 7.97e-04    -  1.00e+00 3.91e-03h  9
  92  8.4360757e-01 7.41e-07 1.93e-03  -5.0 7.96e-04    -  1.00e+00 1.00e+00h  1
  93  8.4360566e-01 1.52e-06 1.83e-03  -5.0 8.12e-04    -  1.00e+00 1.00e+00h  1
  94  8.4360640e-01 7.48e-07 1.26e-03  -5.0 3.87e-04    -  1.00e+00 5.00e-01h  2
  95  8.4360739e-01 1.77e-10 1.41e-03  -5.0 3.89e-04    -  1.00e+00 1.00e+00H  1
  96  8.4360714e-01 1.49e-11 8.27e-04  -5.0 2.08e-04    -  1.00e+00 1.00e+00H  1
  97  8.4360728e-01 8.46e-11 8.10e-04  -5.0 9.75e-05    -  1.00e+00 1.00e+00H  1
  98  8.4360739e-01 9.57e-08 1.41e-03  -5.0 9.77e-05    -  1.00e+00 1.00e+00h  1
  99  8.4360732e-01 4.11e-08 8.08e-04  -5.0 5.16e-05    -  1.00e+00 1.00e+00h  1
iter    objective    inf_pr   inf_du lg(mu)  ||d||  lg(rg) alpha_du alpha_pr  ls
 100  8.4360736e-01 2.63e-08 1.41e-03  -5.0 2.44e-05    -  1.00e+00 1.00e+00h  1
 101  8.4360735e-01 7.75e-09 8.03e-04  -5.0 1.28e-05    -  1.00e+00 1.00e+00h  1
 102  8.4360736e-01 9.01e-09 1.40e-03  -5.0 6.06e-06    -  1.00e+00 1.00e+00h  1
 103  8.4360735e-01 2.69e-10 1.41e-03  -5.0 3.19e-06    -  1.00e+00 1.00e+00h  1
 104  8.4360735e-01 8.00e-09 8.05e-04  -5.0 3.19e-06    -  1.00e+00 1.00e+00h  1
 105  8.4360735e-01 1.27e-10 1.26e-03  -5.0 1.52e-06    -  1.00e+00 1.00e+00h  1
 106  8.4360735e-01 2.04e-10 1.40e-03  -5.0 1.51e-06    -  1.00e+00 1.00e+00h  1
 107  8.4360735e-01 1.90e-09 1.26e-03  -5.0 7.95e-07    -  1.00e+00 1.00e+00h  1
 108  8.4360735e-01 3.14e-11 8.04e-04  -5.0 3.81e-07    -  1.00e+00 1.00e+00h  1
 109  8.4360735e-01 1.39e-10 1.40e-03  -5.0 3.76e-07    -  1.00e+00 1.00e+00h  1
iter    objective    inf_pr   inf_du lg(mu)  ||d||  lg(rg) alpha_du alpha_pr  ls
 110  8.4360735e-01 3.83e-10 8.05e-04  -5.0 1.98e-07    -  1.00e+00 1.00e+00h  1
 111  8.4360735e-01 1.56e-12 1.26e-03  -5.0 9.61e-08    -  1.00e+00 1.00e+00H  1
 112  8.4360735e-01 1.47e-12 9.00e-04  -5.0 9.46e-08    -  1.00e+00 1.00e+00H  1
 113  8.4360735e-01 9.88e-12 1.26e-03  -5.0 4.93e-08    -  1.00e+00 1.00e+00h  1
 114  8.4360735e-01 1.79e-10 1.40e-03  -5.0 2.41e-08    -  1.00e+00 1.00e+00h  1

Number of Iterations....: 114

                                   (scaled)                 (unscaled)
Objective...............:   8.4360735289497168e-01    8.4360735289497168e-01
Dual infeasibility......:   1.4024728693934419e-03    1.4024728693934419e-03
Constraint violation....:   1.7947126632837087e-10    1.7947126632837087e-10
Complementarity.........:   1.0000000000000008e-05    1.0000000000000008e-05
Overall NLP error.......:   6.4791857607263197e-05    1.4024728693934419e-03


Number of objective function evaluations             = 180
Number of objective gradient evaluations             = 115
Number of equality constraint evaluations            = 180
Number of inequality constraint evaluations          = 180
Number of equality constraint Jacobian evaluations   = 115
Number of inequality constraint Jacobian evaluations = 115
Number of Lagrangian Hessian evaluations             = 0
Total CPU secs in IPOPT (w/o function evaluations)   =      1.197
Total CPU secs in NLP function evaluations           =     82.556

EXIT: Optimal Solution Found.
