
List of user-set options:

                                    Name   Value                used
              acceptable_constr_viol_tol = 0.001                 yes
                          acceptable_tol = 0.01                  yes
                             alpha_for_y = safer-min-dual-infeas  yes
                         constr_viol_tol = 0.001                 yes
                        file_print_level = 5                     yes
                   hessian_approximation = limited-memory        yes
                           linear_solver = mumps                 yes
                                max_iter = 66                    yes
                                 mu_init = 1e-05                 yes
                             mu_strategy = monotone              yes
                      nlp_scaling_method = gradient-based        yes
                             output_file = /home/kaleb/projects/learning/AAD-design/sardines/SARDINE_optimization4_out/IPOPT.out  yes
                             print_level = 5                     yes
                      print_user_options = yes                   yes
                                      sb = yes                   yes
                                     tol = 0.001                 yes
This is Ipopt version 3.11.9, running with linear solver mumps.
NOTE: Other linear solvers might be more efficient (see Ipopt documentation).

Number of nonzeros in equality constraint Jacobian...:     4707
Number of nonzeros in inequality constraint Jacobian.:     1910
Number of nonzeros in Lagrangian Hessian.............:        0

Total number of variables............................:      126
                     variables with only lower bounds:        2
                variables with lower and upper bounds:      124
                     variables with only upper bounds:        0
Total number of equality constraints.................:      120
Total number of inequality constraints...............:       82
        inequality constraints with only lower bounds:       20
   inequality constraints with lower and upper bounds:       42
        inequality constraints with only upper bounds:       20

iter    objective    inf_pr   inf_du lg(mu)  ||d||  lg(rg) alpha_du alpha_pr  ls
   0  5.3995626e-06 1.96e+01 1.00e+00  -5.0 0.00e+00    -  0.00e+00 0.00e+00   0
   1  9.7823911e-06 1.88e+01 9.73e-01  -5.0 6.20e+00    -  3.59e-02 3.72e-02h  1
   2  1.0968777e-05 1.88e+01 1.01e+00  -5.0 1.95e+01    -  1.94e-02 2.40e-03h  1
   3  2.1219318e-05 1.87e+01 1.04e+00  -5.0 1.29e+02    -  2.92e-03 3.77e-03h  1
   4  5.3622463e-04 1.57e+01 1.06e+01  -5.0 5.55e+01    -  2.06e-03 1.59e-01h  1
   5  1.7129421e-03 9.39e+00 2.91e+01  -5.0 5.40e+00    -  1.24e-01 4.03e-01h  2
   6  3.0403885e-03 1.88e+00 4.29e+01  -5.0 3.07e+00    -  4.65e-01 8.00e-01h  1
   7  3.0547613e-03 1.76e+00 2.97e+01  -5.0 4.36e+00    -  3.41e-01 6.43e-02h  1
   8  3.2512908e-03 1.07e-03 1.30e+01  -5.0 4.13e+00    -  3.91e-01 1.00e+00h  1
   9  3.2496670e-03 5.58e-07 2.24e+00  -5.0 1.34e-01    -  8.27e-01 1.00e+00h  1
iter    objective    inf_pr   inf_du lg(mu)  ||d||  lg(rg) alpha_du alpha_pr  ls
  10  3.2496653e-03 1.59e-08 1.95e-04  -5.0 2.26e-04    -  1.00e+00 1.00e+00h  1
  11  3.2489927e-03 6.36e-06 3.65e-02  -5.0 6.87e-01    -  1.00e+00 8.60e-02f  2
  12  3.2487372e-03 2.01e-05 1.72e-03  -5.0 2.28e+00    -  9.52e-01 1.00e+00h  1
  13  3.2584723e-03 5.22e-08 1.50e-03  -5.0 5.34e+00    -  1.22e-01 1.00e+00H  1
  14  3.2681049e-03 2.35e-04 5.11e-04  -5.0 2.57e+00    -  1.00e+00 1.00e+00h  1

Number of Iterations....: 14

                                   (scaled)                 (unscaled)
Objective...............:   3.2681049283181276e-03    3.2681049283181276e-03
Dual infeasibility......:   5.1099932164687563e-04    5.1099932164687563e-04
Constraint violation....:   2.3482532779033565e-04    2.3482532779033565e-04
Complementarity.........:   2.7419562277184976e-05    2.7419562277184976e-05
Overall NLP error.......:   5.1099932164687563e-04    5.1099932164687563e-04


Number of objective function evaluations             = 21
Number of objective gradient evaluations             = 15
Number of equality constraint evaluations            = 21
Number of inequality constraint evaluations          = 21
Number of equality constraint Jacobian evaluations   = 15
Number of inequality constraint Jacobian evaluations = 15
Number of Lagrangian Hessian evaluations             = 0
Total CPU secs in IPOPT (w/o function evaluations)   =      0.639
Total CPU secs in NLP function evaluations           =      6.604

EXIT: Optimal Solution Found.
