
List of user-set options:

                                    Name   Value                used
              acceptable_constr_viol_tol = 0.0001                yes
                          acceptable_tol = 0.001                 yes
                             alpha_for_y = safer-min-dual-infeas  yes
                         constr_viol_tol = 0.0001                yes
                        file_print_level = 5                     yes
                   hessian_approximation = limited-memory        yes
                           linear_solver = mumps                 yes
                                max_iter = 200                   yes
                                 mu_init = 1e-05                 yes
                             mu_strategy = monotone              yes
                      nlp_scaling_method = gradient-based        yes
                             output_file = /home/kaleb/projects/learning/AAD-design/sardines/SARDINE_optimization14_out/IPOPT.out  yes
                             print_level = 5                     yes
                      print_user_options = yes                   yes
                                      sb = yes                   yes
                                     tol = 0.0001                yes
This is Ipopt version 3.11.9, running with linear solver mumps.
NOTE: Other linear solvers might be more efficient (see Ipopt documentation).

Number of nonzeros in equality constraint Jacobian...:    11716
Number of nonzeros in inequality constraint Jacobian.:     4156
Number of nonzeros in Lagrangian Hessian.............:        0

Total number of variables............................:      213
                     variables with only lower bounds:        2
                variables with lower and upper bounds:      211
                     variables with only upper bounds:        0
Total number of equality constraints.................:      200
Total number of inequality constraints...............:      124
        inequality constraints with only lower bounds:       20
   inequality constraints with lower and upper bounds:       64
        inequality constraints with only upper bounds:       40

iter    objective    inf_pr   inf_du lg(mu)  ||d||  lg(rg) alpha_du alpha_pr  ls
   0  1.5427322e-03 1.08e+01 1.00e+00  -5.0 0.00e+00    -  0.00e+00 0.00e+00   0
   1  2.4852622e-03 1.05e+01 2.21e+00  -5.0 4.42e+00    -  2.95e-03 2.98e-02h  1
   2  2.5610244e-03 1.04e+01 2.24e+00  -5.0 3.78e+00    -  2.87e-02 1.00e-03h  1
   3  1.3530236e-02 9.85e+00 6.28e+00  -5.0 3.71e+00    -  1.33e-02 5.77e-02h  1
   4  1.6823047e-02 9.74e+00 6.72e+00  -5.0 7.68e+00    -  4.41e-02 1.11e-02h  1
   5  2.6634515e-02 9.51e+00 7.50e+00  -5.0 1.40e+01    -  3.31e-02 2.29e-02h  1
   6  3.5084136e-02 9.32e+00 7.46e+00  -5.0 1.37e+01    -  2.10e-02 2.01e-02h  1
   7  3.9203928e-02 9.22e+00 1.09e+01  -5.0 1.17e+01    -  1.89e-02 1.08e-02h  1
   8  3.9807801e-02 9.20e+00 9.00e+00  -5.0 2.73e+01    -  2.04e-03 2.31e-03h  1
   9  4.2337267e-02 9.16e+00 1.28e+01  -5.0 2.05e+01    -  9.40e-08 4.89e-03h  1
iter    objective    inf_pr   inf_du lg(mu)  ||d||  lg(rg) alpha_du alpha_pr  ls
  10  4.4661896e-02 9.12e+00 1.42e+01  -5.0 1.55e+01    -  3.10e-03 4.09e-03h  1
  11  5.4707415e-02 8.97e+00 1.88e+01  -5.0 1.34e+01    -  4.23e-05 1.64e-02h  3
  12  7.0551085e-02 8.74e+00 2.30e+01  -5.0 1.32e+01    -  1.43e-02 2.51e-02h  2
  13  1.0383411e-01 8.36e+00 2.35e+01  -5.0 8.53e+00    -  1.35e-02 4.42e-02h  1
  14  1.3086192e-01 8.05e+00 2.33e+01  -5.0 1.09e+01    -  2.45e-02 3.68e-02h  1
  15  1.8405845e-01 7.50e+00 2.13e+01  -5.0 5.08e+00    -  6.00e-02 6.79e-02h  1
  16  1.8531093e-01 7.49e+00 2.08e+01  -5.0 2.12e+01    -  9.50e-03 1.86e-03h  1
  17  1.9577833e-01 7.38e+00 2.05e+01  -5.0 1.18e+01    -  2.14e-03 1.44e-02h  1
  18  2.0193341e-01 7.33e+00 2.05e+01  -5.0 5.72e+00    -  1.91e-04 7.66e-03h  1
  19  2.1303685e-01 7.22e+00 2.04e+01  -5.0 5.93e+00    -  1.77e-02 1.42e-02h  1
iter    objective    inf_pr   inf_du lg(mu)  ||d||  lg(rg) alpha_du alpha_pr  ls
  20  2.4043282e-01 6.97e+00 1.95e+01  -5.0 6.31e+00    -  5.63e-03 3.43e-02h  1
  21  2.8080310e-01 6.62e+00 2.23e+01  -5.0 5.16e+00    -  4.77e-02 5.07e-02h  1
  22  3.6272133e-01 5.93e+00 2.30e+01  -5.0 5.09e+00    -  1.80e-03 1.04e-01h  1
  23  3.6313723e-01 5.93e+00 2.28e+01  -5.0 4.30e+00    -  6.74e-03 6.26e-04h  1
  24  3.7978204e-01 5.78e+00 2.44e+01  -5.0 4.25e+00    -  1.49e-02 2.54e-02h  1
  25  4.0202471e-01 5.57e+00 2.92e+01  -5.0 4.45e+00    -  2.04e-02 3.53e-02h  1
  26  4.2656384e-01 5.31e+00 2.45e+01  -5.0 5.25e+00    -  4.33e-02 4.70e-02h  1
  27  4.5121994e-01 5.09e+00 2.81e+01  -5.0 3.93e+00    -  3.78e-04 4.07e-02h  1
  28  6.2568528e-01 3.50e+00 4.13e+01  -5.0 3.61e+00    -  4.19e-02 3.13e-01h  1
  29  6.2605139e-01 3.50e+00 3.19e+01  -5.0 2.30e+00    -  3.46e-01 1.03e-03h  1
iter    objective    inf_pr   inf_du lg(mu)  ||d||  lg(rg) alpha_du alpha_pr  ls
  30  6.4189199e-01 3.34e+00 3.13e+01  -5.0 3.48e+00    -  5.00e-02 4.62e-02h  1
  31  7.2836903e-01 2.45e+00 3.49e+01  -5.0 5.31e+00    -  6.98e-02 2.66e-01h  1
  32  7.3246105e-01 2.41e+00 3.04e+01  -5.0 3.81e+00    -  1.38e-01 1.75e-02h  1
  33  7.3499444e-01 2.38e+00 3.03e+01  -5.0 1.54e+00    -  8.66e-03 1.06e-02h  1
  34  7.5020152e-01 2.22e+00 3.09e+01  -5.0 2.28e+00    -  2.65e-02 6.58e-02h  1
  35  8.2290734e-01 1.48e+00 3.62e+01  -5.0 1.41e+00    -  4.61e-02 3.34e-01h  1
  36  8.2303923e-01 1.47e+00 3.51e+01  -5.0 1.53e+00    -  1.73e-02 4.56e-03h  1
  37  8.2381009e-01 1.45e+00 3.73e+01  -5.0 1.38e+00    -  1.36e-02 1.88e-02h  1
  38  8.2382435e-01 1.45e+00 3.75e+01  -5.0 1.31e+00    -  1.97e-02 3.67e-04h  1
  39  8.3664087e-01 9.69e-01 2.12e+01  -5.0 1.31e+00    -  1.45e-02 3.30e-01h  1
iter    objective    inf_pr   inf_du lg(mu)  ||d||  lg(rg) alpha_du alpha_pr  ls
  40  8.3857746e-01 9.41e-01 1.33e+01  -5.0 6.57e-01    -  4.01e-01 2.86e-02h  1
  41  9.1427087e-01 1.52e-01 1.21e+01  -5.0 5.85e-01    -  1.19e-02 8.38e-01h  1
  42  9.2169119e-01 6.55e-02 3.45e+00  -5.0 1.23e-01    -  7.27e-01 5.70e-01h  1
  43  9.2740005e-01 2.60e-06 2.58e-01  -5.0 3.70e-02    -  9.26e-01 1.00e+00h  1
  44  9.2738310e-01 5.26e-07 1.52e-02  -5.0 1.97e-03    -  9.41e-01 1.00e+00h  1
  45  9.2744130e-01 1.14e-06 1.32e-02  -5.0 2.64e-02    -  1.31e-01 1.00e+00h  1
  46  9.2744863e-01 1.84e-07 1.77e-03  -5.0 6.72e-03    -  1.00e+00 1.00e+00h  1
  47  9.2745630e-01 2.03e-07 2.50e-03  -5.0 6.13e-03    -  1.00e+00 1.00e+00h  1
  48  9.2745555e-01 1.71e-07 1.61e-03  -5.0 2.06e-03    -  1.00e+00 1.00e+00h  1
  49  9.2745307e-01 1.62e-07 1.53e-03  -5.0 1.50e-03    -  1.00e+00 1.00e+00h  1
iter    objective    inf_pr   inf_du lg(mu)  ||d||  lg(rg) alpha_du alpha_pr  ls
  50  9.2745091e-01 1.58e-07 1.48e-03  -5.0 1.46e-03    -  1.00e+00 1.00e+00h  1
  51  9.2744874e-01 1.56e-07 1.46e-03  -5.0 1.44e-03    -  1.00e+00 1.00e+00h  1
  52  9.2744655e-01 1.55e-07 1.45e-03  -5.0 1.43e-03    -  1.00e+00 1.00e+00h  1
  53  9.2744428e-01 1.55e-07 1.45e-03  -5.0 1.43e-03    -  1.00e+00 1.00e+00h  1
  54  9.2744192e-01 1.55e-07 1.46e-03  -5.0 1.43e-03    -  1.00e+00 1.00e+00h  1
  55  9.2743946e-01 1.56e-07 1.46e-03  -5.0 1.44e-03    -  1.00e+00 1.00e+00h  1
  56  9.2743692e-01 1.62e-07 1.52e-03  -5.0 1.50e-03    -  1.00e+00 1.00e+00h  1
  57  9.2743415e-01 1.64e-07 1.54e-03  -5.0 1.51e-03    -  1.00e+00 1.00e+00h  1
  58  9.2743118e-01 1.66e-07 1.55e-03  -5.0 1.53e-03    -  1.00e+00 1.00e+00h  1
  59  9.2742804e-01 1.67e-07 1.57e-03  -5.0 1.54e-03    -  1.00e+00 1.00e+00h  1
iter    objective    inf_pr   inf_du lg(mu)  ||d||  lg(rg) alpha_du alpha_pr  ls
  60  9.2742476e-01 1.69e-07 1.58e-03  -5.0 1.56e-03    -  1.00e+00 1.00e+00h  1
  61  9.2742134e-01 1.71e-07 1.60e-03  -5.0 1.58e-03    -  1.00e+00 1.00e+00h  1
  62  9.2741777e-01 1.73e-07 1.62e-03  -5.0 1.60e-03    -  1.00e+00 1.00e+00h  1
  63  9.2741407e-01 1.76e-07 1.64e-03  -5.0 1.62e-03    -  1.00e+00 1.00e+00h  1
  64  9.2741022e-01 1.78e-07 1.66e-03  -5.0 1.64e-03    -  1.00e+00 1.00e+00h  1
  65  9.2740623e-01 1.80e-07 1.68e-03  -5.0 1.66e-03    -  1.00e+00 1.00e+00h  1
  66  9.2740208e-01 1.83e-07 1.61e-03  -5.0 1.68e-03    -  1.00e+00 1.00e+00h  1
  67  9.2739814e-01 1.80e-07 1.68e-03  -5.0 1.65e-03    -  1.00e+00 1.00e+00h  1
  68  9.2739399e-01 1.83e-07 1.70e-03  -5.0 1.68e-03    -  1.00e+00 1.00e+00h  1
  69  9.2738967e-01 1.85e-07 1.72e-03  -5.0 1.70e-03    -  1.00e+00 1.00e+00h  1
iter    objective    inf_pr   inf_du lg(mu)  ||d||  lg(rg) alpha_du alpha_pr  ls
  70  9.2738519e-01 1.88e-07 1.75e-03  -5.0 1.72e-03    -  1.00e+00 1.00e+00h  1
  71  9.2738053e-01 1.91e-07 1.77e-03  -5.0 1.75e-03    -  1.00e+00 1.00e+00h  1
  72  9.2737571e-01 1.94e-07 1.80e-03  -5.0 1.78e-03    -  1.00e+00 1.00e+00h  1
  73  9.2737070e-01 1.97e-07 1.83e-03  -5.0 1.80e-03    -  1.00e+00 1.00e+00h  1
  74  9.2736552e-01 2.00e-07 1.85e-03  -5.0 1.83e-03    -  1.00e+00 1.00e+00h  1
  75  9.2736015e-01 2.02e-07 1.88e-03  -5.0 1.85e-03    -  1.00e+00 1.00e+00h  1
  76  9.2735459e-01 2.06e-07 1.91e-03  -5.0 1.88e-03    -  1.00e+00 1.00e+00h  1
  77  9.2734884e-01 2.09e-07 1.93e-03  -5.0 1.91e-03    -  1.00e+00 1.00e+00h  1
  78  9.2734288e-01 2.12e-07 1.96e-03  -5.0 1.94e-03    -  1.00e+00 1.00e+00h  1
  79  9.2733671e-01 1.39e-06 3.19e-03  -5.0 1.96e-03    -  1.00e+00 1.00e+00h  1
iter    objective    inf_pr   inf_du lg(mu)  ||d||  lg(rg) alpha_du alpha_pr  ls
  80  9.2732644e-01 2.73e-07 2.55e-03  -5.0 2.51e-03    -  1.00e+00 1.00e+00h  1
  81  9.2731576e-01 2.78e-07 2.58e-03  -5.0 2.55e-03    -  1.00e+00 1.00e+00h  1
  82  9.2730460e-01 2.81e-07 2.61e-03  -5.0 2.58e-03    -  1.00e+00 1.00e+00h  1
  83  9.2729305e-01 2.85e-07 2.64e-03  -5.0 2.61e-03    -  1.00e+00 1.00e+00h  1
  84  9.2728113e-01 2.89e-07 2.68e-03  -5.0 2.65e-03    -  1.00e+00 1.00e+00h  1
  85  9.2726887e-01 2.92e-07 2.71e-03  -5.0 2.68e-03    -  1.00e+00 1.00e+00h  1
  86  9.2725625e-01 2.96e-07 2.74e-03  -5.0 2.71e-03    -  1.00e+00 1.00e+00h  1
  87  9.2724329e-01 3.00e-07 2.77e-03  -5.0 2.74e-03    -  1.00e+00 1.00e+00h  1
  88  9.2722998e-01 3.04e-07 2.80e-03  -5.0 2.77e-03    -  1.00e+00 1.00e+00h  1
  89  9.2721631e-01 3.08e-07 2.83e-03  -5.0 2.80e-03    -  1.00e+00 1.00e+00h  1
iter    objective    inf_pr   inf_du lg(mu)  ||d||  lg(rg) alpha_du alpha_pr  ls
  90  9.2720228e-01 3.11e-07 2.86e-03  -5.0 2.83e-03    -  1.00e+00 1.00e+00h  1
  91  9.2718788e-01 3.15e-07 2.89e-03  -5.0 2.87e-03    -  1.00e+00 1.00e+00h  1
  92  9.2717311e-01 3.19e-07 2.92e-03  -5.0 2.90e-03    -  1.00e+00 1.00e+00h  1
  93  9.2715798e-01 3.23e-07 2.95e-03  -5.0 2.93e-03    -  1.00e+00 1.00e+00h  1
  94  9.2714247e-01 3.27e-07 2.98e-03  -5.0 2.96e-03    -  1.00e+00 1.00e+00h  1
  95  9.2712659e-01 9.74e-07 3.01e-03  -5.0 2.99e-03    -  1.00e+00 1.00e+00h  1
  96  9.2710929e-01 3.46e-07 3.15e-03  -5.0 3.12e-03    -  1.00e+00 1.00e+00h  1
  97  9.2709148e-01 3.50e-07 3.18e-03  -5.0 3.15e-03    -  1.00e+00 1.00e+00h  1
  98  9.2707322e-01 3.53e-07 3.20e-03  -5.0 3.18e-03    -  1.00e+00 1.00e+00h  1
  99  9.2705455e-01 5.54e-06 8.68e-03  -5.0 3.21e-03    -  1.00e+00 1.00e+00h  1
iter    objective    inf_pr   inf_du lg(mu)  ||d||  lg(rg) alpha_du alpha_pr  ls
 100  9.2705271e-01 1.77e-07 1.65e-03  -5.0 1.63e-03    -  1.00e+00 1.00e+00h  1
 101  9.2704942e-01 1.87e-07 1.69e-03  -5.0 1.67e-03    -  1.00e+00 1.00e+00h  1
 102  9.2704509e-01 1.91e-07 1.72e-03  -5.0 1.69e-03    -  1.00e+00 1.00e+00h  1
 103  9.2704029e-01 1.94e-07 1.74e-03  -5.0 1.72e-03    -  1.00e+00 1.00e+00h  1
 104  9.2703519e-01 1.97e-07 1.77e-03  -5.0 1.75e-03    -  1.00e+00 1.00e+00h  1
 105  9.2702988e-01 2.00e-07 1.79e-03  -5.0 1.77e-03    -  1.00e+00 1.00e+00h  1
 106  9.2702437e-01 2.03e-07 1.82e-03  -5.0 1.79e-03    -  1.00e+00 1.00e+00h  1
 107  9.2701869e-01 2.05e-07 1.84e-03  -5.0 1.82e-03    -  1.00e+00 1.00e+00h  1
 108  9.2701284e-01 2.08e-07 1.87e-03  -5.0 1.84e-03    -  1.00e+00 1.00e+00h  1
 109  9.2700682e-01 2.11e-07 1.89e-03  -5.0 1.87e-03    -  1.00e+00 1.00e+00h  1
iter    objective    inf_pr   inf_du lg(mu)  ||d||  lg(rg) alpha_du alpha_pr  ls
 110  9.2700070e-01 2.12e-07 1.90e-03  -5.0 1.87e-03    -  1.00e+00 1.00e+00h  1
 111  9.2699441e-01 2.15e-07 1.92e-03  -5.0 1.90e-03    -  1.00e+00 1.00e+00h  1
 112  9.2698795e-01 2.18e-07 1.95e-03  -5.0 1.92e-03    -  1.00e+00 1.00e+00h  1
 113  9.2698130e-01 2.21e-07 1.97e-03  -5.0 1.95e-03    -  1.00e+00 1.00e+00h  1
 114  9.2697447e-01 2.24e-07 2.00e-03  -5.0 1.97e-03    -  1.00e+00 1.00e+00h  1
 115  9.2696745e-01 2.27e-07 2.02e-03  -5.0 2.00e-03    -  1.00e+00 1.00e+00h  1
 116  9.2696024e-01 2.30e-07 2.04e-03  -5.0 2.02e-03    -  1.00e+00 1.00e+00h  1
 117  9.2695284e-01 2.33e-07 2.07e-03  -5.0 2.05e-03    -  1.00e+00 1.00e+00h  1
 118  9.2694524e-01 2.36e-07 2.09e-03  -5.0 2.07e-03    -  1.00e+00 1.00e+00h  1
 119  9.2693745e-01 2.39e-07 2.12e-03  -5.0 2.09e-03    -  1.00e+00 1.00e+00h  1
iter    objective    inf_pr   inf_du lg(mu)  ||d||  lg(rg) alpha_du alpha_pr  ls
 120  9.2692940e-01 2.44e-07 2.16e-03  -5.0 2.14e-03    -  1.00e+00 1.00e+00h  1
 121  9.2692110e-01 2.47e-07 2.16e-03  -5.0 2.16e-03    -  1.00e+00 1.00e+00h  1
 122  9.2691267e-01 2.49e-07 2.19e-03  -5.0 2.17e-03    -  1.00e+00 1.00e+00h  1
 123  9.2690403e-01 2.52e-07 2.22e-03  -5.0 2.19e-03    -  1.00e+00 1.00e+00h  1
 124  9.2689517e-01 2.55e-07 2.24e-03  -5.0 2.22e-03    -  1.00e+00 1.00e+00h  1
 125  9.2688610e-01 2.58e-07 2.26e-03  -5.0 2.24e-03    -  1.00e+00 1.00e+00h  1
 126  9.2687681e-01 2.61e-07 2.29e-03  -5.0 2.26e-03    -  1.00e+00 1.00e+00h  1
 127  9.2686586e-01 2.63e-07 2.30e-03  -5.0 2.28e-03    -  1.00e+00 1.00e+00h  1
 128  9.2685559e-01 2.63e-07 2.29e-03  -5.0 2.27e-03    -  1.00e+00 1.00e+00h  1
 129  9.2684568e-01 2.65e-07 2.31e-03  -5.0 2.29e-03    -  1.00e+00 1.00e+00h  1
iter    objective    inf_pr   inf_du lg(mu)  ||d||  lg(rg) alpha_du alpha_pr  ls
 130  9.2683581e-01 2.68e-07 2.33e-03  -5.0 2.31e-03    -  1.00e+00 1.00e+00h  1
 131  9.2682562e-01 2.76e-07 2.39e-03  -5.0 2.37e-03    -  1.00e+00 1.00e+00h  1
 132  9.2681518e-01 2.79e-07 2.42e-03  -5.0 2.40e-03    -  1.00e+00 1.00e+00h  1
 133  9.2680447e-01 2.83e-07 2.44e-03  -5.0 2.43e-03    -  1.00e+00 1.00e+00h  1
 134  9.2679351e-01 2.86e-07 2.47e-03  -5.0 2.45e-03    -  1.00e+00 1.00e+00h  1
 135  9.2678229e-01 2.90e-07 2.49e-03  -5.0 2.48e-03    -  1.00e+00 1.00e+00h  1
 136  9.2677082e-01 2.93e-07 2.51e-03  -5.0 2.50e-03    -  1.00e+00 1.00e+00h  1
 137  9.2675910e-01 2.97e-07 2.54e-03  -5.0 2.52e-03    -  1.00e+00 1.00e+00h  1
 138  9.2674714e-01 3.00e-07 2.56e-03  -5.0 2.55e-03    -  1.00e+00 1.00e+00h  1
 139  9.2673493e-01 3.03e-07 2.58e-03  -5.0 2.57e-03    -  1.00e+00 1.00e+00h  1
iter    objective    inf_pr   inf_du lg(mu)  ||d||  lg(rg) alpha_du alpha_pr  ls
 140  9.2672248e-01 3.07e-07 2.60e-03  -5.0 2.59e-03    -  1.00e+00 1.00e+00h  1
 141  9.2670980e-01 3.10e-07 2.62e-03  -5.0 2.61e-03    -  1.00e+00 1.00e+00h  1
 142  9.2669689e-01 3.13e-07 2.64e-03  -5.0 2.63e-03    -  1.00e+00 1.00e+00h  1
 143  9.2668375e-01 3.16e-07 2.66e-03  -5.0 2.65e-03    -  1.00e+00 1.00e+00h  1
 144  9.2667040e-01 3.19e-07 2.68e-03  -5.0 2.67e-03    -  1.00e+00 1.00e+00h  1
 145  9.2665683e-01 3.22e-07 2.70e-03  -5.0 2.69e-03    -  1.00e+00 1.00e+00h  1
 146  9.2664305e-01 3.25e-07 2.71e-03  -5.0 2.71e-03    -  1.00e+00 1.00e+00h  1
 147  9.2662908e-01 3.28e-07 2.73e-03  -5.0 2.72e-03    -  1.00e+00 1.00e+00h  1
 148  9.2661492e-01 3.31e-07 2.74e-03  -5.0 2.74e-03    -  1.00e+00 1.00e+00h  1
 149  9.2660058e-01 3.34e-07 2.75e-03  -5.0 2.75e-03    -  1.00e+00 1.00e+00h  1
iter    objective    inf_pr   inf_du lg(mu)  ||d||  lg(rg) alpha_du alpha_pr  ls
 150  9.2658608e-01 3.36e-07 2.77e-03  -5.0 2.77e-03    -  1.00e+00 1.00e+00h  1
 151  9.2657142e-01 3.39e-07 2.78e-03  -5.0 2.78e-03    -  1.00e+00 1.00e+00h  1
 152  9.2655662e-01 3.41e-07 2.79e-03  -5.0 2.79e-03    -  1.00e+00 1.00e+00h  1
 153  9.2654169e-01 3.44e-07 2.80e-03  -5.0 2.80e-03    -  1.00e+00 1.00e+00h  1
 154  9.2652665e-01 3.46e-07 2.80e-03  -5.0 2.81e-03    -  1.00e+00 1.00e+00h  1
 155  9.2651088e-01 3.56e-07 2.87e-03  -5.0 2.88e-03    -  1.00e+00 1.00e+00h  1
 156  9.2649497e-01 3.59e-07 2.88e-03  -5.0 2.89e-03    -  1.00e+00 1.00e+00h  1
 157  9.2647894e-01 3.61e-07 2.89e-03  -5.0 2.90e-03    -  1.00e+00 1.00e+00h  1
 158  9.2646286e-01 3.63e-07 2.87e-03  -5.0 2.90e-03    -  1.00e+00 1.00e+00h  1
 159  9.2644700e-01 3.64e-07 2.88e-03  -5.0 2.90e-03    -  1.00e+00 1.00e+00h  1
iter    objective    inf_pr   inf_du lg(mu)  ||d||  lg(rg) alpha_du alpha_pr  ls
 160  9.2643101e-01 3.64e-07 2.88e-03  -5.0 2.90e-03    -  1.00e+00 1.00e+00h  1
 161  9.2641501e-01 3.66e-07 2.88e-03  -5.0 2.90e-03    -  1.00e+00 1.00e+00h  1
 162  9.2639902e-01 3.67e-07 2.87e-03  -5.0 2.89e-03    -  1.00e+00 1.00e+00h  1
 163  9.2638307e-01 4.86e-07 2.68e-03  -5.0 2.89e-03    -  1.00e+00 1.00e+00h  1
 164  9.2589204e-01 3.59e-04 5.10e-03  -5.0 8.60e-02    -  7.03e-01 1.00e+00h  1
 165  9.2621147e-01 9.31e-05 1.73e-03  -5.0 3.36e-02    -  1.00e+00 1.00e+00h  1
 166  9.2627533e-01 1.27e-05 1.33e-03  -5.0 1.33e-02    -  1.00e+00 1.00e+00h  1
 167  9.2629685e-01 2.55e-07 1.18e-03  -5.0 2.78e-03    -  1.00e+00 1.00e+00h  1
 168  9.2629450e-01 3.45e-06 1.90e-03  -5.0 3.08e-03    -  1.00e+00 1.00e+00h  1
 169  9.2629607e-01 1.42e-06 1.10e-03  -5.0 2.74e-03    -  1.00e+00 1.00e+00h  1
iter    objective    inf_pr   inf_du lg(mu)  ||d||  lg(rg) alpha_du alpha_pr  ls
 170  9.2629836e-01 3.21e-07 1.99e-03  -5.0 8.79e-04    -  1.00e+00 1.00e+00h  1
 171  9.2629905e-01 4.71e-07 1.03e-03  -5.0 1.50e-03    -  1.00e+00 1.00e+00h  1
 172  9.2630064e-01 3.86e-08 1.02e-03  -5.0 2.67e-03    -  1.00e+00 1.00e+00h  1
 173  9.2630150e-01 2.43e-08 9.93e-04  -5.0 2.48e-03    -  1.00e+00 1.00e+00h  1
 174  9.2630106e-01 1.65e-08 1.14e-03  -5.0 2.32e-03    -  1.00e+00 1.00e+00h  1
 175  9.2630089e-01 1.51e-06 2.46e-03  -5.0 6.45e-04    -  1.00e+00 1.00e+00h  1
 176  9.2630077e-01 3.17e-08 1.93e-03  -5.0 3.76e-04    -  1.00e+00 1.00e+00h  1
 177  9.2630012e-01 5.35e-07 1.20e-03  -5.0 3.81e-04    -  1.00e+00 1.00e+00h  1
 178  9.2630026e-01 1.22e-08 1.18e-03  -5.0 1.44e-04    -  1.00e+00 1.00e+00h  1
 179  9.2630017e-01 2.53e-07 1.91e-03  -5.0 1.44e-04    -  1.00e+00 1.00e+00h  1
iter    objective    inf_pr   inf_du lg(mu)  ||d||  lg(rg) alpha_du alpha_pr  ls
 180  9.2630006e-01 6.83e-09 1.91e-03  -5.0 8.14e-05    -  1.00e+00 1.00e+00h  1
 181  9.2629989e-01 1.81e-07 1.18e-03  -5.0 8.15e-05    -  1.00e+00 1.00e+00h  1
 182  9.2629988e-01 9.00e-08 1.17e-03  -5.0 7.29e-05    -  1.00e+00 5.00e-01h  2
 183  9.2629983e-01 1.49e-10 8.06e-04  -5.0 7.46e-05    -  1.00e+00 1.00e+00H  1
 184  9.2629977e-01 9.26e-11 1.92e-03  -5.0 7.60e-05    -  1.00e+00 1.00e+00H  1
 185  9.2629607e-01 3.01e-06 2.01e-03  -5.0 1.40e-03    -  1.00e+00 1.00e+00h  1
 186  9.2629747e-01 1.50e-06 1.04e-03  -5.0 3.43e-04    -  1.00e+00 5.00e-01h  2
 187  9.2629770e-01 1.31e-06 1.02e-03  -5.0 3.47e-04    -  1.00e+00 1.25e-01h  4
 188  9.2629773e-01 1.29e-06 1.02e-03  -5.0 3.48e-04    -  1.00e+00 1.56e-02h  7
 189  9.2629776e-01 1.27e-06 5.82e-04  -5.0 5.82e-04    -  1.00e+00 1.56e-02h  7
iter    objective    inf_pr   inf_du lg(mu)  ||d||  lg(rg) alpha_du alpha_pr  ls
 190  9.2629776e-01 1.27e-06 5.82e-04  -5.0 5.82e-04    -  1.00e+00 4.88e-04h 12
 191  9.2629968e-01 5.15e-08 5.90e-04  -5.0 5.82e-04    -  1.00e+00 1.00e+00h  1
 192  9.2629994e-01 7.75e-07 2.54e-03  -5.0 5.68e-04    -  1.00e+00 1.00e+00h  1
 193  9.2629922e-01 1.38e-07 1.08e-03  -5.0 3.35e-04    -  1.00e+00 1.00e+00h  1
 194  9.2629911e-01 2.27e-07 1.93e-03  -5.0 1.37e-04    -  1.00e+00 1.00e+00h  1
 195  9.2629894e-01 6.17e-09 1.91e-03  -5.0 7.32e-05    -  1.00e+00 1.00e+00h  1
 196  9.2629875e-01 1.65e-07 1.20e-03  -5.0 7.37e-05    -  1.00e+00 1.00e+00h  1
 197  9.2629871e-01 2.34e-09 8.42e-04  -5.0 4.24e-05    -  1.00e+00 1.00e+00h  1
 198  9.2629865e-01 2.35e-09 1.23e-03  -5.0 2.78e-05    -  1.00e+00 1.00e+00h  1
 199  9.2629858e-01 6.17e-08 1.12e-03  -5.0 2.78e-05    -  1.00e+00 1.00e+00h  1
iter    objective    inf_pr   inf_du lg(mu)  ||d||  lg(rg) alpha_du alpha_pr  ls
 200  9.2629498e-01 2.92e-06 2.01e-03  -5.0 1.18e-03    -  1.00e+00 1.00e+00h  1

Number of Iterations....: 200

                                   (scaled)                 (unscaled)
Objective...............:   9.2629498392919130e-01    9.2629498392919130e-01
Dual infeasibility......:   2.0140460159475365e-03    2.0140460159475365e-03
Constraint violation....:   2.9162679991131115e-06    2.9162679991131115e-06
Complementarity.........:   1.0000000000000003e-05    1.0000000000000003e-05
Overall NLP error.......:   2.0140460159475365e-03    2.0140460159475365e-03


Number of objective function evaluations             = 236
Number of objective gradient evaluations             = 201
Number of equality constraint evaluations            = 236
Number of inequality constraint evaluations          = 236
Number of equality constraint Jacobian evaluations   = 201
Number of inequality constraint Jacobian evaluations = 201
Number of Lagrangian Hessian evaluations             = 0
Total CPU secs in IPOPT (w/o function evaluations)   =      1.097
Total CPU secs in NLP function evaluations           =    103.916

EXIT: Maximum Number of Iterations Exceeded.
