
List of user-set options:

                                    Name   Value                used
              acceptable_constr_viol_tol = 0.001                 yes
                          acceptable_tol = 0.01                  yes
                             alpha_for_y = safer-min-dual-infeas  yes
                         constr_viol_tol = 0.001                 yes
                        file_print_level = 5                     yes
                   hessian_approximation = limited-memory        yes
                           linear_solver = mumps                 yes
                                max_iter = 66                    yes
                                 mu_init = 1e-05                 yes
                             mu_strategy = monotone              yes
                      nlp_scaling_method = gradient-based        yes
                             output_file = /home/kaleb/projects/learning/AAD-design/sardines/SARDINE_optimization14_out/IPOPT.out  yes
                             print_level = 5                     yes
                      print_user_options = yes                   yes
                                      sb = yes                   yes
                                     tol = 0.001                 yes
This is Ipopt version 3.11.9, running with linear solver mumps.
NOTE: Other linear solvers might be more efficient (see Ipopt documentation).

Number of nonzeros in equality constraint Jacobian...:    11828
Number of nonzeros in inequality constraint Jacobian.:     4160
Number of nonzeros in Lagrangian Hessian.............:        0

Total number of variables............................:      215
                     variables with only lower bounds:        2
                variables with lower and upper bounds:      213
                     variables with only upper bounds:        0
Total number of equality constraints.................:      206
Total number of inequality constraints...............:      124
        inequality constraints with only lower bounds:       20
   inequality constraints with lower and upper bounds:       64
        inequality constraints with only upper bounds:       40

iter    objective    inf_pr   inf_du lg(mu)  ||d||  lg(rg) alpha_du alpha_pr  ls
   0  5.3995626e-06 1.96e+01 1.00e+00  -5.0 0.00e+00    -  0.00e+00 0.00e+00   0
   1  8.2932026e-06 1.92e+01 9.97e-01  -5.0 5.28e+00    -  6.90e-03 1.63e-02h  1
   2  8.3909067e-06 1.92e+01 1.13e+00  -5.0 4.43e+00    -  1.61e-02 9.52e-04h  1
   3  1.7316114e-05 1.82e+01 1.11e+00  -5.0 4.19e+00    -  1.54e-02 5.27e-02h  1
   4  5.3996774e-05 1.78e+01 1.10e+00  -5.0 3.08e+00    -  1.03e-02 2.21e-02h  1
   5  2.4407206e-04 1.59e+01 1.07e+00  -5.0 3.27e+00    -  3.00e-02 1.08e-01h  1
   6r 2.4407206e-04 1.59e+01 9.99e+02   1.2 0.00e+00    -  0.00e+00 2.95e-07R  3
   7r 2.2881771e-04 1.60e+01 9.99e+02   1.2 2.99e+06    -  1.41e-06 5.47e-08f  5
   8r 2.6522080e-04 1.26e+01 9.99e+02   1.2 1.33e+03    -  8.54e-05 2.61e-03f  1
   9r 2.6522080e-04 1.26e+01 9.99e+02   1.1 0.00e+00    -  0.00e+00 2.50e-07R  3
iter    objective    inf_pr   inf_du lg(mu)  ||d||  lg(rg) alpha_du alpha_pr  ls
  10r 2.5693273e-04 1.27e+01 9.99e+02   1.1 3.00e+05    -  1.32e-05 2.95e-07f  6
  11r 3.1376268e-04 9.38e+00 9.98e+02   1.1 1.25e+03    -  9.25e-04 2.62e-03f  1
  12  3.2779034e-04 9.31e+00 1.35e+00  -5.0 3.27e+00    -  8.21e-02 7.94e-03h  1
  13  3.6046694e-04 9.17e+00 1.36e+00  -5.0 4.73e+00    -  4.67e-02 1.49e-02h  1
  14  6.0315858e-04 8.14e+00 3.23e+00  -5.0 3.99e+00    -  4.26e-02 1.13e-01h  1
  15  7.8061490e-04 7.34e+00 4.47e+00  -5.0 6.97e+00    -  7.20e-02 9.78e-02h  1
  16  8.7014335e-04 6.96e+00 4.96e+00  -5.0 3.23e+00    -  1.85e-01 5.22e-02h  1
  17  1.1492209e-03 5.76e+00 7.36e+00  -5.0 3.08e+00    -  1.68e-01 1.72e-01h  1
  18  1.7141703e-03 3.32e+00 1.05e+01  -5.0 2.56e+00    -  3.05e-01 4.23e-01h  1
  19  2.4751392e-03 2.93e-04 1.22e+01  -5.0 1.48e+00    -  6.15e-01 1.00e+00h  1
iter    objective    inf_pr   inf_du lg(mu)  ||d||  lg(rg) alpha_du alpha_pr  ls
  20  2.4718064e-03 1.03e-06 4.34e-01  -5.0 2.22e-02    -  9.65e-01 1.00e+00h  1
  21  2.4717911e-03 1.11e-07 3.10e-03  -5.0 1.74e-03    -  9.93e-01 1.00e+00h  1
  22  2.4718795e-03 4.53e-05 3.29e-03  -5.0 5.35e+00    -  1.60e-02 4.06e-02f  1
  23  2.4742684e-03 6.93e-06 3.31e-04  -5.0 3.28e-01    -  8.96e-01 1.00e+00f  1
  24  2.4821819e-03 2.51e-04 7.77e-04  -5.0 5.73e+00    -  8.19e-01 1.00e+00h  1
  25  2.4867573e-03 3.40e-05 1.79e-04  -5.0 2.76e+00    -  9.51e-01 1.00e+00h  1
  26  2.4867417e-03 6.60e-07 2.45e-04  -5.0 2.83e-02    -  1.00e+00 1.00e+00h  1

Number of Iterations....: 26

                                   (scaled)                 (unscaled)
Objective...............:   2.4867416604051162e-03    2.4867416604051162e-03
Dual infeasibility......:   2.4549987549488860e-04    2.4549987549488860e-04
Constraint violation....:   6.6035026782542447e-07    6.6035026782542447e-07
Complementarity.........:   1.0145577290022621e-05    1.0145577290022621e-05
Overall NLP error.......:   2.4549987549488860e-04    2.4549987549488860e-04


Number of objective function evaluations             = 44
Number of objective gradient evaluations             = 25
Number of equality constraint evaluations            = 44
Number of inequality constraint evaluations          = 44
Number of equality constraint Jacobian evaluations   = 29
Number of inequality constraint Jacobian evaluations = 29
Number of Lagrangian Hessian evaluations             = 0
Total CPU secs in IPOPT (w/o function evaluations)   =      0.798
Total CPU secs in NLP function evaluations           =     20.210

EXIT: Optimal Solution Found.
