
List of user-set options:

                                    Name   Value                used
              acceptable_constr_viol_tol = 0.001                 yes
                          acceptable_tol = 0.01                  yes
                             alpha_for_y = safer-min-dual-infeas  yes
                         constr_viol_tol = 0.001                 yes
                        file_print_level = 5                     yes
                   hessian_approximation = limited-memory        yes
                           linear_solver = mumps                 yes
                                max_iter = 66                    yes
                                 mu_init = 1e-05                 yes
                             mu_strategy = monotone              yes
                      nlp_scaling_method = gradient-based        yes
                             output_file = /home/kaleb/projects/learning/AAD-design/sardines/SARDINE_optimization15_out/IPOPT.out  yes
                             print_level = 5                     yes
                      print_user_options = yes                   yes
                                      sb = yes                   yes
                                     tol = 0.001                 yes
This is Ipopt version 3.11.9, running with linear solver mumps.
NOTE: Other linear solvers might be more efficient (see Ipopt documentation).

Number of nonzeros in equality constraint Jacobian...:     4707
Number of nonzeros in inequality constraint Jacobian.:     1910
Number of nonzeros in Lagrangian Hessian.............:        0

Total number of variables............................:      126
                     variables with only lower bounds:        2
                variables with lower and upper bounds:      124
                     variables with only upper bounds:        0
Total number of equality constraints.................:      120
Total number of inequality constraints...............:       82
        inequality constraints with only lower bounds:       20
   inequality constraints with lower and upper bounds:       42
        inequality constraints with only upper bounds:       20

iter    objective    inf_pr   inf_du lg(mu)  ||d||  lg(rg) alpha_du alpha_pr  ls
   0  5.3995626e-06 1.96e+01 1.00e+00  -5.0 0.00e+00    -  0.00e+00 0.00e+00   0
   1  1.2183349e-05 1.82e+01 9.78e-01  -5.0 5.23e+00    -  5.30e-02 7.03e-02h  1
   2  1.4390228e-05 1.80e+01 1.43e+00  -5.0 3.31e+00    -  5.13e-02 9.80e-03h  1
   3  2.2231887e-05 1.77e+01 9.42e-01  -5.0 8.27e+00    -  3.36e-02 1.78e-02h  1
   4  2.8579057e-05 1.76e+01 9.98e-01  -5.0 6.94e+01    -  4.44e-03 3.04e-03h  2
   5  5.4829920e-05 1.74e+01 1.65e+00  -5.0 6.21e+01    -  6.85e-08 1.18e-02f  1
   6  1.2824405e-04 1.68e+01 3.08e+00  -5.0 2.27e+01    -  2.54e-03 3.31e-02h  1
   7  1.1831663e-03 8.42e+00 6.39e+00  -5.0 3.91e+00    -  2.48e-02 5.00e-01h  2
   8  2.2406111e-03 1.92e-04 7.40e+00  -5.0 1.96e+00    -  5.04e-01 1.00e+00h  1
   9  2.2404884e-03 6.77e-06 5.19e-01  -5.0 6.05e-02    -  9.35e-01 1.00e+00h  1
iter    objective    inf_pr   inf_du lg(mu)  ||d||  lg(rg) alpha_du alpha_pr  ls
  10  2.2404250e-03 2.44e-07 2.34e-03  -5.0 9.68e-03    -  9.96e-01 1.00e+00h  1
  11  2.2534765e-03 2.94e-05 1.42e-04  -5.0 1.62e-01    -  9.93e-01 1.00e+00f  1
  12  2.2149273e-03 1.32e-03 2.90e-04  -5.0 1.35e+01    -  1.00e+00 3.66e-01h  2
  13  2.2139412e-03 1.01e-03 1.43e-04  -5.0 1.03e+01    -  7.47e-01 2.34e-01h  3
  14  2.2141195e-03 7.45e-04 5.87e-05  -5.0 8.21e+00    -  1.00e+00 2.48e-01h  3

Number of Iterations....: 14

                                   (scaled)                 (unscaled)
Objective...............:   2.2141195198296620e-03    2.2141195198296620e-03
Dual infeasibility......:   5.8663691795267593e-05    5.8663691795267593e-05
Constraint violation....:   7.4542319923723256e-04    7.4542319923723256e-04
Complementarity.........:   1.8780995375715672e-05    1.8780995375715672e-05
Overall NLP error.......:   7.4542319923723256e-04    7.4542319923723256e-04


Number of objective function evaluations             = 31
Number of objective gradient evaluations             = 15
Number of equality constraint evaluations            = 31
Number of inequality constraint evaluations          = 31
Number of equality constraint Jacobian evaluations   = 15
Number of inequality constraint Jacobian evaluations = 15
Number of Lagrangian Hessian evaluations             = 0
Total CPU secs in IPOPT (w/o function evaluations)   =      0.564
Total CPU secs in NLP function evaluations           =     10.523

EXIT: Optimal Solution Found.
