
List of user-set options:

                                    Name   Value                used
              acceptable_constr_viol_tol = 0.001                 yes
                          acceptable_tol = 0.01                  yes
                             alpha_for_y = safer-min-dual-infeas  yes
                         constr_viol_tol = 0.001                 yes
                        file_print_level = 5                     yes
                   hessian_approximation = limited-memory        yes
                           linear_solver = mumps                 yes
                                max_iter = 66                    yes
                                 mu_init = 1e-05                 yes
                             mu_strategy = monotone              yes
                      nlp_scaling_method = gradient-based        yes
                             output_file = /home/kaleb/projects/learning/AAD-design/sardines/SARDINE_optimization26_out/IPOPT.out  yes
                             print_level = 5                     yes
                      print_user_options = yes                   yes
                                      sb = yes                   yes
                                     tol = 0.001                 yes
This is Ipopt version 3.11.9, running with linear solver mumps.
NOTE: Other linear solvers might be more efficient (see Ipopt documentation).

Number of nonzeros in equality constraint Jacobian...:    11828
Number of nonzeros in inequality constraint Jacobian.:     4160
Number of nonzeros in Lagrangian Hessian.............:        0

Total number of variables............................:      215
                     variables with only lower bounds:        2
                variables with lower and upper bounds:      213
                     variables with only upper bounds:        0
Total number of equality constraints.................:      206
Total number of inequality constraints...............:      124
        inequality constraints with only lower bounds:       20
   inequality constraints with lower and upper bounds:       64
        inequality constraints with only upper bounds:       40

iter    objective    inf_pr   inf_du lg(mu)  ||d||  lg(rg) alpha_du alpha_pr  ls
   0  5.3995626e-06 1.96e+01 1.00e+00  -5.0 0.00e+00    -  0.00e+00 0.00e+00   0
   1  7.8103981e-06 1.92e+01 9.96e-01  -5.0 5.45e+00    -  6.80e-03 1.85e-02h  1
   2  7.7883768e-06 1.92e+01 1.10e+00  -5.0 4.83e+00    -  1.83e-02 1.06e-03h  1
   3  7.1138002e-06 1.80e+01 1.09e+00  -5.0 4.53e+00    -  1.69e-02 6.34e-02h  1
   4  1.2606532e-05 1.78e+01 1.29e+00  -5.0 3.73e+00    -  1.11e-02 8.70e-03h  1
   5  1.1483340e-04 1.68e+01 1.28e+00  -5.0 3.25e+00    -  7.43e-03 5.82e-02h  1
   6  2.9714257e-04 1.50e+01 1.40e+00  -5.0 3.24e+00    -  6.30e-02 1.04e-01h  1
   7r 2.9714257e-04 1.50e+01 9.99e+02   1.2 0.00e+00    -  0.00e+00 2.91e-07R  3
   8r 2.8785696e-04 1.51e+01 9.99e+02   1.2 2.36e+06    -  1.99e-06 3.99e-08f  6
   9r 3.2209137e-04 1.02e+01 9.99e+02   1.2 1.53e+03    -  8.61e-05 3.23e-03f  1
iter    objective    inf_pr   inf_du lg(mu)  ||d||  lg(rg) alpha_du alpha_pr  ls
  10r 3.2209137e-04 1.02e+01 9.99e+02   1.0 0.00e+00    -  0.00e+00 2.61e-07R  3
  11r 3.1349521e-04 1.02e+01 9.99e+02   1.0 2.79e+05    -  1.11e-05 2.98e-07f  6
  12r 3.4759862e-04 7.65e+00 9.98e+02   1.0 1.56e+03    -  1.18e-03 1.67e-03f  1
  13  3.5217769e-04 7.63e+00 5.32e+00  -5.0 3.35e+00    -  3.94e-02 2.53e-03h  1
  14  4.2871960e-04 7.33e+00 4.12e+00  -5.0 3.64e+00    -  3.49e-02 3.89e-02h  1
  15  1.0264081e-03 5.20e+00 6.23e+00  -5.0 3.81e+00    -  6.20e-02 2.91e-01h  1
  16  1.2159489e-03 4.50e+00 6.40e+00  -5.0 2.60e+00    -  2.70e-01 1.35e-01h  1
  17  2.3820692e-03 8.59e-04 9.28e+00  -5.0 2.16e+00    -  2.61e-01 1.00e+00h  1
  18  2.3790791e-03 2.07e-05 1.00e+00  -5.0 2.63e-01    -  8.92e-01 1.00e+00h  1
  19  2.3790378e-03 7.51e-07 1.85e-03  -5.0 1.03e-02    -  9.98e-01 1.00e+00h  1
iter    objective    inf_pr   inf_du lg(mu)  ||d||  lg(rg) alpha_du alpha_pr  ls
  20  2.3803866e-03 7.29e-05 1.75e-03  -5.0 1.70e+00    -  5.58e-02 1.00e+00f  1
  21  2.3896745e-03 2.71e-05 6.50e-04  -5.0 1.53e-01    -  6.28e-01 1.00e+00h  1
  22  2.3712485e-03 4.51e-04 9.59e-04  -5.0 6.80e-01    -  4.08e-01 1.00e+00h  1
  23  2.4042332e-03 2.58e-03 5.91e-04  -5.0 7.32e-01    -  8.38e-01 1.00e+00h  1
  24  2.3597143e-03 2.07e-03 6.39e-04  -5.0 5.11e+00    -  4.34e-01 2.20e-01h  1
  25  2.3224212e-03 2.75e-03 1.50e-03  -5.0 3.30e+00    -  1.00e+00 6.22e-01h  1
  26  2.3497192e-03 1.40e-03 7.75e-04  -5.0 4.06e+00    -  1.00e+00 1.00e+00h  1
  27  2.3752732e-03 1.11e-04 9.62e-04  -5.0 1.87e+00    -  1.00e+00 1.00e+00h  1

Number of Iterations....: 27

                                   (scaled)                 (unscaled)
Objective...............:   2.3752732117893723e-03    2.3752732117893723e-03
Dual infeasibility......:   9.6216276266307128e-04    9.6216276266307128e-04
Constraint violation....:   1.1098121231747149e-04    1.1098121231747149e-04
Complementarity.........:   1.3642275754899554e-05    1.3642275754899554e-05
Overall NLP error.......:   9.6216276266307128e-04    9.6216276266307128e-04


Number of objective function evaluations             = 46
Number of objective gradient evaluations             = 26
Number of equality constraint evaluations            = 46
Number of inequality constraint evaluations          = 46
Number of equality constraint Jacobian evaluations   = 30
Number of inequality constraint Jacobian evaluations = 30
Number of Lagrangian Hessian evaluations             = 0
Total CPU secs in IPOPT (w/o function evaluations)   =      0.831
Total CPU secs in NLP function evaluations           =     21.945

EXIT: Optimal Solution Found.
