
List of user-set options:

                                    Name   Value                used
              acceptable_constr_viol_tol = 0.001                 yes
                          acceptable_tol = 0.01                  yes
                             alpha_for_y = safer-min-dual-infeas  yes
                         constr_viol_tol = 0.001                 yes
                        file_print_level = 5                     yes
                   hessian_approximation = limited-memory        yes
                           linear_solver = mumps                 yes
                                max_iter = 66                    yes
                                 mu_init = 1e-05                 yes
                             mu_strategy = monotone              yes
                      nlp_scaling_method = gradient-based        yes
                             output_file = /home/kaleb/projects/learning/AAD-design/sardines/SARDINE_optimization18_out/IPOPT.out  yes
                             print_level = 5                     yes
                      print_user_options = yes                   yes
                                      sb = yes                   yes
                                     tol = 0.001                 yes
This is Ipopt version 3.11.9, running with linear solver mumps.
NOTE: Other linear solvers might be more efficient (see Ipopt documentation).

Number of nonzeros in equality constraint Jacobian...:     4707
Number of nonzeros in inequality constraint Jacobian.:     1910
Number of nonzeros in Lagrangian Hessian.............:        0

Total number of variables............................:      126
                     variables with only lower bounds:        2
                variables with lower and upper bounds:      124
                     variables with only upper bounds:        0
Total number of equality constraints.................:      120
Total number of inequality constraints...............:       82
        inequality constraints with only lower bounds:       20
   inequality constraints with lower and upper bounds:       42
        inequality constraints with only upper bounds:       20

iter    objective    inf_pr   inf_du lg(mu)  ||d||  lg(rg) alpha_du alpha_pr  ls
   0  5.3995626e-06 1.96e+01 1.00e+00  -5.0 0.00e+00    -  0.00e+00 0.00e+00   0
   1  1.1158082e-05 1.85e+01 1.30e+00  -5.0 4.46e+00    -  4.80e-02 5.38e-02h  1
   2  1.3299110e-05 1.85e+01 1.47e+00  -5.0 2.48e+01    -  1.34e-02 2.61e-03h  1
   3  3.0032963e-05 1.83e+01 1.48e+00  -5.0 6.72e+01    -  2.48e-03 6.88e-03h  1
   4  5.7489626e-04 1.44e+01 7.88e+00  -5.0 2.85e+01    -  3.91e-03 2.17e-01h  1
   5  9.7818661e-04 1.15e+01 8.78e+00  -5.0 3.71e+00    -  1.12e-01 2.01e-01h  1
   6  1.4596230e-03 8.00e+00 1.03e+01  -5.0 2.95e+00    -  2.82e-01 3.02e-01h  2
   7  1.5358814e-03 7.45e+00 6.31e+00  -5.0 2.03e+00    -  5.14e-01 6.97e-02h  3
   8  1.5512329e-03 7.33e+00 3.19e+00  -5.0 1.87e+00    -  5.86e-01 1.52e-02h  5
   9  1.9859059e-03 4.08e+00 6.00e+00  -5.0 2.61e+00    -  4.38e-01 4.44e-01h  1
iter    objective    inf_pr   inf_du lg(mu)  ||d||  lg(rg) alpha_du alpha_pr  ls
  10  2.1160892e-03 3.05e+00 5.62e+00  -5.0 3.22e+00    -  1.82e-01 2.52e-01h  1
  11  2.3974184e-03 7.73e-01 2.09e+00  -5.0 2.28e+00    -  5.95e-01 7.47e-01h  1
  12  2.4967763e-03 2.81e-05 8.60e-01  -5.0 7.83e-01    -  6.61e-01 1.00e+00h  1
  13  2.4935869e-03 2.07e-05 5.18e-01  -5.0 5.66e-01    -  4.32e-01 1.00e+00h  1
  14  2.4937077e-03 2.78e-08 2.97e-04  -5.0 7.52e-03    -  1.00e+00 1.00e+00h  1
  15  2.4942233e-03 7.23e-06 1.11e-02  -5.0 3.89e-01    -  1.00e+00 1.00e+00f  1
  16  2.4942961e-03 2.18e-07 7.14e-04  -5.0 7.64e-02    -  1.00e+00 1.00e+00h  1

Number of Iterations....: 16

                                   (scaled)                 (unscaled)
Objective...............:   2.4942960738337985e-03    2.4942960738337985e-03
Dual infeasibility......:   7.1386658667436833e-04    7.1386658667436833e-04
Constraint violation....:   2.1777711717684892e-07    2.1777711717684892e-07
Complementarity.........:   1.0004864681540166e-05    1.0004864681540166e-05
Overall NLP error.......:   7.1386658667436833e-04    7.1386658667436833e-04


Number of objective function evaluations             = 24
Number of objective gradient evaluations             = 17
Number of equality constraint evaluations            = 24
Number of inequality constraint evaluations          = 24
Number of equality constraint Jacobian evaluations   = 17
Number of inequality constraint Jacobian evaluations = 17
Number of Lagrangian Hessian evaluations             = 0
Total CPU secs in IPOPT (w/o function evaluations)   =      0.501
Total CPU secs in NLP function evaluations           =      6.349

EXIT: Optimal Solution Found.
