
List of user-set options:

                                    Name   Value                used
              acceptable_constr_viol_tol = 0.001                 yes
                          acceptable_tol = 0.01                  yes
                             alpha_for_y = safer-min-dual-infeas  yes
                         constr_viol_tol = 0.001                 yes
                        file_print_level = 5                     yes
                   hessian_approximation = limited-memory        yes
                           linear_solver = mumps                 yes
                                max_iter = 66                    yes
                                 mu_init = 1e-05                 yes
                             mu_strategy = monotone              yes
                      nlp_scaling_method = gradient-based        yes
                             output_file = /home/kaleb/projects/learning/AAD-design/sardines/SARDINE_optimization17_out/IPOPT.out  yes
                             print_level = 5                     yes
                      print_user_options = yes                   yes
                                      sb = yes                   yes
                                     tol = 0.001                 yes
This is Ipopt version 3.11.9, running with linear solver mumps.
NOTE: Other linear solvers might be more efficient (see Ipopt documentation).

Number of nonzeros in equality constraint Jacobian...:    11828
Number of nonzeros in inequality constraint Jacobian.:     4160
Number of nonzeros in Lagrangian Hessian.............:        0

Total number of variables............................:      215
                     variables with only lower bounds:        2
                variables with lower and upper bounds:      213
                     variables with only upper bounds:        0
Total number of equality constraints.................:      206
Total number of inequality constraints...............:      124
        inequality constraints with only lower bounds:       20
   inequality constraints with lower and upper bounds:       64
        inequality constraints with only upper bounds:       40

iter    objective    inf_pr   inf_du lg(mu)  ||d||  lg(rg) alpha_du alpha_pr  ls
   0  5.3995626e-06 1.96e+01 1.00e+00  -5.0 0.00e+00    -  0.00e+00 0.00e+00   0
   1  8.1101535e-06 1.92e+01 9.96e-01  -5.0 4.89e+00    -  6.89e-03 1.68e-02h  1
   2  8.1611404e-06 1.92e+01 1.12e+00  -5.0 4.24e+00    -  1.67e-02 9.64e-04h  1
   3  1.4341341e-05 1.81e+01 1.10e+00  -5.0 4.03e+00    -  1.58e-02 5.68e-02h  1
   4  3.9141375e-05 1.78e+01 1.09e+00  -5.0 2.86e+00    -  9.21e-03 1.61e-02h  1
   5  2.6413196e-04 1.56e+01 1.07e+00  -5.0 3.29e+00    -  2.18e-02 1.27e-01h  1
   6r 2.6413196e-04 1.56e+01 9.99e+02   1.2 0.00e+00    -  0.00e+00 3.42e-07R  3
   7r 2.5587792e-04 1.57e+01 9.99e+02   1.2 2.72e+06    -  1.60e-06 3.21e-08f  6
   8r 2.8750501e-04 1.17e+01 9.99e+02   1.2 1.35e+03    -  1.05e-04 2.94e-03f  1
   9r 2.8750501e-04 1.17e+01 9.99e+02   1.1 0.00e+00    -  0.00e+00 2.56e-07R  3
iter    objective    inf_pr   inf_du lg(mu)  ||d||  lg(rg) alpha_du alpha_pr  ls
  10r 2.7852056e-04 1.18e+01 9.99e+02   1.1 2.97e+05    -  1.03e-05 3.16e-07f  6
  11r 3.2731024e-04 9.03e+00 9.98e+02   1.1 1.34e+03    -  8.70e-04 2.06e-03f  1
  12  3.4233435e-04 8.96e+00 1.41e+00  -5.0 3.33e+00    -  6.66e-02 8.37e-03h  1
  13  3.8242912e-04 8.79e+00 1.28e+00  -5.0 3.95e+00    -  4.54e-02 1.88e-02h  1
  14  6.1695215e-04 7.80e+00 2.92e+00  -5.0 3.87e+00    -  5.12e-02 1.12e-01h  1
  15  8.2180319e-04 6.88e+00 5.13e+00  -5.0 6.94e+00    -  6.13e-02 1.18e-01h  1
  16  8.6835191e-04 6.68e+00 4.82e+00  -5.0 3.29e+00    -  1.85e-01 2.93e-02h  1
  17  9.3830020e-04 6.37e+00 5.06e+00  -5.0 3.53e+00    -  1.36e-01 4.59e-02h  1
  18  1.8276206e-03 2.48e+00 1.67e+01  -5.0 2.95e+00    -  2.19e-01 6.11e-01h  1
  19  2.3848941e-03 2.03e-04 9.75e+00  -5.0 1.15e+00    -  7.04e-01 1.00e+00h  1
iter    objective    inf_pr   inf_du lg(mu)  ||d||  lg(rg) alpha_du alpha_pr  ls
  20  2.3831206e-03 2.62e-07 2.04e-01  -5.0 6.56e-03    -  9.79e-01 1.00e+00h  1
  21  2.3830320e-03 1.22e-07 4.48e-03  -5.0 3.38e-03    -  9.75e-01 1.00e+00h  1
  22  2.3822753e-03 2.90e-05 1.87e-03  -5.0 1.71e-01    -  5.62e-01 1.00e+00h  1
  23  2.3746790e-03 5.01e-05 4.79e-04  -5.0 5.47e-01    -  4.22e-01 1.00e+00h  1
  24  2.3747175e-03 9.22e-07 1.06e-03  -5.0 1.76e-01    -  1.00e+00 1.00e+00h  1
  25  2.3747196e-03 8.77e-07 8.70e-04  -5.0 6.32e-02    -  1.00e+00 1.00e+00h  1

Number of Iterations....: 25

                                   (scaled)                 (unscaled)
Objective...............:   2.3747196177805871e-03    2.3747196177805871e-03
Dual infeasibility......:   8.6962370720431706e-04    8.6962370720431706e-04
Constraint violation....:   8.7661749864120219e-07    8.7661749864120219e-07
Complementarity.........:   1.0015753546960998e-05    1.0015753546960998e-05
Overall NLP error.......:   8.6962370720431706e-04    8.6962370720431706e-04


Number of objective function evaluations             = 44
Number of objective gradient evaluations             = 24
Number of equality constraint evaluations            = 44
Number of inequality constraint evaluations          = 44
Number of equality constraint Jacobian evaluations   = 28
Number of inequality constraint Jacobian evaluations = 28
Number of Lagrangian Hessian evaluations             = 0
Total CPU secs in IPOPT (w/o function evaluations)   =      0.761
Total CPU secs in NLP function evaluations           =     20.199

EXIT: Optimal Solution Found.
