
List of user-set options:

                                    Name   Value                used
              acceptable_constr_viol_tol = 0.001                 yes
                          acceptable_tol = 0.01                  yes
                             alpha_for_y = safer-min-dual-infeas  yes
                         constr_viol_tol = 0.001                 yes
                        file_print_level = 5                     yes
                   hessian_approximation = limited-memory        yes
                           linear_solver = mumps                 yes
                                max_iter = 66                    yes
                                 mu_init = 1e-05                 yes
                             mu_strategy = monotone              yes
                      nlp_scaling_method = gradient-based        yes
                             output_file = /home/kaleb/projects/learning/AAD-design/sardines/SARDINE_optimization8_out/IPOPT.out  yes
                             print_level = 5                     yes
                      print_user_options = yes                   yes
                                      sb = yes                   yes
                                     tol = 0.001                 yes
This is Ipopt version 3.11.9, running with linear solver mumps.
NOTE: Other linear solvers might be more efficient (see Ipopt documentation).

Number of nonzeros in equality constraint Jacobian...:     4707
Number of nonzeros in inequality constraint Jacobian.:     1910
Number of nonzeros in Lagrangian Hessian.............:        0

Total number of variables............................:      126
                     variables with only lower bounds:        2
                variables with lower and upper bounds:      124
                     variables with only upper bounds:        0
Total number of equality constraints.................:      120
Total number of inequality constraints...............:       82
        inequality constraints with only lower bounds:       20
   inequality constraints with lower and upper bounds:       42
        inequality constraints with only upper bounds:       20

iter    objective    inf_pr   inf_du lg(mu)  ||d||  lg(rg) alpha_du alpha_pr  ls
   0  5.3995626e-06 1.96e+01 1.00e+00  -5.0 0.00e+00    -  0.00e+00 0.00e+00   0
   1  9.9212071e-06 1.90e+01 1.61e+00  -5.0 7.09e+00    -  2.75e-02 2.82e-02h  1
   2  1.2932674e-05 1.90e+01 1.71e+00  -5.0 3.92e+01    -  7.81e-03 2.39e-03h  1
   3  3.2357757e-05 1.88e+01 1.79e+00  -5.0 5.68e+01    -  3.58e-03 7.48e-03h  1
   4  7.3867482e-04 1.40e+01 9.88e+00  -5.0 2.37e+01    -  6.49e-03 2.56e-01h  1
   5  8.2637115e-04 1.34e+01 1.41e+01  -5.0 1.19e+01    -  1.92e-01 4.28e-02h  1
   6  1.1636416e-03 1.11e+01 1.71e+01  -5.0 3.70e+00    -  2.35e-01 1.69e-01h  3
   7  1.2573733e-03 1.05e+01 1.32e+01  -5.0 3.05e+00    -  3.80e-01 5.69e-02h  4
   8  1.2936049e-03 1.03e+01 8.53e+00  -5.0 2.86e+00    -  4.51e-01 2.35e-02h  5
   9  1.3100929e-03 1.01e+01 4.94e+00  -5.0 2.79e+00    -  5.19e-01 1.10e-02h  6
iter    objective    inf_pr   inf_du lg(mu)  ||d||  lg(rg) alpha_du alpha_pr  ls
  10  1.3190361e-03 1.01e+01 3.39e+00  -5.0 2.75e+00    -  4.11e-01 6.02e-03h  7
  11  2.0353489e-03 5.19e+00 8.92e+00  -5.0 2.73e+00    -  5.06e-01 4.85e-01h  1
  12  2.2793845e-03 3.48e+00 8.83e+00  -5.0 4.25e+00    -  3.60e-01 3.29e-01h  1
  13  2.7804884e-03 9.60e-04 5.69e+00  -5.0 2.43e+00    -  1.79e-02 1.00e+00h  1
  14  2.7800783e-03 3.10e-06 7.33e-01  -5.0 6.74e-02    -  8.71e-01 1.00e+00h  1
  15  2.7800502e-03 7.62e-08 6.48e-03  -5.0 4.30e-03    -  9.91e-01 1.00e+00h  1
  16  2.7878087e-03 8.66e-05 6.39e-03  -5.0 2.14e+00    -  1.35e-02 1.00e+00f  1
  17  2.7877089e-03 7.04e-07 7.41e-04  -5.0 1.84e-02    -  9.96e-01 1.00e+00h  1
  18  2.7879972e-03 5.61e-06 5.54e-03  -5.0 1.12e-01    -  1.00e+00 1.00e+00h  1
  19  2.7879785e-03 8.29e-07 1.90e-03  -5.0 4.71e-02    -  1.00e+00 1.00e+00h  1
iter    objective    inf_pr   inf_du lg(mu)  ||d||  lg(rg) alpha_du alpha_pr  ls
  20  2.7879262e-03 8.95e-07 1.87e-03  -5.0 4.26e-02    -  1.00e+00 1.00e+00h  1
  21  2.7879132e-03 8.13e-07 1.70e-03  -5.0 3.93e-02    -  1.00e+00 1.00e+00h  1
  22  2.7879076e-03 7.61e-07 1.59e-03  -5.0 3.64e-02    -  1.00e+00 1.00e+00h  1
  23  2.7879086e-03 7.14e-07 1.48e-03  -5.0 3.41e-02    -  1.00e+00 1.00e+00h  1
  24  2.7879132e-03 6.75e-07 1.40e-03  -5.0 3.21e-02    -  1.00e+00 1.00e+00h  1
  25  2.7879201e-03 6.40e-07 1.32e-03  -5.0 3.03e-02    -  1.00e+00 1.00e+00h  1
  26  2.7879283e-03 6.09e-07 1.25e-03  -5.0 2.88e-02    -  1.00e+00 1.00e+00h  1
  27  2.7879373e-03 5.81e-07 1.19e-03  -5.0 2.74e-02    -  1.00e+00 1.00e+00h  1
  28  2.7879468e-03 5.56e-07 1.14e-03  -5.0 2.62e-02    -  1.00e+00 1.00e+00h  1
  29  2.7879564e-03 5.33e-07 1.09e-03  -5.0 2.50e-02    -  1.00e+00 1.00e+00h  1
iter    objective    inf_pr   inf_du lg(mu)  ||d||  lg(rg) alpha_du alpha_pr  ls
  30  2.7879661e-03 5.12e-07 1.05e-03  -5.0 2.40e-02    -  1.00e+00 1.00e+00h  1
  31  2.7879758e-03 4.93e-07 1.01e-03  -5.0 2.31e-02    -  1.00e+00 1.00e+00h  1

Number of Iterations....: 31

                                   (scaled)                 (unscaled)
Objective...............:   2.7879757973392682e-03    2.7879757973392682e-03
Dual infeasibility......:   1.0083031170129082e-03    1.0083031170129082e-03
Constraint violation....:   4.9289327015625727e-07    4.9289327015625727e-07
Complementarity.........:   1.0000000000000004e-05    1.0000000000000004e-05
Overall NLP error.......:   1.0083031170129082e-03    1.0083031170129082e-03


Number of objective function evaluations             = 52
Number of objective gradient evaluations             = 32
Number of equality constraint evaluations            = 52
Number of inequality constraint evaluations          = 52
Number of equality constraint Jacobian evaluations   = 32
Number of inequality constraint Jacobian evaluations = 32
Number of Lagrangian Hessian evaluations             = 0
Total CPU secs in IPOPT (w/o function evaluations)   =      0.652
Total CPU secs in NLP function evaluations           =     13.325

EXIT: Solved To Acceptable Level.
