
List of user-set options:

                                    Name   Value                used
              acceptable_constr_viol_tol = 0.0001                yes
                          acceptable_tol = 0.001                 yes
                             alpha_for_y = safer-min-dual-infeas  yes
                         constr_viol_tol = 0.0001                yes
                        file_print_level = 5                     yes
                   hessian_approximation = limited-memory        yes
                           linear_solver = mumps                 yes
                                max_iter = 200                   yes
                                 mu_init = 1e-05                 yes
                             mu_strategy = monotone              yes
                      nlp_scaling_method = gradient-based        yes
                             output_file = /home/kaleb/projects/learning/AAD-design/sardines/SARDINE_optimization24_out/IPOPT.out  yes
                             print_level = 5                     yes
                      print_user_options = yes                   yes
                                      sb = yes                   yes
                                     tol = 0.0001                yes
This is Ipopt version 3.11.9, running with linear solver mumps.
NOTE: Other linear solvers might be more efficient (see Ipopt documentation).

Number of nonzeros in equality constraint Jacobian...:    11716
Number of nonzeros in inequality constraint Jacobian.:     4156
Number of nonzeros in Lagrangian Hessian.............:        0

Total number of variables............................:      213
                     variables with only lower bounds:        2
                variables with lower and upper bounds:      211
                     variables with only upper bounds:        0
Total number of equality constraints.................:      200
Total number of inequality constraints...............:      124
        inequality constraints with only lower bounds:       20
   inequality constraints with lower and upper bounds:       64
        inequality constraints with only upper bounds:       40

iter    objective    inf_pr   inf_du lg(mu)  ||d||  lg(rg) alpha_du alpha_pr  ls
   0  1.5427322e-03 1.08e+01 1.22e+00  -5.0 0.00e+00    -  0.00e+00 0.00e+00   0
   1  2.2240578e-03 1.05e+01 1.21e+00  -5.0 3.78e+00    -  2.95e-03 2.88e-02h  1
   2  2.2819818e-03 1.05e+01 1.18e+00  -5.0 4.48e+00    -  2.69e-02 1.07e-03h  1
   3  1.5873614e-02 9.45e+00 1.70e+00  -5.0 3.83e+00    -  1.59e-02 9.65e-02h  1
   4  1.7269515e-02 9.38e+00 1.68e+00  -5.0 3.43e+00    -  5.23e-02 7.09e-03h  1
   5  3.8879564e-02 8.88e+00 2.48e+00  -5.0 1.30e+01    -  1.46e-02 5.37e-02h  1
   6  3.9804012e-02 8.86e+00 2.45e+00  -5.0 1.28e+01    -  2.44e-02 2.38e-03h  1
   7  4.8455231e-02 8.66e+00 2.60e+00  -5.0 1.28e+01    -  2.36e-02 2.23e-02h  1
   8  4.8772226e-02 8.64e+00 4.06e+00  -5.0 3.40e+01    -  4.77e-03 2.24e-03h  1
   9  4.9306274e-02 8.62e+00 4.06e+00  -5.0 4.96e+01    -  5.59e-04 2.45e-03h  3
iter    objective    inf_pr   inf_du lg(mu)  ||d||  lg(rg) alpha_du alpha_pr  ls
  10  4.9764165e-02 8.61e+00 4.05e+00  -5.0 4.28e+01    -  5.84e-06 1.46e-03h  4
  11  5.0261187e-02 8.59e+00 3.96e+00  -5.0 4.01e+01    -  1.35e-03 1.42e-03h  4
  12  5.3465679e-02 8.54e+00 3.93e+00  -5.0 2.22e+01    -  1.21e-03 5.83e-03h  2
  13  6.5456108e-02 8.40e+00 6.64e+00  -5.0 9.61e+00    -  4.64e-03 1.72e-02h  1
  14  1.6322901e-01 7.33e+00 1.25e+01  -5.0 5.00e+00    -  1.91e-02 1.27e-01h  1
  15  1.6327525e-01 7.33e+00 1.25e+01  -5.0 4.60e+00    -  9.98e-06 6.51e-05h  1
  16  3.1597100e-01 5.75e+00 2.30e+01  -5.0 4.60e+00    -  2.01e-02 2.15e-01h  1
  17  4.5201854e-01 4.36e+00 2.24e+01  -5.0 3.64e+00    -  2.10e-01 2.42e-01h  1
  18  4.9577321e-01 3.87e+00 2.26e+01  -5.0 4.71e+00    -  1.13e-01 1.14e-01h  1
  19  4.9673977e-01 3.86e+00 2.25e+01  -5.0 2.47e+00    -  4.15e-03 2.53e-03h  1
iter    objective    inf_pr   inf_du lg(mu)  ||d||  lg(rg) alpha_du alpha_pr  ls
  20  5.0279940e-01 3.79e+00 2.14e+01  -5.0 2.31e+00    -  6.55e-02 1.70e-02h  1
  21  5.1195972e-01 3.69e+00 2.20e+01  -5.0 2.30e+00    -  3.97e-03 2.58e-02h  1
  22  6.4879570e-01 2.30e+00 2.96e+01  -5.0 2.36e+00    -  2.04e-02 3.76e-01h  1
  23  6.5953914e-01 2.19e+00 2.94e+01  -5.0 1.82e+00    -  2.95e-02 5.04e-02h  1
  24  8.0028281e-01 6.95e-01 3.44e+01  -5.0 2.18e+00    -  1.35e-01 6.82e-01h  1
  25  8.0851177e-01 6.03e-01 3.24e+01  -5.0 4.97e-01    -  2.52e-02 1.32e-01h  1
  26  8.1463395e-01 5.39e-01 2.78e+01  -5.0 3.71e-01    -  1.51e-01 1.07e-01h  1
  27  8.1894184e-01 4.92e-01 1.39e+01  -5.0 7.47e-01    -  5.05e-01 8.74e-02h  1
  28  8.1999457e-01 4.78e-01 1.37e+01  -5.0 3.04e+00    -  1.31e-02 2.86e-02h  1
  29  8.6464151e-01 4.23e-04 1.52e+01  -5.0 2.89e-01    -  1.48e-02 1.00e+00h  1
iter    objective    inf_pr   inf_du lg(mu)  ||d||  lg(rg) alpha_du alpha_pr  ls
  30  8.6432869e-01 2.66e-04 2.00e+00  -5.0 1.17e-02    -  8.68e-01 3.71e-01h  1
  31  8.6414571e-01 8.25e-05 1.76e+00  -5.0 1.27e-01    -  1.22e-01 6.90e-01f  1
  32  8.6391083e-01 1.49e-06 9.63e-01  -5.0 2.40e-02    -  4.56e-01 1.00e+00h  1
  33  8.6358741e-01 3.91e-06 5.45e-01  -5.0 8.39e-02    -  4.35e-01 1.00e+00h  1
  34  8.6332351e-01 7.40e-07 9.15e-02  -5.0 1.28e-02    -  8.39e-01 1.00e+00h  1
  35  8.6299047e-01 9.89e-07 4.57e-02  -5.0 2.50e-02    -  5.29e-01 1.00e+00h  1
  36  8.6260417e-01 9.67e-07 2.24e-02  -5.0 2.98e-02    -  5.71e-01 1.00e+00h  1
  37  8.6203770e-01 2.24e-06 1.57e-02  -5.0 3.49e-02    -  9.38e-01 1.00e+00h  1
  38  8.6158262e-01 1.15e-06 9.91e-03  -5.0 2.85e-02    -  7.33e-01 1.00e+00h  1
  39  8.6108220e-01 1.08e-06 1.07e-02  -5.0 2.61e-02    -  1.00e+00 1.00e+00h  1
iter    objective    inf_pr   inf_du lg(mu)  ||d||  lg(rg) alpha_du alpha_pr  ls
  40  8.6057957e-01 1.08e-06 1.07e-02  -5.0 2.38e-02    -  1.00e+00 1.00e+00h  1
  41  8.6007269e-01 1.09e-06 1.08e-02  -5.0 2.20e-02    -  1.00e+00 1.00e+00h  1
  42  8.5956321e-01 1.10e-06 1.09e-02  -5.0 2.04e-02    -  1.00e+00 1.00e+00h  1
  43  8.5905126e-01 1.12e-06 1.10e-02  -5.0 1.89e-02    -  1.00e+00 1.00e+00h  1
  44  8.5853711e-01 1.13e-06 1.11e-02  -5.0 1.75e-02    -  1.00e+00 1.00e+00h  1
  45  8.5802088e-01 1.17e-06 1.11e-02  -5.0 1.63e-02    -  1.00e+00 1.00e+00h  1
  46  8.5750281e-01 1.18e-06 1.12e-02  -5.0 1.51e-02    -  1.00e+00 1.00e+00h  1
  47  8.5698299e-01 1.20e-06 1.13e-02  -5.0 1.38e-02    -  1.00e+00 1.00e+00h  1
  48  8.5646154e-01 1.21e-06 1.13e-02  -5.0 1.27e-02    -  1.00e+00 1.00e+00h  1
  49  8.5593852e-01 1.22e-06 1.14e-02  -5.0 1.15e-02    -  1.00e+00 1.00e+00h  1
iter    objective    inf_pr   inf_du lg(mu)  ||d||  lg(rg) alpha_du alpha_pr  ls
  50  8.5541403e-01 3.25e-06 1.14e-02  -5.0 1.14e-02    -  1.00e+00 1.00e+00h  1
  51  8.5488860e-01 1.25e-06 1.15e-02  -5.0 1.15e-02    -  1.00e+00 1.00e+00h  1
  52  8.5436185e-01 1.27e-06 1.15e-02  -5.0 1.15e-02    -  1.00e+00 1.00e+00h  1
  53  8.5383389e-01 1.30e-06 1.15e-02  -5.0 1.15e-02    -  1.00e+00 1.00e+00h  1
  54  8.5330477e-01 1.31e-06 1.16e-02  -5.0 1.16e-02    -  1.00e+00 1.00e+00h  1
  55  8.5277453e-01 1.33e-06 1.16e-02  -5.0 1.16e-02    -  1.00e+00 1.00e+00h  1
  56  8.5224320e-01 1.34e-06 1.17e-02  -5.0 1.17e-02    -  1.00e+00 1.00e+00h  1
  57  8.5171084e-01 1.36e-06 1.17e-02  -5.0 1.17e-02    -  1.00e+00 1.00e+00h  1
  58  8.5117749e-01 1.37e-06 1.17e-02  -5.0 1.17e-02    -  1.00e+00 1.00e+00h  1
  59  8.5064320e-01 1.39e-06 1.18e-02  -5.0 1.18e-02    -  1.00e+00 1.00e+00h  1
iter    objective    inf_pr   inf_du lg(mu)  ||d||  lg(rg) alpha_du alpha_pr  ls
  60  8.5010798e-01 3.39e-06 1.18e-02  -5.0 1.18e-02    -  1.00e+00 1.00e+00h  1
  61  8.2295838e-01 1.95e-03 1.17e-02  -5.0 5.68e+01    -  3.99e-03 9.67e-03f  1
  62  8.1929995e-01 1.76e-03 1.01e-02  -5.0 2.30e+00    -  6.59e-02 1.29e-01h  1
  63  8.1557947e-01 1.62e-03 6.31e-03  -5.0 2.11e+00    -  4.04e-01 8.06e-02h  1
  64  8.1098501e-01 1.42e-03 7.20e-03  -5.0 2.72e+00    -  6.33e-01 1.32e-01h  1
  65  8.1114888e-01 1.34e-03 5.25e-02  -5.0 5.06e-01    -  4.64e-01 5.94e-02h  1
  66  8.1463147e-01 5.77e-04 1.65e-02  -5.0 4.21e-01    -  7.14e-01 5.71e-01h  1
  67  8.1677590e-01 1.32e-03 1.97e-02  -5.0 2.76e-01    -  1.00e+00 9.43e-01h  1
  68  8.1696755e-01 2.59e-05 1.71e-02  -5.0 1.71e-01    -  2.11e-01 1.00e+00f  1
  69  8.1688135e-01 8.08e-07 6.66e-03  -5.0 2.74e-02    -  1.00e+00 1.00e+00h  1
iter    objective    inf_pr   inf_du lg(mu)  ||d||  lg(rg) alpha_du alpha_pr  ls
  70  8.1679904e-01 3.10e-06 7.26e-03  -5.0 2.93e-02    -  1.00e+00 1.00e+00h  1
  71  8.1670380e-01 1.57e-06 6.94e-03  -5.0 2.79e-02    -  1.00e+00 1.00e+00h  1
  72  8.1660352e-01 8.14e-07 6.62e-03  -5.0 2.65e-02    -  1.00e+00 1.00e+00h  1
  73  8.1650510e-01 7.27e-07 6.01e-03  -5.0 2.38e-02    -  1.00e+00 1.00e+00h  1
  74  8.1641506e-01 5.49e-07 4.75e-03  -5.0 1.82e-02    -  1.00e+00 1.00e+00h  1
  75  8.1634683e-01 4.41e-07 3.91e-03  -5.0 6.81e-03    -  1.00e+00 1.00e+00h  1
  76  8.1629938e-01 5.08e-07 4.50e-03  -5.0 4.45e-03    -  1.00e+00 1.00e+00h  1
  77  8.1625631e-01 5.23e-07 4.61e-03  -5.0 4.56e-03    -  1.00e+00 1.00e+00h  1
  78  8.1621384e-01 5.35e-07 4.70e-03  -5.0 4.65e-03    -  1.00e+00 1.00e+00h  1
  79  8.1617078e-01 5.46e-07 4.78e-03  -5.0 4.72e-03    -  1.00e+00 1.00e+00h  1
iter    objective    inf_pr   inf_du lg(mu)  ||d||  lg(rg) alpha_du alpha_pr  ls
  80  8.1612661e-01 8.36e-07 4.86e-03  -5.0 4.80e-03    -  1.00e+00 1.00e+00h  1
  81  8.1607639e-01 5.97e-07 5.14e-03  -5.0 5.12e-03    -  1.00e+00 1.00e+00h  1
  82  8.1602477e-01 6.07e-07 5.24e-03  -5.0 5.17e-03    -  1.00e+00 1.00e+00h  1
  83  8.1597069e-01 6.21e-07 5.32e-03  -5.0 5.25e-03    -  1.00e+00 1.00e+00h  1
  84  8.1591507e-01 6.33e-07 5.40e-03  -5.0 5.33e-03    -  1.00e+00 1.00e+00h  1
  85  8.1585771e-01 6.17e-06 5.48e-03  -5.0 5.40e-03    -  1.00e+00 1.00e+00h  1
  86  8.1579486e-01 6.74e-07 5.69e-03  -5.0 5.61e-03    -  1.00e+00 1.00e+00h  1
  87  8.1573017e-01 6.87e-07 5.77e-03  -5.0 5.69e-03    -  1.00e+00 1.00e+00h  1
  88  8.1566340e-01 6.99e-07 5.85e-03  -5.0 5.76e-03    -  1.00e+00 1.00e+00h  1
  89  8.1559445e-01 7.12e-07 5.92e-03  -5.0 5.84e-03    -  1.00e+00 1.00e+00h  1
iter    objective    inf_pr   inf_du lg(mu)  ||d||  lg(rg) alpha_du alpha_pr  ls
  90  8.1552325e-01 7.25e-07 6.00e-03  -5.0 5.91e-03    -  1.00e+00 1.00e+00h  1
  91  8.1544974e-01 7.37e-07 6.08e-03  -5.0 5.99e-03    -  1.00e+00 1.00e+00h  1
  92  8.1537382e-01 7.50e-07 6.16e-03  -5.0 6.06e-03    -  1.00e+00 1.00e+00h  1
  93  8.1529545e-01 7.63e-07 6.24e-03  -5.0 6.14e-03    -  1.00e+00 1.00e+00h  1
  94  8.1521472e-01 7.74e-07 6.30e-03  -5.0 6.20e-03    -  1.00e+00 1.00e+00h  1
  95  8.1513160e-01 7.86e-07 6.37e-03  -5.0 6.27e-03    -  1.00e+00 1.00e+00h  1
  96  8.1504604e-01 7.99e-07 6.44e-03  -5.0 6.33e-03    -  1.00e+00 1.00e+00h  1
  97  8.1495803e-01 8.11e-07 6.50e-03  -5.0 6.39e-03    -  1.00e+00 1.00e+00h  1
  98  8.1486757e-01 8.21e-07 6.55e-03  -5.0 6.44e-03    -  1.00e+00 1.00e+00h  1
  99  8.1477476e-01 8.28e-07 6.59e-03  -5.0 6.48e-03    -  1.00e+00 1.00e+00h  1
iter    objective    inf_pr   inf_du lg(mu)  ||d||  lg(rg) alpha_du alpha_pr  ls
 100  8.1467984e-01 8.32e-07 6.60e-03  -5.0 6.49e-03    -  1.00e+00 1.00e+00h  1
 101  8.1458339e-01 8.27e-07 6.55e-03  -5.0 6.44e-03    -  1.00e+00 1.00e+00h  1
 102  8.1448722e-01 7.97e-07 6.33e-03  -5.0 6.22e-03    -  1.00e+00 1.00e+00h  1
 103  8.1440795e-01 6.53e-07 5.23e-03  -5.0 5.14e-03    -  1.00e+00 9.08e-01h  1
 104  8.1439809e-01 2.86e-07 2.81e-03  -5.0 3.95e-03    -  1.00e+00 1.00e+00f  1
 105  8.1438465e-01 1.51e-07 1.34e-03  -5.0 1.31e-03    -  1.00e+00 1.00e+00h  1
 106  8.1437220e-01 8.64e-08 7.80e-04  -5.0 7.63e-04    -  1.00e+00 1.00e+00h  1
 107  8.1436803e-01 1.35e-08 3.74e-04  -5.0 3.75e-04    -  1.00e+00 1.00e+00h  1
 108  8.1436658e-01 7.50e-09 3.38e-04  -5.0 3.38e-04    -  1.00e+00 1.00e+00h  1
 109  8.1420009e-01 2.53e-06 1.09e-01  -5.0 5.77e-01    -  1.00e+00 7.64e-01H  1
iter    objective    inf_pr   inf_du lg(mu)  ||d||  lg(rg) alpha_du alpha_pr  ls
 110  8.1423626e-01 1.17e-07 2.04e-03  -5.0 3.25e-01    -  1.00e+00 1.00e+00h  1
 111  8.1419866e-01 3.16e-07 6.42e-04  -5.0 1.86e-01    -  1.00e+00 1.00e+00h  1
 112  8.1419356e-01 7.19e-08 2.27e-04  -5.0 6.02e-02    -  1.00e+00 1.00e+00h  1
 113  8.1419330e-01 1.18e-08 2.80e-04  -5.0 4.53e-03    -  1.00e+00 1.00e+00h  1
 114  8.1419347e-01 3.38e-09 2.94e-04  -5.0 1.43e-04    -  1.00e+00 1.00e+00h  1
 115  8.1419357e-01 1.72e-09 3.50e-05  -5.0 8.17e-05    -  1.00e+00 1.00e+00h  1

Number of Iterations....: 115

                                   (scaled)                 (unscaled)
Objective...............:   8.1419357188955410e-01    8.1419357188955410e-01
Dual infeasibility......:   3.4980032986361940e-05    3.4980032986361940e-05
Constraint violation....:   1.7194218176832889e-09    1.7194218176832889e-09
Complementarity.........:   1.0000000000000030e-05    1.0000000000000030e-05
Overall NLP error.......:   3.4980032986361940e-05    3.4980032986361940e-05


Number of objective function evaluations             = 130
Number of objective gradient evaluations             = 116
Number of equality constraint evaluations            = 130
Number of inequality constraint evaluations          = 130
Number of equality constraint Jacobian evaluations   = 116
Number of inequality constraint Jacobian evaluations = 116
Number of Lagrangian Hessian evaluations             = 0
Total CPU secs in IPOPT (w/o function evaluations)   =      0.907
Total CPU secs in NLP function evaluations           =     56.271

EXIT: Optimal Solution Found.
