
List of user-set options:

                                    Name   Value                used
              acceptable_constr_viol_tol = 0.001                 yes
                          acceptable_tol = 0.01                  yes
                             alpha_for_y = safer-min-dual-infeas  yes
                         constr_viol_tol = 0.001                 yes
                        file_print_level = 5                     yes
                   hessian_approximation = limited-memory        yes
                           linear_solver = mumps                 yes
                                max_iter = 66                    yes
                                 mu_init = 1e-05                 yes
                             mu_strategy = monotone              yes
                      nlp_scaling_method = gradient-based        yes
                             output_file = /home/kaleb/projects/learning/AAD-design/sardines/SARDINE_optimization27_out/IPOPT.out  yes
                             print_level = 5                     yes
                      print_user_options = yes                   yes
                                      sb = yes                   yes
                                     tol = 0.001                 yes
This is Ipopt version 3.11.9, running with linear solver mumps.
NOTE: Other linear solvers might be more efficient (see Ipopt documentation).

Number of nonzeros in equality constraint Jacobian...:     4707
Number of nonzeros in inequality constraint Jacobian.:     1910
Number of nonzeros in Lagrangian Hessian.............:        0

Total number of variables............................:      126
                     variables with only lower bounds:        2
                variables with lower and upper bounds:      124
                     variables with only upper bounds:        0
Total number of equality constraints.................:      120
Total number of inequality constraints...............:       82
        inequality constraints with only lower bounds:       20
   inequality constraints with lower and upper bounds:       42
        inequality constraints with only upper bounds:       20

iter    objective    inf_pr   inf_du lg(mu)  ||d||  lg(rg) alpha_du alpha_pr  ls
   0  5.3995626e-06 1.96e+01 1.00e+00  -5.0 0.00e+00    -  0.00e+00 0.00e+00   0
   1  1.2217859e-05 1.82e+01 9.78e-01  -5.0 5.13e+00    -  5.31e-02 7.08e-02h  1
   2  1.4650989e-05 1.80e+01 1.46e+00  -5.0 3.18e+00    -  5.00e-02 1.05e-02h  1
   3  2.1782942e-05 1.78e+01 9.69e-01  -5.0 1.35e+01    -  2.65e-02 1.26e-02h  1
   4  2.9532376e-05 1.77e+01 1.17e+00  -5.0 7.49e+01    -  2.40e-03 3.50e-03h  2
   5  5.6380958e-05 1.75e+01 1.79e+00  -5.0 6.03e+01    -  6.36e-08 1.18e-02f  1
   6  6.0728501e-04 1.32e+01 8.15e+00  -5.0 2.31e+01    -  3.43e-03 2.44e-01h  1
   7  1.0685101e-03 9.61e+00 8.41e+00  -5.0 3.13e+00    -  1.78e-01 2.73e-01h  1
   8  1.3756267e-03 7.21e+00 8.73e+00  -5.0 2.28e+00    -  4.07e-01 2.50e-01h  2
   9  1.4048523e-03 6.98e+00 4.11e+00  -5.0 1.69e+00    -  5.93e-01 3.20e-02h  4
iter    objective    inf_pr   inf_du lg(mu)  ||d||  lg(rg) alpha_du alpha_pr  ls
  10  1.6918858e-03 4.64e+00 5.74e+00  -5.0 1.59e+00    -  3.83e-01 3.35e-01h  1
  11  1.9007260e-03 2.78e+00 4.45e+00  -5.0 3.61e+00    -  3.66e-01 4.01e-01h  1
  12  2.1536773e-03 4.47e-01 2.27e+00  -5.0 2.06e+00    -  5.92e-01 8.39e-01h  1
  13  2.2043126e-03 2.49e-05 7.17e-01  -5.0 5.07e-01    -  7.14e-01 1.00e+00h  1
  14  2.2019142e-03 1.55e-05 3.80e-01  -5.0 4.31e-01    -  5.00e-01 1.00e+00h  1
  15  2.2020142e-03 4.06e-08 4.57e-04  -5.0 3.10e-03    -  9.99e-01 1.00e+00h  1
  16  2.2784590e-03 9.35e-04 3.71e-04  -5.0 3.88e+01    -  2.05e-02 1.37e-01f  2
  17  2.2769378e-03 2.00e-05 2.86e-03  -5.0 7.69e-01    -  2.82e-01 1.00e+00h  1
  18  2.3007704e-03 9.56e-05 6.45e-04  -5.0 5.65e+00    -  7.51e-01 6.76e-02h  4
  19  2.2837542e-03 2.52e-04 2.50e-04  -5.0 1.78e+01    -  9.61e-01 1.00e+00h  1
iter    objective    inf_pr   inf_du lg(mu)  ||d||  lg(rg) alpha_du alpha_pr  ls
  20  2.2574965e-03 3.94e-04 1.88e-03  -5.0 9.38e+00    -  1.00e+00 1.00e+00h  1
  21  2.2711510e-03 5.49e-05 4.42e-04  -5.0 3.82e-01    -  9.50e-01 1.00e+00h  1

Number of Iterations....: 21

                                   (scaled)                 (unscaled)
Objective...............:   2.2711509650814709e-03    2.2711509650814709e-03
Dual infeasibility......:   4.4206418721466102e-04    4.4206418721466102e-04
Constraint violation....:   5.4919293059333535e-05    5.4919293059333535e-05
Complementarity.........:   1.0136947264120687e-05    1.0136947264120687e-05
Overall NLP error.......:   4.4206418721466102e-04    4.4206418721466102e-04


Number of objective function evaluations             = 37
Number of objective gradient evaluations             = 22
Number of equality constraint evaluations            = 37
Number of inequality constraint evaluations          = 37
Number of equality constraint Jacobian evaluations   = 22
Number of inequality constraint Jacobian evaluations = 22
Number of Lagrangian Hessian evaluations             = 0
Total CPU secs in IPOPT (w/o function evaluations)   =      0.520
Total CPU secs in NLP function evaluations           =      9.810

EXIT: Optimal Solution Found.
