
List of user-set options:

                                    Name   Value                used
              acceptable_constr_viol_tol = 0.001                 yes
                          acceptable_tol = 0.01                  yes
                             alpha_for_y = safer-min-dual-infeas  yes
                         constr_viol_tol = 0.001                 yes
                        file_print_level = 5                     yes
                   hessian_approximation = limited-memory        yes
                           linear_solver = mumps                 yes
                                max_iter = 66                    yes
                                 mu_init = 1e-05                 yes
                             mu_strategy = monotone              yes
                      nlp_scaling_method = gradient-based        yes
                             output_file = /home/kaleb/projects/learning/AAD-design/sardines/SARDINE_optimization24_out/IPOPT.out  yes
                             print_level = 5                     yes
                      print_user_options = yes                   yes
                                      sb = yes                   yes
                                     tol = 0.001                 yes
This is Ipopt version 3.11.9, running with linear solver mumps.
NOTE: Other linear solvers might be more efficient (see Ipopt documentation).

Number of nonzeros in equality constraint Jacobian...:     8831
Number of nonzeros in inequality constraint Jacobian.:     2080
Number of nonzeros in Lagrangian Hessian.............:        0

Total number of variables............................:      180
                     variables with only lower bounds:        2
                variables with lower and upper bounds:      178
                     variables with only upper bounds:        0
Total number of equality constraints.................:      174
Total number of inequality constraints...............:       84
        inequality constraints with only lower bounds:       20
   inequality constraints with lower and upper bounds:       44
        inequality constraints with only upper bounds:       20

iter    objective    inf_pr   inf_du lg(mu)  ||d||  lg(rg) alpha_du alpha_pr  ls
   0  5.3995626e-06 1.96e+01 1.00e+00  -5.0 0.00e+00    -  0.00e+00 0.00e+00   0
   1  1.4201527e-05 1.91e+01 9.94e-01  -5.0 6.08e+00    -  1.53e-02 2.54e-02h  1
   2  1.6093096e-05 1.90e+01 1.34e+00  -5.0 4.95e+00    -  2.42e-02 3.32e-03h  1
   3  6.3648710e-05 1.75e+01 1.30e+00  -5.0 4.02e+00    -  2.62e-02 8.04e-02h  1
   4  6.8616486e-05 1.73e+01 9.35e-01  -5.0 2.93e+00    -  3.81e-02 8.68e-03h  1
   5  7.4565201e-05 1.72e+01 9.32e-01  -5.0 1.25e+01    -  2.86e-03 6.57e-03h  1
   6  8.0187074e-05 1.71e+01 9.53e-01  -5.0 9.84e+00    -  1.30e-03 7.01e-03h  1
   7  8.1976952e-05 1.71e+01 1.04e+00  -5.0 5.04e+01    -  6.69e-04 1.66e-03h  1
   8  9.1690924e-05 1.70e+01 1.04e+00  -5.0 3.42e+01    -  8.54e-04 4.01e-03h  1
   9  1.0651151e-04 1.69e+01 1.08e+00  -5.0 1.29e+01    -  4.33e-03 5.57e-03h  1
iter    objective    inf_pr   inf_du lg(mu)  ||d||  lg(rg) alpha_du alpha_pr  ls
  10  1.8445322e-04 1.64e+01 4.02e+00  -5.0 1.09e+01    -  9.53e-03 2.90e-02h  1
  11  3.3542146e-04 1.55e+01 1.03e+01  -5.0 7.50e+00    -  3.30e-02 5.63e-02h  1
  12  3.3610486e-04 1.55e+01 1.03e+01  -5.0 4.77e+01    -  2.97e-07 3.93e-04h  1
  13  3.6867438e-04 1.52e+01 1.11e+01  -5.0 3.77e+01    -  8.57e-04 1.75e-02h  1
  14  4.3119152e-04 1.48e+01 1.18e+01  -5.0 4.61e+00    -  1.34e-02 2.80e-02h  1
  15  2.6289879e-03 1.52e-04 1.51e+01  -5.0 4.07e+00    -  4.08e-02 1.00e+00h  1
  16  2.6264926e-03 5.41e-07 4.02e-01  -5.0 6.82e-03    -  9.72e-01 1.00e+00h  1
  17  2.6264780e-03 4.98e-08 1.32e-04  -5.0 6.73e-04    -  1.00e+00 1.00e+00h  1
  18  2.6268420e-03 7.52e-05 1.47e-01  -5.0 1.19e+01    -  3.88e-01 3.29e-02f  1
  19  2.6270944e-03 6.70e-06 4.79e-03  -5.0 3.73e-01    -  1.00e+00 1.00e+00f  1
iter    objective    inf_pr   inf_du lg(mu)  ||d||  lg(rg) alpha_du alpha_pr  ls
  20  2.6270439e-03 2.20e-06 3.68e-03  -5.0 9.93e-02    -  1.00e+00 1.00e+00h  1
  21  2.6269780e-03 2.05e-06 1.50e-03  -5.0 8.33e-02    -  1.00e+00 1.00e+00h  1
  22  2.6269349e-03 1.74e-06 1.29e-03  -5.0 8.22e-02    -  1.00e+00 1.00e+00h  1
  23  2.6269067e-03 1.38e-06 1.10e-03  -5.0 8.53e-02    -  1.00e+00 1.00e+00h  1
  24  2.6268919e-03 1.08e-06 1.02e-03  -5.0 8.87e-02    -  1.00e+00 1.00e+00h  1
  25  2.6268875e-03 8.48e-07 9.42e-04  -5.0 9.13e-02    -  1.00e+00 1.00e+00h  1

Number of Iterations....: 25

                                   (scaled)                 (unscaled)
Objective...............:   2.6268875391310437e-03    2.6268875391310437e-03
Dual infeasibility......:   9.4241395632152264e-04    9.4241395632152264e-04
Constraint violation....:   8.4788040347658565e-07    8.4788040347658565e-07
Complementarity.........:   1.0000000000000004e-05    1.0000000000000004e-05
Overall NLP error.......:   9.4241395632152264e-04    9.4241395632152264e-04


Number of objective function evaluations             = 26
Number of objective gradient evaluations             = 26
Number of equality constraint evaluations            = 26
Number of inequality constraint evaluations          = 26
Number of equality constraint Jacobian evaluations   = 26
Number of inequality constraint Jacobian evaluations = 26
Number of Lagrangian Hessian evaluations             = 0
Total CPU secs in IPOPT (w/o function evaluations)   =      0.758
Total CPU secs in NLP function evaluations           =     10.696

EXIT: Optimal Solution Found.
