
List of user-set options:

                                    Name   Value                used
              acceptable_constr_viol_tol = 0.001                 yes
                          acceptable_tol = 0.01                  yes
                             alpha_for_y = safer-min-dual-infeas  yes
                         constr_viol_tol = 0.001                 yes
                        file_print_level = 5                     yes
                   hessian_approximation = limited-memory        yes
                           linear_solver = mumps                 yes
                                max_iter = 66                    yes
                                 mu_init = 1e-05                 yes
                             mu_strategy = monotone              yes
                      nlp_scaling_method = gradient-based        yes
                             output_file = /home/kaleb/projects/learning/AAD-design/sardines/SARDINE_optimization17_out/IPOPT.out  yes
                             print_level = 5                     yes
                      print_user_options = yes                   yes
                                      sb = yes                   yes
                                     tol = 0.001                 yes
This is Ipopt version 3.11.9, running with linear solver mumps.
NOTE: Other linear solvers might be more efficient (see Ipopt documentation).

Number of nonzeros in equality constraint Jacobian...:     8831
Number of nonzeros in inequality constraint Jacobian.:     2080
Number of nonzeros in Lagrangian Hessian.............:        0

Total number of variables............................:      180
                     variables with only lower bounds:        2
                variables with lower and upper bounds:      178
                     variables with only upper bounds:        0
Total number of equality constraints.................:      174
Total number of inequality constraints...............:       84
        inequality constraints with only lower bounds:       20
   inequality constraints with lower and upper bounds:       44
        inequality constraints with only upper bounds:       20

iter    objective    inf_pr   inf_du lg(mu)  ||d||  lg(rg) alpha_du alpha_pr  ls
   0  5.3995626e-06 1.96e+01 1.00e+00  -5.0 0.00e+00    -  0.00e+00 0.00e+00   0
   1  1.4037194e-05 1.91e+01 9.95e-01  -5.0 4.95e+00    -  1.46e-02 2.36e-02h  1
   2  1.5768359e-05 1.90e+01 1.28e+00  -5.0 4.16e+00    -  2.30e-02 2.90e-03h  1
   3  6.5472338e-05 1.75e+01 1.25e+00  -5.0 3.51e+00    -  2.48e-02 8.14e-02h  1
   4  6.9066035e-05 1.74e+01 9.40e-01  -5.0 3.68e+00    -  2.83e-02 5.80e-03h  1
   5  7.4231406e-05 1.73e+01 1.08e+00  -5.0 1.15e+01    -  1.44e-03 6.50e-03h  1
   6  7.6340942e-05 1.73e+01 1.08e+00  -5.0 4.43e+01    -  2.01e-04 1.41e-03h  1
   7  8.3080361e-05 1.72e+01 1.09e+00  -5.0 2.83e+01    -  7.65e-04 2.63e-03h  1
   8  1.1227124e-04 1.70e+01 1.11e+00  -5.0 7.19e+00    -  3.09e-03 1.05e-02h  1
   9  2.9268164e-04 1.59e+01 4.26e+00  -5.0 5.62e+00    -  1.32e-02 6.47e-02h  1
iter    objective    inf_pr   inf_du lg(mu)  ||d||  lg(rg) alpha_du alpha_pr  ls
  10  2.9271806e-04 1.59e+01 4.82e+00  -5.0 1.27e+02    -  1.35e-04 3.90e-05h  1
  11  3.0609663e-04 1.58e+01 4.94e+00  -5.0 2.82e+01    -  5.94e-08 6.36e-03f  1
  12  4.6494966e-04 1.48e+01 5.45e+00  -5.0 4.38e+00    -  5.50e-03 6.75e-02h  1
  13  1.6162793e-03 7.10e+00 6.33e+00  -5.0 4.11e+00    -  7.21e-02 5.19e-01h  1
  14  2.6802129e-03 5.92e-05 1.20e+01  -5.0 1.97e+00    -  4.94e-01 1.00e+00h  1
  15  2.6709541e-03 7.49e-04 2.03e+00  -5.0 3.64e-01    -  7.82e-01 1.00e+00f  1
  16  2.6748726e-03 7.07e-07 4.73e-02  -5.0 2.65e-02    -  9.77e-01 1.00e+00h  1
  17  2.6748953e-03 5.04e-08 1.39e-04  -5.0 9.36e-03    -  1.00e+00 1.00e+00h  1
  18  2.6747355e-03 1.91e-05 1.55e-02  -5.0 4.62e-01    -  1.00e+00 1.00e+00h  1
  19  2.6748009e-03 1.60e-06 1.90e-03  -5.0 9.23e-02    -  1.00e+00 1.00e+00h  1
iter    objective    inf_pr   inf_du lg(mu)  ||d||  lg(rg) alpha_du alpha_pr  ls
  20  2.6748357e-03 1.55e-06 1.46e-03  -5.0 7.62e-02    -  1.00e+00 1.00e+00h  1
  21  2.6748723e-03 1.31e-06 1.16e-03  -5.0 7.67e-02    -  1.00e+00 1.00e+00h  1
  22  2.6749121e-03 1.08e-06 9.50e-04  -5.0 7.77e-02    -  1.00e+00 1.00e+00h  1

Number of Iterations....: 22

                                   (scaled)                 (unscaled)
Objective...............:   2.6749121143357485e-03    2.6749121143357485e-03
Dual infeasibility......:   9.4956442872261401e-04    9.4956442872261401e-04
Constraint violation....:   1.0815041557261339e-06    1.0815041557261339e-06
Complementarity.........:   1.0000000000000004e-05    1.0000000000000004e-05
Overall NLP error.......:   9.4956442872261401e-04    9.4956442872261401e-04


Number of objective function evaluations             = 23
Number of objective gradient evaluations             = 23
Number of equality constraint evaluations            = 23
Number of inequality constraint evaluations          = 23
Number of equality constraint Jacobian evaluations   = 23
Number of inequality constraint Jacobian evaluations = 23
Number of Lagrangian Hessian evaluations             = 0
Total CPU secs in IPOPT (w/o function evaluations)   =      0.776
Total CPU secs in NLP function evaluations           =      9.355

EXIT: Optimal Solution Found.
