
List of user-set options:

                                    Name   Value                used
              acceptable_constr_viol_tol = 0.001                 yes
                          acceptable_tol = 0.01                  yes
                             alpha_for_y = safer-min-dual-infeas  yes
                         constr_viol_tol = 0.001                 yes
                        file_print_level = 5                     yes
                   hessian_approximation = limited-memory        yes
                           linear_solver = mumps                 yes
                                max_iter = 66                    yes
                                 mu_init = 1e-05                 yes
                             mu_strategy = monotone              yes
                      nlp_scaling_method = gradient-based        yes
                             output_file = /home/kaleb/projects/learning/AAD-design/sardines/SARDINE_optimization12_out/IPOPT.out  yes
                             print_level = 5                     yes
                      print_user_options = yes                   yes
                                      sb = yes                   yes
                                     tol = 0.001                 yes
This is Ipopt version 3.11.9, running with linear solver mumps.
NOTE: Other linear solvers might be more efficient (see Ipopt documentation).

Number of nonzeros in equality constraint Jacobian...:     4707
Number of nonzeros in inequality constraint Jacobian.:     1910
Number of nonzeros in Lagrangian Hessian.............:        0

Total number of variables............................:      126
                     variables with only lower bounds:        2
                variables with lower and upper bounds:      124
                     variables with only upper bounds:        0
Total number of equality constraints.................:      120
Total number of inequality constraints...............:       82
        inequality constraints with only lower bounds:       20
   inequality constraints with lower and upper bounds:       42
        inequality constraints with only upper bounds:       20

iter    objective    inf_pr   inf_du lg(mu)  ||d||  lg(rg) alpha_du alpha_pr  ls
   0  5.3995626e-06 1.96e+01 1.00e+00  -5.0 0.00e+00    -  0.00e+00 0.00e+00   0
   1  1.2002293e-05 1.83e+01 9.71e-01  -5.0 5.85e+00    -  4.79e-02 6.45e-02h  1
   2  1.4433714e-05 1.81e+01 1.71e+00  -5.0 3.69e+00    -  4.48e-02 9.52e-03h  1
   3  2.0052588e-05 1.80e+01 1.40e+00  -5.0 4.50e+01    -  1.25e-02 4.92e-03h  1
   4  2.9558937e-05 1.80e+01 1.41e+00  -5.0 9.84e+01    -  5.92e-08 3.98e-03f  2
   5  5.9910846e-05 1.77e+01 2.50e+00  -5.0 6.47e+01    -  7.85e-04 1.24e-02h  1
   6  1.0884816e-03 1.05e+01 9.52e+00  -5.0 1.71e+01    -  5.83e-03 4.10e-01h  1
   7  1.2534182e-03 9.30e+00 8.03e+00  -5.0 2.75e+00    -  3.56e-01 1.11e-01h  3
   8  2.2614610e-03 2.15e+00 2.09e+01  -5.0 2.43e+00    -  4.40e-01 7.69e-01h  1
   9  2.2855081e-03 1.93e+00 1.27e+01  -5.0 3.03e+00    -  4.29e-01 1.02e-01h  1
iter    objective    inf_pr   inf_du lg(mu)  ||d||  lg(rg) alpha_du alpha_pr  ls
  10  2.4661815e-03 7.61e-04 9.84e+00  -5.0 3.59e+00    -  1.55e-01 1.00e+00h  1
  11  2.4635977e-03 1.04e-06 1.07e+00  -5.0 8.62e-02    -  8.91e-01 1.00e+00h  1
  12  2.4636003e-03 5.75e-08 2.88e-04  -5.0 6.33e-04    -  1.00e+00 1.00e+00h  1
  13  2.4597626e-03 1.55e-03 2.03e-02  -5.0 5.59e-01    -  1.00e+00 9.35e-01f  1
  14  2.4626372e-03 5.74e-05 2.22e-04  -5.0 6.69e+00    -  1.00e+00 1.00e+00f  1

Number of Iterations....: 14

                                   (scaled)                 (unscaled)
Objective...............:   2.4626372289061477e-03    2.4626372289061477e-03
Dual infeasibility......:   2.2218769481302460e-04    2.2218769481302460e-04
Constraint violation....:   5.7358502268647384e-05    5.7358502268647384e-05
Complementarity.........:   1.0223642676621795e-05    1.0223642676621795e-05
Overall NLP error.......:   2.2218769481302460e-04    2.2218769481302460e-04


Number of objective function evaluations             = 19
Number of objective gradient evaluations             = 15
Number of equality constraint evaluations            = 19
Number of inequality constraint evaluations          = 19
Number of equality constraint Jacobian evaluations   = 15
Number of inequality constraint Jacobian evaluations = 15
Number of Lagrangian Hessian evaluations             = 0
Total CPU secs in IPOPT (w/o function evaluations)   =      0.552
Total CPU secs in NLP function evaluations           =      6.154

EXIT: Optimal Solution Found.
