
List of user-set options:

                                    Name   Value                used
              acceptable_constr_viol_tol = 0.0001                yes
                          acceptable_tol = 0.001                 yes
                             alpha_for_y = safer-min-dual-infeas  yes
                         constr_viol_tol = 0.0001                yes
                        file_print_level = 5                     yes
                   hessian_approximation = limited-memory        yes
                           linear_solver = mumps                 yes
                                max_iter = 200                   yes
                                 mu_init = 1e-05                 yes
                             mu_strategy = monotone              yes
                      nlp_scaling_method = gradient-based        yes
                             output_file = /home/kaleb/projects/learning/AAD-design/sardines/SARDINE_optimization20_out/IPOPT.out  yes
                             print_level = 5                     yes
                      print_user_options = yes                   yes
                                      sb = yes                   yes
                                     tol = 0.0001                yes
This is Ipopt version 3.11.9, running with linear solver mumps.
NOTE: Other linear solvers might be more efficient (see Ipopt documentation).

Number of nonzeros in equality constraint Jacobian...:    11716
Number of nonzeros in inequality constraint Jacobian.:     4156
Number of nonzeros in Lagrangian Hessian.............:        0

Total number of variables............................:      213
                     variables with only lower bounds:        2
                variables with lower and upper bounds:      211
                     variables with only upper bounds:        0
Total number of equality constraints.................:      200
Total number of inequality constraints...............:      124
        inequality constraints with only lower bounds:       20
   inequality constraints with lower and upper bounds:       64
        inequality constraints with only upper bounds:       40

iter    objective    inf_pr   inf_du lg(mu)  ||d||  lg(rg) alpha_du alpha_pr  ls
   0  1.5427322e-03 1.08e+01 1.00e+00  -5.0 0.00e+00    -  0.00e+00 0.00e+00   0
   1  2.1713117e-03 1.05e+01 1.55e+00  -5.0 3.89e+00    -  3.69e-03 2.55e-02h  1
   2  2.2190392e-03 1.05e+01 1.56e+00  -5.0 4.13e+00    -  2.47e-02 7.12e-04h  1
   3  2.0709786e-02 9.33e+00 8.72e+00  -5.0 3.09e+00    -  1.32e-02 1.11e-01h  1
   4  2.7279454e-02 8.99e+00 9.76e+00  -5.0 2.61e+00    -  1.04e-01 3.66e-02h  1
   5  3.2671215e-02 8.84e+00 9.77e+00  -5.0 8.56e+00    -  2.97e-02 1.69e-02h  1
   6  4.7600807e-02 8.55e+00 1.04e+01  -5.0 1.56e+01    -  2.79e-02 3.28e-02h  1
   7  5.1351739e-02 8.47e+00 1.06e+01  -5.0 1.49e+01    -  2.32e-02 8.64e-03h  1
   8  5.6058268e-02 8.38e+00 9.31e+00  -5.0 1.35e+01    -  3.23e-02 1.15e-02h  1
   9  5.9445513e-02 8.33e+00 8.26e+00  -5.0 7.47e+00    -  5.15e-08 5.46e-03h  1
iter    objective    inf_pr   inf_du lg(mu)  ||d||  lg(rg) alpha_du alpha_pr  ls
  10  1.5273579e-01 7.30e+00 1.51e+01  -5.0 4.91e+00    -  1.40e-03 1.23e-01h  1
  11  2.1124301e-01 6.67e+00 1.46e+01  -5.0 4.40e+00    -  2.93e-02 8.61e-02h  1
  12  4.7829970e-01 3.81e+00 1.90e+01  -5.0 4.03e+00    -  8.88e-02 4.29e-01h  1
  13  6.1784302e-01 2.27e+00 1.18e+01  -5.0 2.24e+00    -  2.49e-01 4.05e-01h  1
  14  6.3006576e-01 1.88e+00 1.22e+01  -5.0 2.93e+00    -  9.39e-04 1.69e-01h  1
  15  6.3091281e-01 1.87e+00 1.23e+01  -5.0 7.63e-01    -  9.16e-03 7.20e-03h  1
  16  6.4246926e-01 1.59e+00 1.42e+01  -5.0 1.56e+00    -  6.32e-02 1.50e-01h  1
  17  6.4981193e-01 1.40e+00 1.15e+01  -5.0 1.24e+00    -  1.06e-01 1.17e-01h  1
  18  6.6098748e-01 1.24e+00 1.27e+01  -5.0 9.23e-01    -  2.15e-02 1.19e-01h  1
  19  7.0803623e-01 6.52e-01 1.06e+01  -5.0 6.45e-01    -  2.14e-01 4.73e-01h  1
iter    objective    inf_pr   inf_du lg(mu)  ||d||  lg(rg) alpha_du alpha_pr  ls
  20  7.2577769e-01 4.33e-01 8.72e+00  -5.0 3.42e-01    -  1.85e-01 3.36e-01h  1
  21  7.6096732e-01 2.78e-04 5.25e+00  -5.0 2.28e-01    -  3.99e-01 1.00e+00h  1
  22  7.6048607e-01 1.32e-06 3.34e+00  -5.0 1.19e-02    -  3.68e-01 1.00e+00h  1
  23  7.6048073e-01 7.68e-08 1.25e-01  -5.0 8.86e-04    -  9.63e-01 1.00e+00h  1
  24  7.5957188e-01 3.76e-06 9.87e-02  -5.0 9.12e-02    -  1.96e-01 1.00e+00h  1
  25  7.5229644e-01 1.14e-03 8.74e-02  -5.0 9.96e-01    -  1.72e-01 1.00e+00H  1
  26  7.4786767e-01 1.86e-04 7.43e-02  -5.0 1.54e+00    -  3.72e-01 6.33e-01h  1
  27  7.4744351e-01 1.31e-04 7.07e-02  -5.0 2.84e-01    -  8.75e-02 3.18e-01h  1
  28  7.4686252e-01 4.86e-06 7.08e-02  -5.0 1.79e-01    -  1.48e-01 1.00e+00f  1
  29  7.4651247e-01 9.88e-06 6.03e-02  -5.0 2.05e+00    -  1.51e-01 5.46e-02h  1
iter    objective    inf_pr   inf_du lg(mu)  ||d||  lg(rg) alpha_du alpha_pr  ls
  30  7.4624985e-01 3.33e-06 3.82e-02  -5.0 2.14e-01    -  4.11e-01 1.00e+00f  1
  31  7.4577312e-01 6.08e-06 3.04e-02  -5.0 7.90e-01    -  2.17e-01 2.23e-01h  1
  32  7.4589719e-01 5.86e-06 5.58e-03  -5.0 1.21e-01    -  6.45e-01 1.00e+00h  1
  33  7.4529226e-01 3.53e-05 2.91e-03  -5.0 1.57e-01    -  4.14e-01 9.88e-01h  1
  34  7.4530666e-01 7.26e-04 1.23e-02  -5.0 9.01e+00    -  1.58e-02 9.83e-04h  5
  35  7.4513884e-01 3.40e-03 5.31e-03  -5.0 4.24e-01    -  8.32e-01 4.66e-01h  1
  36  7.4526933e-01 1.05e-06 1.31e-03  -5.0 3.74e-01    -  8.17e-01 1.00e+00f  1
  37  7.4519580e-01 7.39e-07 1.65e-04  -5.0 2.02e-01    -  1.00e+00 1.00e+00h  1

Number of Iterations....: 37

                                   (scaled)                 (unscaled)
Objective...............:   7.4519580084523429e-01    7.4519580084523429e-01
Dual infeasibility......:   1.6488765674161753e-04    1.6488765674161753e-04
Constraint violation....:   7.3886163037694668e-07    7.3886163037694668e-07
Complementarity.........:   2.6618491592985989e-05    2.6618491592985989e-05
Overall NLP error.......:   2.6618491592985989e-05    1.6488765674161753e-04


Number of objective function evaluations             = 46
Number of objective gradient evaluations             = 38
Number of equality constraint evaluations            = 46
Number of inequality constraint evaluations          = 46
Number of equality constraint Jacobian evaluations   = 38
Number of inequality constraint Jacobian evaluations = 38
Number of Lagrangian Hessian evaluations             = 0
Total CPU secs in IPOPT (w/o function evaluations)   =      0.718
Total CPU secs in NLP function evaluations           =     26.062

EXIT: Optimal Solution Found.
