
List of user-set options:

                                    Name   Value                used
              acceptable_constr_viol_tol = 0.0001                yes
                          acceptable_tol = 0.001                 yes
                             alpha_for_y = safer-min-dual-infeas  yes
                         constr_viol_tol = 0.0001                yes
                        file_print_level = 5                     yes
                   hessian_approximation = limited-memory        yes
                           linear_solver = mumps                 yes
                                max_iter = 200                   yes
                                 mu_init = 1e-05                 yes
                             mu_strategy = monotone              yes
                      nlp_scaling_method = gradient-based        yes
                             output_file = /home/kaleb/projects/learning/AAD-design/sardines/SARDINE_optimization18_out/IPOPT.out  yes
                             print_level = 5                     yes
                      print_user_options = yes                   yes
                                      sb = yes                   yes
                                     tol = 0.0001                yes
This is Ipopt version 3.11.9, running with linear solver mumps.
NOTE: Other linear solvers might be more efficient (see Ipopt documentation).

Number of nonzeros in equality constraint Jacobian...:    11716
Number of nonzeros in inequality constraint Jacobian.:     4156
Number of nonzeros in Lagrangian Hessian.............:        0

Total number of variables............................:      213
                     variables with only lower bounds:        2
                variables with lower and upper bounds:      211
                     variables with only upper bounds:        0
Total number of equality constraints.................:      200
Total number of inequality constraints...............:      124
        inequality constraints with only lower bounds:       20
   inequality constraints with lower and upper bounds:       64
        inequality constraints with only upper bounds:       40

iter    objective    inf_pr   inf_du lg(mu)  ||d||  lg(rg) alpha_du alpha_pr  ls
   0  1.5427322e-03 1.08e+01 1.00e+00  -5.0 0.00e+00    -  0.00e+00 0.00e+00   0
   1  3.4740388e-03 1.04e+01 3.04e+00  -5.0 6.41e+00    -  2.46e-03 3.53e-02h  1
   2  3.5490911e-03 1.04e+01 3.04e+00  -5.0 4.31e+00    -  2.22e-02 6.89e-04h  1
   3  1.1104091e-02 1.00e+01 5.73e+00  -5.0 4.25e+00    -  1.72e-02 3.73e-02h  1
   4  1.6201095e-02 9.88e+00 6.37e+00  -5.0 1.23e+01    -  2.74e-02 1.27e-02h  1
   5  2.4342227e-02 9.69e+00 6.93e+00  -5.0 1.42e+01    -  3.79e-02 1.87e-02h  1
   6  3.4683487e-02 9.45e+00 1.19e+01  -5.0 1.34e+01    -  2.59e-02 2.48e-02h  1
   7  3.5213086e-02 9.42e+00 2.05e+01  -5.0 4.95e+01    -  4.04e-03 3.46e-03h  1
   8  3.5257149e-02 9.42e+00 1.66e+01  -5.0 4.50e+01    -  1.95e-03 2.88e-04h  1
   9  3.5257583e-02 9.42e+00 1.66e+01  -5.0 4.97e+01    -  2.00e-07 2.90e-06h  2
iter    objective    inf_pr   inf_du lg(mu)  ||d||  lg(rg) alpha_du alpha_pr  ls
  10  3.5341019e-02 9.41e+00 1.75e+01  -5.0 4.97e+01    -  2.35e-05 5.59e-04h  1
  11  3.5996230e-02 9.37e+00 2.33e+01  -5.0 4.92e+01    -  7.18e-05 4.46e-03h  2
  12  3.6023747e-02 9.37e+00 2.33e+01  -5.0 3.98e+01    -  6.82e-05 1.92e-04h  1
  13  3.6295022e-02 9.35e+00 2.48e+01  -5.0 4.11e+01    -  9.17e-05 1.99e-03h  1
  14  3.8033654e-02 9.23e+00 3.05e+01  -5.0 3.74e+01    -  1.20e-04 1.33e-02h  1
  15  3.8052169e-02 9.22e+00 3.07e+01  -5.0 1.67e+01    -  1.01e-03 1.50e-04h  1
  16  3.8310812e-02 9.20e+00 3.10e+01  -5.0 1.68e+01    -  3.43e-05 2.15e-03h  1
  17  3.9142677e-02 9.14e+00 3.13e+01  -5.0 1.96e+01    -  1.44e-04 7.52e-03h  1
  18  3.9155753e-02 9.13e+00 3.13e+01  -5.0 2.00e+01    -  5.18e-05 4.27e-05h  1
  19  3.9156335e-02 9.13e+00 3.13e+01  -5.0 4.16e+01    -  1.66e-06 2.80e-06h  2
iter    objective    inf_pr   inf_du lg(mu)  ||d||  lg(rg) alpha_du alpha_pr  ls
  20  3.9177192e-02 9.13e+00 3.14e+01  -5.0 2.21e+01    -  3.52e-05 6.59e-05h  1
  21  3.9177584e-02 9.13e+00 3.14e+01  -5.0 5.69e+01    -  2.40e-06 2.87e-06h  2
  22  3.9210742e-02 9.13e+00 3.14e+01  -5.0 1.80e+01    -  1.46e-05 8.10e-05h  1
  23r 3.9210742e-02 9.13e+00 9.99e+02   1.0 0.00e+00    -  0.00e+00 1.78e-07R  5
  24r 5.1278197e-02 8.57e+00 9.99e+02   1.0 6.14e+02    -  8.86e-07 9.23e-04f  1
  25r 6.9210913e-02 6.43e+00 9.98e+02   1.0 4.51e+02    -  6.85e-04 4.75e-03f  1
  26  8.0389085e-02 6.31e+00 5.90e+01  -5.0 9.57e+00    -  4.62e-02 1.82e-02h  1
  27  1.0608602e-01 6.10e+00 5.67e+01  -5.0 7.55e+00    -  4.27e-02 3.36e-02h  1
  28  1.6427579e-01 5.63e+00 4.42e+01  -5.0 6.17e+00    -  3.82e-02 7.74e-02h  1
  29  2.0595608e-01 5.30e+00 5.63e+01  -5.0 4.72e+00    -  1.08e-01 5.73e-02h  1
iter    objective    inf_pr   inf_du lg(mu)  ||d||  lg(rg) alpha_du alpha_pr  ls
  30  3.3600287e-01 4.45e+00 4.50e+01  -5.0 5.23e+00    -  5.92e-02 1.61e-01h  1
  31  3.3603434e-01 4.45e+00 1.26e+01  -5.0 4.52e+00    -  2.72e-01 4.51e-05h  1
  32  8.0326542e-01 1.49e+00 2.77e+01  -5.0 4.55e+00    -  1.08e-01 6.65e-01h  1
  33  8.2779729e-01 1.33e+00 2.21e+01  -5.0 1.45e+00    -  1.59e-01 1.10e-01h  1
  34  8.2843307e-01 1.32e+00 1.92e+01  -5.0 1.27e+00    -  1.33e-01 3.25e-03h  1
  35  8.3754738e-01 1.17e+00 2.33e+01  -5.0 3.29e+00    -  1.34e-03 1.11e-01h  1
  36  8.4414503e-01 1.11e+00 2.17e+01  -5.0 1.88e+00    -  3.27e-04 5.28e-02h  1
  37  8.4719947e-01 1.08e+00 1.80e+01  -5.0 1.94e+00    -  1.22e-01 2.53e-02h  1
  38  8.5459195e-01 9.98e-01 1.91e+01  -5.0 1.96e+00    -  6.35e-03 8.02e-02h  1
  39  8.6357343e-01 7.77e-01 8.88e+00  -5.0 1.85e+00    -  2.95e-01 2.21e-01h  1
iter    objective    inf_pr   inf_du lg(mu)  ||d||  lg(rg) alpha_du alpha_pr  ls
  40  8.6436786e-01 7.69e-01 6.79e+00  -5.0 7.15e+00    -  8.49e-02 9.45e-03h  1
  41  8.6793977e-01 7.35e-01 5.60e+00  -5.0 7.82e+00    -  1.09e-01 4.41e-02h  1
  42  8.7647769e-01 6.43e-01 1.23e+01  -5.0 8.27e+00    -  1.76e-01 1.26e-01h  2
  43  9.1005196e-01 3.31e-01 1.23e+01  -5.0 2.19e+00    -  4.94e-01 4.85e-01h  1
  44  9.4999299e-01 2.12e-04 1.02e+01  -5.0 2.66e-01    -  4.38e-02 1.00e+00h  1
  45  9.4951891e-01 3.82e-07 5.81e-01  -5.0 4.62e-03    -  9.43e-01 1.00e+00h  1
  46  9.4951794e-01 4.41e-08 6.13e-02  -5.0 2.03e-03    -  8.94e-01 1.00e+00h  1
  47  9.4952525e-01 3.29e-07 2.47e-02  -5.0 1.92e-02    -  5.98e-01 1.00e+00h  1
  48  9.4954728e-01 1.19e-05 1.41e-02  -5.0 2.66e-02    -  9.16e-01 1.00e+00h  1
  49  9.4956316e-01 2.58e-07 5.74e-03  -5.0 1.30e-02    -  1.00e+00 1.00e+00h  1
iter    objective    inf_pr   inf_du lg(mu)  ||d||  lg(rg) alpha_du alpha_pr  ls
  50  9.4956003e-01 8.91e-06 5.93e-03  -5.0 1.29e-02    -  1.00e+00 1.00e+00h  1
  51  9.4956766e-01 9.17e-08 5.65e-03  -5.0 5.03e-03    -  1.00e+00 1.00e+00h  1
  52  9.4958105e-01 4.83e-05 1.07e-02  -5.0 6.61e-02    -  1.00e+00 1.00e+00h  1
  53  9.4958297e-01 3.62e-05 8.12e-03  -5.0 4.77e-02    -  1.00e+00 2.50e-01h  3
  54  9.4958309e-01 3.17e-05 7.20e-03  -5.0 4.16e-02    -  1.00e+00 1.25e-01h  4
  55  9.4958300e-01 2.97e-05 6.88e-03  -5.0 3.92e-02    -  1.00e+00 6.25e-02h  5
  56  9.4958316e-01 2.87e-05 2.93e-03  -5.0 2.33e-02    -  1.00e+00 3.12e-02h  6
  57  9.4958319e-01 2.85e-05 2.93e-03  -5.0 2.33e-02    -  1.00e+00 7.81e-03h  8
  58  9.4958771e-01 5.26e-07 3.67e-03  -5.0 2.33e-02    -  1.00e+00 1.00e+00h  1
  59  9.4957506e-01 5.68e-06 1.11e-02  -5.0 2.30e-02    -  1.00e+00 1.00e+00h  1
iter    objective    inf_pr   inf_du lg(mu)  ||d||  lg(rg) alpha_du alpha_pr  ls
  60  9.4957657e-01 1.25e-06 6.98e-03  -5.0 8.20e-03    -  1.00e+00 1.00e+00h  1
  61  9.4957469e-01 2.84e-06 4.50e-03  -5.0 5.07e-03    -  1.00e+00 1.00e+00h  1
  62  9.4957542e-01 3.69e-08 4.39e-03  -5.0 2.00e-03    -  1.00e+00 1.00e+00h  1
  63  9.4958124e-01 5.20e-05 7.45e-03  -5.0 6.66e-02    -  1.00e+00 1.00e+00h  1
  64  9.4958318e-01 3.90e-05 7.64e-03  -5.0 4.95e-02    -  1.00e+00 2.50e-01h  3
  65  9.4958368e-01 2.92e-05 7.13e-03  -5.0 4.33e-02    -  1.00e+00 2.50e-01h  3
  66  9.4958332e-01 2.56e-05 6.86e-03  -5.0 3.94e-02    -  1.00e+00 1.25e-01h  4
  67  9.4958337e-01 2.52e-05 2.84e-03  -5.0 2.26e-02    -  1.00e+00 1.56e-02h  7
  68  9.4958338e-01 2.51e-05 2.85e-03  -5.0 2.27e-02    -  1.00e+00 3.91e-03h  9
  69  9.4958639e-01 7.93e-07 3.59e-03  -5.0 2.27e-02    -  1.00e+00 1.00e+00h  1
iter    objective    inf_pr   inf_du lg(mu)  ||d||  lg(rg) alpha_du alpha_pr  ls
  70  9.4957354e-01 7.26e-06 1.11e-02  -5.0 2.24e-02    -  1.00e+00 1.00e+00h  1
  71  9.4957591e-01 1.51e-07 4.24e-03  -5.0 8.28e-03    -  1.00e+00 1.00e+00h  1
  72  9.4958075e-01 3.95e-05 1.10e-02  -5.0 4.94e-02    -  1.00e+00 1.00e+00h  1
  73  9.4958224e-01 2.96e-05 8.09e-03  -5.0 3.51e-02    -  1.00e+00 2.50e-01h  3
  74  9.4958242e-01 2.59e-05 7.37e-03  -5.0 3.17e-02    -  1.00e+00 1.25e-01h  4
  75  9.4958241e-01 2.51e-05 7.08e-03  -5.0 3.04e-02    -  1.00e+00 3.12e-02h  6
  76  9.4958246e-01 2.47e-05 2.82e-03  -5.0 2.24e-02    -  1.00e+00 1.56e-02h  7
  77  9.4958247e-01 2.46e-05 2.82e-03  -5.0 2.24e-02    -  1.00e+00 3.91e-03h  9
  78  9.4958542e-01 9.35e-07 3.56e-03  -5.0 2.24e-02    -  1.00e+00 1.00e+00h  1
  79  9.4957264e-01 8.09e-06 1.12e-02  -5.0 2.22e-02    -  1.00e+00 1.00e+00h  1
iter    objective    inf_pr   inf_du lg(mu)  ||d||  lg(rg) alpha_du alpha_pr  ls
  80  9.4957549e-01 1.51e-07 4.30e-03  -5.0 8.34e-03    -  1.00e+00 1.00e+00h  1
  81  9.4958205e-01 5.23e-05 2.47e-03  -5.0 6.69e-02    -  1.00e+00 1.00e+00h  1
  82  9.4967659e-01 4.55e-07 3.78e-03  -5.0 1.48e-01    -  1.00e+00 1.00e+00H  1
  83  9.4963707e-01 6.80e-08 1.13e-03  -5.0 9.69e-02    -  1.00e+00 1.00e+00H  1
  84  9.4961457e-01 3.01e-08 1.16e-02  -5.0 6.64e-02    -  1.00e+00 1.00e+00H  1
  85  9.4961183e-01 7.60e-08 4.16e-03  -5.0 1.74e-01    -  1.00e+00 2.34e-02h  6
  86  9.4955582e-01 5.37e-08 8.10e-03  -5.0 1.06e-01    -  1.00e+00 1.00e+00H  1
  87  9.4956106e-01 7.76e-10 1.44e-03  -5.0 1.14e-02    -  1.00e+00 1.00e+00H  1
  88  9.4956404e-01 7.63e-08 5.30e-04  -5.0 4.20e-03    -  1.00e+00 1.00e+00h  1
  89  9.4956629e-01 5.51e-08 4.38e-04  -5.0 3.02e-03    -  1.00e+00 1.00e+00h  1
iter    objective    inf_pr   inf_du lg(mu)  ||d||  lg(rg) alpha_du alpha_pr  ls
  90  9.4956786e-01 7.13e-07 3.81e-03  -5.0 1.95e-03    -  1.00e+00 1.00e+00h  1
  91  9.4956938e-01 3.24e-07 2.33e-03  -5.0 1.87e-02    -  1.00e+00 1.00e+00h  1
  92  9.4957938e-01 4.09e-05 1.10e-02  -5.0 7.02e-02    -  1.00e+00 1.00e+00h  1
  93  9.4957974e-01 2.04e-05 8.38e-03  -5.0 4.83e-02    -  1.00e+00 5.00e-01h  2
  94  9.4957120e-01 8.39e-06 5.31e-03  -5.0 3.72e-02    -  1.00e+00 1.00e+00h  1
  95  9.4957452e-01 3.89e-06 6.62e-03  -5.0 1.54e-02    -  1.00e+00 1.00e+00h  1
  96  9.4957196e-01 3.43e-06 4.59e-03  -5.0 9.17e-03    -  1.00e+00 1.00e+00h  1
  97  9.4957387e-01 6.55e-08 4.25e-03  -5.0 3.57e-03    -  1.00e+00 1.00e+00h  1
  98  9.4958218e-01 5.23e-05 1.14e-03  -5.0 6.71e-02    -  1.00e+00 1.00e+00h  1
  99  9.4967762e-01 2.06e-11 2.52e-03  -5.0 1.50e-01    -  1.00e+00 1.00e+00H  1
iter    objective    inf_pr   inf_du lg(mu)  ||d||  lg(rg) alpha_du alpha_pr  ls
 100  9.4963738e-01 1.21e-10 4.97e-05  -5.0 9.83e-02    -  1.00e+00 1.00e+00H  1

Number of Iterations....: 100

                                   (scaled)                 (unscaled)
Objective...............:   9.4963737800855019e-01    9.4963737800855019e-01
Dual infeasibility......:   4.9731972244443891e-05    4.9731972244443891e-05
Constraint violation....:   1.2147444609056202e-10    1.2147444609056202e-10
Complementarity.........:   1.0000000000000004e-05    1.0000000000000004e-05
Overall NLP error.......:   4.9731972244443891e-05    4.9731972244443891e-05


Number of objective function evaluations             = 198
Number of objective gradient evaluations             = 100
Number of equality constraint evaluations            = 198
Number of inequality constraint evaluations          = 198
Number of equality constraint Jacobian evaluations   = 102
Number of inequality constraint Jacobian evaluations = 102
Number of Lagrangian Hessian evaluations             = 0
Total CPU secs in IPOPT (w/o function evaluations)   =      0.900
Total CPU secs in NLP function evaluations           =     83.561

EXIT: Optimal Solution Found.
