
List of user-set options:

                                    Name   Value                used
              acceptable_constr_viol_tol = 0.001                 yes
                          acceptable_tol = 0.01                  yes
                             alpha_for_y = safer-min-dual-infeas  yes
                         constr_viol_tol = 0.001                 yes
                        file_print_level = 5                     yes
                   hessian_approximation = limited-memory        yes
                           linear_solver = mumps                 yes
                                max_iter = 66                    yes
                                 mu_init = 1e-05                 yes
                             mu_strategy = monotone              yes
                      nlp_scaling_method = gradient-based        yes
                             output_file = /home/kaleb/projects/learning/AAD-design/sardines/SARDINE_optimization20_out/IPOPT.out  yes
                             print_level = 5                     yes
                      print_user_options = yes                   yes
                                      sb = yes                   yes
                                     tol = 0.001                 yes
This is Ipopt version 3.11.9, running with linear solver mumps.
NOTE: Other linear solvers might be more efficient (see Ipopt documentation).

Number of nonzeros in equality constraint Jacobian...:     4707
Number of nonzeros in inequality constraint Jacobian.:     1910
Number of nonzeros in Lagrangian Hessian.............:        0

Total number of variables............................:      126
                     variables with only lower bounds:        2
                variables with lower and upper bounds:      124
                     variables with only upper bounds:        0
Total number of equality constraints.................:      120
Total number of inequality constraints...............:       82
        inequality constraints with only lower bounds:       20
   inequality constraints with lower and upper bounds:       42
        inequality constraints with only upper bounds:       20

iter    objective    inf_pr   inf_du lg(mu)  ||d||  lg(rg) alpha_du alpha_pr  ls
   0  5.3995626e-06 1.96e+01 1.00e+00  -5.0 0.00e+00    -  0.00e+00 0.00e+00   0
   1  1.0344453e-05 1.87e+01 1.06e+00  -5.0 5.88e+00    -  4.15e-02 4.33e-02h  1
   2  1.1686625e-05 1.87e+01 1.24e+00  -5.0 1.64e+01    -  2.05e-02 2.72e-03h  1
   3  1.7046553e-05 1.86e+01 1.25e+00  -5.0 1.10e+02    -  2.82e-03 2.05e-03h  2
   4  5.4421074e-05 1.84e+01 1.91e+00  -5.0 5.90e+01    -  1.76e-03 1.30e-02h  1
   5  1.1625087e-03 1.17e+01 1.05e+01  -5.0 1.24e+01    -  9.46e-03 3.64e-01h  2
   6  2.4265546e-03 4.06e+00 2.90e+01  -5.0 3.59e+00    -  3.42e-01 6.53e-01h  1
   7  3.0683836e-03 1.48e-03 8.98e+00  -5.0 1.19e+00    -  6.56e-01 1.00e+00h  1
   8  3.0578120e-03 2.38e-04 2.26e+00  -5.0 2.14e-01    -  6.91e-01 1.00e+00h  1
   9  3.0580494e-03 8.35e-07 9.48e-02  -5.0 5.34e-03    -  9.59e-01 1.00e+00h  1
iter    objective    inf_pr   inf_du lg(mu)  ||d||  lg(rg) alpha_du alpha_pr  ls
  10  3.0580342e-03 1.85e-07 1.13e-04  -5.0 3.80e-03    -  1.00e+00 1.00e+00h  1
  11  3.0233610e-03 9.93e-04 5.59e-05  -5.0 1.16e+01    -  9.84e-01 1.00e+00f  1

Number of Iterations....: 11

                                   (scaled)                 (unscaled)
Objective...............:   3.0233609665328933e-03    3.0233609665328933e-03
Dual infeasibility......:   5.5879964401033876e-05    5.5879964401033876e-05
Constraint violation....:   9.9349830253957282e-04    9.9349830253957282e-04
Complementarity.........:   5.5897736103822099e-05    5.5897736103822099e-05
Overall NLP error.......:   9.9349830253957282e-04    9.9349830253957282e-04


Number of objective function evaluations             = 19
Number of objective gradient evaluations             = 12
Number of equality constraint evaluations            = 19
Number of inequality constraint evaluations          = 19
Number of equality constraint Jacobian evaluations   = 12
Number of inequality constraint Jacobian evaluations = 12
Number of Lagrangian Hessian evaluations             = 0
Total CPU secs in IPOPT (w/o function evaluations)   =      0.547
Total CPU secs in NLP function evaluations           =      5.578

EXIT: Optimal Solution Found.
