
List of user-set options:

                                    Name   Value                used
              acceptable_constr_viol_tol = 0.001                 yes
                          acceptable_tol = 0.01                  yes
                             alpha_for_y = safer-min-dual-infeas  yes
                         constr_viol_tol = 0.001                 yes
                        file_print_level = 5                     yes
                   hessian_approximation = limited-memory        yes
                           linear_solver = mumps                 yes
                                max_iter = 66                    yes
                                 mu_init = 1e-05                 yes
                             mu_strategy = monotone              yes
                      nlp_scaling_method = gradient-based        yes
                             output_file = /home/kaleb/projects/learning/AAD-design/sardines/SARDINE_optimization2_out/IPOPT.out  yes
                             print_level = 5                     yes
                      print_user_options = yes                   yes
                                      sb = yes                   yes
                                     tol = 0.001                 yes
This is Ipopt version 3.11.9, running with linear solver mumps.
NOTE: Other linear solvers might be more efficient (see Ipopt documentation).

Number of nonzeros in equality constraint Jacobian...:     8831
Number of nonzeros in inequality constraint Jacobian.:     2080
Number of nonzeros in Lagrangian Hessian.............:        0

Total number of variables............................:      180
                     variables with only lower bounds:        2
                variables with lower and upper bounds:      178
                     variables with only upper bounds:        0
Total number of equality constraints.................:      174
Total number of inequality constraints...............:       84
        inequality constraints with only lower bounds:       20
   inequality constraints with lower and upper bounds:       44
        inequality constraints with only upper bounds:       20

iter    objective    inf_pr   inf_du lg(mu)  ||d||  lg(rg) alpha_du alpha_pr  ls
   0  5.3995626e-06 1.96e+01 1.00e+00  -5.0 0.00e+00    -  0.00e+00 0.00e+00   0
   1  1.4967281e-05 1.91e+01 9.98e-01  -5.0 4.99e+00    -  1.23e-02 2.20e-02h  1
   2  2.1383935e-05 1.90e+01 2.07e+00  -5.0 5.56e+00    -  1.93e-02 8.66e-03h  1
   3  3.3270049e-05 1.87e+01 2.05e+00  -5.0 7.07e+00    -  7.94e-03 1.54e-02h  1
   4  3.5300541e-05 1.86e+01 2.05e+00  -5.0 1.85e+01    -  8.49e-04 2.65e-03h  1
   5  3.7141893e-05 1.86e+01 2.05e+00  -5.0 4.17e+01    -  3.44e-04 1.76e-03h  1
   6  4.0940162e-05 1.86e+01 2.05e+00  -5.0 5.49e+01    -  7.46e-04 1.93e-03h  1
   7  5.0106313e-05 1.85e+01 2.05e+00  -5.0 1.94e+01    -  1.75e-03 3.39e-03h  1
   8  5.9542891e-05 1.84e+01 2.06e+00  -5.0 1.69e+01    -  4.56e-03 3.27e-03h  1
   9  1.8476588e-04 1.76e+01 6.90e+00  -5.0 1.64e+01    -  7.75e-03 4.30e-02f  1
iter    objective    inf_pr   inf_du lg(mu)  ||d||  lg(rg) alpha_du alpha_pr  ls
  10  1.8492487e-04 1.76e+01 6.92e+00  -5.0 1.00e+02    -  7.38e-04 1.51e-04h  1
  11  1.9271258e-04 1.76e+01 3.85e+00  -5.0 6.79e+01    -  4.90e-08 4.70e-03f  1
  12  2.1787588e-04 1.74e+01 4.36e+00  -5.0 2.31e+01    -  1.96e-03 9.48e-03h  1
  13  4.9129422e-04 1.58e+01 5.09e+00  -5.0 5.50e+00    -  9.98e-03 9.21e-02f  1
  14  1.4816701e-03 1.00e+01 1.36e+01  -5.0 5.03e+00    -  1.00e-01 3.64e-01h  1
  15  3.2042018e-03 3.51e-04 3.86e+01  -5.0 3.19e+00    -  4.31e-01 1.00e+00h  1
  16  3.2001977e-03 5.11e-07 3.97e+00  -5.0 1.19e-02    -  8.67e-01 1.00e+00h  1
  17  3.2001331e-03 7.04e-08 3.13e-03  -5.0 8.53e-04    -  9.99e-01 1.00e+00h  1
  18  3.2007264e-03 2.16e-04 6.71e-03  -5.0 7.37e+00    -  2.55e-02 7.09e-02f  1
  19  3.2006446e-03 2.02e-06 7.86e-03  -5.0 1.13e-01    -  1.00e+00 1.00e+00f  1
iter    objective    inf_pr   inf_du lg(mu)  ||d||  lg(rg) alpha_du alpha_pr  ls
  20  3.2006140e-03 3.34e-06 2.25e-03  -5.0 8.78e-02    -  1.00e+00 1.00e+00h  1
  21  3.2005795e-03 2.40e-06 1.55e-03  -5.0 7.46e-02    -  1.00e+00 1.00e+00h  1
  22  3.2005595e-03 1.68e-06 1.07e-03  -5.0 5.73e-02    -  1.00e+00 1.00e+00h  1
  23  3.2005513e-03 1.00e-06 1.01e-03  -5.0 4.92e-02    -  1.00e+00 1.00e+00h  1
  24  3.2005537e-03 9.45e-06 9.91e-04  -5.0 4.30e-02    -  1.00e+00 1.00e+00h  1

Number of Iterations....: 24

                                   (scaled)                 (unscaled)
Objective...............:   3.2005537459957284e-03    3.2005537459957284e-03
Dual infeasibility......:   9.9147325434745096e-04    9.9147325434745096e-04
Constraint violation....:   9.4541698454067323e-06    9.4541698454067323e-06
Complementarity.........:   1.0000000000000003e-05    1.0000000000000003e-05
Overall NLP error.......:   9.9147325434745096e-04    9.9147325434745096e-04


Number of objective function evaluations             = 25
Number of objective gradient evaluations             = 25
Number of equality constraint evaluations            = 25
Number of inequality constraint evaluations          = 25
Number of equality constraint Jacobian evaluations   = 25
Number of inequality constraint Jacobian evaluations = 25
Number of Lagrangian Hessian evaluations             = 0
Total CPU secs in IPOPT (w/o function evaluations)   =      0.704
Total CPU secs in NLP function evaluations           =     10.431

EXIT: Optimal Solution Found.
