
List of user-set options:

                                    Name   Value                used
              acceptable_constr_viol_tol = 0.0001                yes
                          acceptable_tol = 0.001                 yes
                             alpha_for_y = safer-min-dual-infeas  yes
                         constr_viol_tol = 0.0001                yes
                        file_print_level = 5                     yes
                   hessian_approximation = limited-memory        yes
                           linear_solver = mumps                 yes
                                max_iter = 200                   yes
                                 mu_init = 1e-05                 yes
                             mu_strategy = monotone              yes
                      nlp_scaling_method = gradient-based        yes
                             output_file = /home/kaleb/projects/learning/AAD-design/sardines/SARDINE_optimization17_out/IPOPT.out  yes
                             print_level = 5                     yes
                      print_user_options = yes                   yes
                                      sb = yes                   yes
                                     tol = 0.0001                yes
This is Ipopt version 3.11.9, running with linear solver mumps.
NOTE: Other linear solvers might be more efficient (see Ipopt documentation).

Number of nonzeros in equality constraint Jacobian...:    11716
Number of nonzeros in inequality constraint Jacobian.:     4156
Number of nonzeros in Lagrangian Hessian.............:        0

Total number of variables............................:      213
                     variables with only lower bounds:        2
                variables with lower and upper bounds:      211
                     variables with only upper bounds:        0
Total number of equality constraints.................:      200
Total number of inequality constraints...............:      124
        inequality constraints with only lower bounds:       20
   inequality constraints with lower and upper bounds:       64
        inequality constraints with only upper bounds:       40

iter    objective    inf_pr   inf_du lg(mu)  ||d||  lg(rg) alpha_du alpha_pr  ls
   0  1.5427322e-03 1.08e+01 1.00e+00  -5.0 0.00e+00    -  0.00e+00 0.00e+00   0
   1  3.6584601e-03 1.04e+01 3.08e+00  -5.0 6.76e+00    -  2.46e-03 3.59e-02h  1
   2  3.7399608e-03 1.04e+01 3.08e+00  -5.0 4.26e+00    -  2.03e-02 6.50e-04h  1
   3  1.0740459e-02 1.01e+01 5.36e+00  -5.0 4.22e+00    -  1.69e-02 3.21e-02h  1
   4  1.6390090e-02 9.92e+00 6.03e+00  -5.0 1.43e+01    -  2.41e-02 1.28e-02h  1
   5  2.2902642e-02 9.78e+00 6.43e+00  -5.0 1.55e+01    -  3.61e-02 1.41e-02h  1
   6  3.2842554e-02 9.56e+00 1.18e+01  -5.0 1.47e+01    -  2.37e-02 2.24e-02h  1
   7  3.3306788e-02 9.54e+00 2.02e+01  -5.0 5.55e+01    -  3.50e-03 2.98e-03h  1
   8r 3.3306788e-02 9.54e+00 9.99e+02   1.0 0.00e+00    -  0.00e+00 4.19e-07R  2
   9r 3.4924515e-02 9.33e+00 9.99e+02   1.0 1.04e+03    -  3.63e-06 4.83e-04f  1
iter    objective    inf_pr   inf_du lg(mu)  ||d||  lg(rg) alpha_du alpha_pr  ls
  10r 5.6656557e-02 7.45e+00 9.99e+02   1.0 5.07e+02    -  4.29e-04 3.71e-03f  1
  11  6.4703480e-02 7.37e+00 3.12e+01  -5.0 1.20e+01    -  8.11e-03 1.16e-02h  1
  12  8.2270767e-02 7.18e+00 3.00e+01  -5.0 1.52e+01    -  1.50e-06 2.59e-02h  1
  13  1.2148708e-01 6.79e+00 2.95e+01  -5.0 1.49e+01    -  4.82e-02 5.35e-02h  1
  14  2.4060874e-01 5.86e+00 3.97e+01  -5.0 5.60e+00    -  5.35e-02 1.38e-01h  1
  15  2.4917147e-01 5.79e+00 2.68e+01  -5.0 5.18e+00    -  9.14e-02 1.07e-02h  1
  16  3.1613067e-01 5.31e+00 2.49e+01  -5.0 7.04e+00    -  3.74e-02 8.39e-02h  1
  17  3.2676920e-01 5.23e+00 2.40e+01  -5.0 7.43e+00    -  5.34e-02 1.38e-02h  1
  18  3.7153340e-01 4.93e+00 2.34e+01  -5.0 5.06e+00    -  2.93e-02 5.73e-02h  1
  19  3.8872863e-01 4.82e+00 2.15e+01  -5.0 4.97e+00    -  1.00e-01 2.24e-02h  1
iter    objective    inf_pr   inf_du lg(mu)  ||d||  lg(rg) alpha_du alpha_pr  ls
  20  4.7827436e-01 4.26e+00 1.99e+01  -5.0 4.95e+00    -  7.35e-02 1.17e-01h  1
  21  4.7829826e-01 4.26e+00 1.99e+01  -5.0 4.32e+00    -  5.21e-06 3.59e-05h  1
  22  5.3979818e-01 3.86e+00 1.89e+01  -5.0 4.31e+00    -  3.84e-02 9.24e-02h  1
  23  5.7425308e-01 3.61e+00 2.38e+01  -5.0 4.62e+00    -  4.84e-03 6.45e-02h  1
  24  6.0033462e-01 3.43e+00 1.76e+01  -5.0 3.55e+00    -  6.39e-02 5.06e-02h  1
  25  6.0147677e-01 3.42e+00 3.28e+01  -5.0 6.05e+00    -  1.82e-02 2.34e-03h  1
  26  6.1363718e-01 3.34e+00 7.86e+01  -5.0 5.49e+00    -  4.19e-02 2.42e-02h  1
  27  6.2968156e-01 3.22e+00 7.66e+01  -5.0 2.97e+00    -  4.52e-02 3.50e-02h  1
  28  7.8284757e-01 2.13e+00 8.16e+01  -5.0 2.92e+00    -  1.73e-01 3.40e-01h  1
  29  9.3244235e-01 1.00e+00 8.15e+01  -5.0 3.84e+00    -  2.30e-01 5.30e-01h  1
iter    objective    inf_pr   inf_du lg(mu)  ||d||  lg(rg) alpha_du alpha_pr  ls
  30  9.5148909e-01 8.41e-01 7.20e+01  -5.0 1.50e+00    -  1.28e-01 1.60e-01h  1
  31  1.0595578e+00 7.20e-04 4.08e+01  -5.0 7.01e-01    -  3.16e-01 1.00e+00h  1
  32  1.0523315e+00 1.78e-04 1.44e+01  -5.0 4.84e-02    -  6.40e-01 1.00e+00h  1
  33  1.0522410e+00 5.02e-07 7.36e-01  -5.0 2.25e-03    -  9.49e-01 1.00e+00h  1
  34  1.0519004e+00 7.62e-07 5.84e-02  -5.0 6.10e-03    -  9.25e-01 1.00e+00h  1
  35  1.0515717e+00 1.72e-06 5.45e-02  -5.0 4.23e-02    -  7.85e-02 1.00e+00h  1
  36  1.0512078e+00 5.28e-06 2.03e-02  -5.0 1.07e-02    -  6.89e-01 1.00e+00h  1
  37  1.0506962e+00 1.96e-06 1.04e-02  -5.0 1.09e-02    -  8.94e-01 1.00e+00h  1
  38  1.0501784e+00 2.04e-06 1.13e-02  -5.0 1.13e-02    -  1.00e+00 1.00e+00h  1
  39  1.0496621e+00 1.95e-06 1.08e-02  -5.0 1.08e-02    -  1.00e+00 1.00e+00h  1
iter    objective    inf_pr   inf_du lg(mu)  ||d||  lg(rg) alpha_du alpha_pr  ls
  40  1.0491394e+00 4.27e-05 1.11e-02  -5.0 1.11e-02    -  1.00e+00 1.00e+00h  1
  41  1.0074116e+00 3.55e-03 1.03e-02  -5.0 2.63e+00    -  2.94e-02 1.54e-01f  1
  42  1.0054628e+00 3.55e-03 1.01e-02  -5.0 2.16e+01    -  2.19e-02 2.29e-03h  1
  43  1.0051956e+00 3.54e-03 1.22e-02  -5.0 3.08e+00    -  1.41e-01 1.53e-03f  1
  44  1.0025127e+00 3.18e-03 1.01e-02  -5.0 1.14e+00    -  5.63e-01 1.02e-01h  1
  45  1.0040835e+00 2.55e-03 7.44e-03  -5.0 2.06e-01    -  2.22e-01 1.99e-01h  2
  46  1.0042825e+00 2.39e-03 5.75e-02  -5.0 2.44e-01    -  1.00e+00 5.99e-02h  1
  47  1.0058374e+00 1.79e-03 2.65e-02  -5.0 1.73e-01    -  9.62e-01 2.51e-01h  1
  48  1.0111274e+00 3.44e-05 2.03e-02  -5.0 1.32e-01    -  1.00e+00 1.00e+00h  1
  49  1.0111129e+00 1.45e-06 1.21e-02  -5.0 2.70e-02    -  1.00e+00 1.00e+00h  1
iter    objective    inf_pr   inf_du lg(mu)  ||d||  lg(rg) alpha_du alpha_pr  ls
  50  1.0110524e+00 1.37e-06 1.18e-02  -5.0 1.15e-02    -  1.00e+00 1.00e+00h  1
  51  1.0110427e+00 3.58e-07 3.00e-03  -5.0 2.97e-03    -  1.00e+00 1.00e+00h  1
  52  1.0110347e+00 3.48e-07 3.06e-03  -5.0 3.03e-03    -  1.00e+00 1.00e+00h  1
  53  1.0110213e+00 3.61e-07 3.13e-03  -5.0 3.10e-03    -  1.00e+00 1.00e+00h  1
  54  1.0110053e+00 3.63e-07 3.14e-03  -5.0 3.11e-03    -  1.00e+00 1.00e+00h  1
  55  1.0109884e+00 3.70e-07 3.19e-03  -5.0 3.16e-03    -  1.00e+00 1.00e+00h  1
  56  1.0109716e+00 3.77e-07 3.23e-03  -5.0 3.21e-03    -  1.00e+00 1.00e+00h  1
  57  1.0109539e+00 3.82e-07 3.27e-03  -5.0 3.24e-03    -  1.00e+00 1.00e+00h  1
  58  1.0109362e+00 3.88e-07 3.31e-03  -5.0 3.29e-03    -  1.00e+00 1.00e+00h  1
  59  1.0109175e+00 3.93e-07 3.34e-03  -5.0 3.32e-03    -  1.00e+00 1.00e+00h  1
iter    objective    inf_pr   inf_du lg(mu)  ||d||  lg(rg) alpha_du alpha_pr  ls
  60  1.0108988e+00 4.00e-07 3.38e-03  -5.0 3.36e-03    -  1.00e+00 1.00e+00h  1
  61  1.0108792e+00 4.05e-07 3.41e-03  -5.0 3.39e-03    -  1.00e+00 1.00e+00h  1
  62  1.0108595e+00 4.11e-07 3.44e-03  -5.0 3.43e-03    -  1.00e+00 1.00e+00h  1
  63  1.0108390e+00 4.16e-07 3.47e-03  -5.0 3.45e-03    -  1.00e+00 1.00e+00h  1
  64  1.0108184e+00 4.22e-07 3.50e-03  -5.0 3.49e-03    -  1.00e+00 1.00e+00h  1
  65  1.0107970e+00 4.27e-07 3.52e-03  -5.0 3.51e-03    -  1.00e+00 1.00e+00h  1
  66  1.0107756e+00 4.33e-07 3.55e-03  -5.0 3.55e-03    -  1.00e+00 1.00e+00h  1
  67  1.0107534e+00 4.37e-07 3.57e-03  -5.0 3.57e-03    -  1.00e+00 1.00e+00h  1
  68  1.0107313e+00 4.43e-07 3.60e-03  -5.0 3.59e-03    -  1.00e+00 1.00e+00h  1
  69  1.0107084e+00 4.47e-07 3.61e-03  -5.0 3.61e-03    -  1.00e+00 1.00e+00h  1
iter    objective    inf_pr   inf_du lg(mu)  ||d||  lg(rg) alpha_du alpha_pr  ls
  70  1.0106856e+00 4.52e-07 3.63e-03  -5.0 3.63e-03    -  1.00e+00 1.00e+00h  1
  71  1.0106621e+00 4.56e-07 3.64e-03  -5.0 3.65e-03    -  1.00e+00 1.00e+00h  1
  72  1.0106387e+00 4.61e-07 3.66e-03  -5.0 3.67e-03    -  1.00e+00 1.00e+00h  1
  73  1.0106140e+00 4.75e-07 3.74e-03  -5.0 3.75e-03    -  1.00e+00 1.00e+00h  1
  74  1.0105894e+00 4.80e-07 3.75e-03  -5.0 3.77e-03    -  1.00e+00 1.00e+00h  1
  75  1.0105642e+00 4.83e-07 3.73e-03  -5.0 3.77e-03    -  1.00e+00 1.00e+00h  1
  76  1.0105395e+00 4.86e-07 3.75e-03  -5.0 3.77e-03    -  1.00e+00 1.00e+00h  1
  77  1.0105143e+00 4.87e-07 3.74e-03  -5.0 3.77e-03    -  1.00e+00 1.00e+00h  1
  78  1.0104895e+00 4.91e-07 3.74e-03  -5.0 3.77e-03    -  1.00e+00 1.00e+00h  1
  79  1.0104643e+00 5.29e-07 3.52e-03  -5.0 3.76e-03    -  1.00e+00 1.00e+00h  1
iter    objective    inf_pr   inf_du lg(mu)  ||d||  lg(rg) alpha_du alpha_pr  ls
  80  1.0099735e+00 3.02e-04 5.18e-03  -5.0 2.82e-01    -  2.77e-01 3.77e-01h  1
  81  1.0102582e+00 5.78e-05 1.98e-03  -5.0 1.54e-01    -  6.66e-01 1.00e+00h  1
  82  1.0103404e+00 6.24e-06 2.44e-03  -5.0 7.18e-02    -  1.00e+00 1.00e+00h  1
  83  1.0103265e+00 5.91e-06 9.57e-04  -5.0 1.91e-02    -  1.00e+00 1.00e+00h  1
  84  1.0103360e+00 1.66e-06 9.75e-04  -5.0 1.25e-02    -  1.00e+00 1.00e+00h  1
  85  1.0103325e+00 3.58e-05 2.90e-03  -5.0 1.44e-02    -  1.00e+00 1.00e+00h  1
  86  1.0103327e+00 3.36e-05 2.58e-03  -5.0 1.06e-02    -  1.00e+00 6.25e-02h  5
  87  1.0103329e+00 3.16e-05 2.58e-03  -5.0 1.07e-02    -  1.00e+00 6.25e-02h  5
  88  1.0103330e+00 3.15e-05 2.58e-03  -5.0 1.07e-02    -  1.00e+00 1.95e-03h 10
  89  1.0103467e+00 1.33e-07 1.62e-03  -5.0 2.55e-03    -  1.00e+00 1.00e+00h  1
iter    objective    inf_pr   inf_du lg(mu)  ||d||  lg(rg) alpha_du alpha_pr  ls
  90  1.0103465e+00 1.15e-07 1.41e-03  -5.0 2.27e-03    -  1.00e+00 1.00e+00h  1
  91  1.0103441e+00 1.12e-07 1.37e-03  -5.0 1.87e-03    -  1.00e+00 1.00e+00h  1
  92  1.0103414e+00 1.10e-07 1.35e-03  -5.0 1.53e-03    -  1.00e+00 1.00e+00h  1
  93  1.0103387e+00 1.10e-07 1.34e-03  -5.0 1.35e-03    -  1.00e+00 1.00e+00h  1
  94  1.0103362e+00 1.10e-07 1.34e-03  -5.0 1.35e-03    -  1.00e+00 1.00e+00h  1
  95  1.0103337e+00 1.10e-07 1.34e-03  -5.0 1.35e-03    -  1.00e+00 1.00e+00h  1
  96  1.0103314e+00 1.33e-07 1.35e-03  -5.0 1.35e-03    -  1.00e+00 1.00e+00h  1
  97  1.0103286e+00 1.41e-06 2.31e-03  -5.0 2.02e-03    -  1.00e+00 1.00e+00h  1
  98  1.0103322e+00 5.50e-07 2.86e-03  -5.0 2.21e-03    -  1.00e+00 1.00e+00h  1
  99  1.0103310e+00 5.91e-07 1.26e-03  -5.0 5.27e-04    -  1.00e+00 1.00e+00h  1
iter    objective    inf_pr   inf_du lg(mu)  ||d||  lg(rg) alpha_du alpha_pr  ls
 100  1.0103319e+00 6.99e-11 1.30e-03  -5.0 7.97e-04    -  1.00e+00 1.00e+00H  1
 101  1.0103326e+00 4.89e-11 2.25e-03  -5.0 6.53e-04    -  1.00e+00 1.00e+00H  1
 102  1.0103324e+00 7.49e-09 2.22e-03  -5.0 8.93e-05    -  1.00e+00 1.00e+00h  1
 103  1.0103321e+00 2.15e-07 1.32e-03  -5.0 8.89e-05    -  1.00e+00 1.00e+00h  1
 104  1.0103324e+00 1.52e-10 1.31e-03  -5.0 2.76e-04    -  1.00e+00 1.00e+00H  1
 105  1.0103327e+00 1.20e-10 9.10e-04  -5.0 2.52e-04    -  1.00e+00 1.00e+00H  1
 106  1.0103329e+00 8.78e-11 1.37e-03  -5.0 2.37e-04    -  1.00e+00 1.00e+00H  1
 107  1.0103297e+00 3.92e-06 2.29e-03  -5.0 1.44e-03    -  1.00e+00 1.00e+00h  1
 108  1.0103318e+00 1.95e-06 1.04e-03  -5.0 1.33e-03    -  1.00e+00 5.00e-01h  2
 109  1.0103322e+00 1.71e-06 1.03e-03  -5.0 1.21e-03    -  1.00e+00 1.25e-01h  4
iter    objective    inf_pr   inf_du lg(mu)  ||d||  lg(rg) alpha_du alpha_pr  ls
 110  1.0103345e+00 1.25e-06 1.08e-03  -5.0 4.29e-03    -  1.00e+00 2.50e-01h  3
 111  1.0103346e+00 1.23e-06 1.06e-03  -5.0 3.99e-03    -  1.00e+00 7.81e-03h  8
 112  1.0103346e+00 1.23e-06 1.06e-03  -5.0 3.99e-03    -  1.00e+00 3.91e-03h  9
 113  1.0103368e+00 2.20e-09 2.25e-03  -5.0 1.06e-03    -  1.00e+00 1.00e+00H  1
 114  1.0103352e+00 7.78e-07 1.02e-03  -5.0 5.26e-04    -  1.00e+00 1.00e+00h  1
 115  1.0103358e+00 1.19e-08 1.10e-03  -5.0 4.35e-04    -  1.00e+00 1.00e+00h  1
 116  1.0103361e+00 1.18e-08 1.13e-03  -5.0 3.20e-04    -  1.00e+00 1.00e+00h  1
 117  1.0103363e+00 3.58e-07 2.41e-03  -5.0 2.83e-04    -  1.00e+00 1.00e+00h  1
 118  1.0103318e+00 3.74e-06 2.29e-03  -5.0 1.89e-03    -  1.00e+00 1.00e+00h  1
 119  1.0103340e+00 1.86e-06 9.85e-04  -5.0 5.19e-04    -  1.00e+00 5.00e-01h  2
iter    objective    inf_pr   inf_du lg(mu)  ||d||  lg(rg) alpha_du alpha_pr  ls
 120  1.0103341e+00 1.74e-06 9.73e-04  -5.0 4.97e-04    -  1.00e+00 6.25e-02h  5
 121  1.0103342e+00 1.73e-06 9.72e-04  -5.0 4.96e-04    -  1.00e+00 7.81e-03h  8
 122  1.0103342e+00 1.73e-06 5.87e-04  -5.0 8.54e-04    -  1.00e+00 2.44e-04h 13
 123  1.0103342e+00 1.73e-06 5.87e-04  -5.0 8.58e-04    -  1.00e+00 1.53e-05h 17

Number of Iterations....: 123

                                   (scaled)                 (unscaled)
Objective...............:   1.0103341598336637e+00    1.0103341598336637e+00
Dual infeasibility......:   5.8722465077127401e-04    5.8722465077127401e-04
Constraint violation....:   1.7299051234444998e-06    1.7299051234444998e-06
Complementarity.........:   1.0289046893547584e-05    1.0289046893547584e-05
Overall NLP error.......:   5.8722465077127401e-04    5.8722465077127401e-04


Number of objective function evaluations             = 246
Number of objective gradient evaluations             = 124
Number of equality constraint evaluations            = 246
Number of inequality constraint evaluations          = 246
Number of equality constraint Jacobian evaluations   = 126
Number of inequality constraint Jacobian evaluations = 126
Number of Lagrangian Hessian evaluations             = 0
Total CPU secs in IPOPT (w/o function evaluations)   =      0.904
Total CPU secs in NLP function evaluations           =     98.507

EXIT: Solved To Acceptable Level.
