
List of user-set options:

                                    Name   Value                used
              acceptable_constr_viol_tol = 0.001                 yes
                          acceptable_tol = 0.01                  yes
                             alpha_for_y = safer-min-dual-infeas  yes
                         constr_viol_tol = 0.001                 yes
                        file_print_level = 5                     yes
                   hessian_approximation = limited-memory        yes
                           linear_solver = mumps                 yes
                                max_iter = 66                    yes
                                 mu_init = 1e-05                 yes
                             mu_strategy = monotone              yes
                      nlp_scaling_method = gradient-based        yes
                             output_file = /home/kaleb/projects/learning/AAD-design/sardines/SARDINE_optimization14_out/IPOPT.out  yes
                             print_level = 5                     yes
                      print_user_options = yes                   yes
                                      sb = yes                   yes
                                     tol = 0.001                 yes
This is Ipopt version 3.11.9, running with linear solver mumps.
NOTE: Other linear solvers might be more efficient (see Ipopt documentation).

Number of nonzeros in equality constraint Jacobian...:     8831
Number of nonzeros in inequality constraint Jacobian.:     2080
Number of nonzeros in Lagrangian Hessian.............:        0

Total number of variables............................:      180
                     variables with only lower bounds:        2
                variables with lower and upper bounds:      178
                     variables with only upper bounds:        0
Total number of equality constraints.................:      174
Total number of inequality constraints...............:       84
        inequality constraints with only lower bounds:       20
   inequality constraints with lower and upper bounds:       44
        inequality constraints with only upper bounds:       20

iter    objective    inf_pr   inf_du lg(mu)  ||d||  lg(rg) alpha_du alpha_pr  ls
   0  5.3995626e-06 1.96e+01 1.00e+00  -5.0 0.00e+00    -  0.00e+00 0.00e+00   0
   1  1.4408274e-05 1.91e+01 9.96e-01  -5.0 5.39e+00    -  1.39e-02 2.35e-02h  1
   2  1.6334816e-05 1.90e+01 1.33e+00  -5.0 4.34e+00    -  2.30e-02 3.14e-03h  1
   3  6.0570973e-05 1.77e+01 1.30e+00  -5.0 3.50e+00    -  2.50e-02 7.07e-02h  1
   4  6.3529942e-05 1.76e+01 9.54e-01  -5.0 3.82e+00    -  1.62e-02 4.74e-03h  1
   5  6.5491291e-05 1.76e+01 9.53e-01  -5.0 1.78e+01    -  8.19e-04 2.50e-03h  1
   6  6.8249458e-05 1.75e+01 1.15e+00  -5.0 3.09e+01    -  3.25e-04 2.86e-03h  1
   7  7.1911703e-05 1.75e+01 1.11e+00  -5.0 4.90e+01    -  7.12e-04 1.76e-03h  1
   8  8.1783715e-05 1.74e+01 1.08e+00  -5.0 1.50e+01    -  1.69e-03 3.55e-03h  1
   9  9.4238358e-05 1.73e+01 1.11e+00  -5.0 1.14e+01    -  4.84e-03 4.32e-03h  1
iter    objective    inf_pr   inf_du lg(mu)  ||d||  lg(rg) alpha_du alpha_pr  ls
  10  2.7246766e-04 1.63e+01 2.86e+00  -5.0 1.09e+01    -  9.10e-03 6.16e-02f  1
  11  2.7255001e-04 1.63e+01 3.01e+00  -5.0 1.11e+02    -  4.05e-04 7.81e-05h  1
  12  2.8222498e-04 1.62e+01 3.25e+00  -5.0 5.37e+01    -  5.20e-08 5.01e-03f  1
  13  3.3979648e-04 1.58e+01 3.51e+00  -5.0 1.46e+01    -  3.31e-03 2.30e-02h  1
  14  1.0324984e-03 1.16e+01 5.53e+00  -5.0 4.79e+00    -  2.46e-02 2.68e-01h  1
  15  2.9282751e-03 3.34e-04 3.09e+01  -5.0 3.51e+00    -  2.86e-01 1.00e+00h  1
  16  2.9247523e-03 4.29e-07 1.99e+00  -5.0 7.25e-03    -  9.17e-01 1.00e+00h  1
  17  2.9247194e-03 5.03e-08 1.21e-03  -5.0 5.71e-04    -  9.99e-01 1.00e+00h  1
  18  2.9254080e-03 8.78e-04 6.02e-03  -5.0 9.85e+00    -  1.43e-02 7.37e-02f  1
  19  2.9255452e-03 3.43e-05 3.61e-03  -5.0 6.53e-01    -  2.90e-01 1.00e+00f  1
iter    objective    inf_pr   inf_du lg(mu)  ||d||  lg(rg) alpha_du alpha_pr  ls
  20  2.9254993e-03 1.71e-06 1.34e-03  -5.0 5.58e-02    -  1.00e+00 1.00e+00h  1
  21  2.9254629e-03 1.56e-06 1.17e-03  -5.0 5.94e-02    -  1.00e+00 1.00e+00h  1
  22  2.9254344e-03 1.19e-06 1.08e-03  -5.0 5.83e-02    -  1.00e+00 1.00e+00h  1
  23  2.9254142e-03 9.99e-07 1.01e-03  -5.0 5.92e-02    -  1.00e+00 1.00e+00h  1
  24  2.9254007e-03 8.47e-07 9.50e-04  -5.0 5.99e-02    -  1.00e+00 1.00e+00h  1

Number of Iterations....: 24

                                   (scaled)                 (unscaled)
Objective...............:   2.9254007451529904e-03    2.9254007451529904e-03
Dual infeasibility......:   9.4993898902466880e-04    9.4993898902466880e-04
Constraint violation....:   8.4664015499684760e-07    8.4664015499684760e-07
Complementarity.........:   1.0000000000000003e-05    1.0000000000000003e-05
Overall NLP error.......:   9.4993898902466880e-04    9.4993898902466880e-04


Number of objective function evaluations             = 25
Number of objective gradient evaluations             = 25
Number of equality constraint evaluations            = 25
Number of inequality constraint evaluations          = 25
Number of equality constraint Jacobian evaluations   = 25
Number of inequality constraint Jacobian evaluations = 25
Number of Lagrangian Hessian evaluations             = 0
Total CPU secs in IPOPT (w/o function evaluations)   =      0.760
Total CPU secs in NLP function evaluations           =     10.291

EXIT: Optimal Solution Found.
