
List of user-set options:

                                    Name   Value                used
              acceptable_constr_viol_tol = 0.001                 yes
                          acceptable_tol = 0.01                  yes
                             alpha_for_y = safer-min-dual-infeas  yes
                         constr_viol_tol = 0.001                 yes
                        file_print_level = 5                     yes
                   hessian_approximation = limited-memory        yes
                           linear_solver = mumps                 yes
                                max_iter = 66                    yes
                                 mu_init = 1e-05                 yes
                             mu_strategy = monotone              yes
                      nlp_scaling_method = gradient-based        yes
                             output_file = /home/kaleb/projects/learning/AAD-design/sardines/SARDINE_optimization6_out/IPOPT.out  yes
                             print_level = 5                     yes
                      print_user_options = yes                   yes
                                      sb = yes                   yes
                                     tol = 0.001                 yes
This is Ipopt version 3.11.9, running with linear solver mumps.
NOTE: Other linear solvers might be more efficient (see Ipopt documentation).

Number of nonzeros in equality constraint Jacobian...:     4707
Number of nonzeros in inequality constraint Jacobian.:     1910
Number of nonzeros in Lagrangian Hessian.............:        0

Total number of variables............................:      126
                     variables with only lower bounds:        2
                variables with lower and upper bounds:      124
                     variables with only upper bounds:        0
Total number of equality constraints.................:      120
Total number of inequality constraints...............:       82
        inequality constraints with only lower bounds:       20
   inequality constraints with lower and upper bounds:       42
        inequality constraints with only upper bounds:       20

iter    objective    inf_pr   inf_du lg(mu)  ||d||  lg(rg) alpha_du alpha_pr  ls
   0  5.3995626e-06 1.96e+01 1.00e+00  -5.0 0.00e+00    -  0.00e+00 0.00e+00   0
   1  9.4524601e-06 1.92e+01 1.46e+00  -5.0 8.71e+00    -  1.88e-02 1.91e-02h  1
   2  1.2135455e-05 1.91e+01 1.50e+00  -5.0 5.19e+01    -  6.49e-03 1.86e-03h  1
   3  3.6265949e-05 1.90e+01 1.52e+00  -5.0 5.79e+01    -  3.05e-03 8.54e-03h  1
   4  1.0480491e-03 1.28e+01 6.82e+00  -5.0 1.16e+01    -  7.02e-03 3.27e-01h  2
   5  1.4596509e-03 1.02e+01 7.82e+00  -5.0 3.82e+00    -  2.47e-01 1.99e-01h  2
   6  3.0904413e-03 1.00e-03 2.34e+01  -5.0 3.02e+00    -  3.92e-01 1.00e+00h  1
   7  3.0543217e-03 1.41e-04 3.66e+00  -5.0 3.39e-01    -  7.74e-01 1.00e+00h  1
   8  3.0508969e-03 4.18e-06 2.81e-01  -5.0 6.38e-02    -  9.28e-01 1.00e+00h  1
   9  3.0509518e-03 1.14e-07 7.62e-04  -5.0 2.57e-03    -  1.00e+00 1.00e+00h  1
iter    objective    inf_pr   inf_du lg(mu)  ||d||  lg(rg) alpha_du alpha_pr  ls
  10  3.0572155e-03 3.98e-04 1.31e-03  -5.0 1.83e+00    -  1.00e+00 1.00e+00f  1
  11  3.0573109e-03 6.33e-07 5.52e-04  -5.0 2.65e-02    -  1.00e+00 1.00e+00h  1

Number of Iterations....: 11

                                   (scaled)                 (unscaled)
Objective...............:   3.0573109479998060e-03    3.0573109479998060e-03
Dual infeasibility......:   5.5234866147175230e-04    5.5234866147175230e-04
Constraint violation....:   6.3278466931192505e-07    6.3278466931192505e-07
Complementarity.........:   1.0280751014648814e-05    1.0280751014648814e-05
Overall NLP error.......:   5.5234866147175230e-04    5.5234866147175230e-04


Number of objective function evaluations             = 16
Number of objective gradient evaluations             = 12
Number of equality constraint evaluations            = 16
Number of inequality constraint evaluations          = 16
Number of equality constraint Jacobian evaluations   = 12
Number of inequality constraint Jacobian evaluations = 12
Number of Lagrangian Hessian evaluations             = 0
Total CPU secs in IPOPT (w/o function evaluations)   =      0.471
Total CPU secs in NLP function evaluations           =      4.446

EXIT: Optimal Solution Found.
