
List of user-set options:

                                    Name   Value                used
              acceptable_constr_viol_tol = 0.0001                yes
                          acceptable_tol = 0.001                 yes
                             alpha_for_y = safer-min-dual-infeas  yes
                         constr_viol_tol = 0.0001                yes
                        file_print_level = 5                     yes
                   hessian_approximation = limited-memory        yes
                           linear_solver = mumps                 yes
                                max_iter = 200                   yes
                                 mu_init = 1e-05                 yes
                             mu_strategy = monotone              yes
                      nlp_scaling_method = gradient-based        yes
                             output_file = /home/kaleb/projects/learning/AAD-design/sardines/SARDINE_optimization_out/IPOPT.out  yes
                             print_level = 5                     yes
                      print_user_options = yes                   yes
                                      sb = yes                   yes
                                     tol = 0.0001                yes
This is Ipopt version 3.11.9, running with linear solver mumps.
NOTE: Other linear solvers might be more efficient (see Ipopt documentation).

Number of nonzeros in equality constraint Jacobian...:    11716
Number of nonzeros in inequality constraint Jacobian.:     4156
Number of nonzeros in Lagrangian Hessian.............:        0

Total number of variables............................:      213
                     variables with only lower bounds:        2
                variables with lower and upper bounds:      211
                     variables with only upper bounds:        0
Total number of equality constraints.................:      200
Total number of inequality constraints...............:      124
        inequality constraints with only lower bounds:       20
   inequality constraints with lower and upper bounds:       64
        inequality constraints with only upper bounds:       40

iter    objective    inf_pr   inf_du lg(mu)  ||d||  lg(rg) alpha_du alpha_pr  ls
   0  1.5427322e-03 1.08e+01 1.23e+00  -5.0 0.00e+00    -  0.00e+00 0.00e+00   0
   1  2.8594980e-03 1.05e+01 1.19e+00  -5.0 5.66e+00    -  3.69e-03 2.86e-02h  1
   2  2.9197928e-03 1.05e+01 1.18e+00  -5.0 3.76e+00    -  2.51e-02 7.27e-04h  1
   3  1.2643411e-02 9.96e+00 1.02e+00  -5.0 3.00e+00    -  1.41e-02 4.78e-02h  1
   4  1.9153315e-02 9.81e+00 9.97e-01  -5.0 1.25e+01    -  3.03e-02 1.59e-02h  1
   5  2.2693817e-02 9.73e+00 1.19e+00  -5.0 1.58e+01    -  3.17e-02 7.42e-03h  1
   6  3.6493887e-02 9.45e+00 3.41e+00  -5.0 1.57e+01    -  1.67e-02 2.91e-02h  1
   7  3.6741895e-02 9.44e+00 3.41e+00  -5.0 4.85e+01    -  2.60e-03 1.14e-03h  1
   8  3.7206905e-02 9.42e+00 3.41e+00  -5.0 6.68e+01    -  2.06e-03 1.71e-03h  3
   9  3.9100855e-02 9.39e+00 3.43e+00  -5.0 4.46e+01    -  6.72e-08 3.90e-03h  3
iter    objective    inf_pr   inf_du lg(mu)  ||d||  lg(rg) alpha_du alpha_pr  ls
  10  5.5853942e-02 9.18e+00 6.98e+00  -5.0 1.69e+01    -  1.49e-03 2.18e-02h  1
  11  1.4099359e-01 8.33e+00 2.17e+01  -5.0 5.96e+00    -  1.57e-02 9.26e-02h  1
  12  2.5695449e-01 7.27e+00 1.89e+01  -5.0 5.91e+00    -  1.01e-01 1.27e-01h  1
  13  2.8751314e-01 6.99e+00 2.12e+01  -5.0 5.14e+00    -  6.39e-03 3.85e-02h  1
  14  3.6588847e-01 6.27e+00 1.96e+01  -5.0 5.91e+00    -  6.33e-02 1.04e-01h  1
  15  3.7365058e-01 6.19e+00 2.03e+01  -5.0 4.38e+00    -  4.76e-02 1.15e-02h  1
  16  4.2149969e-01 5.77e+00 1.63e+01  -5.0 4.52e+00    -  8.74e-02 6.86e-02h  1
  17  5.0070824e-01 5.06e+00 2.17e+01  -5.0 4.17e+00    -  2.03e-02 1.23e-01h  1
  18  8.2006774e-01 2.12e+00 3.77e+01  -5.0 3.57e+00    -  1.09e-02 5.81e-01h  1
  19  8.2035411e-01 2.12e+00 3.65e+01  -5.0 8.98e-01    -  3.47e-02 2.70e-03h  1
iter    objective    inf_pr   inf_du lg(mu)  ||d||  lg(rg) alpha_du alpha_pr  ls
  20  8.3578117e-01 1.81e+00 3.97e+01  -5.0 8.89e-01    -  1.13e-02 1.45e-01h  1
  21  8.5200004e-01 1.52e+00 3.80e+01  -5.0 7.73e-01    -  3.06e-02 1.62e-01h  1
  22  8.7422418e-01 1.26e+00 2.52e+01  -5.0 8.39e-01    -  3.62e-01 1.72e-01h  1
  23  8.9663936e-01 1.00e+00 2.11e+01  -5.0 7.21e-01    -  4.12e-02 2.02e-01h  1
  24  9.8624860e-01 1.03e-03 1.11e+01  -5.0 5.81e-01    -  3.15e-01 1.00e+00h  1
  25  9.8351960e-01 5.33e-07 4.29e+00  -5.0 2.30e-02    -  6.17e-01 1.00e+00h  1
  26  9.8334729e-01 3.24e-07 1.03e+00  -5.0 1.46e-03    -  7.49e-01 1.00e+00h  1
  27  9.8299832e-01 6.42e-07 3.65e-02  -5.0 2.76e-03    -  9.67e-01 1.00e+00h  1
  28  9.8192672e-01 1.72e-06 4.99e-02  -5.0 1.07e-01    -  4.42e-01 1.00e+00f  1
  29  9.8126229e-01 1.53e-06 1.75e-02  -5.0 1.96e-02    -  8.03e-01 1.00e+00h  1
iter    objective    inf_pr   inf_du lg(mu)  ||d||  lg(rg) alpha_du alpha_pr  ls
  30  9.8072129e-01 2.74e-06 1.31e-02  -5.0 1.58e-02    -  6.93e-01 1.00e+00h  1
  31  9.8013587e-01 2.11e-06 1.37e-02  -5.0 1.37e-02    -  9.89e-01 1.00e+00h  1
  32  9.7955048e-01 1.36e-06 1.36e-02  -5.0 1.36e-02    -  1.00e+00 1.00e+00h  1
  33  9.7896342e-01 1.34e-06 1.37e-02  -5.0 1.37e-02    -  1.00e+00 1.00e+00h  1
  34  9.7837592e-01 1.33e-06 1.37e-02  -5.0 1.37e-02    -  1.00e+00 1.00e+00h  1
  35  9.7778801e-01 1.33e-06 1.37e-02  -5.0 1.37e-02    -  1.00e+00 1.00e+00h  1
  36  9.7719974e-01 1.33e-06 1.37e-02  -5.0 1.37e-02    -  1.00e+00 1.00e+00h  1
  37  9.7661119e-01 1.34e-06 1.37e-02  -5.0 1.37e-02    -  1.00e+00 1.00e+00h  1
  38  9.7602235e-01 2.05e-06 1.37e-02  -5.0 1.37e-02    -  1.00e+00 1.00e+00h  1
  39  9.7543337e-01 1.35e-06 1.37e-02  -5.0 1.37e-02    -  1.00e+00 1.00e+00h  1
iter    objective    inf_pr   inf_du lg(mu)  ||d||  lg(rg) alpha_du alpha_pr  ls
  40  9.7484410e-01 3.68e-06 1.37e-02  -5.0 1.37e-02    -  1.00e+00 1.00e+00h  1
  41  9.7425468e-01 1.35e-06 1.37e-02  -5.0 1.37e-02    -  1.00e+00 1.00e+00h  1
  42  9.7366509e-01 1.36e-06 1.37e-02  -5.0 1.37e-02    -  1.00e+00 1.00e+00h  1
  43  9.7307537e-01 1.37e-06 1.37e-02  -5.0 1.37e-02    -  1.00e+00 1.00e+00h  1
  44  9.7248553e-01 1.38e-06 1.37e-02  -5.0 1.37e-02    -  1.00e+00 1.00e+00h  1
  45  9.7189557e-01 1.39e-06 1.37e-02  -5.0 1.37e-02    -  1.00e+00 1.00e+00h  1
  46  9.6322801e-01 6.57e-05 1.36e-02  -5.0 2.82e+01    -  7.99e-03 4.62e-03f  1
  47  9.2785211e-01 2.86e-03 1.35e-02  -5.0 5.95e+01    -  5.12e-03 6.81e-03f  1
  48  9.1987113e-01 2.56e-03 1.18e-02  -5.0 6.04e+00    -  7.17e-02 1.06e-01H  1
  49  9.1808508e-01 2.52e-03 1.09e-02  -5.0 9.82e+00    -  6.15e-02 1.89e-02h  1
iter    objective    inf_pr   inf_du lg(mu)  ||d||  lg(rg) alpha_du alpha_pr  ls
  50  9.1804851e-01 2.51e-03 9.65e-03  -5.0 1.33e+01    -  1.10e-01 2.80e-03h  1
  51  9.1814741e-01 2.46e-03 4.94e-02  -5.0 4.04e-01    -  3.20e-01 1.85e-02h  1
  52  9.1855109e-01 2.31e-03 1.18e-01  -5.0 8.30e-01    -  1.00e+00 6.36e-02h  1
  53  9.2017043e-01 1.97e-03 9.29e-02  -5.0 6.18e-01    -  2.73e-01 1.46e-01h  1
  54  9.2350833e-01 1.33e-03 5.56e-02  -5.0 5.67e-01    -  5.68e-01 3.26e-01h  1
  55  9.2816128e-01 4.32e-04 5.67e-02  -5.0 7.15e-01    -  4.06e-02 6.75e-01h  1
  56  9.2867740e-01 3.03e-04 5.67e-02  -5.0 2.99e-01    -  2.75e-02 2.98e-01h  1
  57  9.2943019e-01 1.05e-04 3.37e-02  -5.0 2.10e-01    -  9.35e-01 6.54e-01h  1
  58  9.3006585e-01 2.61e-06 8.56e-03  -5.0 7.54e-02    -  6.05e-01 1.00e+00h  1
  59  9.3005254e-01 4.58e-07 5.48e-03  -5.0 1.89e-02    -  8.81e-01 1.00e+00h  1

Number of Iterations....: 59

                                   (scaled)                 (unscaled)
Objective...............:   9.3005254495222267e-01    9.3005254495222267e-01
Dual infeasibility......:   5.4843387905341157e-03    5.4843387905341157e-03
Constraint violation....:   4.5806586796213410e-07    4.5806586796213410e-07
Complementarity.........:   7.5461541638674289e-05    7.5461541638674289e-05
Overall NLP error.......:   7.5461541638674289e-05    5.4843387905341157e-03


Number of objective function evaluations             = 67
Number of objective gradient evaluations             = 60
Number of equality constraint evaluations            = 67
Number of inequality constraint evaluations          = 67
Number of equality constraint Jacobian evaluations   = 60
Number of inequality constraint Jacobian evaluations = 60
Number of Lagrangian Hessian evaluations             = 0
Total CPU secs in IPOPT (w/o function evaluations)   =      0.794
Total CPU secs in NLP function evaluations           =     27.384

EXIT: Optimal Solution Found.
