
List of user-set options:

                                    Name   Value                used
              acceptable_constr_viol_tol = 0.0001                yes
                          acceptable_tol = 0.001                 yes
                             alpha_for_y = safer-min-dual-infeas  yes
                         constr_viol_tol = 0.0001                yes
                        file_print_level = 5                     yes
                   hessian_approximation = limited-memory        yes
                           linear_solver = mumps                 yes
                                max_iter = 200                   yes
                                 mu_init = 1e-05                 yes
                             mu_strategy = monotone              yes
                      nlp_scaling_method = gradient-based        yes
                             output_file = /home/kaleb/projects/learning/AAD-design/sardines/SARDINE_optimization3_out/IPOPT.out  yes
                             print_level = 5                     yes
                      print_user_options = yes                   yes
                                      sb = yes                   yes
                                     tol = 0.0001                yes
This is Ipopt version 3.11.9, running with linear solver mumps.
NOTE: Other linear solvers might be more efficient (see Ipopt documentation).

Number of nonzeros in equality constraint Jacobian...:    11716
Number of nonzeros in inequality constraint Jacobian.:     4156
Number of nonzeros in Lagrangian Hessian.............:        0

Total number of variables............................:      213
                     variables with only lower bounds:        2
                variables with lower and upper bounds:      211
                     variables with only upper bounds:        0
Total number of equality constraints.................:      200
Total number of inequality constraints...............:      124
        inequality constraints with only lower bounds:       20
   inequality constraints with lower and upper bounds:       64
        inequality constraints with only upper bounds:       40

iter    objective    inf_pr   inf_du lg(mu)  ||d||  lg(rg) alpha_du alpha_pr  ls
   0  1.5427322e-03 1.08e+01 1.00e+00  -5.0 0.00e+00    -  0.00e+00 0.00e+00   0
   1  2.3329525e-03 1.05e+01 1.70e+00  -5.0 5.16e+00    -  3.69e-03 2.91e-02h  1
   2  2.3757401e-03 1.05e+01 1.71e+00  -5.0 3.87e+00    -  2.64e-02 7.48e-04h  1
   3  1.1013445e-02 9.91e+00 4.55e+00  -5.0 2.94e+00    -  1.42e-02 5.22e-02h  1
   4  1.5373134e-02 9.81e+00 4.87e+00  -5.0 1.11e+01    -  2.52e-02 1.01e-02h  1
   5  2.5689673e-02 9.63e+00 6.15e+00  -5.0 1.64e+01    -  2.48e-02 1.82e-02h  1
   6  2.8053811e-02 9.59e+00 6.67e+00  -5.0 1.57e+01    -  1.45e-02 4.34e-03h  1
   7  4.2382329e-02 9.34e+00 8.71e+00  -5.0 1.58e+01    -  1.88e-02 2.63e-02h  1
   8  4.2561746e-02 9.33e+00 1.06e+01  -5.0 5.71e+00    -  1.60e-03 6.23e-04h  1
   9  4.6265746e-02 9.27e+00 1.27e+01  -5.0 2.72e+01    -  6.18e-08 7.13e-03h  1
iter    objective    inf_pr   inf_du lg(mu)  ||d||  lg(rg) alpha_du alpha_pr  ls
  10  5.2855453e-02 9.18e+00 1.37e+01  -5.0 9.78e+00    -  2.99e-03 9.19e-03h  1
  11  6.6113262e-02 9.01e+00 1.17e+01  -5.0 1.00e+01    -  1.41e-02 1.88e-02h  2
  12  8.3155393e-02 8.78e+00 7.89e+00  -5.0 1.20e+01    -  2.05e-02 2.51e-02h  2
  13  1.3303685e-01 8.21e+00 1.13e+01  -5.0 7.77e+00    -  2.41e-02 6.56e-02h  1
  14  1.5550813e-01 7.95e+00 1.22e+01  -5.0 1.04e+01    -  7.25e-02 3.09e-02h  1
  15  1.5667397e-01 7.94e+00 1.23e+01  -5.0 5.03e+00    -  2.74e-03 1.50e-03h  1
  16  2.2397183e-01 7.25e+00 1.97e+01  -5.0 5.01e+00    -  1.85e-03 8.71e-02h  1
  17  2.2444369e-01 7.24e+00 1.96e+01  -5.0 4.49e+00    -  9.13e-03 6.81e-04h  1
  18  2.3645899e-01 7.12e+00 2.08e+01  -5.0 4.51e+00    -  1.69e-03 1.73e-02h  1
  19  2.3708511e-01 7.11e+00 2.05e+01  -5.0 4.51e+00    -  1.96e-02 9.00e-04h  1
iter    objective    inf_pr   inf_du lg(mu)  ||d||  lg(rg) alpha_du alpha_pr  ls
  20  3.7394672e-01 5.71e+00 3.59e+01  -5.0 4.51e+00    -  6.60e-03 1.97e-01h  1
  21  3.8511753e-01 5.60e+00 3.96e+01  -5.0 3.57e+00    -  3.76e-03 2.03e-02h  1
  22  7.8447025e-01 1.54e+00 7.69e+01  -5.0 3.57e+00    -  5.25e-02 7.25e-01h  1
  23  7.9939940e-01 1.39e+00 7.22e+01  -5.0 9.66e-01    -  6.74e-02 1.00e-01h  1
  24  8.7856717e-01 5.79e-01 4.95e+01  -5.0 8.81e-01    -  2.12e-01 5.82e-01h  1
  25  9.0702100e-01 2.76e-01 4.11e+01  -5.0 3.53e-01    -  1.04e-01 5.23e-01h  1
  26  9.3285379e-01 2.30e-04 3.56e+01  -5.0 1.67e-01    -  5.72e-01 1.00e+00h  1
  27  9.3168008e-01 1.90e-06 2.64e+00  -5.0 1.52e-02    -  9.26e-01 1.00e+00h  1
  28  9.3154482e-01 8.44e-07 2.82e-01  -5.0 3.26e-02    -  8.07e-01 1.00e+00h  1
  29  9.3121364e-01 9.47e-07 9.28e-02  -5.0 8.80e-03    -  6.71e-01 1.00e+00h  1
iter    objective    inf_pr   inf_du lg(mu)  ||d||  lg(rg) alpha_du alpha_pr  ls
  30  9.3089620e-01 2.43e-06 5.34e-02  -5.0 1.46e-02    -  4.26e-01 1.00e+00h  1
  31  9.3055439e-01 1.08e-06 2.83e-02  -5.0 1.38e-02    -  4.70e-01 1.00e+00h  1
  32  9.3021302e-01 5.43e-04 3.74e-02  -5.0 3.31e-02    -  4.07e-01 6.15e-01h  1
  33  9.2971814e-01 1.26e-06 1.71e-02  -5.0 2.13e-02    -  5.41e-01 1.00e+00f  1
  34  9.2918435e-01 1.17e-06 1.21e-02  -5.0 2.03e-02    -  9.42e-01 1.00e+00h  1
  35  9.2880915e-01 3.94e-04 4.84e-02  -5.0 1.56e-01    -  1.00e+00 6.75e-01H  1
  36  9.2826716e-01 1.20e-06 3.87e-02  -5.0 1.89e-02    -  1.97e-01 1.00e+00f  1
  37  9.2771619e-01 1.19e-06 1.26e-02  -5.0 1.76e-02    -  8.70e-01 1.00e+00h  1

Number of Iterations....: 37

                                   (scaled)                 (unscaled)
Objective...............:   9.2771619315144893e-01    9.2771619315144893e-01
Dual infeasibility......:   1.2610533544654908e-02    1.2610533544654908e-02
Constraint violation....:   1.1933868585410959e-06    1.1933868585410959e-06
Complementarity.........:   2.6568446313843041e-05    2.6568446313843041e-05
Overall NLP error.......:   2.6568446313843041e-05    1.2610533544654908e-02


Number of objective function evaluations             = 43
Number of objective gradient evaluations             = 38
Number of equality constraint evaluations            = 43
Number of inequality constraint evaluations          = 43
Number of equality constraint Jacobian evaluations   = 38
Number of inequality constraint Jacobian evaluations = 38
Number of Lagrangian Hessian evaluations             = 0
Total CPU secs in IPOPT (w/o function evaluations)   =      0.610
Total CPU secs in NLP function evaluations           =     18.453

EXIT: Optimal Solution Found.
