
List of user-set options:

                                    Name   Value                used
              acceptable_constr_viol_tol = 0.001                 yes
                          acceptable_tol = 0.01                  yes
                             alpha_for_y = safer-min-dual-infeas  yes
                         constr_viol_tol = 0.001                 yes
                        file_print_level = 5                     yes
                   hessian_approximation = limited-memory        yes
                           linear_solver = mumps                 yes
                                max_iter = 66                    yes
                                 mu_init = 1e-05                 yes
                             mu_strategy = monotone              yes
                      nlp_scaling_method = gradient-based        yes
                             output_file = /home/kaleb/projects/learning/AAD-design/sardines/SARDINE_optimization15_out/IPOPT.out  yes
                             print_level = 5                     yes
                      print_user_options = yes                   yes
                                      sb = yes                   yes
                                     tol = 0.001                 yes
This is Ipopt version 3.11.9, running with linear solver mumps.
NOTE: Other linear solvers might be more efficient (see Ipopt documentation).

Number of nonzeros in equality constraint Jacobian...:    11828
Number of nonzeros in inequality constraint Jacobian.:     4160
Number of nonzeros in Lagrangian Hessian.............:        0

Total number of variables............................:      215
                     variables with only lower bounds:        2
                variables with lower and upper bounds:      213
                     variables with only upper bounds:        0
Total number of equality constraints.................:      206
Total number of inequality constraints...............:      124
        inequality constraints with only lower bounds:       20
   inequality constraints with lower and upper bounds:       64
        inequality constraints with only upper bounds:       40

iter    objective    inf_pr   inf_du lg(mu)  ||d||  lg(rg) alpha_du alpha_pr  ls
   0  5.3995626e-06 1.96e+01 1.00e+00  -5.0 0.00e+00    -  0.00e+00 0.00e+00   0
   1  8.2503964e-06 1.92e+01 9.97e-01  -5.0 5.28e+00    -  6.88e-03 1.65e-02h  1
   2  8.3375360e-06 1.92e+01 1.15e+00  -5.0 4.41e+00    -  1.62e-02 9.62e-04h  1
   3  1.6353039e-05 1.82e+01 1.13e+00  -5.0 4.16e+00    -  1.55e-02 5.36e-02h  1
   4  4.8755419e-05 1.78e+01 1.12e+00  -5.0 2.95e+00    -  1.02e-02 2.04e-02h  1
   5  2.6116535e-04 1.56e+01 1.13e+00  -5.0 3.18e+00    -  2.78e-02 1.24e-01h  1
   6r 2.6116535e-04 1.56e+01 9.99e+02   1.2 0.00e+00    -  0.00e+00 3.40e-07R  3
   7r 2.5300402e-04 1.57e+01 9.99e+02   1.2 2.62e+06    -  1.66e-06 3.27e-08f  6
   8r 2.8942702e-04 1.15e+01 9.99e+02   1.2 1.26e+03    -  9.12e-05 3.29e-03f  1
   9r 2.8942702e-04 1.15e+01 9.99e+02   1.1 0.00e+00    -  0.00e+00 4.07e-07R  2
iter    objective    inf_pr   inf_du lg(mu)  ||d||  lg(rg) alpha_du alpha_pr  ls
  10r 2.8038251e-04 1.16e+01 9.99e+02   1.1 3.54e+05    -  1.07e-05 2.69e-07f  6
  11r 3.2368088e-04 9.20e+00 9.98e+02   1.1 1.20e+03    -  1.21e-03 2.03e-03f  1
  12  3.2654601e-04 9.18e+00 4.10e+00  -5.0 3.30e+00    -  5.09e-02 1.61e-03h  1
  13  4.0713898e-04 8.80e+00 3.67e+00  -5.0 3.63e+00    -  4.43e-02 4.11e-02h  1
  14  5.3419709e-04 8.25e+00 5.17e+00  -5.0 3.74e+00    -  6.51e-02 6.30e-02h  1
  15  9.0206090e-04 6.60e+00 8.98e+00  -5.0 5.28e+00    -  7.15e-02 2.00e-01h  1
  16  2.4142130e-03 9.41e-04 1.36e+01  -5.0 2.80e+00    -  1.55e-01 1.00e+00h  1
  17  2.4072619e-03 3.59e-07 4.37e+00  -5.0 1.29e-02    -  6.80e-01 1.00e+00h  1
  18  2.4081297e-03 3.04e-06 1.66e+00  -5.0 4.43e-02    -  6.21e-01 1.00e+00h  1
  19  2.4081103e-03 5.45e-08 4.76e-02  -5.0 3.87e-04    -  9.71e-01 1.00e+00h  1
iter    objective    inf_pr   inf_du lg(mu)  ||d||  lg(rg) alpha_du alpha_pr  ls
  20  2.4081762e-03 4.59e-07 3.95e-03  -5.0 1.40e-02    -  9.20e-01 1.00e+00h  1
  21  2.4078919e-03 8.07e-06 2.91e-03  -5.0 1.72e-01    -  3.79e-01 1.00e+00h  1
  22  2.4078534e-03 5.08e-06 1.87e-03  -5.0 1.23e-01    -  9.50e-01 1.00e+00h  1
  23  2.4078575e-03 4.65e-06 2.08e-03  -5.0 1.30e-01    -  1.00e+00 1.00e+00h  1
  24  2.4079183e-03 9.88e-07 1.48e-03  -5.0 7.40e-02    -  1.00e+00 1.00e+00h  1
  25  2.4085960e-03 2.99e-05 4.17e-04  -5.0 3.32e+00    -  8.32e-01 1.00e+00h  1

Number of Iterations....: 25

                                   (scaled)                 (unscaled)
Objective...............:   2.4085959997433583e-03    2.4085959997433583e-03
Dual infeasibility......:   4.1672727273223267e-04    4.1672727273223267e-04
Constraint violation....:   2.9867214918807530e-05    2.9867214918807530e-05
Complementarity.........:   1.0085045251372035e-05    1.0085045251372035e-05
Overall NLP error.......:   4.1672727273223267e-04    4.1672727273223267e-04


Number of objective function evaluations             = 43
Number of objective gradient evaluations             = 24
Number of equality constraint evaluations            = 43
Number of inequality constraint evaluations          = 43
Number of equality constraint Jacobian evaluations   = 28
Number of inequality constraint Jacobian evaluations = 28
Number of Lagrangian Hessian evaluations             = 0
Total CPU secs in IPOPT (w/o function evaluations)   =      0.787
Total CPU secs in NLP function evaluations           =     19.401

EXIT: Optimal Solution Found.
