
List of user-set options:

                                    Name   Value                used
              acceptable_constr_viol_tol = 0.001                 yes
                          acceptable_tol = 0.01                  yes
                             alpha_for_y = safer-min-dual-infeas  yes
                         constr_viol_tol = 0.001                 yes
                        file_print_level = 5                     yes
                   hessian_approximation = limited-memory        yes
                           linear_solver = mumps                 yes
                                max_iter = 66                    yes
                                 mu_init = 1e-05                 yes
                             mu_strategy = monotone              yes
                      nlp_scaling_method = gradient-based        yes
                             output_file = /home/kaleb/projects/learning/AAD-design/sardines/SARDINE_optimization_out/IPOPT.out  yes
                             print_level = 5                     yes
                      print_user_options = yes                   yes
                                      sb = yes                   yes
                                     tol = 0.001                 yes
This is Ipopt version 3.11.9, running with linear solver mumps.
NOTE: Other linear solvers might be more efficient (see Ipopt documentation).

Number of nonzeros in equality constraint Jacobian...:     4707
Number of nonzeros in inequality constraint Jacobian.:     1910
Number of nonzeros in Lagrangian Hessian.............:        0

Total number of variables............................:      126
                     variables with only lower bounds:        2
                variables with lower and upper bounds:      124
                     variables with only upper bounds:        0
Total number of equality constraints.................:      120
Total number of inequality constraints...............:       82
        inequality constraints with only lower bounds:       20
   inequality constraints with lower and upper bounds:       42
        inequality constraints with only upper bounds:       20

iter    objective    inf_pr   inf_du lg(mu)  ||d||  lg(rg) alpha_du alpha_pr  ls
   0  5.3995626e-06 1.96e+01 1.00e+00  -5.0 0.00e+00    -  0.00e+00 0.00e+00   0
   1  9.1591475e-06 1.93e+01 1.20e+00  -5.0 1.04e+01    -  1.35e-02 1.37e-02h  1
   2  1.2065851e-05 1.93e+01 1.46e+00  -5.0 7.28e+01    -  5.03e-03 1.60e-03h  1
   3  4.0402632e-05 1.91e+01 1.35e+00  -5.0 6.13e+01    -  2.76e-03 8.99e-03h  1
   4  1.4725583e-03 1.12e+01 9.69e+00  -5.0 1.11e+01    -  7.78e-03 4.11e-01h  2
   5  3.4156096e-03 1.05e+00 2.62e+00  -5.0 3.97e+00    -  3.39e-01 9.07e-01h  1
   6  3.4171729e-03 1.04e+00 1.72e+01  -5.0 2.08e+00    -  7.07e-01 8.04e-03h  1
   7  3.6164852e-03 7.70e-05 2.17e+01  -5.0 3.09e+00    -  7.80e-01 1.00e+00H  1
   8  3.6174991e-03 3.18e-05 2.69e-02  -5.0 1.36e-02    -  9.97e-01 1.00e+00h  1
   9  3.6174547e-03 4.98e-07 2.07e-04  -5.0 1.23e-02    -  1.00e+00 1.00e+00h  1
iter    objective    inf_pr   inf_du lg(mu)  ||d||  lg(rg) alpha_du alpha_pr  ls
  10  3.6187534e-03 2.89e-04 1.12e-02  -5.0 2.73e-01    -  1.00e+00 1.00e+00h  1
  11  3.6185279e-03 1.42e-06 6.95e-04  -5.0 3.16e-02    -  9.55e-01 1.00e+00h  1

Number of Iterations....: 11

                                   (scaled)                 (unscaled)
Objective...............:   3.6185279108913678e-03    3.6185279108913678e-03
Dual infeasibility......:   6.9509328200891951e-04    6.9509328200891951e-04
Constraint violation....:   1.4167559510894568e-06    1.4167559510894568e-06
Complementarity.........:   1.0224464294584981e-05    1.0224464294584981e-05
Overall NLP error.......:   6.9509328200891951e-04    6.9509328200891951e-04


Number of objective function evaluations             = 18
Number of objective gradient evaluations             = 12
Number of equality constraint evaluations            = 18
Number of inequality constraint evaluations          = 18
Number of equality constraint Jacobian evaluations   = 12
Number of inequality constraint Jacobian evaluations = 12
Number of Lagrangian Hessian evaluations             = 0
Total CPU secs in IPOPT (w/o function evaluations)   =      0.505
Total CPU secs in NLP function evaluations           =      5.031

EXIT: Optimal Solution Found.
