
List of user-set options:

                                    Name   Value                used
              acceptable_constr_viol_tol = 0.0001                yes
                          acceptable_tol = 0.001                 yes
                             alpha_for_y = safer-min-dual-infeas  yes
                         constr_viol_tol = 0.0001                yes
                        file_print_level = 5                     yes
                   hessian_approximation = limited-memory        yes
                           linear_solver = mumps                 yes
                                max_iter = 200                   yes
                                 mu_init = 1e-05                 yes
                             mu_strategy = monotone              yes
                      nlp_scaling_method = gradient-based        yes
                             output_file = /home/kaleb/projects/learning/AAD-design/sardines/SARDINE_optimization4_out/IPOPT.out  yes
                             print_level = 5                     yes
                      print_user_options = yes                   yes
                                      sb = yes                   yes
                                     tol = 0.0001                yes
This is Ipopt version 3.11.9, running with linear solver mumps.
NOTE: Other linear solvers might be more efficient (see Ipopt documentation).

Number of nonzeros in equality constraint Jacobian...:    11716
Number of nonzeros in inequality constraint Jacobian.:     4156
Number of nonzeros in Lagrangian Hessian.............:        0

Total number of variables............................:      213
                     variables with only lower bounds:        2
                variables with lower and upper bounds:      211
                     variables with only upper bounds:        0
Total number of equality constraints.................:      200
Total number of inequality constraints...............:      124
        inequality constraints with only lower bounds:       20
   inequality constraints with lower and upper bounds:       64
        inequality constraints with only upper bounds:       40

iter    objective    inf_pr   inf_du lg(mu)  ||d||  lg(rg) alpha_du alpha_pr  ls
   0  1.5427322e-03 1.08e+01 1.00e+00  -5.0 0.00e+00    -  0.00e+00 0.00e+00   0
   1  3.3558298e-03 1.05e+01 2.07e+00  -5.0 8.74e+00    -  2.95e-03 2.86e-02h  1
   2  4.5197406e-03 1.04e+01 2.23e+00  -5.0 8.73e+00    -  9.70e-03 3.40e-03h  1
   3  1.3486431e-02 1.03e+01 4.44e+00  -5.0 1.53e+01    -  8.51e-03 1.69e-02h  1
   4  1.5503058e-02 1.02e+01 4.86e+00  -5.0 1.47e+01    -  1.63e-02 3.88e-03h  1
   5  3.1063717e-02 9.93e+00 8.08e+00  -5.0 1.61e+01    -  1.77e-02 2.81e-02h  1
   6  3.1439936e-02 9.91e+00 1.08e+01  -5.0 2.48e+01    -  5.93e-03 1.84e-03h  1
   7  3.2148920e-02 9.89e+00 1.82e+01  -5.0 7.16e+01    -  2.78e-03 2.58e-03h  2
   8  3.6624836e-02 9.81e+00 2.12e+01  -5.0 4.42e+01    -  9.60e-04 8.06e-03h  1
   9  4.7182050e-02 9.68e+00 2.32e+01  -5.0 2.28e+01    -  4.69e-03 1.33e-02h  1
iter    objective    inf_pr   inf_du lg(mu)  ||d||  lg(rg) alpha_du alpha_pr  ls
  10  1.0525175e-01 9.13e+00 2.56e+01  -5.0 6.70e+00    -  1.10e-02 5.62e-02h  1
  11  2.1013385e-01 8.23e+00 3.07e+01  -5.0 6.84e+00    -  5.93e-02 9.93e-02h  1
  12  3.1379349e-01 7.33e+00 3.49e+01  -5.0 6.18e+00    -  7.84e-02 1.09e-01h  1
  13r 3.1379349e-01 7.33e+00 9.99e+02   0.9 0.00e+00    -  0.00e+00 4.23e-08R  8
  14r 3.3510837e-01 5.21e+00 9.99e+02   0.9 4.22e+02    -  4.00e-04 5.03e-03f  1
  15  3.3619844e-01 5.20e+00 3.66e+01  -5.0 5.76e+00    -  1.08e-01 1.42e-03h  1
  16  3.7091988e-01 4.99e+00 2.15e+01  -5.0 5.55e+00    -  8.82e-02 4.05e-02h  1
  17  4.1952962e-01 4.69e+00 1.84e+01  -5.0 5.27e+00    -  5.64e-02 5.98e-02h  1
  18  4.5557875e-01 4.47e+00 1.58e+01  -5.0 4.93e+00    -  8.90e-02 4.74e-02h  1
  19  6.8967298e-01 3.03e+00 1.95e+01  -5.0 4.70e+00    -  2.94e-02 3.23e-01h  1
iter    objective    inf_pr   inf_du lg(mu)  ||d||  lg(rg) alpha_du alpha_pr  ls
  20  7.6412641e-01 2.56e+00 1.89e+01  -5.0 3.10e+00    -  6.49e-02 1.56e-01h  1
  21  8.3622191e-01 2.10e+00 1.70e+01  -5.0 2.60e+00    -  3.33e-02 1.80e-01h  1
  22  8.4922057e-01 2.01e+00 1.51e+01  -5.0 2.08e+00    -  1.08e-01 4.06e-02h  1
  23  8.5935414e-01 1.70e+00 1.71e+01  -5.0 3.22e+00    -  1.47e-03 1.54e-01h  1
  24  8.5993102e-01 1.70e+00 1.72e+01  -5.0 1.87e+00    -  7.41e-03 3.95e-03h  1
  25  8.6926630e-01 1.45e+00 1.65e+01  -5.0 2.03e+00    -  1.27e-02 1.47e-01h  1
  26  8.7887480e-01 1.26e+00 4.61e+00  -5.0 1.48e+00    -  7.11e-01 1.28e-01h  1
  27  8.8755062e-01 1.20e+00 6.90e+00  -5.0 1.10e+00    -  8.87e-02 5.09e-02h  1
  28  9.3133163e-01 8.85e-01 7.19e+00  -5.0 1.09e+00    -  3.00e-02 2.60e-01h  1
  29  9.5349386e-01 7.25e-01 6.14e+00  -5.0 7.94e-01    -  1.52e-01 1.81e-01h  1
iter    objective    inf_pr   inf_du lg(mu)  ||d||  lg(rg) alpha_du alpha_pr  ls
  30  1.0510423e+00 4.69e-04 2.34e+00  -5.0 6.32e-01    -  6.74e-01 1.00e+00h  1
  31  1.0509470e+00 1.13e-07 3.83e-01  -5.0 8.46e-03    -  8.37e-01 1.00e+00h  1
  32  1.0508200e+00 3.23e-06 1.36e-01  -5.0 5.44e-02    -  6.56e-01 1.00e+00h  1
  33  1.0506211e+00 1.49e-05 8.57e-03  -5.0 2.08e-02    -  9.37e-01 1.00e+00h  1
  34  1.0493981e+00 2.14e-05 1.16e-02  -5.0 8.30e-01    -  1.92e-01 3.21e-01h  1
  35  1.0491378e+00 2.09e-05 9.97e-03  -5.0 4.23e+00    -  1.19e-01 3.24e-02f  1
  36  1.0472019e+00 1.62e-04 9.43e-03  -5.0 9.78e+00    -  7.99e-02 8.75e-02f  1
  37  1.0441080e+00 5.77e-04 1.84e-02  -5.0 3.51e+00    -  5.54e-01 3.87e-01h  1
  38  1.0436279e+00 4.22e-04 1.19e-02  -5.0 5.12e-01    -  3.39e-01 1.00e+00f  1
  39  1.0434500e+00 4.05e-04 6.95e-03  -5.0 6.79e-01    -  9.70e-01 3.73e-02h  1
iter    objective    inf_pr   inf_du lg(mu)  ||d||  lg(rg) alpha_du alpha_pr  ls
  40  1.0415244e+00 1.50e-04 7.15e-03  -5.0 6.83e-01    -  1.00e+00 4.66e-01f  1
  41  1.0412901e+00 1.23e-04 4.41e-03  -5.0 2.42e-01    -  4.68e-01 1.75e-01h  1
  42  1.0411931e+00 1.64e-07 1.79e-03  -5.0 2.31e-02    -  8.23e-01 1.00e+00f  1
  43  1.0411049e+00 1.17e-06 3.47e-03  -5.0 2.96e-02    -  1.00e+00 1.00e+00h  1
  44  1.0410625e+00 1.37e-07 1.45e-03  -5.0 1.11e-02    -  1.00e+00 1.00e+00h  1
  45  1.0410504e+00 1.20e-07 1.38e-03  -5.0 9.10e-03    -  1.00e+00 1.00e+00h  1
  46  1.0410481e+00 2.77e-07 8.89e-04  -5.0 7.31e-03    -  1.00e+00 1.00e+00h  1
  47  1.0410503e+00 6.23e-07 9.14e-04  -5.0 1.65e-02    -  1.00e+00 1.00e+00h  1
  48  1.0410567e+00 2.66e-07 5.08e-04  -5.0 2.12e-02    -  1.00e+00 1.00e+00h  1
  49  1.0410597e+00 8.93e-08 4.70e-04  -5.0 1.67e-02    -  1.00e+00 1.00e+00h  1
iter    objective    inf_pr   inf_du lg(mu)  ||d||  lg(rg) alpha_du alpha_pr  ls
  50  1.0410610e+00 1.79e-08 4.62e-04  -5.0 1.54e-02    -  1.00e+00 1.00e+00h  1
  51  1.0410613e+00 4.26e-09 4.12e-04  -5.0 8.98e-05    -  1.00e+00 1.00e+00h  1
  52  1.0410614e+00 1.69e-09 4.12e-04  -5.0 7.86e-05    -  1.00e+00 1.00e+00h  1
  53  1.0410614e+00 9.55e-10 4.38e-05  -5.0 7.05e-05    -  1.00e+00 1.00e+00h  1

Number of Iterations....: 53

                                   (scaled)                 (unscaled)
Objective...............:   1.0410614265552660e+00    1.0410614265552660e+00
Dual infeasibility......:   4.3805816557388646e-05    4.3805816557388646e-05
Constraint violation....:   9.5450936413827199e-10    9.5450936413827199e-10
Complementarity.........:   1.0000000000000003e-05    1.0000000000000003e-05
Overall NLP error.......:   4.3805816557388646e-05    4.3805816557388646e-05


Number of objective function evaluations             = 64
Number of objective gradient evaluations             = 54
Number of equality constraint evaluations            = 64
Number of inequality constraint evaluations          = 64
Number of equality constraint Jacobian evaluations   = 55
Number of inequality constraint Jacobian evaluations = 55
Number of Lagrangian Hessian evaluations             = 0
Total CPU secs in IPOPT (w/o function evaluations)   =      0.635
Total CPU secs in NLP function evaluations           =     29.062

EXIT: Optimal Solution Found.
