
List of user-set options:

                                    Name   Value                used
              acceptable_constr_viol_tol = 0.001                 yes
                          acceptable_tol = 0.01                  yes
                             alpha_for_y = safer-min-dual-infeas  yes
                         constr_viol_tol = 0.001                 yes
                        file_print_level = 5                     yes
                   hessian_approximation = limited-memory        yes
                           linear_solver = mumps                 yes
                                max_iter = 66                    yes
                                 mu_init = 1e-05                 yes
                             mu_strategy = monotone              yes
                      nlp_scaling_method = gradient-based        yes
                             output_file = /home/kaleb/projects/learning/AAD-design/sardines/SARDINE_optimization13_out/IPOPT.out  yes
                             print_level = 5                     yes
                      print_user_options = yes                   yes
                                      sb = yes                   yes
                                     tol = 0.001                 yes
This is Ipopt version 3.11.9, running with linear solver mumps.
NOTE: Other linear solvers might be more efficient (see Ipopt documentation).

Number of nonzeros in equality constraint Jacobian...:     4707
Number of nonzeros in inequality constraint Jacobian.:     1910
Number of nonzeros in Lagrangian Hessian.............:        0

Total number of variables............................:      126
                     variables with only lower bounds:        2
                variables with lower and upper bounds:      124
                     variables with only upper bounds:        0
Total number of equality constraints.................:      120
Total number of inequality constraints...............:       82
        inequality constraints with only lower bounds:       20
   inequality constraints with lower and upper bounds:       42
        inequality constraints with only upper bounds:       20

iter    objective    inf_pr   inf_du lg(mu)  ||d||  lg(rg) alpha_du alpha_pr  ls
   0  5.3995626e-06 1.96e+01 1.00e+00  -5.0 0.00e+00    -  0.00e+00 0.00e+00   0
   1  9.9616749e-06 1.88e+01 1.11e+00  -5.0 4.73e+00    -  3.70e-02 3.85e-02h  1
   2  1.1698754e-05 1.88e+01 1.29e+00  -5.0 2.63e+01    -  1.32e-02 2.32e-03h  1
   3  2.6743619e-05 1.87e+01 1.30e+00  -5.0 8.37e+01    -  2.84e-03 5.64e-03h  1
   4  8.3681722e-04 1.35e+01 9.19e+00  -5.0 2.82e+01    -  3.55e-03 2.76e-01h  1
   5  1.3116473e-03 1.05e+01 1.24e+01  -5.0 4.01e+00    -  1.97e-01 2.19e-01h  1
   6  1.4395174e-03 9.73e+00 1.14e+01  -5.0 3.10e+00    -  3.71e-01 7.64e-02h  4
   7  1.4865719e-03 9.44e+00 7.97e+00  -5.0 2.84e+00    -  4.45e-01 3.07e-02h  5
   8  1.4965742e-03 9.37e+00 4.29e+00  -5.0 2.93e+00    -  5.06e-01 6.75e-03h  7
   9  1.4971718e-03 9.37e+00 2.64e+00  -5.0 3.04e+00    -  5.19e-01 4.07e-04h 11
iter    objective    inf_pr   inf_du lg(mu)  ||d||  lg(rg) alpha_du alpha_pr  ls
  10  2.1434457e-03 5.23e+00 1.22e+01  -5.0 3.46e+00    -  4.41e-01 4.41e-01s 21
  11  2.3394661e-03 3.90e+00 2.30e+01  -5.0 5.78e+00    -  2.55e-01 2.55e-01s 21
  12  2.5157158e-03 2.58e+00 9.03e+00  -5.0 5.09e+00    -  3.38e-01 0.00e+00S 21
  13  2.7316202e-03 1.07e+00 5.19e+00  -5.0 6.46e+00    -  3.95e-01 5.87e-01h  1
  14  2.8847702e-03 7.52e-05 1.82e+00  -5.0 5.14e+00    -  6.64e-01 1.00e+00h  1
  15  2.8851210e-03 4.38e-07 3.87e-02  -5.0 2.31e-02    -  9.79e-01 1.00e+00h  1
  16  2.8850734e-03 5.59e-07 1.50e-03  -5.0 2.51e-02    -  9.68e-01 1.00e+00h  1
  17  2.8874492e-03 2.78e-05 2.39e-03  -5.0 1.56e+00    -  7.68e-02 1.00e+00h  1
  18  2.8873878e-03 1.06e-06 1.12e-03  -5.0 4.95e-02    -  1.00e+00 1.00e+00h  1
  19  2.8873701e-03 3.11e-06 1.84e-03  -5.0 7.43e-02    -  1.00e+00 1.00e+00h  1
iter    objective    inf_pr   inf_du lg(mu)  ||d||  lg(rg) alpha_du alpha_pr  ls
  20  2.8873427e-03 1.33e-06 1.21e-03  -5.0 5.19e-02    -  1.00e+00 1.00e+00h  1
  21  2.8873251e-03 1.11e-06 1.10e-03  -5.0 4.95e-02    -  1.00e+00 1.00e+00h  1
  22  2.8873139e-03 8.99e-07 9.73e-04  -5.0 4.60e-02    -  1.00e+00 1.00e+00h  1

Number of Iterations....: 22

                                   (scaled)                 (unscaled)
Objective...............:   2.8873138541352576e-03    2.8873138541352576e-03
Dual infeasibility......:   9.7294652883979501e-04    9.7294652883979501e-04
Constraint violation....:   8.9879240715502531e-07    8.9879240715502531e-07
Complementarity.........:   1.0000000000000003e-05    1.0000000000000003e-05
Overall NLP error.......:   9.7294652883979501e-04    9.7294652883979501e-04


Number of objective function evaluations             = 66
Number of objective gradient evaluations             = 23
Number of equality constraint evaluations            = 66
Number of inequality constraint evaluations          = 66
Number of equality constraint Jacobian evaluations   = 23
Number of inequality constraint Jacobian evaluations = 23
Number of Lagrangian Hessian evaluations             = 0
Total CPU secs in IPOPT (w/o function evaluations)   =      0.522
Total CPU secs in NLP function evaluations           =     16.947

EXIT: Optimal Solution Found.
