
List of user-set options:

                                    Name   Value                used
              acceptable_constr_viol_tol = 0.0001                yes
                          acceptable_tol = 0.001                 yes
                             alpha_for_y = safer-min-dual-infeas  yes
                         constr_viol_tol = 0.0001                yes
                        file_print_level = 5                     yes
                   hessian_approximation = limited-memory        yes
                           linear_solver = mumps                 yes
                                max_iter = 200                   yes
                                 mu_init = 1e-05                 yes
                             mu_strategy = monotone              yes
                      nlp_scaling_method = gradient-based        yes
                             output_file = /home/kaleb/projects/learning/AAD-design/sardines/SARDINE_optimization25_out/IPOPT.out  yes
                             print_level = 5                     yes
                      print_user_options = yes                   yes
                                      sb = yes                   yes
                                     tol = 0.0001                yes
This is Ipopt version 3.11.9, running with linear solver mumps.
NOTE: Other linear solvers might be more efficient (see Ipopt documentation).

Number of nonzeros in equality constraint Jacobian...:    11716
Number of nonzeros in inequality constraint Jacobian.:     4156
Number of nonzeros in Lagrangian Hessian.............:        0

Total number of variables............................:      213
                     variables with only lower bounds:        2
                variables with lower and upper bounds:      211
                     variables with only upper bounds:        0
Total number of equality constraints.................:      200
Total number of inequality constraints...............:      124
        inequality constraints with only lower bounds:       20
   inequality constraints with lower and upper bounds:       64
        inequality constraints with only upper bounds:       40

iter    objective    inf_pr   inf_du lg(mu)  ||d||  lg(rg) alpha_du alpha_pr  ls
   0  1.5427322e-03 1.08e+01 1.00e+00  -5.0 0.00e+00    -  0.00e+00 0.00e+00   0
   1  2.4478603e-03 1.05e+01 2.74e+00  -5.0 4.15e+00    -  2.46e-03 3.04e-02h  1
   2  2.5045300e-03 1.04e+01 2.74e+00  -5.0 4.55e+00    -  2.88e-02 7.97e-04h  1
   3  1.2583524e-02 9.84e+00 7.65e+00  -5.0 4.47e+00    -  1.41e-02 5.75e-02h  1
   4  1.4982404e-02 9.75e+00 8.13e+00  -5.0 5.95e+00    -  4.06e-02 9.30e-03h  1
   5  2.7750892e-02 9.45e+00 9.48e+00  -5.0 1.37e+01    -  2.90e-02 3.07e-02h  1
   6  3.0864134e-02 9.38e+00 9.27e+00  -5.0 1.49e+01    -  2.43e-02 7.11e-03h  1
   7  3.8728627e-02 9.21e+00 1.18e+01  -5.0 1.40e+01    -  2.35e-02 1.87e-02h  1
   8  3.8913433e-02 9.20e+00 1.04e+01  -5.0 3.42e+01    -  1.57e-03 1.35e-03h  1
   9  3.8913441e-02 9.20e+00 1.04e+01  -5.0 4.09e+01    -  5.29e-08 5.98e-08h  2
iter    objective    inf_pr   inf_du lg(mu)  ||d||  lg(rg) alpha_du alpha_pr  ls
  10  3.8913459e-02 9.20e+00 1.03e+01  -5.0 4.23e+01    -  3.89e-05 1.34e-07h  2
  11  3.8919023e-02 9.20e+00 1.03e+01  -5.0 3.52e+01    -  1.58e-06 3.79e-05h  1
  12  3.9301394e-02 9.17e+00 1.57e+01  -5.0 4.09e+01    -  7.67e-05 2.88e-03h  1
  13  3.9311550e-02 9.17e+00 1.57e+01  -5.0 3.43e+01    -  1.80e-07 6.86e-05h  1
  14  3.9573952e-02 9.15e+00 1.84e+01  -5.0 3.95e+01    -  9.17e-05 2.11e-03h  1
  15  4.0090618e-02 9.11e+00 2.22e+01  -5.0 3.39e+01    -  1.90e-04 4.40e-03h  2
  16  4.0110765e-02 9.11e+00 2.22e+01  -5.0 2.67e+01    -  4.87e-04 1.57e-04h  1
  17  4.1478606e-02 9.00e+00 2.72e+01  -5.0 2.84e+01    -  1.31e-03 1.19e-02h  1
  18  4.1519821e-02 9.00e+00 2.72e+01  -5.0 2.14e+01    -  4.05e-04 3.03e-04h  1
  19  4.2116805e-02 8.95e+00 2.85e+01  -5.0 2.55e+01    -  9.50e-04 4.94e-03h  1
iter    objective    inf_pr   inf_du lg(mu)  ||d||  lg(rg) alpha_du alpha_pr  ls
  20  4.2134177e-02 8.95e+00 2.85e+01  -5.0 4.17e+01    -  1.05e-04 8.15e-05h  1
  21  4.2238790e-02 8.95e+00 2.88e+01  -5.0 5.24e+01    -  8.05e-05 7.08e-04h  1
  22  4.2268887e-02 8.94e+00 2.88e+01  -5.0 3.86e+01    -  2.13e-04 1.30e-04h  1
  23r 4.2268887e-02 8.94e+00 9.99e+02   1.0 0.00e+00    -  0.00e+00 2.51e-07R  6
  24r 5.5133816e-02 8.22e+00 9.99e+02   1.0 7.38e+02    -  5.90e-06 9.87e-04f  1
  25r 7.5720468e-02 5.98e+00 9.98e+02   1.0 4.84e+02    -  5.97e-04 4.63e-03f  1
  26  8.5863645e-02 5.90e+00 8.74e+01  -5.0 5.00e+00    -  3.27e-02 1.31e-02h  1
  27  9.8684054e-02 5.82e+00 8.50e+01  -5.0 6.39e+00    -  3.47e-02 1.30e-02h  1
  28  6.1341735e-01 3.04e+00 7.48e+01  -5.0 6.99e+00    -  4.27e-02 4.77e-01h  1
  29  1.1287420e+00 8.60e-03 6.60e+01  -5.0 3.34e+00    -  4.19e-02 1.00e+00h  1
iter    objective    inf_pr   inf_du lg(mu)  ||d||  lg(rg) alpha_du alpha_pr  ls
  30  1.0578147e+00 2.60e-05 4.09e+01  -5.0 4.60e-01    -  4.04e-01 1.00e+00h  1
  31  1.0574632e+00 8.47e-07 2.42e-01  -5.0 2.52e-03    -  9.94e-01 1.00e+00h  1
  32  1.0392048e+00 1.35e-03 1.66e-01  -5.0 1.19e+00    -  3.05e-01 1.13e-01f  1
  33  9.9863730e-01 2.71e-03 1.74e-01  -5.0 7.99e-01    -  2.74e-02 6.71e-01h  1
  34  9.8988024e-01 2.42e-03 9.41e-02  -5.0 9.58e-01    -  4.14e-01 1.36e-01h  1
  35  9.9326006e-01 1.18e-03 6.58e-02  -5.0 6.43e-01    -  2.98e-01 5.12e-01h  1
  36  9.9157748e-01 9.54e-04 5.40e-02  -5.0 1.45e+00    -  1.85e-01 1.90e-01h  1
  37  9.8720081e-01 5.37e-04 5.00e-02  -5.0 2.55e+00    -  1.33e-01 4.31e-01f  1
  38  9.8740617e-01 3.06e-04 4.36e-02  -5.0 3.10e-01    -  1.21e-01 4.31e-01h  1
  39  9.8749015e-01 8.07e-05 2.59e-02  -5.0 1.94e-01    -  7.94e-01 7.35e-01h  1
iter    objective    inf_pr   inf_du lg(mu)  ||d||  lg(rg) alpha_du alpha_pr  ls
  40  9.8736016e-01 4.12e-06 1.64e-02  -5.0 1.22e-01    -  1.00e+00 1.00e+00h  1
  41  9.8712127e-01 7.25e-06 1.24e-02  -5.0 9.27e-02    -  1.00e+00 1.00e+00h  1
  42  9.8684774e-01 3.49e-06 1.20e-02  -5.0 9.31e-02    -  1.00e+00 1.00e+00h  1
  43  9.8658021e-01 1.66e-05 1.13e-02  -5.0 8.65e-02    -  1.00e+00 1.00e+00h  1
  44  9.8630893e-01 3.24e-06 1.07e-02  -5.0 8.08e-02    -  1.00e+00 1.00e+00h  1
  45  9.8620840e-01 2.70e-06 5.53e-03  -5.0 3.17e-02    -  1.00e+00 4.68e-01h  1
  46  9.8605178e-01 1.41e-06 6.06e-03  -5.0 4.36e-02    -  1.00e+00 1.00e+00f  1
  47  9.8590097e-01 1.53e-06 5.77e-03  -5.0 3.60e-02    -  1.00e+00 1.00e+00h  1
  48  9.8575343e-01 1.59e-06 5.84e-03  -5.0 3.82e-02    -  1.00e+00 1.00e+00h  1
  49  9.8560800e-01 1.51e-06 5.82e-03  -5.0 3.78e-02    -  1.00e+00 1.00e+00h  1
iter    objective    inf_pr   inf_du lg(mu)  ||d||  lg(rg) alpha_du alpha_pr  ls
  50  9.8546412e-01 1.48e-06 5.53e-03  -5.0 3.67e-02    -  1.00e+00 1.00e+00h  1
  51  9.8532327e-01 8.36e-06 5.10e-03  -5.0 3.38e-02    -  1.00e+00 1.00e+00h  1
  52  9.8492851e-01 7.08e-06 8.41e-03  -5.0 4.22e-01    -  6.58e-01 1.96e-01h  1
  53  9.8461882e-01 1.44e-05 1.63e-02  -5.0 2.24e-01    -  1.00e+00 1.00e+00f  1
  54  9.8418462e-01 2.25e-05 1.04e-02  -5.0 2.44e-01    -  9.13e-01 1.00e+00h  1
  55  9.8414828e-01 4.30e-07 3.69e-03  -5.0 1.62e-02    -  1.00e+00 1.00e+00h  1
  56  9.8410704e-01 4.32e-07 4.02e-03  -5.0 1.59e-02    -  1.00e+00 1.00e+00h  1
  57  9.8406109e-01 8.48e-06 4.91e-03  -5.0 1.68e-02    -  1.00e+00 1.00e+00h  1
  58  9.8402667e-01 3.99e-07 4.03e-03  -5.0 1.90e-02    -  1.00e+00 1.00e+00h  1
  59  9.8398906e-01 4.17e-07 4.00e-03  -5.0 1.86e-02    -  1.00e+00 1.00e+00h  1
iter    objective    inf_pr   inf_du lg(mu)  ||d||  lg(rg) alpha_du alpha_pr  ls
  60  9.8395067e-01 4.10e-07 5.01e-03  -5.0 1.81e-02    -  1.00e+00 1.00e+00h  1
  61  9.8391147e-01 4.04e-07 3.82e-03  -5.0 1.77e-02    -  1.00e+00 1.00e+00h  1
  62  9.8387219e-01 3.87e-07 5.00e-03  -5.0 1.67e-02    -  1.00e+00 1.00e+00h  1
  63  9.8383265e-01 3.70e-07 5.00e-03  -5.0 1.57e-02    -  1.00e+00 1.00e+00h  1
  64  9.8379395e-01 3.28e-07 3.52e-03  -5.0 1.37e-02    -  1.00e+00 1.00e+00h  1
  65  9.8375460e-01 3.60e-07 3.01e-03  -5.0 1.24e-02    -  1.00e+00 1.00e+00h  1
  66  9.8371857e-01 2.58e-07 3.26e-03  -5.0 8.12e-03    -  1.00e+00 1.00e+00h  1
  67  9.8368647e-01 2.78e-07 5.14e-03  -5.0 3.82e-03    -  1.00e+00 1.00e+00h  1
  68  9.8365685e-01 2.93e-07 3.75e-03  -5.0 3.69e-03    -  1.00e+00 1.00e+00h  1
  69  9.8362785e-01 3.03e-07 3.88e-03  -5.0 3.82e-03    -  1.00e+00 1.00e+00h  1
iter    objective    inf_pr   inf_du lg(mu)  ||d||  lg(rg) alpha_du alpha_pr  ls
  70  9.8359858e-01 3.09e-07 5.21e-03  -5.0 3.90e-03    -  1.00e+00 1.00e+00h  1
  71  9.8356875e-01 3.15e-07 4.02e-03  -5.0 3.96e-03    -  1.00e+00 1.00e+00h  1
  72  9.8353747e-01 3.06e-07 4.09e-03  -5.0 4.02e-03    -  1.00e+00 1.00e+00h  1
  73  9.8350541e-01 3.25e-07 4.16e-03  -5.0 4.09e-03    -  1.00e+00 1.00e+00h  1
  74  9.8347247e-01 3.30e-07 4.22e-03  -5.0 4.16e-03    -  1.00e+00 1.00e+00h  1
  75  9.8343862e-01 3.35e-07 4.27e-03  -5.0 4.21e-03    -  1.00e+00 1.00e+00h  1
  76  9.8340391e-01 3.39e-07 4.32e-03  -5.0 4.26e-03    -  1.00e+00 1.00e+00h  1
  77  9.8336835e-01 3.43e-07 4.36e-03  -5.0 4.30e-03    -  1.00e+00 1.00e+00h  1
  78  9.8333182e-01 3.49e-07 4.43e-03  -5.0 4.37e-03    -  1.00e+00 1.00e+00h  1
  79  9.8329414e-01 3.53e-07 4.47e-03  -5.0 4.41e-03    -  1.00e+00 1.00e+00h  1
iter    objective    inf_pr   inf_du lg(mu)  ||d||  lg(rg) alpha_du alpha_pr  ls
  80  9.8325550e-01 3.56e-07 4.49e-03  -5.0 4.43e-03    -  1.00e+00 1.00e+00h  1
  81  9.8321610e-01 3.58e-07 4.50e-03  -5.0 4.44e-03    -  1.00e+00 1.00e+00h  1
  82  9.8317611e-01 3.58e-07 4.49e-03  -5.0 4.43e-03    -  1.00e+00 1.00e+00h  1
  83  9.8313582e-01 3.56e-07 4.44e-03  -5.0 4.38e-03    -  1.00e+00 1.00e+00h  1
  84  9.8309578e-01 3.48e-07 5.04e-03  -5.0 4.26e-03    -  1.00e+00 1.00e+00h  1
  85  9.8305729e-01 3.27e-07 4.01e-03  -5.0 3.96e-03    -  1.00e+00 1.00e+00h  1
  86  9.8302431e-01 2.62e-07 5.15e-03  -5.0 3.09e-03    -  1.00e+00 1.00e+00h  1
  87  9.8300805e-01 1.04e-07 1.24e-03  -5.0 3.87e-03    -  1.00e+00 1.00e+00h  1
  88  9.8300312e-01 8.47e-08 9.85e-04  -5.0 4.50e-03    -  1.00e+00 1.00e+00h  1
  89  9.8300050e-01 6.58e-08 5.65e-03  -5.0 3.58e-03    -  1.00e+00 1.00e+00h  1
iter    objective    inf_pr   inf_du lg(mu)  ||d||  lg(rg) alpha_du alpha_pr  ls
  90  9.8299870e-01 5.47e-08 1.06e-03  -5.0 3.04e-03    -  1.00e+00 1.00e+00h  1
  91  9.8299714e-01 4.66e-08 1.07e-03  -5.0 2.60e-03    -  1.00e+00 1.00e+00h  1
  92  9.8299564e-01 4.03e-08 1.07e-03  -5.0 2.26e-03    -  1.00e+00 1.00e+00h  1
  93  9.8299412e-01 3.53e-08 1.07e-03  -5.0 1.98e-03    -  1.00e+00 1.00e+00h  1
  94  9.8299258e-01 3.12e-08 1.07e-03  -5.0 1.83e-03    -  1.00e+00 1.00e+00h  1
  95  9.8299100e-01 2.78e-08 1.07e-03  -5.0 1.83e-03    -  1.00e+00 1.00e+00h  1
  96  9.8298938e-01 2.50e-08 5.68e-03  -5.0 1.82e-03    -  1.00e+00 1.00e+00h  1
  97  9.8298773e-01 2.25e-08 1.07e-03  -5.0 1.82e-03    -  1.00e+00 1.00e+00h  1
  98  9.8298606e-01 2.04e-08 1.07e-03  -5.0 1.82e-03    -  1.00e+00 1.00e+00h  1
  99  9.8298436e-01 1.86e-08 1.07e-03  -5.0 1.81e-03    -  1.00e+00 1.00e+00h  1
iter    objective    inf_pr   inf_du lg(mu)  ||d||  lg(rg) alpha_du alpha_pr  ls
 100  9.8298264e-01 1.70e-08 1.07e-03  -5.0 1.81e-03    -  1.00e+00 1.00e+00h  1
 101  9.8298090e-01 1.56e-08 1.07e-03  -5.0 1.80e-03    -  1.00e+00 1.00e+00h  1
 102  9.8297915e-01 1.44e-08 5.68e-03  -5.0 1.80e-03    -  1.00e+00 1.00e+00h  1
 103  9.8297738e-01 1.32e-08 5.68e-03  -5.0 1.79e-03    -  1.00e+00 1.00e+00h  1
 104  9.8297560e-01 1.22e-08 1.07e-03  -5.0 1.79e-03    -  1.00e+00 1.00e+00h  1
 105  9.8297380e-01 1.13e-08 1.07e-03  -5.0 1.79e-03    -  1.00e+00 1.00e+00h  1
 106  9.8297200e-01 1.05e-08 5.69e-03  -5.0 1.78e-03    -  1.00e+00 1.00e+00h  1
 107  9.8297018e-01 9.76e-09 1.07e-03  -5.0 1.78e-03    -  1.00e+00 1.00e+00h  1
 108  9.8296836e-01 9.08e-09 5.69e-03  -5.0 1.77e-03    -  1.00e+00 1.00e+00h  1
 109  9.8296653e-01 8.46e-09 1.06e-03  -5.0 1.77e-03    -  1.00e+00 1.00e+00h  1
iter    objective    inf_pr   inf_du lg(mu)  ||d||  lg(rg) alpha_du alpha_pr  ls
 110  9.8296469e-01 7.90e-09 1.06e-03  -5.0 1.76e-03    -  1.00e+00 1.00e+00h  1
 111  9.8296284e-01 7.37e-09 1.06e-03  -5.0 1.76e-03    -  1.00e+00 1.00e+00h  1
 112  9.8296099e-01 6.89e-09 1.06e-03  -5.0 1.76e-03    -  1.00e+00 1.00e+00h  1
 113  9.8295914e-01 6.45e-09 1.06e-03  -5.0 1.75e-03    -  1.00e+00 1.00e+00h  1
 114  9.8295728e-01 6.04e-09 1.06e-03  -5.0 1.75e-03    -  1.00e+00 1.00e+00h  1
 115  9.8295541e-01 5.66e-09 1.06e-03  -5.0 1.74e-03    -  1.00e+00 1.00e+00h  1
 116  9.8295354e-01 5.31e-09 1.06e-03  -5.0 1.74e-03    -  1.00e+00 1.00e+00h  1
 117  9.8295167e-01 4.98e-09 1.06e-03  -5.0 1.74e-03    -  1.00e+00 1.00e+00h  1
 118  9.8294979e-01 4.68e-09 1.06e-03  -5.0 1.73e-03    -  1.00e+00 1.00e+00h  1
 119  9.8294791e-01 4.40e-09 1.06e-03  -5.0 1.73e-03    -  1.00e+00 1.00e+00h  1
iter    objective    inf_pr   inf_du lg(mu)  ||d||  lg(rg) alpha_du alpha_pr  ls
 120  9.8294603e-01 4.14e-09 1.06e-03  -5.0 1.72e-03    -  1.00e+00 1.00e+00h  1
 121  9.8294415e-01 3.89e-09 1.06e-03  -5.0 1.72e-03    -  1.00e+00 1.00e+00h  1
 122  9.8294226e-01 3.67e-09 1.06e-03  -5.0 1.72e-03    -  1.00e+00 1.00e+00h  1
 123  9.8294037e-01 3.45e-09 1.06e-03  -5.0 1.71e-03    -  1.00e+00 1.00e+00h  1
 124  9.8293848e-01 3.25e-09 1.06e-03  -5.0 1.71e-03    -  1.00e+00 1.00e+00h  1
 125  9.8293659e-01 3.07e-09 1.06e-03  -5.0 1.70e-03    -  1.00e+00 1.00e+00h  1
 126  9.8293470e-01 2.89e-09 1.06e-03  -5.0 1.70e-03    -  1.00e+00 1.00e+00h  1
 127  9.8293280e-01 2.73e-09 1.06e-03  -5.0 1.70e-03    -  1.00e+00 1.00e+00h  1
 128  9.8293090e-01 2.57e-09 1.05e-03  -5.0 1.69e-03    -  1.00e+00 1.00e+00h  1
 129  9.8292900e-01 2.43e-09 1.05e-03  -5.0 1.69e-03    -  1.00e+00 1.00e+00h  1
iter    objective    inf_pr   inf_du lg(mu)  ||d||  lg(rg) alpha_du alpha_pr  ls
 130  9.8292710e-01 2.29e-09 1.05e-03  -5.0 1.68e-03    -  1.00e+00 1.00e+00h  1
 131  9.8292520e-01 2.17e-09 1.05e-03  -5.0 1.68e-03    -  1.00e+00 1.00e+00h  1
 132  9.8292330e-01 2.05e-09 1.05e-03  -5.0 1.68e-03    -  1.00e+00 1.00e+00h  1
 133  9.8292140e-01 1.94e-09 1.05e-03  -5.0 1.67e-03    -  1.00e+00 1.00e+00h  1
 134  9.8291950e-01 1.83e-09 1.05e-03  -5.0 1.67e-03    -  1.00e+00 1.00e+00h  1
 135  9.8291760e-01 1.73e-09 1.05e-03  -5.0 1.67e-03    -  1.00e+00 1.00e+00h  1
 136  9.8291569e-01 1.64e-09 1.05e-03  -5.0 1.66e-03    -  1.00e+00 1.00e+00h  1
 137  9.8291379e-01 1.55e-09 1.05e-03  -5.0 1.66e-03    -  1.00e+00 1.00e+00h  1
 138  9.8291188e-01 1.46e-09 1.05e-03  -5.0 1.65e-03    -  1.00e+00 1.00e+00h  1
 139  9.8290998e-01 1.39e-09 1.05e-03  -5.0 1.65e-03    -  1.00e+00 1.00e+00h  1
iter    objective    inf_pr   inf_du lg(mu)  ||d||  lg(rg) alpha_du alpha_pr  ls
 140  9.8290807e-01 1.31e-09 1.05e-03  -5.0 1.65e-03    -  1.00e+00 1.00e+00h  1
 141  9.8290617e-01 1.24e-09 1.05e-03  -5.0 1.64e-03    -  1.00e+00 1.00e+00h  1
 142  9.8290426e-01 1.18e-09 1.05e-03  -5.0 1.64e-03    -  1.00e+00 1.00e+00h  1
 143  9.8290235e-01 1.11e-09 1.05e-03  -5.0 1.64e-03    -  1.00e+00 1.00e+00h  1
 144  9.8290045e-01 1.06e-09 1.05e-03  -5.0 1.63e-03    -  1.00e+00 1.00e+00h  1
 145  9.8289854e-01 1.00e-09 1.05e-03  -5.0 1.63e-03    -  1.00e+00 1.00e+00h  1
 146  9.8289663e-01 9.48e-10 1.05e-03  -5.0 1.63e-03    -  1.00e+00 1.00e+00h  1
 147  9.8289473e-01 8.98e-10 1.05e-03  -5.0 1.62e-03    -  1.00e+00 1.00e+00h  1
 148  9.8289282e-01 8.51e-10 1.05e-03  -5.0 1.62e-03    -  1.00e+00 1.00e+00h  1
 149  9.8289091e-01 8.07e-10 1.05e-03  -5.0 1.62e-03    -  1.00e+00 1.00e+00h  1
iter    objective    inf_pr   inf_du lg(mu)  ||d||  lg(rg) alpha_du alpha_pr  ls
 150  9.8288901e-01 7.65e-10 1.05e-03  -5.0 1.61e-03    -  1.00e+00 1.00e+00h  1
 151  9.8288710e-01 7.26e-10 1.05e-03  -5.0 1.61e-03    -  1.00e+00 1.00e+00h  1
 152  9.8288519e-01 6.89e-10 1.05e-03  -5.0 1.61e-03    -  1.00e+00 1.00e+00h  1
 153  9.8288329e-01 6.53e-10 1.04e-03  -5.0 1.60e-03    -  1.00e+00 1.00e+00h  1
 154  9.8288138e-01 6.20e-10 1.04e-03  -5.0 1.60e-03    -  1.00e+00 1.00e+00h  1
 155  9.8287948e-01 5.88e-10 1.04e-03  -5.0 1.60e-03    -  1.00e+00 1.00e+00h  1
 156  9.8287757e-01 5.58e-10 1.04e-03  -5.0 1.59e-03    -  1.00e+00 1.00e+00h  1
 157  9.8287566e-01 5.30e-10 1.04e-03  -5.0 1.59e-03    -  1.00e+00 1.00e+00h  1
 158  9.8287376e-01 5.03e-10 1.04e-03  -5.0 1.59e-03    -  1.00e+00 1.00e+00h  1
 159  9.8287185e-01 4.78e-10 1.04e-03  -5.0 1.58e-03    -  1.00e+00 1.00e+00h  1
iter    objective    inf_pr   inf_du lg(mu)  ||d||  lg(rg) alpha_du alpha_pr  ls
 160  9.8286995e-01 4.54e-10 1.04e-03  -5.0 1.58e-03    -  1.00e+00 1.00e+00h  1
 161  9.8286804e-01 4.31e-10 1.04e-03  -5.0 1.58e-03    -  1.00e+00 1.00e+00h  1
 162  9.8286614e-01 4.10e-10 1.04e-03  -5.0 1.57e-03    -  1.00e+00 1.00e+00h  1
 163  9.8286423e-01 3.89e-10 1.04e-03  -5.0 1.57e-03    -  1.00e+00 1.00e+00h  1
 164  9.8286233e-01 3.70e-10 1.04e-03  -5.0 1.57e-03    -  1.00e+00 1.00e+00h  1
 165  9.8286042e-01 3.52e-10 1.04e-03  -5.0 1.56e-03    -  1.00e+00 1.00e+00h  1
 166  9.8285852e-01 3.34e-10 1.04e-03  -5.0 1.56e-03    -  1.00e+00 1.00e+00h  1
 167  9.8285661e-01 3.18e-10 1.04e-03  -5.0 1.56e-03    -  1.00e+00 1.00e+00h  1
 168  9.8285471e-01 3.02e-10 1.04e-03  -5.0 1.55e-03    -  1.00e+00 1.00e+00h  1
 169  9.8285281e-01 2.88e-10 1.04e-03  -5.0 1.55e-03    -  1.00e+00 1.00e+00h  1
iter    objective    inf_pr   inf_du lg(mu)  ||d||  lg(rg) alpha_du alpha_pr  ls
 170  9.8285091e-01 2.82e-10 1.04e-03  -5.0 1.55e-03    -  1.00e+00 1.00e+00h  1
 171  9.8284900e-01 2.82e-10 1.04e-03  -5.0 1.54e-03    -  1.00e+00 1.00e+00h  1
 172  9.8284710e-01 2.81e-10 1.04e-03  -5.0 1.54e-03    -  1.00e+00 1.00e+00h  1
 173  9.8284520e-01 2.81e-10 1.04e-03  -5.0 1.54e-03    -  1.00e+00 1.00e+00h  1
 174  9.8284330e-01 2.81e-10 1.04e-03  -5.0 1.53e-03    -  1.00e+00 1.00e+00h  1
 175  9.8284139e-01 2.80e-10 1.04e-03  -5.0 1.53e-03    -  1.00e+00 1.00e+00h  1
 176  9.8283949e-01 2.80e-10 1.04e-03  -5.0 1.53e-03    -  1.00e+00 1.00e+00h  1
 177  9.8283759e-01 2.80e-10 1.04e-03  -5.0 1.53e-03    -  1.00e+00 1.00e+00h  1
 178  9.8283569e-01 2.80e-10 1.04e-03  -5.0 1.52e-03    -  1.00e+00 1.00e+00h  1
 179  9.8283379e-01 2.79e-10 1.04e-03  -5.0 1.52e-03    -  1.00e+00 1.00e+00h  1
iter    objective    inf_pr   inf_du lg(mu)  ||d||  lg(rg) alpha_du alpha_pr  ls
 180  9.8283189e-01 2.79e-10 1.04e-03  -5.0 1.52e-03    -  1.00e+00 1.00e+00h  1
 181  9.8282999e-01 2.79e-10 1.04e-03  -5.0 1.51e-03    -  1.00e+00 1.00e+00h  1
 182  9.8282809e-01 2.78e-10 1.04e-03  -5.0 1.51e-03    -  1.00e+00 1.00e+00h  1
 183  9.8282619e-01 2.78e-10 1.04e-03  -5.0 1.51e-03    -  1.00e+00 1.00e+00h  1
 184  9.8282429e-01 2.78e-10 1.04e-03  -5.0 1.50e-03    -  1.00e+00 1.00e+00h  1
 185  9.8282239e-01 2.77e-10 1.04e-03  -5.0 1.50e-03    -  1.00e+00 1.00e+00h  1
 186  9.8282050e-01 2.77e-10 1.04e-03  -5.0 1.50e-03    -  1.00e+00 1.00e+00h  1
 187  9.8281860e-01 2.77e-10 1.04e-03  -5.0 1.50e-03    -  1.00e+00 1.00e+00h  1
 188  9.8281670e-01 2.77e-10 1.03e-03  -5.0 1.49e-03    -  1.00e+00 1.00e+00h  1
 189  9.8281480e-01 2.76e-10 1.03e-03  -5.0 1.49e-03    -  1.00e+00 1.00e+00h  1
iter    objective    inf_pr   inf_du lg(mu)  ||d||  lg(rg) alpha_du alpha_pr  ls
 190  9.8281291e-01 2.76e-10 1.03e-03  -5.0 1.49e-03    -  1.00e+00 1.00e+00h  1
 191  9.8281101e-01 2.76e-10 1.03e-03  -5.0 1.48e-03    -  1.00e+00 1.00e+00h  1
 192  9.8280911e-01 2.75e-10 1.03e-03  -5.0 1.48e-03    -  1.00e+00 1.00e+00h  1
 193  9.8280722e-01 2.75e-10 1.03e-03  -5.0 1.48e-03    -  1.00e+00 1.00e+00h  1
 194  9.8280532e-01 2.75e-10 1.03e-03  -5.0 1.48e-03    -  1.00e+00 1.00e+00h  1
 195  9.8280342e-01 2.75e-10 1.03e-03  -5.0 1.47e-03    -  1.00e+00 1.00e+00h  1
 196  9.8280153e-01 2.74e-10 1.03e-03  -5.0 1.47e-03    -  1.00e+00 1.00e+00h  1
 197  9.8279963e-01 2.74e-10 1.03e-03  -5.0 1.47e-03    -  1.00e+00 1.00e+00h  1
 198  9.8279774e-01 2.74e-10 1.03e-03  -5.0 1.46e-03    -  1.00e+00 1.00e+00h  1
 199  9.8279584e-01 2.73e-10 1.03e-03  -5.0 1.46e-03    -  1.00e+00 1.00e+00h  1
iter    objective    inf_pr   inf_du lg(mu)  ||d||  lg(rg) alpha_du alpha_pr  ls
 200  9.8279395e-01 2.73e-10 1.03e-03  -5.0 1.46e-03    -  1.00e+00 1.00e+00h  1

Number of Iterations....: 200

                                   (scaled)                 (unscaled)
Objective...............:   9.8279394819782162e-01    9.8279394819782162e-01
Dual infeasibility......:   1.0322321579150663e-03    1.0322321579150663e-03
Constraint violation....:   2.7322541660109958e-10    2.7322541660109958e-10
Complementarity.........:   1.0000000000000003e-05    1.0000000000000003e-05
Overall NLP error.......:   1.0322321579150663e-03    1.0322321579150663e-03


Number of objective function evaluations             = 211
Number of objective gradient evaluations             = 200
Number of equality constraint evaluations            = 211
Number of inequality constraint evaluations          = 211
Number of equality constraint Jacobian evaluations   = 202
Number of inequality constraint Jacobian evaluations = 202
Number of Lagrangian Hessian evaluations             = 0
Total CPU secs in IPOPT (w/o function evaluations)   =      1.118
Total CPU secs in NLP function evaluations           =     90.449

EXIT: Maximum Number of Iterations Exceeded.
