
List of user-set options:

                                    Name   Value                used
              acceptable_constr_viol_tol = 0.001                 yes
                          acceptable_tol = 0.01                  yes
                             alpha_for_y = safer-min-dual-infeas  yes
                         constr_viol_tol = 0.001                 yes
                        file_print_level = 5                     yes
                   hessian_approximation = limited-memory        yes
                           linear_solver = mumps                 yes
                                max_iter = 66                    yes
                                 mu_init = 1e-05                 yes
                             mu_strategy = monotone              yes
                      nlp_scaling_method = gradient-based        yes
                             output_file = /home/kaleb/projects/learning/AAD-design/sardines/SARDINE_optimization8_out/IPOPT.out  yes
                             print_level = 5                     yes
                      print_user_options = yes                   yes
                                      sb = yes                   yes
                                     tol = 0.001                 yes
This is Ipopt version 3.11.9, running with linear solver mumps.
NOTE: Other linear solvers might be more efficient (see Ipopt documentation).

Number of nonzeros in equality constraint Jacobian...:     8831
Number of nonzeros in inequality constraint Jacobian.:     2080
Number of nonzeros in Lagrangian Hessian.............:        0

Total number of variables............................:      180
                     variables with only lower bounds:        2
                variables with lower and upper bounds:      178
                     variables with only upper bounds:        0
Total number of equality constraints.................:      174
Total number of inequality constraints...............:       84
        inequality constraints with only lower bounds:       20
   inequality constraints with lower and upper bounds:       44
        inequality constraints with only upper bounds:       20

iter    objective    inf_pr   inf_du lg(mu)  ||d||  lg(rg) alpha_du alpha_pr  ls
   0  5.3995626e-06 1.96e+01 1.00e+00  -5.0 0.00e+00    -  0.00e+00 0.00e+00   0
   1  1.4229638e-05 1.91e+01 9.97e-01  -5.0 4.34e+00    -  1.32e-02 2.18e-02h  1
   2  1.6028420e-05 1.91e+01 1.33e+00  -5.0 3.53e+00    -  2.15e-02 2.89e-03h  1
   3  3.6989296e-05 1.84e+01 1.79e+00  -5.0 3.91e+00    -  2.55e-02 3.43e-02h  1
   4  4.2191775e-05 1.83e+01 1.44e+00  -5.0 1.08e+01    -  9.99e-03 6.89e-03h  1
   5  4.9129995e-05 1.81e+01 1.24e+00  -5.0 1.02e+01    -  1.70e-03 8.00e-03h  1
   6  5.1469550e-05 1.81e+01 1.30e+00  -5.0 3.79e+01    -  3.30e-04 1.70e-03h  1
   7  5.9668340e-05 1.81e+01 1.22e+00  -5.0 2.91e+01    -  9.36e-04 3.29e-03h  1
   8  7.7136582e-05 1.79e+01 1.15e+00  -5.0 8.15e+00    -  3.70e-03 6.35e-03h  1
   9  2.1609838e-04 1.71e+01 2.45e+00  -5.0 6.37e+00    -  9.62e-03 4.95e-02h  1
iter    objective    inf_pr   inf_du lg(mu)  ||d||  lg(rg) alpha_du alpha_pr  ls
  10  2.1614154e-04 1.71e+01 2.81e+00  -5.0 1.82e+02    -  1.91e-04 4.55e-05h  1
  11  2.2231281e-04 1.70e+01 2.95e+00  -5.0 5.73e+01    -  2.90e-08 2.98e-03f  1
  12  2.8230623e-04 1.66e+01 2.74e+00  -5.0 7.82e+00    -  2.33e-03 2.37e-02h  1
  13  2.8529947e-03 2.73e-04 1.88e+01  -5.0 4.76e+00    -  2.52e-02 1.00e+00h  1
  14  2.8473664e-03 5.42e-07 1.46e+00  -5.0 2.07e-02    -  9.11e-01 1.00e+00h  1
  15  2.8473339e-03 3.57e-08 1.65e-03  -5.0 4.33e-04    -  9.99e-01 1.00e+00h  1
  16  3.0377949e-03 2.44e-03 1.54e-03  -5.0 6.40e-01    -  7.51e-01 6.25e-01f  1
  17  2.9755273e-03 3.70e-04 3.52e-04  -5.0 4.05e-01    -  7.02e-01 1.00e+00f  1
  18  2.9493836e-03 1.99e-04 2.61e-04  -5.0 1.43e+00    -  7.66e-01 1.00e+00h  1
  19  2.9494023e-03 1.11e-06 6.61e-04  -5.0 1.31e-01    -  1.00e+00 1.00e+00h  1

Number of Iterations....: 19

                                   (scaled)                 (unscaled)
Objective...............:   2.9494023288399321e-03    2.9494023288399321e-03
Dual infeasibility......:   6.6113972234256991e-04    6.6113972234256991e-04
Constraint violation....:   1.1073161152834643e-06    1.1073161152834643e-06
Complementarity.........:   1.0234760612301967e-05    1.0234760612301967e-05
Overall NLP error.......:   6.6113972234256991e-04    6.6113972234256991e-04


Number of objective function evaluations             = 20
Number of objective gradient evaluations             = 20
Number of equality constraint evaluations            = 20
Number of inequality constraint evaluations          = 20
Number of equality constraint Jacobian evaluations   = 20
Number of inequality constraint Jacobian evaluations = 20
Number of Lagrangian Hessian evaluations             = 0
Total CPU secs in IPOPT (w/o function evaluations)   =      0.754
Total CPU secs in NLP function evaluations           =      8.515

EXIT: Optimal Solution Found.
