
List of user-set options:

                                    Name   Value                used
              acceptable_constr_viol_tol = 0.001                 yes
                          acceptable_tol = 0.01                  yes
                             alpha_for_y = safer-min-dual-infeas  yes
                         constr_viol_tol = 0.001                 yes
                        file_print_level = 5                     yes
                   hessian_approximation = limited-memory        yes
                           linear_solver = mumps                 yes
                                max_iter = 66                    yes
                                 mu_init = 1e-05                 yes
                             mu_strategy = monotone              yes
                      nlp_scaling_method = gradient-based        yes
                             output_file = /home/kaleb/projects/learning/AAD-design/sardines/SARDINE_optimization17_out/IPOPT.out  yes
                             print_level = 5                     yes
                      print_user_options = yes                   yes
                                      sb = yes                   yes
                                     tol = 0.001                 yes
This is Ipopt version 3.11.9, running with linear solver mumps.
NOTE: Other linear solvers might be more efficient (see Ipopt documentation).

Number of nonzeros in equality constraint Jacobian...:     4707
Number of nonzeros in inequality constraint Jacobian.:     1910
Number of nonzeros in Lagrangian Hessian.............:        0

Total number of variables............................:      126
                     variables with only lower bounds:        2
                variables with lower and upper bounds:      124
                     variables with only upper bounds:        0
Total number of equality constraints.................:      120
Total number of inequality constraints...............:       82
        inequality constraints with only lower bounds:       20
   inequality constraints with lower and upper bounds:       42
        inequality constraints with only upper bounds:       20

iter    objective    inf_pr   inf_du lg(mu)  ||d||  lg(rg) alpha_du alpha_pr  ls
   0  5.3995626e-06 1.96e+01 1.00e+00  -5.0 0.00e+00    -  0.00e+00 0.00e+00   0
   1  1.1119125e-05 1.85e+01 1.30e+00  -5.0 4.47e+00    -  4.78e-02 5.31e-02h  1
   2  1.3289044e-05 1.85e+01 1.48e+00  -5.0 2.32e+01    -  1.40e-02 2.78e-03h  1
   3  2.9615943e-05 1.83e+01 1.48e+00  -5.0 6.82e+01    -  2.56e-03 6.66e-03h  1
   4  5.7240657e-04 1.44e+01 7.80e+00  -5.0 2.89e+01    -  3.80e-03 2.14e-01h  1
   5  9.7088152e-04 1.16e+01 8.62e+00  -5.0 3.77e+00    -  1.08e-01 1.96e-01h  1
   6  1.4670792e-03 8.07e+00 1.02e+01  -5.0 3.02e+00    -  2.74e-01 3.04e-01h  2
   7  1.5063021e-03 7.79e+00 5.89e+00  -5.0 2.08e+00    -  5.10e-01 3.49e-02h  4
   8  1.5108068e-03 7.76e+00 3.03e+00  -5.0 2.00e+00    -  5.75e-01 4.18e-03h  7
   9  1.9480540e-03 4.56e+00 6.92e+00  -5.0 1.97e+00    -  3.01e-01 4.12e-01h  1
iter    objective    inf_pr   inf_du lg(mu)  ||d||  lg(rg) alpha_du alpha_pr  ls
  10  2.1430101e-03 3.05e+00 6.23e+00  -5.0 3.60e+00    -  3.46e-01 3.31e-01h  1
  11  2.4298977e-03 7.53e-01 2.25e+00  -5.0 2.30e+00    -  5.61e-01 7.53e-01h  1
  12  2.5283702e-03 2.71e-05 9.53e-01  -5.0 7.44e-01    -  6.43e-01 1.00e+00h  1
  13  2.5258068e-03 1.24e-05 4.87e-01  -5.0 4.47e-01    -  4.91e-01 1.00e+00h  1
  14  2.5258948e-03 2.82e-08 2.13e-04  -5.0 6.20e-03    -  1.00e+00 1.00e+00h  1
  15  2.5250524e-03 1.14e-04 8.36e-04  -5.0 1.09e+01    -  6.42e-01 1.00e+00f  1
  16  2.5665938e-03 3.15e-04 2.14e-03  -5.0 2.56e+00    -  3.28e-01 1.00e+00h  1
  17  2.5734035e-03 3.11e-05 4.03e-03  -5.0 4.90e-01    -  8.92e-01 1.00e+00h  1
  18  2.6086362e-03 1.19e-04 2.03e-03  -5.0 2.60e+00    -  1.00e+00 1.00e+00h  1
  19  2.6087324e-03 4.35e-06 1.57e-03  -5.0 1.29e+00    -  1.00e+00 1.00e+00h  1
iter    objective    inf_pr   inf_du lg(mu)  ||d||  lg(rg) alpha_du alpha_pr  ls
  20  2.6087334e-03 2.97e-07 1.92e-04  -5.0 6.32e-03    -  1.00e+00 1.00e+00h  1

Number of Iterations....: 20

                                   (scaled)                 (unscaled)
Objective...............:   2.6087333811826521e-03    2.6087333811826521e-03
Dual infeasibility......:   1.9155457541190473e-04    1.9155457541190473e-04
Constraint violation....:   2.9734516671100098e-07    2.9734516671100098e-07
Complementarity.........:   1.0000457629644776e-05    1.0000457629644776e-05
Overall NLP error.......:   1.9155457541190473e-04    1.9155457541190473e-04


Number of objective function evaluations             = 31
Number of objective gradient evaluations             = 21
Number of equality constraint evaluations            = 31
Number of inequality constraint evaluations          = 31
Number of equality constraint Jacobian evaluations   = 21
Number of inequality constraint Jacobian evaluations = 21
Number of Lagrangian Hessian evaluations             = 0
Total CPU secs in IPOPT (w/o function evaluations)   =      0.530
Total CPU secs in NLP function evaluations           =      8.333

EXIT: Optimal Solution Found.
