
List of user-set options:

                                    Name   Value                used
              acceptable_constr_viol_tol = 0.0001                yes
                          acceptable_tol = 0.001                 yes
                             alpha_for_y = safer-min-dual-infeas  yes
                         constr_viol_tol = 0.0001                yes
                        file_print_level = 5                     yes
                   hessian_approximation = limited-memory        yes
                           linear_solver = mumps                 yes
                                max_iter = 200                   yes
                                 mu_init = 1e-05                 yes
                             mu_strategy = monotone              yes
                      nlp_scaling_method = gradient-based        yes
                             output_file = /home/kaleb/projects/learning/AAD-design/sardines/SARDINE_optimization6_out/IPOPT.out  yes
                             print_level = 5                     yes
                      print_user_options = yes                   yes
                                      sb = yes                   yes
                                     tol = 0.0001                yes
This is Ipopt version 3.11.9, running with linear solver mumps.
NOTE: Other linear solvers might be more efficient (see Ipopt documentation).

Number of nonzeros in equality constraint Jacobian...:    11716
Number of nonzeros in inequality constraint Jacobian.:     4156
Number of nonzeros in Lagrangian Hessian.............:        0

Total number of variables............................:      213
                     variables with only lower bounds:        2
                variables with lower and upper bounds:      211
                     variables with only upper bounds:        0
Total number of equality constraints.................:      200
Total number of inequality constraints...............:      124
        inequality constraints with only lower bounds:       20
   inequality constraints with lower and upper bounds:       64
        inequality constraints with only upper bounds:       40

iter    objective    inf_pr   inf_du lg(mu)  ||d||  lg(rg) alpha_du alpha_pr  ls
   0  1.5427322e-03 1.08e+01 1.00e+00  -5.0 0.00e+00    -  0.00e+00 0.00e+00   0
   1  3.2663244e-03 1.04e+01 2.30e+00  -5.0 7.80e+00    -  2.95e-03 3.20e-02h  1
   2  4.2722814e-03 1.04e+01 2.43e+00  -5.0 6.73e+00    -  1.05e-02 3.28e-03h  1
   3  1.5240949e-02 1.02e+01 4.98e+00  -5.0 1.25e+01    -  9.14e-03 2.35e-02h  1
   4  1.7018071e-02 1.01e+01 5.30e+00  -5.0 1.24e+01    -  1.93e-02 3.81e-03h  1
   5  3.3425493e-02 9.78e+00 8.64e+00  -5.0 1.35e+01    -  1.99e-02 3.33e-02h  1
   6  3.3951766e-02 9.76e+00 1.14e+01  -5.0 2.15e+01    -  7.46e-03 2.30e-03h  1
   7  3.4699107e-02 9.72e+00 1.94e+01  -5.0 6.11e+01    -  1.71e-04 3.34e-03h  2
   8  3.6040806e-02 9.68e+00 2.02e+01  -5.0 4.97e+01    -  1.34e-03 4.19e-03h  1
   9  4.1625405e-02 9.56e+00 2.43e+01  -5.0 3.90e+01    -  1.09e-03 1.32e-02h  1
iter    objective    inf_pr   inf_du lg(mu)  ||d||  lg(rg) alpha_du alpha_pr  ls
  10  4.8577935e-02 9.46e+00 2.57e+01  -5.0 1.41e+01    -  5.98e-03 1.04e-02h  1
  11  7.2891800e-02 9.19e+00 2.71e+01  -5.0 5.93e+00    -  7.16e-03 2.79e-02h  1
  12  2.2257692e-01 7.64e+00 3.06e+01  -5.0 5.73e+00    -  2.98e-02 1.69e-01h  1
  13  2.5297347e-01 7.33e+00 2.94e+01  -5.0 4.94e+00    -  4.41e-02 3.99e-02h  1
  14  2.5297418e-01 7.33e+00 2.94e+01  -5.0 5.76e+00    -  3.52e-06 9.97e-07h  4
  15  2.8238975e-01 7.03e+00 2.87e+01  -5.0 5.76e+00    -  2.04e-02 4.14e-02h  1
  16  2.8249243e-01 7.03e+00 2.86e+01  -5.0 6.76e+00    -  1.13e-03 1.51e-04h  1
  17  3.4478262e-01 6.38e+00 3.01e+01  -5.0 6.77e+00    -  4.16e-02 9.15e-02h  1
  18  3.4675773e-01 6.36e+00 3.01e+01  -5.0 4.24e+00    -  5.59e-03 3.02e-03h  1
  19  3.6065184e-01 6.23e+00 2.92e+01  -5.0 4.14e+00    -  8.65e-02 2.17e-02h  1
iter    objective    inf_pr   inf_du lg(mu)  ||d||  lg(rg) alpha_du alpha_pr  ls
  20  3.8604075e-01 5.98e+00 3.14e+01  -5.0 4.08e+00    -  6.24e-03 4.04e-02h  1
  21  4.3169124e-01 5.53e+00 2.90e+01  -5.0 3.97e+00    -  1.04e-01 7.46e-02h  1
  22  5.2526442e-01 4.62e+00 3.28e+01  -5.0 3.68e+00    -  7.86e-02 1.65e-01h  1
  23  6.9566551e-01 2.95e+00 3.41e+01  -5.0 3.06e+00    -  1.05e-01 3.61e-01h  1
  24  7.0781884e-01 2.83e+00 3.44e+01  -5.0 1.89e+00    -  5.26e-03 4.16e-02h  1
  25  7.6133675e-01 2.30e+00 3.60e+01  -5.0 1.85e+00    -  3.27e-02 1.87e-01h  1
  26  7.6799136e-01 2.23e+00 3.58e+01  -5.0 1.45e+00    -  1.76e-02 2.98e-02h  1
  27  8.0209979e-01 1.89e+00 3.41e+01  -5.0 1.46e+00    -  1.01e-01 1.51e-01h  1
  28  8.0236299e-01 1.89e+00 3.41e+01  -5.0 1.21e+00    -  1.68e-03 1.41e-03h  1
  29  8.4340915e-01 1.47e+00 3.64e+01  -5.0 1.21e+00    -  1.74e-04 2.20e-01h  1
iter    objective    inf_pr   inf_du lg(mu)  ||d||  lg(rg) alpha_du alpha_pr  ls
  30  8.5770711e-01 1.33e+00 3.55e+01  -5.0 9.42e-01    -  5.62e-03 9.84e-02h  1
  31  9.5121957e-01 4.08e-01 2.02e+01  -5.0 8.75e-01    -  4.14e-01 6.92e-01h  1
  32  9.9042689e-01 1.06e-04 1.18e+01  -5.0 2.54e-01    -  3.98e-01 1.00e+00h  1
  33  9.9013001e-01 8.14e-08 5.96e-01  -5.0 3.89e-03    -  9.55e-01 1.00e+00h  1
  34  9.9006955e-01 4.20e-07 2.67e-01  -5.0 2.05e-02    -  5.52e-01 1.00e+00h  1
  35  9.8995744e-01 1.14e-06 8.09e-02  -5.0 4.63e-02    -  6.98e-01 1.00e+00h  1
  36  9.8936186e-01 1.39e-06 5.27e-02  -5.0 2.72e-02    -  4.27e-01 1.00e+00h  1
  37  9.8907407e-01 2.35e-06 2.27e-02  -5.0 3.19e-02    -  6.32e-01 1.00e+00h  1
  38  9.8412910e-01 5.00e-05 2.44e-02  -5.0 7.49e-01    -  2.71e-02 6.71e-02h  1
  39  9.3517187e-01 1.93e-03 1.20e-02  -5.0 5.86e+00    -  1.02e-02 7.45e-02f  1
iter    objective    inf_pr   inf_du lg(mu)  ||d||  lg(rg) alpha_du alpha_pr  ls
  40  9.3506821e-01 1.35e-03 1.06e-02  -5.0 3.68e+00    -  8.46e-02 2.99e-01H  1
  41  9.3053213e-01 1.27e-03 1.68e-02  -5.0 1.43e+01    -  1.05e-01 6.41e-02f  1
  42  9.3009391e-01 1.23e-03 1.67e-02  -5.0 2.54e+00    -  1.12e-02 3.83e-02h  1
  43  9.3018748e-01 1.08e-03 1.96e-02  -5.0 5.22e-01    -  2.77e-02 1.22e-01h  1
  44  9.3028062e-01 7.25e-04 4.97e-02  -5.0 4.13e-01    -  6.97e-01 3.26e-01h  1
  45  9.3028968e-01 7.17e-04 3.70e-02  -5.0 1.50e-01    -  1.00e+00 1.14e-02h  1
  46  9.3093645e-01 3.93e-04 5.17e-02  -5.0 5.80e-02    -  1.00e+00 4.53e-01h  1
  47  9.3170663e-01 4.28e-05 9.05e-02  -5.0 4.18e-02    -  1.00e+00 1.00e+00h  1
  48  9.3154369e-01 3.38e-05 1.82e-02  -5.0 7.03e-02    -  1.00e+00 4.05e-01h  1
  49  9.3170312e-01 1.55e-05 6.30e-04  -5.0 1.01e-02    -  1.00e+00 5.00e-01f  2
iter    objective    inf_pr   inf_du lg(mu)  ||d||  lg(rg) alpha_du alpha_pr  ls
  50  9.3164962e-01 7.29e-07 4.84e-04  -5.0 3.32e-03    -  1.00e+00 1.00e+00h  1
  51  9.3164978e-01 8.79e-08 4.64e-05  -5.0 4.07e-04    -  1.00e+00 1.00e+00h  1

Number of Iterations....: 51

                                   (scaled)                 (unscaled)
Objective...............:   9.3164978120628694e-01    9.3164978120628694e-01
Dual infeasibility......:   4.6418181036496248e-05    4.6418181036496248e-05
Constraint violation....:   8.7919478037722117e-08    8.7919478037722117e-08
Complementarity.........:   1.0000080324796493e-05    1.0000080324796493e-05
Overall NLP error.......:   4.6418181036496248e-05    4.6418181036496248e-05


Number of objective function evaluations             = 59
Number of objective gradient evaluations             = 52
Number of equality constraint evaluations            = 59
Number of inequality constraint evaluations          = 59
Number of equality constraint Jacobian evaluations   = 52
Number of inequality constraint Jacobian evaluations = 52
Number of Lagrangian Hessian evaluations             = 0
Total CPU secs in IPOPT (w/o function evaluations)   =      0.641
Total CPU secs in NLP function evaluations           =     29.314

EXIT: Optimal Solution Found.
