
List of user-set options:

                                    Name   Value                used
              acceptable_constr_viol_tol = 0.0001                yes
                          acceptable_tol = 0.001                 yes
                             alpha_for_y = safer-min-dual-infeas  yes
                         constr_viol_tol = 0.0001                yes
                        file_print_level = 5                     yes
                   hessian_approximation = limited-memory        yes
                           linear_solver = mumps                 yes
                                max_iter = 200                   yes
                                 mu_init = 1e-05                 yes
                             mu_strategy = monotone              yes
                      nlp_scaling_method = gradient-based        yes
                             output_file = /home/kaleb/projects/learning/AAD-design/sardines/SARDINE_optimization20_out/IPOPT.out  yes
                             print_level = 5                     yes
                      print_user_options = yes                   yes
                                      sb = yes                   yes
                                     tol = 0.0001                yes
This is Ipopt version 3.11.9, running with linear solver mumps.
NOTE: Other linear solvers might be more efficient (see Ipopt documentation).

Number of nonzeros in equality constraint Jacobian...:    11716
Number of nonzeros in inequality constraint Jacobian.:     4156
Number of nonzeros in Lagrangian Hessian.............:        0

Total number of variables............................:      213
                     variables with only lower bounds:        2
                variables with lower and upper bounds:      211
                     variables with only upper bounds:        0
Total number of equality constraints.................:      200
Total number of inequality constraints...............:      124
        inequality constraints with only lower bounds:       20
   inequality constraints with lower and upper bounds:       64
        inequality constraints with only upper bounds:       40

iter    objective    inf_pr   inf_du lg(mu)  ||d||  lg(rg) alpha_du alpha_pr  ls
   0  1.5427322e-03 1.08e+01 1.22e+00  -5.0 0.00e+00    -  0.00e+00 0.00e+00   0
   1  1.8594703e-03 1.05e+01 1.20e+00  -5.0 3.72e+00    -  3.69e-03 2.61e-02h  1
   2  1.8829975e-03 1.05e+01 1.17e+00  -5.0 5.18e+00    -  2.50e-02 7.56e-04h  1
   3  1.0651033e-02 9.57e+00 3.10e+00  -5.0 3.43e+00    -  1.84e-02 8.72e-02h  1
   4  1.7267828e-02 9.21e+00 2.80e+00  -5.0 2.73e+00    -  5.91e-02 3.84e-02h  1
   5  1.7710147e-02 9.18e+00 2.78e+00  -5.0 3.69e+00    -  9.74e-03 3.33e-03h  1
   6  3.6560510e-02 8.86e+00 1.21e+00  -5.0 1.68e+01    -  2.98e-07 3.41e-02h  1
   7  4.8507929e-02 8.68e+00 1.24e+00  -5.0 1.79e+01    -  6.17e-02 2.05e-02h  1
   8  5.1866285e-02 8.63e+00 2.98e+01  -5.0 3.08e+02    -  1.81e-02 6.01e-03H  1
   9  5.7261020e-02 8.54e+00 2.94e+01  -5.0 1.58e+01    -  1.40e-02 9.94e-03h  1
iter    objective    inf_pr   inf_du lg(mu)  ||d||  lg(rg) alpha_du alpha_pr  ls
  10  6.4053167e-02 8.46e+00 2.92e+01  -5.0 3.18e+01    -  4.61e-04 1.02e-02h  1
  11  6.8741343e-02 8.40e+00 2.90e+01  -5.0 2.14e+01    -  9.26e-03 6.95e-03h  1
  12  7.7033328e-02 8.29e+00 2.85e+01  -5.0 1.62e+01    -  1.78e-02 1.25e-02h  3
  13  1.0217525e-01 7.97e+00 2.76e+01  -5.0 1.37e+01    -  1.04e-02 3.90e-02h  1
  14  1.0542024e-01 7.93e+00 2.76e+01  -5.0 6.43e+00    -  8.85e-07 4.48e-03h  1
  15  1.1194353e-01 7.87e+00 2.75e+01  -5.0 4.93e+00    -  4.46e-03 8.58e-03h  1
  16  1.6636947e-01 7.31e+00 2.70e+01  -5.0 4.96e+00    -  1.36e-02 7.11e-02h  1
  17r 1.6636947e-01 7.31e+00 9.99e+02   0.9 0.00e+00    -  0.00e+00 7.94e-09R 10
  18r 1.7605386e-01 6.25e+00 9.99e+02   0.9 6.54e+02    -  3.58e-04 1.61e-03f  1
  19  1.7630607e-01 6.25e+00 4.96e+01  -5.0 1.04e+01    -  1.83e-02 4.25e-04h  1
iter    objective    inf_pr   inf_du lg(mu)  ||d||  lg(rg) alpha_du alpha_pr  ls
  20  2.0138281e-01 6.02e+00 4.53e+01  -5.0 4.51e+00    -  2.83e-02 3.61e-02h  1
  21  2.2158548e-01 5.84e+00 4.38e+01  -5.0 4.37e+00    -  3.34e-02 3.00e-02h  1
  22  3.3154357e-01 4.87e+00 4.34e+01  -5.0 4.27e+00    -  4.68e-03 1.67e-01h  1
  23  4.9781852e-01 3.38e+00 3.59e+01  -5.0 3.52e+00    -  1.69e-01 3.06e-01h  1
  24  8.2400605e-01 3.75e-01 3.58e+01  -5.0 2.38e+00    -  9.50e-03 8.89e-01h  1
  25  8.3088382e-01 3.00e-01 3.44e+01  -5.0 2.57e-01    -  4.21e-02 2.00e-01h  1
  26  8.5718084e-01 9.64e-05 2.55e+01  -5.0 1.70e-01    -  2.64e-01 1.00e+00h  1
  27  8.5698456e-01 3.28e-08 1.97e+01  -5.0 2.06e-03    -  2.31e-01 1.00e+00h  1
  28  8.5698139e-01 5.52e-08 5.68e+00  -5.0 3.52e-04    -  7.11e-01 1.00e+00h  1
  29  8.5696444e-01 8.83e-08 2.06e+00  -5.0 9.05e-04    -  6.38e-01 1.00e+00h  1
iter    objective    inf_pr   inf_du lg(mu)  ||d||  lg(rg) alpha_du alpha_pr  ls
  30  8.5692149e-01 2.03e-07 7.73e-01  -5.0 2.04e-03    -  6.24e-01 1.00e+00h  1
  31  8.5681158e-01 4.76e-07 3.00e-01  -5.0 4.85e-03    -  6.12e-01 1.00e+00h  1
  32  8.5657039e-01 8.20e-07 1.39e-01  -5.0 8.72e-03    -  5.36e-01 1.00e+00h  1
  33  8.5623070e-01 4.14e-04 2.42e-01  -5.0 7.61e-03    -  6.65e-01 1.00e+00h  1
  34  8.5617329e-01 2.73e-04 5.51e-01  -5.0 1.82e-01    -  1.62e-01 1.19e-01H  1
  35  8.5563545e-01 8.69e-07 4.09e-01  -5.0 1.83e-02    -  2.57e-01 1.00e+00f  1
  36  8.5498458e-01 9.14e-07 1.21e-01  -5.0 2.14e-02    -  7.04e-01 1.00e+00h  1
  37  8.5435154e-01 1.76e-06 6.81e-02  -5.0 3.04e-02    -  4.38e-01 1.00e+00h  1
  38  8.5370772e-01 9.45e-07 1.50e-02  -5.0 2.77e-02    -  8.82e-01 1.00e+00h  1
  39  8.5306200e-01 9.54e-07 1.52e-02  -5.0 2.67e-02    -  1.00e+00 1.00e+00h  1

Number of Iterations....: 39

                                   (scaled)                 (unscaled)
Objective...............:   8.5306200344990379e-01    8.5306200344990379e-01
Dual infeasibility......:   1.5185199793973174e-02    1.5185199793973174e-02
Constraint violation....:   9.5394955457912771e-07    9.5394955457912771e-07
Complementarity.........:   1.3453289669801385e-05    1.3453289669801385e-05
Overall NLP error.......:   1.3453289669801385e-05    1.5185199793973174e-02


Number of objective function evaluations             = 55
Number of objective gradient evaluations             = 40
Number of equality constraint evaluations            = 55
Number of inequality constraint evaluations          = 55
Number of equality constraint Jacobian evaluations   = 41
Number of inequality constraint Jacobian evaluations = 41
Number of Lagrangian Hessian evaluations             = 0
Total CPU secs in IPOPT (w/o function evaluations)   =      0.588
Total CPU secs in NLP function evaluations           =     23.850

EXIT: Optimal Solution Found.
