
List of user-set options:

                                    Name   Value                used
              acceptable_constr_viol_tol = 0.001                 yes
                          acceptable_tol = 0.01                  yes
                             alpha_for_y = safer-min-dual-infeas  yes
                         constr_viol_tol = 0.001                 yes
                        file_print_level = 5                     yes
                   hessian_approximation = limited-memory        yes
                           linear_solver = mumps                 yes
                                max_iter = 66                    yes
                                 mu_init = 1e-05                 yes
                             mu_strategy = monotone              yes
                      nlp_scaling_method = gradient-based        yes
                             output_file = /home/kaleb/projects/learning/AAD-design/sardines/SARDINE_optimization14_out/IPOPT.out  yes
                             print_level = 5                     yes
                      print_user_options = yes                   yes
                                      sb = yes                   yes
                                     tol = 0.001                 yes
This is Ipopt version 3.11.9, running with linear solver mumps.
NOTE: Other linear solvers might be more efficient (see Ipopt documentation).

Number of nonzeros in equality constraint Jacobian...:     4707
Number of nonzeros in inequality constraint Jacobian.:     1910
Number of nonzeros in Lagrangian Hessian.............:        0

Total number of variables............................:      126
                     variables with only lower bounds:        2
                variables with lower and upper bounds:      124
                     variables with only upper bounds:        0
Total number of equality constraints.................:      120
Total number of inequality constraints...............:       82
        inequality constraints with only lower bounds:       20
   inequality constraints with lower and upper bounds:       42
        inequality constraints with only upper bounds:       20

iter    objective    inf_pr   inf_du lg(mu)  ||d||  lg(rg) alpha_du alpha_pr  ls
   0  5.3995626e-06 1.96e+01 1.00e+00  -5.0 0.00e+00    -  0.00e+00 0.00e+00   0
   1  1.2205464e-05 1.82e+01 9.73e-01  -5.0 5.23e+00    -  5.29e-02 7.03e-02h  1
   2  1.4408613e-05 1.80e+01 1.43e+00  -5.0 3.36e+00    -  5.13e-02 9.76e-03h  1
   3  2.2222211e-05 1.77e+01 9.38e-01  -5.0 8.36e+00    -  3.35e-02 1.76e-02h  1
   4  2.8599288e-05 1.76e+01 9.84e-01  -5.0 6.93e+01    -  4.41e-03 3.05e-03h  2
   5  5.4864757e-05 1.74e+01 1.66e+00  -5.0 6.21e+01    -  6.82e-08 1.18e-02f  1
   6  1.2719956e-04 1.69e+01 3.06e+00  -5.0 2.27e+01    -  2.54e-03 3.26e-02h  1
   7  2.2447313e-03 3.50e-04 9.34e+00  -5.0 3.92e+00    -  2.51e-02 1.00e+00H  1
   8  2.2448284e-03 8.66e-05 1.49e+00  -5.0 1.58e-01    -  8.48e-01 1.00e+00h  1
   9  2.2439237e-03 3.34e-06 3.43e-02  -5.0 2.82e-02    -  9.87e-01 1.00e+00h  1
iter    objective    inf_pr   inf_du lg(mu)  ||d||  lg(rg) alpha_du alpha_pr  ls
  10  2.2446654e-03 2.10e-06 7.09e-05  -5.0 9.19e-03    -  9.97e-01 1.00e+00h  1
  11  2.2432063e-03 3.12e-04 1.07e-04  -5.0 3.50e+00    -  7.25e-01 1.00e+00H  1
  12  2.2329101e-03 2.94e-04 6.36e-05  -5.0 4.54e+00    -  6.65e-01 3.66e-01h  2
  13  2.2237306e-03 1.72e-04 7.34e-05  -5.0 6.76e+00    -  1.00e+00 4.25e-01h  2

Number of Iterations....: 13

                                   (scaled)                 (unscaled)
Objective...............:   2.2237306027118441e-03    2.2237306027118441e-03
Dual infeasibility......:   7.3398812422371108e-05    7.3398812422371108e-05
Constraint violation....:   1.7199044783573769e-04    1.7199044783573769e-04
Complementarity.........:   1.2677017992016211e-05    1.2677017992016211e-05
Overall NLP error.......:   1.7199044783573769e-04    1.7199044783573769e-04


Number of objective function evaluations             = 23
Number of objective gradient evaluations             = 14
Number of equality constraint evaluations            = 23
Number of inequality constraint evaluations          = 23
Number of equality constraint Jacobian evaluations   = 14
Number of inequality constraint Jacobian evaluations = 14
Number of Lagrangian Hessian evaluations             = 0
Total CPU secs in IPOPT (w/o function evaluations)   =      0.720
Total CPU secs in NLP function evaluations           =      7.634

EXIT: Optimal Solution Found.
