
List of user-set options:

                                    Name   Value                used
              acceptable_constr_viol_tol = 0.001                 yes
                          acceptable_tol = 0.01                  yes
                             alpha_for_y = safer-min-dual-infeas  yes
                         constr_viol_tol = 0.001                 yes
                        file_print_level = 5                     yes
                   hessian_approximation = limited-memory        yes
                           linear_solver = mumps                 yes
                                max_iter = 66                    yes
                                 mu_init = 1e-05                 yes
                             mu_strategy = monotone              yes
                      nlp_scaling_method = gradient-based        yes
                             output_file = /home/kaleb/projects/learning/AAD-design/sardines/SARDINE_optimization23_out/IPOPT.out  yes
                             print_level = 5                     yes
                      print_user_options = yes                   yes
                                      sb = yes                   yes
                                     tol = 0.001                 yes
This is Ipopt version 3.11.9, running with linear solver mumps.
NOTE: Other linear solvers might be more efficient (see Ipopt documentation).

Number of nonzeros in equality constraint Jacobian...:     4707
Number of nonzeros in inequality constraint Jacobian.:     1910
Number of nonzeros in Lagrangian Hessian.............:        0

Total number of variables............................:      126
                     variables with only lower bounds:        2
                variables with lower and upper bounds:      124
                     variables with only upper bounds:        0
Total number of equality constraints.................:      120
Total number of inequality constraints...............:       82
        inequality constraints with only lower bounds:       20
   inequality constraints with lower and upper bounds:       42
        inequality constraints with only upper bounds:       20

iter    objective    inf_pr   inf_du lg(mu)  ||d||  lg(rg) alpha_du alpha_pr  ls
   0  5.3995626e-06 1.96e+01 1.00e+00  -5.0 0.00e+00    -  0.00e+00 0.00e+00   0
   1  1.2097723e-05 1.83e+01 9.75e-01  -5.0 5.70e+00    -  4.76e-02 6.49e-02h  1
   2  1.3859842e-05 1.82e+01 1.57e+00  -5.0 6.67e+00    -  3.33e-02 5.02e-03h  1
   3  1.7939078e-05 1.82e+01 1.37e+00  -5.0 1.02e+02    -  3.37e-03 1.79e-03h  2
   4  3.6662781e-05 1.80e+01 1.41e+00  -5.0 8.95e+01    -  1.85e-07 7.67e-03f  1
   5  4.1328711e-04 1.53e+01 8.54e+00  -5.0 5.06e+01    -  2.69e-03 1.49e-01h  1
   6  8.0773572e-04 1.26e+01 9.66e+00  -5.0 4.13e+00    -  8.96e-02 1.77e-01h  1
   7  1.4410072e-03 8.25e+00 1.49e+01  -5.0 3.39e+00    -  2.60e-01 3.46e-01h  2
   8  1.5338684e-03 7.60e+00 9.30e+00  -5.0 2.16e+00    -  5.44e-01 7.95e-02h  3
   9  1.5681012e-03 7.35e+00 4.69e+00  -5.0 1.96e+00    -  6.07e-01 3.23e-02h  4
iter    objective    inf_pr   inf_du lg(mu)  ||d||  lg(rg) alpha_du alpha_pr  ls
  10  1.9693284e-03 4.40e+00 9.15e+00  -5.0 2.60e+00    -  2.48e-01 4.01e-01h  1
  11  2.3677647e-03 1.22e+00 7.12e+00  -5.0 3.54e+00    -  3.98e-01 7.23e-01h  1
  12  2.4225316e-03 7.91e-01 2.06e+00  -5.0 1.19e+00    -  7.38e-01 3.52e-01h  1
  13  2.4839182e-03 2.16e-01 1.94e+00  -5.0 2.71e+00    -  1.87e-01 7.27e-01h  1
  14  2.5108742e-03 1.52e-05 1.40e-01  -5.0 1.18e+00    -  9.29e-01 1.00e+00h  1
  15  2.5111001e-03 4.85e-07 9.13e-04  -5.0 2.00e-02    -  9.93e-01 1.00e+00h  1
  16  2.5257130e-03 1.09e-04 6.16e-04  -5.0 1.18e+01    -  1.88e-02 1.52e-01f  1
  17  2.5211921e-03 1.57e-05 1.95e-04  -5.0 1.90e+00    -  6.55e-01 1.00e+00f  1
  18  2.5552215e-03 2.43e-04 4.87e-04  -5.0 2.44e+00    -  3.63e-01 1.00e+00h  1
  19  2.5550520e-03 3.26e-06 1.07e-03  -5.0 1.50e-01    -  1.00e+00 1.00e+00h  1
iter    objective    inf_pr   inf_du lg(mu)  ||d||  lg(rg) alpha_du alpha_pr  ls
  20  2.5550138e-03 1.36e-06 5.73e-04  -5.0 4.64e-02    -  1.00e+00 1.00e+00h  1

Number of Iterations....: 20

                                   (scaled)                 (unscaled)
Objective...............:   2.5550137594939444e-03    2.5550137594939444e-03
Dual infeasibility......:   5.7254074457644170e-04    5.7254074457644170e-04
Constraint violation....:   1.3617917787971925e-06    1.3617917787971925e-06
Complementarity.........:   1.0066145946788627e-05    1.0066145946788627e-05
Overall NLP error.......:   5.7254074457644170e-04    5.7254074457644170e-04


Number of objective function evaluations             = 29
Number of objective gradient evaluations             = 21
Number of equality constraint evaluations            = 29
Number of inequality constraint evaluations          = 29
Number of equality constraint Jacobian evaluations   = 21
Number of inequality constraint Jacobian evaluations = 21
Number of Lagrangian Hessian evaluations             = 0
Total CPU secs in IPOPT (w/o function evaluations)   =      0.584
Total CPU secs in NLP function evaluations           =      8.362

EXIT: Optimal Solution Found.
