
List of user-set options:

                                    Name   Value                used
              acceptable_constr_viol_tol = 0.001                 yes
                          acceptable_tol = 0.01                  yes
                             alpha_for_y = safer-min-dual-infeas  yes
                         constr_viol_tol = 0.001                 yes
                        file_print_level = 5                     yes
                   hessian_approximation = limited-memory        yes
                           linear_solver = mumps                 yes
                                max_iter = 66                    yes
                                 mu_init = 1e-05                 yes
                             mu_strategy = monotone              yes
                      nlp_scaling_method = gradient-based        yes
                             output_file = /home/kaleb/projects/learning/AAD-design/sardines/SARDINE_optimization16_out/IPOPT.out  yes
                             print_level = 5                     yes
                      print_user_options = yes                   yes
                                      sb = yes                   yes
                                     tol = 0.001                 yes
This is Ipopt version 3.11.9, running with linear solver mumps.
NOTE: Other linear solvers might be more efficient (see Ipopt documentation).

Number of nonzeros in equality constraint Jacobian...:     8831
Number of nonzeros in inequality constraint Jacobian.:     2080
Number of nonzeros in Lagrangian Hessian.............:        0

Total number of variables............................:      180
                     variables with only lower bounds:        2
                variables with lower and upper bounds:      178
                     variables with only upper bounds:        0
Total number of equality constraints.................:      174
Total number of inequality constraints...............:       84
        inequality constraints with only lower bounds:       20
   inequality constraints with lower and upper bounds:       44
        inequality constraints with only upper bounds:       20

iter    objective    inf_pr   inf_du lg(mu)  ||d||  lg(rg) alpha_du alpha_pr  ls
   0  5.3995626e-06 1.96e+01 1.00e+00  -5.0 0.00e+00    -  0.00e+00 0.00e+00   0
   1  1.4049992e-05 1.91e+01 9.95e-01  -5.0 4.95e+00    -  1.44e-02 2.34e-02h  1
   2  1.5781349e-05 1.90e+01 1.25e+00  -5.0 4.17e+00    -  2.28e-02 2.88e-03h  1
   3  6.3429282e-05 1.76e+01 1.22e+00  -5.0 3.53e+00    -  2.47e-02 7.76e-02h  1
   4  6.6872723e-05 1.75e+01 9.41e-01  -5.0 3.76e+00    -  2.74e-02 5.52e-03h  1
   5  7.1757399e-05 1.74e+01 1.07e+00  -5.0 1.20e+01    -  1.34e-03 6.11e-03h  1
   6  7.3926735e-05 1.73e+01 1.08e+00  -5.0 4.77e+01    -  1.88e-04 1.37e-03h  1
   7  8.0996190e-05 1.73e+01 1.09e+00  -5.0 2.90e+01    -  7.67e-04 2.64e-03h  1
   8  1.1534254e-04 1.71e+01 1.11e+00  -5.0 7.56e+00    -  3.14e-03 1.19e-02h  1
   9  2.8416886e-04 1.61e+01 4.44e+00  -5.0 5.89e+00    -  1.46e-02 5.85e-02h  1
iter    objective    inf_pr   inf_du lg(mu)  ||d||  lg(rg) alpha_du alpha_pr  ls
  10  2.8420947e-04 1.61e+01 4.81e+00  -5.0 1.26e+02    -  1.24e-04 4.18e-05h  1
  11  2.9850648e-04 1.60e+01 4.97e+00  -5.0 2.84e+01    -  8.50e-08 6.56e-03f  1
  12  6.0370632e-04 1.40e+01 4.95e+00  -5.0 4.51e+00    -  5.63e-03 1.25e-01h  1
  13  2.7608486e-03 5.28e-04 2.23e+01  -5.0 4.00e+00    -  1.28e-01 1.00e+00h  1
  14  2.7506549e-03 3.84e-07 7.11e-01  -5.0 1.89e-02    -  9.61e-01 1.00e+00h  1
  15  2.7506451e-03 4.42e-08 3.64e-03  -5.0 5.85e-04    -  9.99e-01 1.00e+00h  1
  16  2.7148104e-03 7.93e-05 7.37e-03  -5.0 7.64e+00    -  5.71e-02 1.57e-01f  2
  17  2.7181074e-03 7.83e-05 3.91e-02  -5.0 2.52e+00    -  6.49e-01 1.00e+00h  1
  18  2.7180845e-03 1.30e-06 1.90e-03  -5.0 4.83e-01    -  1.00e+00 1.00e+00h  1
  19  2.7180820e-03 6.44e-07 1.49e-03  -5.0 7.44e-02    -  1.00e+00 1.00e+00h  1
iter    objective    inf_pr   inf_du lg(mu)  ||d||  lg(rg) alpha_du alpha_pr  ls
  20  2.7173376e-03 4.72e-05 3.60e-04  -5.0 5.93e+00    -  1.00e+00 1.00e+00h  1

Number of Iterations....: 20

                                   (scaled)                 (unscaled)
Objective...............:   2.7173375630471855e-03    2.7173375630471855e-03
Dual infeasibility......:   3.5957520801802912e-04    3.5957520801802912e-04
Constraint violation....:   4.7163125649444593e-05    4.7163125649444593e-05
Complementarity.........:   1.0000000000000004e-05    1.0000000000000004e-05
Overall NLP error.......:   3.5957520801802912e-04    3.5957520801802912e-04


Number of objective function evaluations             = 25
Number of objective gradient evaluations             = 21
Number of equality constraint evaluations            = 25
Number of inequality constraint evaluations          = 25
Number of equality constraint Jacobian evaluations   = 21
Number of inequality constraint Jacobian evaluations = 21
Number of Lagrangian Hessian evaluations             = 0
Total CPU secs in IPOPT (w/o function evaluations)   =      0.724
Total CPU secs in NLP function evaluations           =     10.084

EXIT: Optimal Solution Found.
