
List of user-set options:

                                    Name   Value                used
              acceptable_constr_viol_tol = 0.001                 yes
                          acceptable_tol = 0.01                  yes
                             alpha_for_y = safer-min-dual-infeas  yes
                         constr_viol_tol = 0.001                 yes
                        file_print_level = 5                     yes
                   hessian_approximation = limited-memory        yes
                           linear_solver = mumps                 yes
                                max_iter = 66                    yes
                                 mu_init = 1e-05                 yes
                             mu_strategy = monotone              yes
                      nlp_scaling_method = gradient-based        yes
                             output_file = /home/kaleb/projects/learning/AAD-design/sardines/SARDINE_optimization15_out/IPOPT.out  yes
                             print_level = 5                     yes
                      print_user_options = yes                   yes
                                      sb = yes                   yes
                                     tol = 0.001                 yes
This is Ipopt version 3.11.9, running with linear solver mumps.
NOTE: Other linear solvers might be more efficient (see Ipopt documentation).

Number of nonzeros in equality constraint Jacobian...:     4707
Number of nonzeros in inequality constraint Jacobian.:     1910
Number of nonzeros in Lagrangian Hessian.............:        0

Total number of variables............................:      126
                     variables with only lower bounds:        2
                variables with lower and upper bounds:      124
                     variables with only upper bounds:        0
Total number of equality constraints.................:      120
Total number of inequality constraints...............:       82
        inequality constraints with only lower bounds:       20
   inequality constraints with lower and upper bounds:       42
        inequality constraints with only upper bounds:       20

iter    objective    inf_pr   inf_du lg(mu)  ||d||  lg(rg) alpha_du alpha_pr  ls
   0  5.3995626e-06 1.96e+01 1.00e+00  -5.0 0.00e+00    -  0.00e+00 0.00e+00   0
   1  1.0036904e-05 1.88e+01 1.13e+00  -5.0 4.73e+00    -  3.81e-02 3.96e-02h  1
   2  1.1770813e-05 1.87e+01 1.30e+00  -5.0 2.83e+01    -  1.25e-02 2.19e-03h  1
   3  2.7245623e-05 1.86e+01 1.31e+00  -5.0 8.16e+01    -  2.79e-03 5.92e-03h  1
   4  8.3281978e-04 1.34e+01 9.41e+00  -5.0 2.77e+01    -  3.70e-03 2.81e-01h  1
   5  1.3094865e-03 1.03e+01 1.19e+01  -5.0 3.85e+00    -  2.05e-01 2.29e-01h  1
   6  1.5481773e-03 8.75e+00 1.08e+01  -5.0 2.91e+00    -  3.85e-01 1.52e-01h  3
   7  1.5816185e-03 8.53e+00 6.47e+00  -5.0 2.43e+00    -  5.03e-01 2.55e-02h  5
   8  1.5888802e-03 8.48e+00 3.73e+00  -5.0 2.52e+00    -  5.24e-01 5.71e-03h  7
   9  1.5898153e-03 8.47e+00 2.31e+00  -5.0 2.33e+00    -  5.97e-01 7.43e-04h 10
iter    objective    inf_pr   inf_du lg(mu)  ||d||  lg(rg) alpha_du alpha_pr  ls
  10  1.5904009e-03 8.47e+00 2.31e+00  -5.0 3.28e+00    -  4.09e-01 4.68e-04h 11
  11  2.1890116e-03 4.39e+00 1.77e+01  -5.0 6.49e+00    -  4.14e-01 4.82e-01h  1
  12  2.5036360e-03 2.00e+00 6.24e+00  -5.0 7.35e+00    -  4.24e-01 5.45e-01h  1
  13  2.7833724e-03 2.53e-04 3.03e+00  -5.0 7.48e+00    -  5.44e-01 1.00e+00h  1
  14  2.7766070e-03 1.55e-05 1.76e+00  -5.0 6.61e-01    -  4.51e-01 1.00e+00h  1
  15  2.7766060e-03 5.75e-08 4.12e-04  -5.0 2.02e-03    -  1.00e+00 1.00e+00h  1
  16  2.7825601e-03 1.00e-04 9.17e-03  -5.0 6.12e+00    -  5.93e-02 2.13e-01f  1
  17  2.7855839e-03 1.45e-05 2.40e-04  -5.0 1.77e+00    -  1.00e+00 1.00e+00h  1

Number of Iterations....: 17

                                   (scaled)                 (unscaled)
Objective...............:   2.7855839149866553e-03    2.7855839149866553e-03
Dual infeasibility......:   2.4031586415153489e-04    2.4031586415153489e-04
Constraint violation....:   1.4458695581742529e-05    1.4458695581742529e-05
Complementarity.........:   3.7444698024072336e-05    3.7444698024072336e-05
Overall NLP error.......:   2.4031586415153489e-04    2.4031586415153489e-04


Number of objective function evaluations             = 49
Number of objective gradient evaluations             = 18
Number of equality constraint evaluations            = 49
Number of inequality constraint evaluations          = 49
Number of equality constraint Jacobian evaluations   = 18
Number of inequality constraint Jacobian evaluations = 18
Number of Lagrangian Hessian evaluations             = 0
Total CPU secs in IPOPT (w/o function evaluations)   =      0.520
Total CPU secs in NLP function evaluations           =     13.298

EXIT: Optimal Solution Found.
