
List of user-set options:

                                    Name   Value                used
              acceptable_constr_viol_tol = 0.001                 yes
                          acceptable_tol = 0.01                  yes
                             alpha_for_y = safer-min-dual-infeas  yes
                         constr_viol_tol = 0.001                 yes
                        file_print_level = 5                     yes
                   hessian_approximation = limited-memory        yes
                           linear_solver = mumps                 yes
                                max_iter = 66                    yes
                                 mu_init = 1e-05                 yes
                             mu_strategy = monotone              yes
                      nlp_scaling_method = gradient-based        yes
                             output_file = /home/kaleb/projects/learning/AAD-design/sardines/SARDINE_optimization7_out/IPOPT.out  yes
                             print_level = 5                     yes
                      print_user_options = yes                   yes
                                      sb = yes                   yes
                                     tol = 0.001                 yes
This is Ipopt version 3.11.9, running with linear solver mumps.
NOTE: Other linear solvers might be more efficient (see Ipopt documentation).

Number of nonzeros in equality constraint Jacobian...:    11828
Number of nonzeros in inequality constraint Jacobian.:     4160
Number of nonzeros in Lagrangian Hessian.............:        0

Total number of variables............................:      215
                     variables with only lower bounds:        2
                variables with lower and upper bounds:      213
                     variables with only upper bounds:        0
Total number of equality constraints.................:      206
Total number of inequality constraints...............:      124
        inequality constraints with only lower bounds:       20
   inequality constraints with lower and upper bounds:       64
        inequality constraints with only upper bounds:       40

iter    objective    inf_pr   inf_du lg(mu)  ||d||  lg(rg) alpha_du alpha_pr  ls
   0  5.3995626e-06 1.96e+01 1.00e+00  -5.0 0.00e+00    -  0.00e+00 0.00e+00   0
   1  8.5211219e-06 1.93e+01 9.97e-01  -5.0 4.27e+00    -  7.06e-03 1.46e-02h  1
   2  8.7022388e-06 1.93e+01 1.11e+00  -5.0 3.87e+00    -  1.47e-02 8.56e-04h  1
   3  2.9580462e-05 1.82e+01 1.19e+00  -5.0 3.35e+00    -  1.50e-02 5.51e-02h  1
   4  1.8302836e-04 1.66e+01 1.22e+00  -5.0 3.34e+00    -  1.61e-02 8.51e-02h  1
   5  2.1976295e-04 1.63e+01 1.12e+00  -5.0 3.12e+00    -  9.83e-02 2.18e-02h  1
   6r 2.1976295e-04 1.63e+01 9.99e+02   1.2 0.00e+00    -  0.00e+00 1.22e-07R  2
   7r 2.0602790e-04 1.64e+01 9.99e+02   1.2 1.08e+06    -  3.75e-06 1.40e-07f  5
   8r 2.3904821e-04 1.35e+01 9.99e+02   1.2 1.33e+03    -  8.40e-05 2.24e-03f  1
   9r 2.3904821e-04 1.35e+01 9.99e+02   1.1 0.00e+00    -  0.00e+00 4.27e-07R  4
iter    objective    inf_pr   inf_du lg(mu)  ||d||  lg(rg) alpha_du alpha_pr  ls
  10r 2.3147450e-04 1.35e+01 9.99e+02   1.1 1.11e+05    -  3.51e-05 7.31e-07f  5
  11r 2.6466176e-04 1.15e+01 9.98e+02   1.1 1.27e+03    -  8.69e-04 1.63e-03f  1
  12  2.9238544e-04 1.13e+01 1.64e+00  -5.0 3.26e+00    -  5.57e-02 1.58e-02h  1
  13  3.7044212e-04 1.09e+01 1.55e+00  -5.0 3.78e+00    -  3.88e-02 3.82e-02h  1
  14  4.4391715e-04 1.05e+01 1.55e+00  -5.0 3.80e+00    -  6.98e-02 3.58e-02h  1
  15  4.6318005e-04 1.04e+01 1.76e+00  -5.0 3.98e+00    -  3.39e-02 8.96e-03h  1
  16  7.1390973e-04 9.12e+00 4.50e+00  -5.0 4.38e+00    -  2.99e-02 1.21e-01h  1
  17  7.6988172e-04 8.83e+00 4.17e+00  -5.0 4.99e+00    -  6.66e-02 3.15e-02h  1
  18  9.4909673e-04 7.93e+00 3.58e+00  -5.0 4.05e+00    -  9.36e-02 1.03e-01h  1
  19  1.4034601e-03 5.64e+00 3.69e+00  -5.0 3.18e+00    -  1.89e-01 2.89e-01h  1
iter    objective    inf_pr   inf_du lg(mu)  ||d||  lg(rg) alpha_du alpha_pr  ls
  20  2.1674897e-03 1.77e+00 4.60e+00  -5.0 2.28e+00    -  4.40e-01 6.86e-01h  1
  21  2.5071199e-03 1.09e-04 1.67e+00  -5.0 7.15e-01    -  8.32e-01 1.00e+00h  1
  22  2.5057257e-03 3.95e-07 1.83e-02  -5.0 1.95e-02    -  9.89e-01 1.00e+00h  1
  23  2.5056929e-03 8.87e-07 1.21e-03  -5.0 4.01e-02    -  9.71e-01 1.00e+00h  1
  24  2.5061176e-03 1.83e-05 4.48e-03  -5.0 6.37e-01    -  1.42e-01 6.07e-01h  1
  25  2.5061638e-03 3.67e-06 3.79e-03  -5.0 1.46e-01    -  1.00e+00 1.00e+00f  1
  26  2.5061503e-03 2.92e-06 1.95e-03  -5.0 8.58e-02    -  1.00e+00 1.00e+00h  1
  27  2.5061683e-03 1.64e-06 1.53e-03  -5.0 8.01e-02    -  1.00e+00 1.00e+00h  1
  28  2.5062054e-03 1.08e-06 1.44e-03  -5.0 7.76e-02    -  1.00e+00 1.00e+00h  1
  29  2.5062486e-03 9.28e-07 1.41e-03  -5.0 7.59e-02    -  1.00e+00 1.00e+00h  1
iter    objective    inf_pr   inf_du lg(mu)  ||d||  lg(rg) alpha_du alpha_pr  ls
  30  2.5062918e-03 8.03e-07 1.38e-03  -5.0 7.42e-02    -  1.00e+00 1.00e+00h  1
  31  2.5063341e-03 6.98e-07 1.34e-03  -5.0 7.24e-02    -  1.00e+00 1.00e+00h  1
  32  2.5063758e-03 6.08e-07 1.31e-03  -5.0 7.08e-02    -  1.00e+00 1.00e+00h  1
  33  2.5064169e-03 1.09e-06 1.29e-03  -5.0 6.90e-02    -  1.00e+00 1.00e+00h  1
  34  2.5064576e-03 4.35e-07 1.26e-03  -5.0 6.79e-02    -  1.00e+00 1.00e+00h  1
  35  2.5064978e-03 3.77e-07 1.24e-03  -5.0 6.66e-02    -  1.00e+00 1.00e+00h  1
  36  2.5065376e-03 3.26e-07 1.22e-03  -5.0 6.54e-02    -  1.00e+00 1.00e+00h  1
  37  2.5065769e-03 3.21e-07 1.19e-03  -5.0 6.43e-02    -  1.00e+00 1.00e+00h  1
  38  2.5066158e-03 3.17e-07 1.17e-03  -5.0 6.32e-02    -  1.00e+00 1.00e+00h  1
  39  2.5066543e-03 3.13e-07 1.16e-03  -5.0 6.22e-02    -  1.00e+00 1.00e+00h  1

Number of Iterations....: 39

                                   (scaled)                 (unscaled)
Objective...............:   2.5066543218161298e-03    2.5066543218161298e-03
Dual infeasibility......:   1.1558860552639844e-03    1.1558860552639844e-03
Constraint violation....:   3.1279462569341101e-07    3.1279462569341101e-07
Complementarity.........:   1.0000000000000003e-05    1.0000000000000003e-05
Overall NLP error.......:   1.1558860552639844e-03    1.1558860552639844e-03


Number of objective function evaluations             = 56
Number of objective gradient evaluations             = 38
Number of equality constraint evaluations            = 56
Number of inequality constraint evaluations          = 56
Number of equality constraint Jacobian evaluations   = 42
Number of inequality constraint Jacobian evaluations = 42
Number of Lagrangian Hessian evaluations             = 0
Total CPU secs in IPOPT (w/o function evaluations)   =      0.999
Total CPU secs in NLP function evaluations           =     25.539

EXIT: Solved To Acceptable Level.
