
List of user-set options:

                                    Name   Value                used
              acceptable_constr_viol_tol = 0.001                 yes
                          acceptable_tol = 0.01                  yes
                             alpha_for_y = safer-min-dual-infeas  yes
                         constr_viol_tol = 0.001                 yes
                        file_print_level = 5                     yes
                   hessian_approximation = limited-memory        yes
                           linear_solver = mumps                 yes
                                max_iter = 66                    yes
                                 mu_init = 1e-05                 yes
                             mu_strategy = monotone              yes
                      nlp_scaling_method = gradient-based        yes
                             output_file = /home/kaleb/projects/learning/AAD-design/sardines/SARDINE_optimization22_out/IPOPT.out  yes
                             print_level = 5                     yes
                      print_user_options = yes                   yes
                                      sb = yes                   yes
                                     tol = 0.001                 yes
This is Ipopt version 3.11.9, running with linear solver mumps.
NOTE: Other linear solvers might be more efficient (see Ipopt documentation).

Number of nonzeros in equality constraint Jacobian...:     8831
Number of nonzeros in inequality constraint Jacobian.:     2080
Number of nonzeros in Lagrangian Hessian.............:        0

Total number of variables............................:      180
                     variables with only lower bounds:        2
                variables with lower and upper bounds:      178
                     variables with only upper bounds:        0
Total number of equality constraints.................:      174
Total number of inequality constraints...............:       84
        inequality constraints with only lower bounds:       20
   inequality constraints with lower and upper bounds:       44
        inequality constraints with only upper bounds:       20

iter    objective    inf_pr   inf_du lg(mu)  ||d||  lg(rg) alpha_du alpha_pr  ls
   0  5.3995626e-06 1.96e+01 1.00e+00  -5.0 0.00e+00    -  0.00e+00 0.00e+00   0
   1  1.4222559e-05 1.91e+01 9.95e-01  -5.0 6.08e+00    -  1.51e-02 2.50e-02h  1
   2  1.6110563e-05 1.90e+01 1.27e+00  -5.0 5.01e+00    -  2.39e-02 3.25e-03h  1
   3  6.0890664e-05 1.76e+01 1.23e+00  -5.0 4.09e+00    -  2.59e-02 7.49e-02h  1
   4  6.5635094e-05 1.74e+01 9.33e-01  -5.0 3.03e+00    -  3.72e-02 8.16e-03h  1
   5  7.1407267e-05 1.73e+01 9.31e-01  -5.0 1.23e+01    -  2.76e-03 6.43e-03h  1
   6  7.6069883e-05 1.72e+01 9.47e-01  -5.0 1.39e+01    -  9.79e-04 5.61e-03h  1
   7  7.8070086e-05 1.72e+01 1.02e+00  -5.0 6.19e+01    -  5.75e-04 1.55e-03h  1
   8  9.0960491e-05 1.71e+01 1.02e+00  -5.0 3.41e+01    -  9.16e-04 4.88e-03h  1
   9  1.0609569e-04 1.70e+01 1.11e+00  -5.0 1.33e+01    -  5.27e-03 5.32e-03f  1
iter    objective    inf_pr   inf_du lg(mu)  ||d||  lg(rg) alpha_du alpha_pr  ls
  10  1.9198556e-04 1.65e+01 4.67e+00  -5.0 1.16e+01    -  1.03e-02 3.00e-02h  1
  11  3.1876669e-04 1.58e+01 1.02e+01  -5.0 7.73e+00    -  2.26e-02 4.44e-02h  1
  12  3.1940162e-04 1.58e+01 1.02e+01  -5.0 5.59e+01    -  3.39e-07 3.55e-04h  1
  13  3.4839291e-04 1.55e+01 1.12e+01  -5.0 4.53e+01    -  7.79e-04 1.51e-02h  1
  14  4.0226112e-04 1.52e+01 1.19e+01  -5.0 5.69e+00    -  1.09e-02 2.26e-02h  1
  15  2.7050289e-03 4.31e-01 1.81e+01  -5.0 4.39e+00    -  3.30e-02 9.72e-01h  1
  16  2.7595182e-03 5.31e-07 2.73e+00  -5.0 1.01e-01    -  8.81e-01 1.00e+00h  1
  17  2.7487025e-03 4.60e-04 4.90e-01  -5.0 2.79e-01    -  8.17e-01 1.00e+00f  1
  18  2.7502935e-03 5.08e-07 1.24e-02  -5.0 1.11e-02    -  9.75e-01 1.00e+00h  1
  19  2.7507338e-03 1.47e-06 5.69e-04  -5.0 8.63e-02    -  9.94e-01 1.00e+00h  1
iter    objective    inf_pr   inf_du lg(mu)  ||d||  lg(rg) alpha_du alpha_pr  ls
  20  2.7569359e-03 3.85e-05 2.01e-04  -5.0 4.20e+00    -  5.86e-01 1.00e+00h  1
  21  2.7687115e-03 7.25e-05 7.71e-05  -5.0 4.54e+00    -  6.35e-01 1.00e+00h  1
  22  2.7846936e-03 1.42e-04 1.13e-04  -5.0 3.06e+00    -  4.57e-01 1.00e+00h  1
  23  2.7846724e-03 2.01e-06 8.18e-04  -5.0 8.65e-02    -  1.00e+00 1.00e+00h  1

Number of Iterations....: 23

                                   (scaled)                 (unscaled)
Objective...............:   2.7846723546243774e-03    2.7846723546243774e-03
Dual infeasibility......:   8.1763208735045022e-04    8.1763208735045022e-04
Constraint violation....:   2.0148743345855215e-06    2.0148743345855215e-06
Complementarity.........:   1.0029911482649403e-05    1.0029911482649403e-05
Overall NLP error.......:   8.1763208735045022e-04    8.1763208735045022e-04


Number of objective function evaluations             = 24
Number of objective gradient evaluations             = 24
Number of equality constraint evaluations            = 24
Number of inequality constraint evaluations          = 24
Number of equality constraint Jacobian evaluations   = 24
Number of inequality constraint Jacobian evaluations = 24
Number of Lagrangian Hessian evaluations             = 0
Total CPU secs in IPOPT (w/o function evaluations)   =      0.770
Total CPU secs in NLP function evaluations           =     10.329

EXIT: Optimal Solution Found.
