
List of user-set options:

                                    Name   Value                used
              acceptable_constr_viol_tol = 0.001                 yes
                          acceptable_tol = 0.01                  yes
                             alpha_for_y = safer-min-dual-infeas  yes
                         constr_viol_tol = 0.001                 yes
                        file_print_level = 5                     yes
                   hessian_approximation = limited-memory        yes
                           linear_solver = mumps                 yes
                                max_iter = 66                    yes
                                 mu_init = 1e-05                 yes
                             mu_strategy = monotone              yes
                      nlp_scaling_method = gradient-based        yes
                             output_file = /home/kaleb/projects/learning/AAD-design/sardines/SARDINE_optimization11_out/IPOPT.out  yes
                             print_level = 5                     yes
                      print_user_options = yes                   yes
                                      sb = yes                   yes
                                     tol = 0.001                 yes
This is Ipopt version 3.11.9, running with linear solver mumps.
NOTE: Other linear solvers might be more efficient (see Ipopt documentation).

Number of nonzeros in equality constraint Jacobian...:    11828
Number of nonzeros in inequality constraint Jacobian.:     4160
Number of nonzeros in Lagrangian Hessian.............:        0

Total number of variables............................:      215
                     variables with only lower bounds:        2
                variables with lower and upper bounds:      213
                     variables with only upper bounds:        0
Total number of equality constraints.................:      206
Total number of inequality constraints...............:      124
        inequality constraints with only lower bounds:       20
   inequality constraints with lower and upper bounds:       64
        inequality constraints with only upper bounds:       40

iter    objective    inf_pr   inf_du lg(mu)  ||d||  lg(rg) alpha_du alpha_pr  ls
   0  5.3995626e-06 1.96e+01 1.00e+00  -5.0 0.00e+00    -  0.00e+00 0.00e+00   0
   1  8.5156791e-06 1.93e+01 9.97e-01  -5.0 5.53e+00    -  6.93e-03 1.56e-02h  1
   2  8.6683638e-06 1.92e+01 1.14e+00  -5.0 4.46e+00    -  1.56e-02 9.44e-04h  1
   3  2.0871489e-05 1.84e+01 1.13e+00  -5.0 4.14e+00    -  1.56e-02 4.25e-02h  1
   4  9.1630394e-05 1.77e+01 1.11e+00  -5.0 3.37e+00    -  1.21e-02 4.14e-02h  1
   5  2.0516260e-04 1.65e+01 1.14e+00  -5.0 3.60e+00    -  5.08e-02 6.60e-02h  1
   6r 2.0516260e-04 1.65e+01 9.99e+02   1.2 0.00e+00    -  0.00e+00 3.54e-07R  2
   7r 1.9234006e-04 1.66e+01 9.99e+02   1.2 3.05e+06    -  1.27e-06 4.56e-08f  5
   8r 2.2841090e-04 1.35e+01 9.99e+02   1.2 1.32e+03    -  6.94e-05 2.38e-03f  1
   9r 2.2841090e-04 1.35e+01 9.99e+02   1.1 0.00e+00    -  0.00e+00 3.83e-07R  2
iter    objective    inf_pr   inf_du lg(mu)  ||d||  lg(rg) alpha_du alpha_pr  ls
  10r 2.2127313e-04 1.36e+01 9.99e+02   1.1 3.51e+05    -  1.54e-05 2.21e-07f  6
  11r 2.8961793e-04 9.19e+00 9.98e+02   1.1 1.22e+03    -  1.10e-03 3.56e-03f  1
  12  2.9317130e-04 9.18e+00 1.69e+00  -5.0 4.59e+00    -  6.06e-02 1.80e-03h  1
  13  4.1410677e-04 8.67e+00 1.77e+00  -5.0 5.91e+00    -  4.16e-02 5.55e-02h  1
  14  5.2886507e-04 8.17e+00 2.77e+00  -5.0 8.95e+00    -  3.74e-02 5.76e-02h  1
  15  5.5605736e-04 8.06e+00 2.87e+00  -5.0 3.75e+00    -  1.11e-01 1.34e-02h  1
  16  8.6450699e-04 6.82e+00 5.73e+00  -5.0 3.72e+00    -  1.02e-01 1.53e-01h  1
  17  1.0926403e-03 5.91e+00 6.60e+00  -5.0 3.17e+00    -  1.54e-01 1.33e-01h  1
  18  2.0378847e-03 2.14e+00 1.08e+01  -5.0 2.74e+00    -  2.65e-01 6.39e-01h  1
  19  2.5613302e-03 1.61e-04 6.51e+00  -5.0 9.90e-01    -  7.57e-01 1.00e+00h  1
iter    objective    inf_pr   inf_du lg(mu)  ||d||  lg(rg) alpha_du alpha_pr  ls
  20  2.5589778e-03 1.28e-06 5.27e-02  -5.0 2.85e-02    -  9.92e-01 1.00e+00h  1
  21  2.5587764e-03 2.42e-06 2.96e-03  -5.0 6.78e-02    -  9.48e-01 1.00e+00h  1
  22  2.5590498e-03 4.36e-05 5.73e-03  -5.0 6.49e-01    -  1.34e-01 1.00e+00h  1
  23  2.5589583e-03 5.21e-06 2.71e-03  -5.0 1.58e-01    -  5.94e-01 1.00e+00h  1
  24  2.5588965e-03 3.46e-06 2.16e-03  -5.0 7.79e-02    -  1.00e+00 1.00e+00h  1
  25  2.5588132e-03 2.66e-06 1.87e-03  -5.0 8.02e-02    -  1.00e+00 1.00e+00h  1
  26  2.5587577e-03 2.33e-06 1.49e-03  -5.0 6.33e-02    -  1.00e+00 1.00e+00h  1
  27  2.5587226e-03 2.18e-06 1.40e-03  -5.0 6.07e-02    -  1.00e+00 1.00e+00h  1
  28  2.5586998e-03 2.07e-06 1.33e-03  -5.0 5.90e-02    -  1.00e+00 1.00e+00h  1
  29  2.5586836e-03 1.98e-06 1.27e-03  -5.0 5.76e-02    -  1.00e+00 1.00e+00h  1
iter    objective    inf_pr   inf_du lg(mu)  ||d||  lg(rg) alpha_du alpha_pr  ls
  30  2.5586712e-03 1.90e-06 1.22e-03  -5.0 5.64e-02    -  1.00e+00 1.00e+00h  1
  31  2.5586609e-03 1.82e-06 1.17e-03  -5.0 5.53e-02    -  1.00e+00 1.00e+00h  1
  32  2.5586519e-03 1.75e-06 1.12e-03  -5.0 5.43e-02    -  1.00e+00 1.00e+00h  1
  33  2.5586438e-03 1.68e-06 1.08e-03  -5.0 5.33e-02    -  1.00e+00 1.00e+00h  1
  34  2.5586363e-03 1.62e-06 1.04e-03  -5.0 5.24e-02    -  1.00e+00 1.00e+00h  1
  35  2.5586295e-03 1.56e-06 1.00e-03  -5.0 5.15e-02    -  1.00e+00 1.00e+00h  1

Number of Iterations....: 35

                                   (scaled)                 (unscaled)
Objective...............:   2.5586294745183163e-03    2.5586294745183163e-03
Dual infeasibility......:   9.9968784081608968e-04    9.9968784081608968e-04
Constraint violation....:   1.5574443075302187e-06    1.5574443075302187e-06
Complementarity.........:   1.0000000000000006e-05    1.0000000000000006e-05
Overall NLP error.......:   9.9968784081608968e-04    9.9968784081608968e-04


Number of objective function evaluations             = 51
Number of objective gradient evaluations             = 34
Number of equality constraint evaluations            = 51
Number of inequality constraint evaluations          = 51
Number of equality constraint Jacobian evaluations   = 38
Number of inequality constraint Jacobian evaluations = 38
Number of Lagrangian Hessian evaluations             = 0
Total CPU secs in IPOPT (w/o function evaluations)   =      0.793
Total CPU secs in NLP function evaluations           =     22.717

EXIT: Optimal Solution Found.
