
List of user-set options:

                                    Name   Value                used
              acceptable_constr_viol_tol = 0.0001                yes
                          acceptable_tol = 0.001                 yes
                             alpha_for_y = safer-min-dual-infeas  yes
                         constr_viol_tol = 0.0001                yes
                        file_print_level = 5                     yes
                   hessian_approximation = limited-memory        yes
                           linear_solver = mumps                 yes
                                max_iter = 200                   yes
                                 mu_init = 1e-05                 yes
                             mu_strategy = monotone              yes
                      nlp_scaling_method = gradient-based        yes
                             output_file = /home/kaleb/projects/learning/AAD-design/sardines/SARDINE_optimization12_out/IPOPT.out  yes
                             print_level = 5                     yes
                      print_user_options = yes                   yes
                                      sb = yes                   yes
                                     tol = 0.0001                yes
This is Ipopt version 3.11.9, running with linear solver mumps.
NOTE: Other linear solvers might be more efficient (see Ipopt documentation).

Number of nonzeros in equality constraint Jacobian...:    11716
Number of nonzeros in inequality constraint Jacobian.:     4156
Number of nonzeros in Lagrangian Hessian.............:        0

Total number of variables............................:      213
                     variables with only lower bounds:        2
                variables with lower and upper bounds:      211
                     variables with only upper bounds:        0
Total number of equality constraints.................:      200
Total number of inequality constraints...............:      124
        inequality constraints with only lower bounds:       20
   inequality constraints with lower and upper bounds:       64
        inequality constraints with only upper bounds:       40

iter    objective    inf_pr   inf_du lg(mu)  ||d||  lg(rg) alpha_du alpha_pr  ls
   0  1.5427322e-03 1.08e+01 1.00e+00  -5.0 0.00e+00    -  0.00e+00 0.00e+00   0
   1  2.2509631e-03 1.05e+01 1.57e+00  -5.0 4.11e+00    -  3.69e-03 2.61e-02h  1
   2  2.3003869e-03 1.05e+01 1.58e+00  -5.0 3.91e+00    -  2.56e-02 7.07e-04h  1
   3  1.8634083e-02 9.51e+00 7.22e+00  -5.0 3.04e+00    -  1.30e-02 9.34e-02h  1
   4  2.1359535e-02 9.41e+00 7.42e+00  -5.0 4.76e+00    -  5.96e-02 1.10e-02h  1
   5  3.5409483e-02 9.09e+00 8.46e+00  -5.0 1.29e+01    -  2.83e-02 3.40e-02h  1
   6  3.7784548e-02 9.03e+00 8.36e+00  -5.0 1.25e+01    -  2.20e-02 5.94e-03h  1
   7  4.8378967e-02 8.79e+00 7.82e+00  -5.0 1.25e+01    -  2.78e-02 2.65e-02h  1
   8  4.8863782e-02 8.77e+00 9.86e+00  -5.0 3.49e+01    -  4.58e-03 2.64e-03h  1
   9  5.1168596e-02 8.72e+00 1.32e+01  -5.0 2.28e+01    -  5.85e-04 5.31e-03h  1
iter    objective    inf_pr   inf_du lg(mu)  ||d||  lg(rg) alpha_du alpha_pr  ls
  10  5.6161326e-02 8.65e+00 1.52e+01  -5.0 1.14e+01    -  6.77e-07 8.07e-03h  1
  11  9.1779330e-02 8.20e+00 1.95e+01  -5.0 8.01e+00    -  6.15e-03 5.22e-02h  2
  12  1.1993451e-01 7.84e+00 2.20e+01  -5.0 9.56e+00    -  7.01e-03 4.38e-02h  1
  13  1.2954476e-01 7.73e+00 2.17e+01  -5.0 7.54e+00    -  1.26e-02 1.47e-02h  1
  14  1.9812587e-01 6.93e+00 2.16e+01  -5.0 5.84e+00    -  1.74e-02 1.03e-01h  1
  15  2.0097626e-01 6.90e+00 2.13e+01  -5.0 4.27e+00    -  7.34e-03 4.32e-03h  1
  16  2.2606887e-01 6.64e+00 1.84e+01  -5.0 4.20e+00    -  8.90e-02 3.87e-02h  1
  17  2.9635563e-01 5.89e+00 1.65e+01  -5.0 4.05e+00    -  1.85e-02 1.13e-01h  1
  18  7.5804730e-01 1.17e+00 1.39e+01  -5.0 3.73e+00    -  1.84e-01 8.01e-01h  1
  19  7.7455677e-01 9.73e-01 1.19e+01  -5.0 6.38e-01    -  1.83e-01 1.68e-01h  1
iter    objective    inf_pr   inf_du lg(mu)  ||d||  lg(rg) alpha_du alpha_pr  ls
  20  7.9486483e-01 7.32e-01 1.02e+01  -5.0 5.31e-01    -  1.40e-01 2.48e-01h  1
  21  8.5632408e-01 6.09e-04 9.77e+00  -5.0 3.98e-01    -  1.66e-01 1.00e+00h  1
  22  8.5451350e-01 6.39e-07 4.89e+00  -5.0 1.76e-02    -  5.02e-01 1.00e+00h  1
  23  8.5421545e-01 8.57e-07 3.93e-02  -5.0 4.97e-03    -  9.93e-01 1.00e+00h  1
  24  8.5217225e-01 6.87e-05 5.95e-02  -5.0 2.44e-01    -  2.39e-01 1.00e+00f  1
  25  8.3176905e-01 9.09e-04 3.82e-02  -5.0 5.34e+00    -  5.31e-01 9.33e-02h  1
  26  8.0273929e-01 2.38e-03 3.96e-02  -5.0 2.05e+00    -  2.05e-02 2.23e-01h  1
  27  8.0381631e-01 2.03e-03 3.29e-02  -5.0 6.11e-01    -  1.85e-01 1.46e-01h  3
  28  8.0382825e-01 1.97e-03 2.89e-02  -5.0 1.98e+00    -  1.33e-01 2.96e-02h  4
  29  8.0378892e-01 1.93e-03 2.59e-02  -5.0 2.86e+00    -  1.07e-01 2.12e-02h  5
iter    objective    inf_pr   inf_du lg(mu)  ||d||  lg(rg) alpha_du alpha_pr  ls
  30  8.0382167e-01 1.91e-03 3.95e-02  -5.0 5.52e-01    -  4.53e-01 8.32e-03h  3
  31  8.0500257e-01 1.48e-03 5.13e-02  -5.0 7.75e-01    -  9.33e-02 2.27e-01h  1
  32  8.0730175e-01 6.37e-04 1.11e-01  -5.0 6.96e-01    -  9.44e-01 5.70e-01h  1
  33  8.0894835e-01 3.17e-05 6.99e-02  -5.0 3.44e-01    -  8.50e-01 1.00e+00h  1
  34  8.0877762e-01 1.39e-06 1.70e-02  -5.0 4.85e-02    -  8.49e-01 1.00e+00h  1
  35  8.0867168e-01 1.62e-06 1.31e-02  -5.0 6.32e-02    -  5.33e-01 1.00e+00h  1
  36  8.0853417e-01 2.79e-06 8.62e-03  -5.0 5.71e-02    -  1.00e+00 1.00e+00h  1
  37  8.0839124e-01 1.51e-06 8.59e-03  -5.0 5.68e-02    -  1.00e+00 1.00e+00h  1
  38  8.0823892e-01 1.48e-06 8.13e-03  -5.0 5.40e-02    -  1.00e+00 1.00e+00h  1
  39  8.0808324e-01 1.49e-06 7.99e-03  -5.0 5.29e-02    -  1.00e+00 1.00e+00h  1
iter    objective    inf_pr   inf_du lg(mu)  ||d||  lg(rg) alpha_du alpha_pr  ls
  40  8.0792506e-01 9.51e-06 7.13e-03  -5.0 5.22e-02    -  1.00e+00 1.00e+00h  1
  41  8.0637613e-01 1.15e-04 8.01e-03  -5.0 2.49e+00    -  3.79e-01 1.58e-01h  1
  42  8.0530560e-01 7.88e-05 7.85e-03  -5.0 5.95e-01    -  1.00e+00 3.88e-01h  1
  43  8.0415294e-01 1.33e-04 8.06e-03  -5.0 1.58e-01    -  7.00e-01 6.75e-01h  1
  44  8.0384510e-01 5.06e-07 3.83e-03  -5.0 1.11e-02    -  8.16e-01 1.00e+00f  1
  45  8.0370582e-01 5.69e-07 4.11e-03  -5.0 1.53e-02    -  1.00e+00 1.00e+00h  1
  46  8.0358673e-01 5.36e-07 4.42e-03  -5.0 8.74e-03    -  1.00e+00 1.00e+00h  1
  47  8.0348325e-01 5.98e-07 4.92e-03  -5.0 5.41e-03    -  1.00e+00 1.00e+00h  1
  48  8.0338838e-01 6.48e-07 5.29e-03  -5.0 5.25e-03    -  1.00e+00 1.00e+00h  1
  49  8.0329734e-01 6.75e-07 5.49e-03  -5.0 5.40e-03    -  1.00e+00 1.00e+00h  1
iter    objective    inf_pr   inf_du lg(mu)  ||d||  lg(rg) alpha_du alpha_pr  ls
  50  8.0320706e-01 6.88e-07 5.58e-03  -5.0 5.49e-03    -  1.00e+00 1.00e+00h  1
  51  8.0311631e-01 6.95e-07 5.62e-03  -5.0 5.53e-03    -  1.00e+00 1.00e+00h  1
  52  8.0302481e-01 6.96e-07 5.63e-03  -5.0 5.53e-03    -  1.00e+00 1.00e+00h  1
  53  8.0293255e-01 6.86e-07 5.54e-03  -5.0 5.44e-03    -  1.00e+00 1.00e+00h  1
  54  8.0284216e-01 6.45e-07 5.24e-03  -5.0 5.42e-03    -  1.00e+00 1.00e+00h  1
  55  8.0277594e-01 4.71e-07 3.75e-03  -5.0 5.41e-03    -  1.00e+00 8.57e-01h  1
  56  8.0275538e-01 4.09e-07 1.93e-03  -5.0 5.66e-03    -  1.00e+00 1.00e+00f  1
  57  8.0273465e-01 3.94e-07 1.83e-03  -5.0 6.49e-03    -  1.00e+00 1.00e+00h  1
  58  8.0271711e-01 3.87e-07 1.81e-03  -5.0 6.42e-03    -  1.00e+00 1.00e+00h  1
  59  8.0270468e-01 3.81e-07 1.77e-03  -5.0 6.32e-03    -  1.00e+00 1.00e+00h  1
iter    objective    inf_pr   inf_du lg(mu)  ||d||  lg(rg) alpha_du alpha_pr  ls
  60  8.0269421e-01 3.69e-07 1.75e-03  -5.0 6.19e-03    -  1.00e+00 1.00e+00h  1
  61  8.0268469e-01 3.52e-07 1.74e-03  -5.0 6.00e-03    -  1.00e+00 1.00e+00h  1
  62  8.0267583e-01 3.32e-07 1.74e-03  -5.0 5.77e-03    -  1.00e+00 1.00e+00h  1
  63  8.0266757e-01 3.10e-07 1.73e-03  -5.0 5.51e-03    -  1.00e+00 1.00e+00h  1
  64  8.0265990e-01 2.86e-07 1.84e-03  -5.0 5.23e-03    -  1.00e+00 1.00e+00h  1
  65  8.0265090e-01 3.40e-07 1.74e-03  -5.0 6.61e-03    -  1.00e+00 1.00e+00h  1
  66  8.0264291e-01 3.10e-07 1.73e-03  -5.0 6.26e-03    -  1.00e+00 1.00e+00h  1
  67  8.0263575e-01 2.80e-07 1.72e-03  -5.0 5.97e-03    -  1.00e+00 1.00e+00h  1
  68  8.0262921e-01 2.63e-07 1.72e-03  -5.0 5.94e-03    -  1.00e+00 1.00e+00h  1
  69  8.0262322e-01 2.44e-07 1.71e-03  -5.0 5.69e-03    -  1.00e+00 1.00e+00h  1
iter    objective    inf_pr   inf_du lg(mu)  ||d||  lg(rg) alpha_du alpha_pr  ls
  70  8.0261764e-01 4.04e-07 1.71e-03  -5.0 5.48e-03    -  1.00e+00 1.00e+00h  1
  71  8.0261185e-01 2.49e-07 1.71e-03  -5.0 6.45e-03    -  1.00e+00 1.00e+00h  1
  72  8.0260626e-01 2.43e-07 1.71e-03  -5.0 6.14e-03    -  1.00e+00 1.00e+00h  1
  73  8.0260080e-01 2.35e-07 1.71e-03  -5.0 5.97e-03    -  1.00e+00 1.00e+00h  1
  74  8.0259554e-01 2.23e-07 1.71e-03  -5.0 5.69e-03    -  1.00e+00 1.00e+00h  1
  75  8.0259036e-01 2.17e-07 1.71e-03  -5.0 5.59e-03    -  1.00e+00 1.00e+00h  1
  76  8.0258525e-01 2.12e-07 1.71e-03  -5.0 5.50e-03    -  1.00e+00 1.00e+00h  1
  77  8.0258019e-01 2.08e-07 1.71e-03  -5.0 5.42e-03    -  1.00e+00 1.00e+00h  1
  78  8.0257517e-01 2.05e-07 1.71e-03  -5.0 5.35e-03    -  1.00e+00 1.00e+00h  1
  79  8.0257018e-01 1.97e-07 1.71e-03  -5.0 5.29e-03    -  1.00e+00 1.00e+00h  1
iter    objective    inf_pr   inf_du lg(mu)  ||d||  lg(rg) alpha_du alpha_pr  ls
  80  8.0256454e-01 2.32e-07 1.71e-03  -5.0 5.93e-03    -  1.00e+00 1.00e+00h  1
  81  8.0255908e-01 2.28e-07 1.71e-03  -5.0 5.97e-03    -  1.00e+00 1.00e+00h  1
  82  8.0255367e-01 2.26e-07 1.71e-03  -5.0 5.94e-03    -  1.00e+00 1.00e+00h  1
  83  8.0254828e-01 2.24e-07 1.71e-03  -5.0 5.91e-03    -  1.00e+00 1.00e+00h  1
  84  8.0254289e-01 2.23e-07 1.71e-03  -5.0 5.88e-03    -  1.00e+00 1.00e+00h  1
  85  8.0253751e-01 2.22e-07 1.71e-03  -5.0 5.85e-03    -  1.00e+00 1.00e+00h  1
  86  8.0253212e-01 2.21e-07 1.71e-03  -5.0 5.83e-03    -  1.00e+00 1.00e+00h  1
  87  8.0252673e-01 2.21e-07 1.71e-03  -5.0 5.82e-03    -  1.00e+00 1.00e+00h  1
  88  8.0252133e-01 2.20e-07 1.71e-03  -5.0 5.81e-03    -  1.00e+00 1.00e+00h  1
  89  8.0251592e-01 2.20e-07 1.71e-03  -5.0 5.80e-03    -  1.00e+00 1.00e+00h  1
iter    objective    inf_pr   inf_du lg(mu)  ||d||  lg(rg) alpha_du alpha_pr  ls
  90  8.0251023e-01 2.36e-07 1.71e-03  -5.0 6.33e-03    -  1.00e+00 1.00e+00h  1
  91  8.0250451e-01 2.38e-07 1.71e-03  -5.0 6.28e-03    -  1.00e+00 1.00e+00h  1
  92  8.0249876e-01 2.38e-07 1.71e-03  -5.0 6.27e-03    -  1.00e+00 1.00e+00h  1
  93  8.0249298e-01 2.38e-07 1.72e-03  -5.0 6.27e-03    -  1.00e+00 1.00e+00h  1
  94  8.0248719e-01 2.38e-07 1.72e-03  -5.0 6.27e-03    -  1.00e+00 1.00e+00h  1
  95  8.0248137e-01 2.38e-07 1.72e-03  -5.0 6.27e-03    -  1.00e+00 1.00e+00h  1
  96  8.0247554e-01 2.38e-07 1.72e-03  -5.0 6.27e-03    -  1.00e+00 1.00e+00h  1
  97  8.0246969e-01 2.38e-07 1.72e-03  -5.0 6.28e-03    -  1.00e+00 1.00e+00h  1
  98  8.0246381e-01 2.39e-07 1.72e-03  -5.0 6.28e-03    -  1.00e+00 1.00e+00h  1
  99  8.0245792e-01 2.39e-07 1.72e-03  -5.0 6.29e-03    -  1.00e+00 1.00e+00h  1
iter    objective    inf_pr   inf_du lg(mu)  ||d||  lg(rg) alpha_du alpha_pr  ls
 100  8.0245200e-01 2.39e-07 1.72e-03  -5.0 6.29e-03    -  1.00e+00 1.00e+00h  1
 101  8.0244585e-01 2.47e-07 1.72e-03  -5.0 6.45e-03    -  1.00e+00 1.00e+00h  1
 102  8.0144895e-01 9.62e-06 4.12e-03  -5.0 9.47e-01    -  3.19e-01 3.88e-01h  1
 103  8.0103494e-01 6.28e-06 5.94e-03  -5.0 7.09e-01    -  2.88e-01 3.29e-01H  1
 104  8.0083676e-01 3.27e-06 3.18e-03  -5.0 4.34e-01    -  4.95e-01 1.00e+00h  1
 105  8.0041811e-01 7.44e-06 6.31e-03  -5.0 5.09e-01    -  3.13e-01 3.87e-01h  1
 106  8.0036886e-01 1.02e-05 1.73e-03  -5.0 1.49e-01    -  4.13e-01 1.00e+00h  1
 107  8.0027614e-01 1.83e-06 1.07e-03  -5.0 7.83e-02    -  7.58e-01 1.00e+00h  1
 108  8.0019604e-01 3.71e-06 8.82e-04  -5.0 1.16e-01    -  1.00e+00 1.00e+00h  1
 109  8.0023031e-01 4.85e-07 3.93e-04  -5.0 3.53e-02    -  1.00e+00 1.00e+00h  1
iter    objective    inf_pr   inf_du lg(mu)  ||d||  lg(rg) alpha_du alpha_pr  ls
 110  8.0023033e-01 8.72e-08 1.30e-04  -5.0 1.07e-02    -  1.00e+00 1.00e+00h  1
 111  8.0023110e-01 2.95e-08 4.98e-05  -5.0 3.74e-03    -  1.00e+00 1.00e+00h  1

Number of Iterations....: 111

                                   (scaled)                 (unscaled)
Objective...............:   8.0023110100655870e-01    8.0023110100655870e-01
Dual infeasibility......:   4.9810967952135490e-05    4.9810967952135490e-05
Constraint violation....:   2.9508698958822747e-08    2.9508698958822747e-08
Complementarity.........:   1.0000000000000004e-05    1.0000000000000004e-05
Overall NLP error.......:   4.9810967952135490e-05    4.9810967952135490e-05


Number of objective function evaluations             = 133
Number of objective gradient evaluations             = 112
Number of equality constraint evaluations            = 133
Number of inequality constraint evaluations          = 133
Number of equality constraint Jacobian evaluations   = 112
Number of inequality constraint Jacobian evaluations = 112
Number of Lagrangian Hessian evaluations             = 0
Total CPU secs in IPOPT (w/o function evaluations)   =      0.832
Total CPU secs in NLP function evaluations           =     56.104

EXIT: Optimal Solution Found.
