
List of user-set options:

                                    Name   Value                used
              acceptable_constr_viol_tol = 0.001                 yes
                          acceptable_tol = 0.01                  yes
                             alpha_for_y = safer-min-dual-infeas  yes
                         constr_viol_tol = 0.001                 yes
                        file_print_level = 5                     yes
                   hessian_approximation = limited-memory        yes
                           linear_solver = mumps                 yes
                                max_iter = 66                    yes
                                 mu_init = 1e-05                 yes
                             mu_strategy = monotone              yes
                      nlp_scaling_method = gradient-based        yes
                             output_file = /home/kaleb/projects/learning/AAD-design/sardines/SARDINE_optimization26_out/IPOPT.out  yes
                             print_level = 5                     yes
                      print_user_options = yes                   yes
                                      sb = yes                   yes
                                     tol = 0.001                 yes
This is Ipopt version 3.11.9, running with linear solver mumps.
NOTE: Other linear solvers might be more efficient (see Ipopt documentation).

Number of nonzeros in equality constraint Jacobian...:     4707
Number of nonzeros in inequality constraint Jacobian.:     1910
Number of nonzeros in Lagrangian Hessian.............:        0

Total number of variables............................:      126
                     variables with only lower bounds:        2
                variables with lower and upper bounds:      124
                     variables with only upper bounds:        0
Total number of equality constraints.................:      120
Total number of inequality constraints...............:       82
        inequality constraints with only lower bounds:       20
   inequality constraints with lower and upper bounds:       42
        inequality constraints with only upper bounds:       20

iter    objective    inf_pr   inf_du lg(mu)  ||d||  lg(rg) alpha_du alpha_pr  ls
   0  5.3995626e-06 1.96e+01 1.00e+00  -5.0 0.00e+00    -  0.00e+00 0.00e+00   0
   1  1.2253781e-05 1.82e+01 9.66e-01  -5.0 5.13e+00    -  5.28e-02 7.08e-02h  1
   2  1.4680841e-05 1.80e+01 1.46e+00  -5.0 3.27e+00    -  4.99e-02 1.04e-02h  1
   3  2.1767204e-05 1.78e+01 9.69e-01  -5.0 1.39e+01    -  2.60e-02 1.23e-02h  1
   4  2.9584521e-05 1.77e+01 1.18e+00  -5.0 7.51e+01    -  2.30e-03 3.52e-03h  2
   5  5.6522991e-05 1.75e+01 1.81e+00  -5.0 6.03e+01    -  6.36e-08 1.18e-02f  1
   6  6.1014190e-04 1.32e+01 8.11e+00  -5.0 2.31e+01    -  3.45e-03 2.45e-01h  1
   7  1.0679978e-03 9.65e+00 8.34e+00  -5.0 3.15e+00    -  1.79e-01 2.69e-01h  1
   8  1.3787338e-03 7.24e+00 8.98e+00  -5.0 2.30e+00    -  4.05e-01 2.50e-01h  2
   9  1.3861221e-03 7.18e+00 3.85e+00  -5.0 1.71e+00    -  5.92e-01 7.99e-03h  6
iter    objective    inf_pr   inf_du lg(mu)  ||d||  lg(rg) alpha_du alpha_pr  ls
  10  1.6939983e-03 4.71e+00 6.09e+00  -5.0 1.66e+00    -  3.95e-01 3.44e-01h  1
  11  1.9008117e-03 2.87e+00 4.76e+00  -5.0 3.68e+00    -  3.57e-01 3.90e-01h  1
  12  2.1567479e-03 5.14e-01 2.37e+00  -5.0 2.14e+00    -  5.84e-01 8.21e-01h  1
  13  2.2148467e-03 2.79e-05 8.07e-01  -5.0 6.17e-01    -  6.91e-01 1.00e+00h  1
  14  2.2124432e-03 1.50e-05 4.20e-01  -5.0 4.15e-01    -  5.09e-01 1.00e+00h  1
  15  2.2125360e-03 3.61e-08 4.68e-04  -5.0 2.94e-03    -  9.99e-01 1.00e+00h  1
  16  2.3403815e-03 7.09e-01 7.02e-04  -5.0 4.70e+01    -  2.17e-02 2.32e-01f  1
  17  2.3120336e-03 9.85e-05 2.20e-04  -5.0 3.20e+00    -  7.43e-01 1.00e+00h  1
  18  2.2961160e-03 2.58e-04 2.72e-04  -5.0 1.02e+01    -  6.09e-01 1.00e+00h  1
  19  2.2961734e-03 1.59e-06 9.31e-04  -5.0 1.39e-01    -  1.00e+00 1.00e+00h  1

Number of Iterations....: 19

                                   (scaled)                 (unscaled)
Objective...............:   2.2961734337552230e-03    2.2961734337552230e-03
Dual infeasibility......:   9.3143812220636030e-04    9.3143812220636030e-04
Constraint violation....:   1.5888619467301053e-06    1.5888619467301053e-06
Complementarity.........:   1.0705496647214958e-05    1.0705496647214958e-05
Overall NLP error.......:   9.3143812220636030e-04    9.3143812220636030e-04


Number of objective function evaluations             = 28
Number of objective gradient evaluations             = 20
Number of equality constraint evaluations            = 28
Number of inequality constraint evaluations          = 28
Number of equality constraint Jacobian evaluations   = 20
Number of inequality constraint Jacobian evaluations = 20
Number of Lagrangian Hessian evaluations             = 0
Total CPU secs in IPOPT (w/o function evaluations)   =      0.518
Total CPU secs in NLP function evaluations           =      7.809

EXIT: Optimal Solution Found.
