
List of user-set options:

                                    Name   Value                used
              acceptable_constr_viol_tol = 0.0001                yes
                          acceptable_tol = 0.001                 yes
                             alpha_for_y = safer-min-dual-infeas  yes
                         constr_viol_tol = 0.0001                yes
                        file_print_level = 5                     yes
                   hessian_approximation = limited-memory        yes
                           linear_solver = mumps                 yes
                                max_iter = 200                   yes
                                 mu_init = 1e-05                 yes
                             mu_strategy = monotone              yes
                      nlp_scaling_method = gradient-based        yes
                             output_file = /home/kaleb/projects/learning/AAD-design/sardines/SARDINE_optimization25_out/IPOPT.out  yes
                             print_level = 5                     yes
                      print_user_options = yes                   yes
                                      sb = yes                   yes
                                     tol = 0.0001                yes
This is Ipopt version 3.11.9, running with linear solver mumps.
NOTE: Other linear solvers might be more efficient (see Ipopt documentation).

Number of nonzeros in equality constraint Jacobian...:    11716
Number of nonzeros in inequality constraint Jacobian.:     4156
Number of nonzeros in Lagrangian Hessian.............:        0

Total number of variables............................:      213
                     variables with only lower bounds:        2
                variables with lower and upper bounds:      211
                     variables with only upper bounds:        0
Total number of equality constraints.................:      200
Total number of inequality constraints...............:      124
        inequality constraints with only lower bounds:       20
   inequality constraints with lower and upper bounds:       64
        inequality constraints with only upper bounds:       40

iter    objective    inf_pr   inf_du lg(mu)  ||d||  lg(rg) alpha_du alpha_pr  ls
   0  1.5427322e-03 1.08e+01 1.00e+00  -5.0 0.00e+00    -  0.00e+00 0.00e+00   0
   1  2.0770987e-03 1.04e+01 2.82e+00  -5.0 4.06e+00    -  2.46e-03 3.14e-02h  1
   2  2.1156809e-03 1.04e+01 2.82e+00  -5.0 4.54e+00    -  2.96e-02 8.40e-04h  1
   3  9.3839045e-03 9.89e+00 7.22e+00  -5.0 4.46e+00    -  1.49e-02 5.18e-02h  1
   4  1.1062278e-02 9.84e+00 7.43e+00  -5.0 7.37e+00    -  2.93e-02 5.31e-03h  1
   5  2.8302354e-02 9.54e+00 8.81e+00  -5.0 1.78e+01    -  1.60e-02 2.99e-02h  1
   6  2.9436674e-02 9.53e+00 8.69e+00  -5.0 1.79e+01    -  1.55e-02 1.97e-03h  1
   7  4.0522259e-02 9.34e+00 1.04e+01  -5.0 1.77e+01    -  1.54e-02 1.94e-02h  1
   8  4.0915984e-02 9.31e+00 1.77e+01  -5.0 4.26e+01    -  3.96e-03 2.92e-03h  1
   9  4.0984105e-02 9.31e+00 1.45e+01  -5.0 4.38e+01    -  1.63e-03 4.77e-04h  1
iter    objective    inf_pr   inf_du lg(mu)  ||d||  lg(rg) alpha_du alpha_pr  ls
  10  4.0999445e-02 9.31e+00 1.45e+01  -5.0 5.02e+01    -  5.49e-05 1.03e-04h  1
  11  4.1019845e-02 9.31e+00 1.47e+01  -5.0 5.03e+01    -  2.39e-05 1.31e-04h  1
  12  4.1470281e-02 9.28e+00 2.06e+01  -5.0 5.49e+01    -  3.45e-06 3.05e-03h  2
  13  4.1488281e-02 9.28e+00 2.06e+01  -5.0 5.52e+01    -  9.48e-05 1.13e-04h  1
  14  4.1541322e-02 9.27e+00 2.06e+01  -5.0 5.59e+01    -  1.07e-04 3.25e-04h  1
  15  4.1925802e-02 9.25e+00 2.41e+01  -5.0 5.96e+01    -  1.89e-05 2.51e-03h  3
  16  4.1999335e-02 9.25e+00 2.41e+01  -5.0 5.60e+01    -  7.90e-05 4.27e-04h  1
  17  4.2396121e-02 9.22e+00 2.66e+01  -5.0 6.03e+01    -  3.32e-05 2.58e-03h  3
  18  4.2444006e-02 9.22e+00 2.65e+01  -5.0 5.65e+01    -  2.27e-04 2.68e-04h  1
  19  4.2522035e-02 9.22e+00 2.66e+01  -5.0 5.62e+01    -  1.89e-04 4.31e-04h  1
iter    objective    inf_pr   inf_du lg(mu)  ||d||  lg(rg) alpha_du alpha_pr  ls
  20  4.2608182e-02 9.21e+00 2.67e+01  -5.0 5.36e+01    -  7.38e-05 4.18e-04h  1
  21  4.2641554e-02 9.21e+00 2.69e+01  -5.0 6.03e+01    -  2.20e-05 2.17e-04h  1
  22  4.2692606e-02 9.21e+00 2.69e+01  -5.0 5.24e+01    -  1.58e-04 2.31e-04f  1
  23  4.2749313e-02 9.21e+00 2.69e+01  -5.0 5.13e+01    -  8.68e-05 2.44e-04h  1
  24  4.2830676e-02 9.20e+00 2.71e+01  -5.0 5.06e+01    -  5.96e-05 3.32e-04h  1
  25  4.2849884e-02 9.20e+00 2.72e+01  -5.0 5.96e+01    -  2.76e-05 1.25e-04h  1
  26  4.2883782e-02 9.20e+00 2.72e+01  -5.0 4.36e+01    -  1.11e-04 1.05e-04f  1
  27  4.2909274e-02 9.20e+00 2.72e+01  -5.0 4.32e+01    -  4.47e-05 7.80e-05h  1
  28  4.2947788e-02 9.20e+00 2.72e+01  -5.0 4.55e+01    -  2.31e-05 1.26e-04f  1
  29  4.3814397e-02 9.15e+00 3.01e+01  -5.0 5.88e+01    -  2.75e-05 5.59e-03h  1
iter    objective    inf_pr   inf_du lg(mu)  ||d||  lg(rg) alpha_du alpha_pr  ls
  30  4.4067514e-02 9.15e+00 3.01e+01  -5.0 2.55e+01    -  2.21e-05 3.32e-04h  1
  31  4.9910372e-02 9.08e+00 3.01e+01  -5.0 2.35e+01    -  3.45e-04 7.43e-03h  1
  32  5.7989924e-02 8.98e+00 3.02e+01  -5.0 1.77e+01    -  7.78e-03 1.02e-02h  1
  33  7.3596454e-02 8.80e+00 2.96e+01  -5.0 1.71e+01    -  1.92e-02 2.03e-02h  2
  34  8.5146952e-02 8.64e+00 2.92e+01  -5.0 2.39e+01    -  1.23e-02 1.80e-02h  1
  35  8.5352781e-02 8.64e+00 2.92e+01  -5.0 1.10e+01    -  6.82e-07 2.71e-04h  1
  36  9.3154465e-02 8.55e+00 2.91e+01  -5.0 1.06e+01    -  1.76e-03 1.01e-02h  1
  37  9.4972572e-02 8.54e+00 2.91e+01  -5.0 7.13e+00    -  1.11e-04 1.65e-03h  1
  38  9.6362450e-02 8.52e+00 2.89e+01  -5.0 2.55e+01    -  7.17e-03 1.82e-03h  1
  39  9.8723007e-02 8.51e+00 2.87e+01  -5.0 7.15e+00    -  6.83e-03 2.14e-03h  1
iter    objective    inf_pr   inf_du lg(mu)  ||d||  lg(rg) alpha_du alpha_pr  ls
  40  1.3849603e-01 8.20e+00 2.87e+01  -5.0 7.13e+00    -  1.69e-03 3.61e-02h  1
  41  1.4166897e-01 8.17e+00 2.87e+01  -5.0 1.66e+01    -  1.68e-05 3.73e-03h  1
  42  1.7553336e-01 7.90e+00 2.84e+01  -5.0 6.76e+00    -  1.46e-02 3.25e-02h  1
  43  1.7903514e-01 7.87e+00 2.84e+01  -5.0 1.29e+01    -  4.14e-07 4.02e-03h  1
  44  1.8011660e-01 7.86e+00 2.78e+01  -5.0 6.50e+00    -  2.52e-02 1.08e-03h  1
  45  1.9495393e-01 7.75e+00 2.78e+01  -5.0 6.51e+00    -  2.50e-03 1.48e-02h  1
  46  2.5365171e-01 7.29e+00 2.62e+01  -5.0 6.44e+00    -  1.35e-02 5.91e-02h  1
  47  2.8261703e-01 7.07e+00 2.59e+01  -5.0 6.15e+00    -  9.36e-03 3.05e-02h  1
  48  2.8286982e-01 7.06e+00 2.58e+01  -5.0 5.90e+00    -  4.00e-03 2.78e-04h  1
  49  2.8652332e-01 7.03e+00 2.57e+01  -5.0 5.54e+00    -  4.12e-03 4.27e-03h  1
iter    objective    inf_pr   inf_du lg(mu)  ||d||  lg(rg) alpha_du alpha_pr  ls
  50  3.4851184e-01 6.55e+00 2.92e+01  -5.0 5.78e+00    -  6.67e-04 6.95e-02h  1
  51  3.7781449e-01 6.32e+00 2.97e+01  -5.0 5.42e+00    -  1.32e-02 3.50e-02h  1
  52  4.5444567e-01 5.71e+00 3.72e+01  -5.0 5.20e+00    -  3.51e-02 9.55e-02h  1
  53  4.5652400e-01 5.69e+00 3.96e+01  -5.0 1.20e+01    -  8.70e-04 4.60e-03h  1
  54  4.7169202e-01 5.47e+00 4.30e+01  -5.0 1.16e+01    -  9.16e-02 3.75e-02h  1
  55  4.7759911e-01 5.42e+00 4.42e+01  -5.0 5.41e+00    -  1.04e-02 9.58e-03h  1
  56  4.7949487e-01 5.40e+00 4.54e+01  -5.0 5.32e+00    -  2.20e-02 3.11e-03h  1
  57  5.4019068e-01 4.88e+00 5.09e+01  -5.0 4.04e+00    -  8.47e-03 9.75e-02h  1
  58  5.4529613e-01 4.83e+00 4.82e+01  -5.0 3.61e+00    -  5.60e-02 9.17e-03h  1
  59  5.9752967e-01 4.38e+00 4.49e+01  -5.0 3.58e+00    -  1.47e-01 9.46e-02h  1
iter    objective    inf_pr   inf_du lg(mu)  ||d||  lg(rg) alpha_du alpha_pr  ls
  60  6.2456820e-01 4.13e+00 4.75e+01  -5.0 4.77e+00    -  4.27e-03 5.52e-02h  1
  61  7.2006533e-01 3.29e+00 5.36e+01  -5.0 3.04e+00    -  8.22e-02 2.04e-01h  1
  62  7.2952162e-01 2.88e+00 1.72e+01  -5.0 4.01e+00    -  4.05e-04 1.24e-01h  1
  63  7.2961586e-01 2.88e+00 6.34e+01  -5.0 1.96e+00    -  3.69e-01 3.12e-04h  1
  64  8.4094782e-01 1.82e+00 3.30e+02  -5.0 1.96e+00    -  6.34e-01 3.68e-01h  1
  65  9.7165381e-01 5.73e-01 3.46e+02  -5.0 1.24e+00    -  7.18e-01 6.85e-01h  1
  66  9.7165482e-01 5.73e-01 3.45e+02  -5.0 3.75e-01    -  1.18e-03 1.75e-05h  1
  67  9.7730621e-01 5.18e-01 3.33e+02  -5.0 5.00e-01    -  3.03e-07 9.57e-02h  1
  68  1.0042206e+00 2.58e-01 3.84e+02  -5.0 4.53e-01    -  2.47e-01 5.03e-01h  1
  69  1.0042209e+00 2.58e-01 2.92e+02  -5.0 2.26e-01    -  2.42e-01 1.01e-05h  1
iter    objective    inf_pr   inf_du lg(mu)  ||d||  lg(rg) alpha_du alpha_pr  ls
  70  1.0222011e+00 8.03e-02 2.90e+02  -5.0 1.81e-01    -  2.03e-05 6.88e-01h  1
  71  1.0222013e+00 8.03e-02 2.71e+02  -5.0 5.78e-02    -  6.73e-02 2.18e-05h  1
  72  1.0302356e+00 1.88e-04 1.63e+02  -5.0 5.78e-02    -  3.97e-01 1.00e+00h  1
  73  1.0302779e+00 1.50e-06 9.91e+01  -5.0 8.52e-03    -  3.92e-01 1.00e+00h  1
  74  1.0302487e+00 7.49e-07 2.37e-02  -5.0 1.89e-04    -  1.00e+00 1.00e+00h  1
  75  1.0303337e+00 5.10e-07 1.84e-03  -5.0 8.33e-03    -  1.00e+00 1.00e+00f  1
  76  1.0303666e+00 2.16e-07 1.89e-04  -5.0 3.17e-03    -  1.00e+00 1.00e+00h  1
  77  1.0303650e+00 6.25e-09 1.14e-05  -5.0 1.02e-04    -  1.00e+00 1.00e+00h  1

Number of Iterations....: 77

                                   (scaled)                 (unscaled)
Objective...............:   1.0303650081579732e+00    1.0303650081579732e+00
Dual infeasibility......:   1.1408558798305950e-05    1.1408558798305950e-05
Constraint violation....:   6.2477037606899791e-09    6.2477037606899791e-09
Complementarity.........:   1.0002658978288832e-05    1.0002658978288832e-05
Overall NLP error.......:   1.1408558798305950e-05    1.1408558798305950e-05


Number of objective function evaluations             = 88
Number of objective gradient evaluations             = 78
Number of equality constraint evaluations            = 88
Number of inequality constraint evaluations          = 88
Number of equality constraint Jacobian evaluations   = 78
Number of inequality constraint Jacobian evaluations = 78
Number of Lagrangian Hessian evaluations             = 0
Total CPU secs in IPOPT (w/o function evaluations)   =      0.756
Total CPU secs in NLP function evaluations           =     40.479

EXIT: Optimal Solution Found.
