
List of user-set options:

                                    Name   Value                used
              acceptable_constr_viol_tol = 0.001                 yes
                          acceptable_tol = 0.01                  yes
                             alpha_for_y = safer-min-dual-infeas  yes
                         constr_viol_tol = 0.001                 yes
                        file_print_level = 5                     yes
                   hessian_approximation = limited-memory        yes
                           linear_solver = mumps                 yes
                                max_iter = 66                    yes
                                 mu_init = 1e-05                 yes
                             mu_strategy = monotone              yes
                      nlp_scaling_method = gradient-based        yes
                             output_file = /home/kaleb/projects/learning/AAD-design/sardines/SARDINE_optimization25_out/IPOPT.out  yes
                             print_level = 5                     yes
                      print_user_options = yes                   yes
                                      sb = yes                   yes
                                     tol = 0.001                 yes
This is Ipopt version 3.11.9, running with linear solver mumps.
NOTE: Other linear solvers might be more efficient (see Ipopt documentation).

Number of nonzeros in equality constraint Jacobian...:     8831
Number of nonzeros in inequality constraint Jacobian.:     2080
Number of nonzeros in Lagrangian Hessian.............:        0

Total number of variables............................:      180
                     variables with only lower bounds:        2
                variables with lower and upper bounds:      178
                     variables with only upper bounds:        0
Total number of equality constraints.................:      174
Total number of inequality constraints...............:       84
        inequality constraints with only lower bounds:       20
   inequality constraints with lower and upper bounds:       44
        inequality constraints with only upper bounds:       20

iter    objective    inf_pr   inf_du lg(mu)  ||d||  lg(rg) alpha_du alpha_pr  ls
   0  5.3995626e-06 1.96e+01 1.00e+00  -5.0 0.00e+00    -  0.00e+00 0.00e+00   0
   1  1.3897037e-05 1.91e+01 9.94e-01  -5.0 5.48e+00    -  1.56e-02 2.49e-02h  1
   2  1.5602951e-05 1.90e+01 1.22e+00  -5.0 4.70e+00    -  2.37e-02 2.99e-03h  1
   3  7.0260928e-05 1.72e+01 1.19e+00  -5.0 4.03e+00    -  2.56e-02 9.30e-02h  1
   4  7.6482948e-05 1.71e+01 9.07e-01  -5.0 2.95e+00    -  6.64e-02 1.09e-02h  1
   5  8.3320759e-05 1.69e+01 9.08e-01  -5.0 1.35e+01    -  3.14e-03 7.62e-03h  1
   6  8.6287857e-05 1.69e+01 9.08e-01  -5.0 2.51e+01    -  5.73e-04 3.45e-03h  1
   7  8.9780768e-05 1.68e+01 1.05e+00  -5.0 4.31e+01    -  8.07e-04 2.54e-03h  1
   8  1.1132596e-04 1.67e+01 1.07e+00  -5.0 2.14e+01    -  1.32e-03 8.11e-03h  1
   9  2.1239313e-04 1.61e+01 1.33e+00  -5.0 6.13e+00    -  8.79e-03 3.60e-02h  1
iter    objective    inf_pr   inf_du lg(mu)  ||d||  lg(rg) alpha_du alpha_pr  ls
  10  3.4861502e-04 1.53e+01 2.40e+00  -5.0 5.00e+00    -  4.44e-02 5.05e-02h  1
  11  3.4871913e-04 1.53e+01 2.40e+00  -5.0 1.12e+02    -  2.96e-05 1.05e-04h  1
  12  3.6899663e-04 1.51e+01 2.38e+00  -5.0 2.25e+01    -  5.27e-05 1.07e-02h  1
  13  4.0573580e-04 1.48e+01 2.31e+00  -5.0 3.93e+00    -  8.72e-03 1.73e-02h  1
  14  2.5180261e-03 4.21e-04 1.68e+01  -5.0 3.91e+00    -  2.62e-02 1.00e+00h  1
  15  2.5087234e-03 3.45e-07 1.21e+00  -5.0 2.75e-02    -  9.39e-01 1.00e+00h  1
  16  2.4935564e-03 3.03e-06 1.59e-01  -5.0 1.45e-01    -  8.73e-01 1.00e+00f  1
  17  2.4932847e-03 1.40e-06 5.41e-04  -5.0 1.19e-02    -  9.97e-01 1.00e+00h  1
  18  2.5051216e-03 5.82e-05 4.19e-03  -5.0 1.91e+00    -  7.88e-01 1.00e+00f  1
  19  2.4926622e-03 3.92e-04 1.13e-03  -5.0 3.24e+00    -  7.01e-01 1.00e+00h  1
iter    objective    inf_pr   inf_du lg(mu)  ||d||  lg(rg) alpha_du alpha_pr  ls
  20  2.4621501e-03 4.51e-04 3.24e-03  -5.0 3.29e+00    -  8.55e-01 1.00e+00h  1
  21  2.4342375e-03 1.95e-04 2.29e-03  -5.0 2.70e+00    -  8.34e-01 1.00e+00h  1
  22  2.4448724e-03 7.77e-04 1.49e-03  -5.0 2.13e+00    -  1.00e+00 1.00e+00h  1
  23  2.4449788e-03 5.34e-06 3.59e-03  -5.0 3.01e-01    -  1.00e+00 1.00e+00h  1
  24  2.4386276e-03 6.72e-05 1.13e-04  -5.0 1.44e+00    -  1.00e+00 1.00e+00h  1

Number of Iterations....: 24

                                   (scaled)                 (unscaled)
Objective...............:   2.4386276258404550e-03    2.4386276258404550e-03
Dual infeasibility......:   1.1317668259734941e-04    1.1317668259734941e-04
Constraint violation....:   6.7167010083214092e-05    6.7167010083214092e-05
Complementarity.........:   1.0000000000000003e-05    1.0000000000000003e-05
Overall NLP error.......:   1.1317668259734941e-04    1.1317668259734941e-04


Number of objective function evaluations             = 25
Number of objective gradient evaluations             = 25
Number of equality constraint evaluations            = 25
Number of inequality constraint evaluations          = 25
Number of equality constraint Jacobian evaluations   = 25
Number of inequality constraint Jacobian evaluations = 25
Number of Lagrangian Hessian evaluations             = 0
Total CPU secs in IPOPT (w/o function evaluations)   =      0.806
Total CPU secs in NLP function evaluations           =     10.912

EXIT: Optimal Solution Found.
