
List of user-set options:

                                    Name   Value                used
              acceptable_constr_viol_tol = 0.001                 yes
                          acceptable_tol = 0.01                  yes
                             alpha_for_y = safer-min-dual-infeas  yes
                         constr_viol_tol = 0.001                 yes
                        file_print_level = 5                     yes
                   hessian_approximation = limited-memory        yes
                           linear_solver = mumps                 yes
                                max_iter = 66                    yes
                                 mu_init = 1e-05                 yes
                             mu_strategy = monotone              yes
                      nlp_scaling_method = gradient-based        yes
                             output_file = /home/kaleb/projects/learning/AAD-design/sardines/SARDINE_optimization3_out/IPOPT.out  yes
                             print_level = 5                     yes
                      print_user_options = yes                   yes
                                      sb = yes                   yes
                                     tol = 0.001                 yes
This is Ipopt version 3.11.9, running with linear solver mumps.
NOTE: Other linear solvers might be more efficient (see Ipopt documentation).

Number of nonzeros in equality constraint Jacobian...:    11828
Number of nonzeros in inequality constraint Jacobian.:     4160
Number of nonzeros in Lagrangian Hessian.............:        0

Total number of variables............................:      215
                     variables with only lower bounds:        2
                variables with lower and upper bounds:      213
                     variables with only upper bounds:        0
Total number of equality constraints.................:      206
Total number of inequality constraints...............:      124
        inequality constraints with only lower bounds:       20
   inequality constraints with lower and upper bounds:       64
        inequality constraints with only upper bounds:       40

iter    objective    inf_pr   inf_du lg(mu)  ||d||  lg(rg) alpha_du alpha_pr  ls
   0  5.3995626e-06 1.96e+01 1.00e+00  -5.0 0.00e+00    -  0.00e+00 0.00e+00   0
   1  8.7140530e-06 1.93e+01 9.97e-01  -5.0 6.08e+00    -  7.00e-03 1.46e-02h  1
   2  9.1635292e-06 1.93e+01 1.15e+00  -5.0 5.36e+00    -  1.42e-02 8.12e-04h  1
   3  7.1414605e-05 1.82e+01 1.23e+00  -5.0 3.16e+00    -  7.77e-03 5.32e-02h  1
   4  1.4308177e-04 1.74e+01 1.22e+00  -5.0 3.42e+00    -  4.16e-02 4.31e-02h  1
   5r 1.4308177e-04 1.74e+01 9.99e+02   1.2 0.00e+00    -  0.00e+00 2.30e-07R  2
   6r 1.2519673e-04 1.76e+01 9.99e+02   1.2 2.51e+06    -  1.27e-06 7.71e-08f  4
   7r 1.7096211e-04 1.46e+01 9.99e+02   1.2 1.38e+03    -  8.84e-05 2.22e-03f  1
   8r 1.7096211e-04 1.46e+01 9.99e+02   1.2 0.00e+00    -  0.00e+00 4.78e-07R  2
   9r 1.6027708e-04 1.47e+01 9.99e+02   1.2 2.05e+05    -  2.08e-05 5.69e-07f  5
iter    objective    inf_pr   inf_du lg(mu)  ||d||  lg(rg) alpha_du alpha_pr  ls
  10r 2.4712858e-04 1.02e+01 9.99e+02   1.2 1.28e+03    -  7.50e-04 3.48e-03f  1
  11  2.5369360e-04 1.02e+01 1.55e+00  -5.0 3.21e+00    -  1.02e-01 3.79e-03h  1
  12  3.4691651e-04 9.68e+00 1.51e+00  -5.0 3.45e+00    -  8.95e-02 5.01e-02h  1
  13  3.6613490e-04 9.59e+00 1.51e+00  -5.0 3.95e+00    -  4.87e-02 9.41e-03h  1
  14  6.8465012e-04 8.04e+00 4.96e+00  -5.0 4.57e+00    -  3.59e-02 1.62e-01h  1
  15  7.5338360e-04 7.71e+00 4.44e+00  -5.0 4.80e+00    -  1.15e-01 4.09e-02h  1
  16  9.7555819e-04 6.67e+00 3.94e+00  -5.0 3.74e+00    -  1.44e-01 1.35e-01h  1
  17  1.7558029e-03 3.04e+00 5.99e+00  -5.0 2.82e+00    -  2.63e-01 5.45e-01h  1
  18  2.3995136e-03 2.43e-04 5.33e+00  -5.0 1.29e+00    -  6.85e-01 1.00e+00h  1
  19  2.3967706e-03 7.11e-07 8.27e-02  -5.0 3.24e-02    -  9.85e-01 1.00e+00h  1
iter    objective    inf_pr   inf_du lg(mu)  ||d||  lg(rg) alpha_du alpha_pr  ls
  20  2.3967658e-03 5.61e-08 1.63e-03  -5.0 4.36e-03    -  9.81e-01 1.00e+00h  1
  21  2.3968410e-03 3.23e-06 2.38e-03  -5.0 2.13e+00    -  4.75e-02 4.41e-02f  2
  22  2.3967557e-03 3.81e-06 4.43e-03  -5.0 1.20e-01    -  1.00e+00 1.00e+00h  1
  23  2.3967600e-03 2.41e-06 2.65e-03  -5.0 7.55e-02    -  1.00e+00 1.00e+00h  1
  24  2.3967617e-03 2.32e-06 2.44e-03  -5.0 7.17e-02    -  1.00e+00 1.00e+00h  1
  25  2.3967723e-03 1.98e-06 1.86e-03  -5.0 6.40e-02    -  1.00e+00 1.00e+00h  1
  26  2.3967848e-03 1.57e-06 1.53e-03  -5.0 5.96e-02    -  1.00e+00 1.00e+00h  1
  27  2.3967985e-03 1.61e-06 1.45e-03  -5.0 5.60e-02    -  1.00e+00 1.00e+00h  1
  28  2.3979033e-03 7.39e-06 3.08e-04  -5.0 9.66e-01    -  1.00e+00 1.00e+00h  1

Number of Iterations....: 28

                                   (scaled)                 (unscaled)
Objective...............:   2.3979033470102151e-03    2.3979033470102151e-03
Dual infeasibility......:   3.0813692413765305e-04    3.0813692413765305e-04
Constraint violation....:   7.3899061474675094e-06    7.3899061474675094e-06
Complementarity.........:   1.0000000000000006e-05    1.0000000000000006e-05
Overall NLP error.......:   3.0813692413765305e-04    3.0813692413765305e-04


Number of objective function evaluations             = 45
Number of objective gradient evaluations             = 27
Number of equality constraint evaluations            = 45
Number of inequality constraint evaluations          = 45
Number of equality constraint Jacobian evaluations   = 31
Number of inequality constraint Jacobian evaluations = 31
Number of Lagrangian Hessian evaluations             = 0
Total CPU secs in IPOPT (w/o function evaluations)   =      0.952
Total CPU secs in NLP function evaluations           =     20.021

EXIT: Optimal Solution Found.
