
List of user-set options:

                                    Name   Value                used
              acceptable_constr_viol_tol = 0.001                 yes
                          acceptable_tol = 0.01                  yes
                             alpha_for_y = safer-min-dual-infeas  yes
                         constr_viol_tol = 0.001                 yes
                        file_print_level = 5                     yes
                   hessian_approximation = limited-memory        yes
                           linear_solver = mumps                 yes
                                max_iter = 66                    yes
                                 mu_init = 1e-05                 yes
                             mu_strategy = monotone              yes
                      nlp_scaling_method = gradient-based        yes
                             output_file = /home/kaleb/projects/learning/AAD-design/sardines/SARDINE_optimization3_out/IPOPT.out  yes
                             print_level = 5                     yes
                      print_user_options = yes                   yes
                                      sb = yes                   yes
                                     tol = 0.001                 yes
This is Ipopt version 3.11.9, running with linear solver mumps.
NOTE: Other linear solvers might be more efficient (see Ipopt documentation).

Number of nonzeros in equality constraint Jacobian...:     4707
Number of nonzeros in inequality constraint Jacobian.:     1910
Number of nonzeros in Lagrangian Hessian.............:        0

Total number of variables............................:      126
                     variables with only lower bounds:        2
                variables with lower and upper bounds:      124
                     variables with only upper bounds:        0
Total number of equality constraints.................:      120
Total number of inequality constraints...............:       82
        inequality constraints with only lower bounds:       20
   inequality constraints with lower and upper bounds:       42
        inequality constraints with only upper bounds:       20

iter    objective    inf_pr   inf_du lg(mu)  ||d||  lg(rg) alpha_du alpha_pr  ls
   0  5.3995626e-06 1.96e+01 1.00e+00  -5.0 0.00e+00    -  0.00e+00 0.00e+00   0
   1  9.2017147e-06 1.93e+01 1.18e+00  -5.0 9.99e+00    -  1.41e-02 1.43e-02h  1
   2  1.2142546e-05 1.92e+01 1.42e+00  -5.0 7.10e+01    -  5.17e-03 1.66e-03h  1
   3  4.0412568e-05 1.91e+01 1.35e+00  -5.0 5.88e+01    -  2.85e-03 9.32e-03h  1
   4  1.4768748e-03 1.09e+01 7.36e+00  -5.0 1.07e+01    -  8.08e-03 4.29e-01h  2
   5  1.7734861e-03 9.15e+00 7.37e+00  -5.0 3.46e+00    -  3.53e-01 1.59e-01h  2
   6  3.3263455e-03 5.77e-04 1.68e+01  -5.0 2.88e+00    -  4.53e-01 1.00e+00h  1
   7  3.2910716e-03 9.66e-05 4.54e+00  -5.0 3.19e-01    -  7.27e-01 1.00e+00h  1
   8  3.2897601e-03 1.51e-06 1.27e-01  -5.0 6.72e-02    -  9.73e-01 1.00e+00h  1
   9  3.2897449e-03 3.74e-07 3.40e-05  -5.0 8.38e-03    -  1.00e+00 1.00e+00h  1
iter    objective    inf_pr   inf_du lg(mu)  ||d||  lg(rg) alpha_du alpha_pr  ls
  10  3.2888665e-03 5.40e-04 3.77e-04  -5.0 4.18e+00    -  1.00e+00 1.00e+00h  1

Number of Iterations....: 10

                                   (scaled)                 (unscaled)
Objective...............:   3.2888665317145596e-03    3.2888665317145596e-03
Dual infeasibility......:   3.7729583552472426e-04    3.7729583552472426e-04
Constraint violation....:   5.4033449773915627e-04    5.4033449773915627e-04
Complementarity.........:   1.7641963235693443e-05    1.7641963235693443e-05
Overall NLP error.......:   5.4033449773915627e-04    5.4033449773915627e-04


Number of objective function evaluations             = 17
Number of objective gradient evaluations             = 11
Number of equality constraint evaluations            = 17
Number of inequality constraint evaluations          = 17
Number of equality constraint Jacobian evaluations   = 11
Number of inequality constraint Jacobian evaluations = 11
Number of Lagrangian Hessian evaluations             = 0
Total CPU secs in IPOPT (w/o function evaluations)   =      0.496
Total CPU secs in NLP function evaluations           =      5.036

EXIT: Optimal Solution Found.
