
List of user-set options:

                                    Name   Value                used
              acceptable_constr_viol_tol = 0.001                 yes
                          acceptable_tol = 0.01                  yes
                             alpha_for_y = safer-min-dual-infeas  yes
                         constr_viol_tol = 0.001                 yes
                        file_print_level = 5                     yes
                   hessian_approximation = limited-memory        yes
                           linear_solver = mumps                 yes
                                max_iter = 66                    yes
                                 mu_init = 1e-05                 yes
                             mu_strategy = monotone              yes
                      nlp_scaling_method = gradient-based        yes
                             output_file = /home/kaleb/projects/learning/AAD-design/sardines/SARDINE_optimization18_out/IPOPT.out  yes
                             print_level = 5                     yes
                      print_user_options = yes                   yes
                                      sb = yes                   yes
                                     tol = 0.001                 yes
This is Ipopt version 3.11.9, running with linear solver mumps.
NOTE: Other linear solvers might be more efficient (see Ipopt documentation).

Number of nonzeros in equality constraint Jacobian...:    11828
Number of nonzeros in inequality constraint Jacobian.:     4160
Number of nonzeros in Lagrangian Hessian.............:        0

Total number of variables............................:      215
                     variables with only lower bounds:        2
                variables with lower and upper bounds:      213
                     variables with only upper bounds:        0
Total number of equality constraints.................:      206
Total number of inequality constraints...............:      124
        inequality constraints with only lower bounds:       20
   inequality constraints with lower and upper bounds:       64
        inequality constraints with only upper bounds:       40

iter    objective    inf_pr   inf_du lg(mu)  ||d||  lg(rg) alpha_du alpha_pr  ls
   0  5.3995626e-06 1.96e+01 1.00e+00  -5.0 0.00e+00    -  0.00e+00 0.00e+00   0
   1  8.0675520e-06 1.92e+01 9.97e-01  -5.0 4.89e+00    -  6.87e-03 1.70e-02h  1
   2  8.1093815e-06 1.92e+01 1.14e+00  -5.0 4.23e+00    -  1.68e-02 9.74e-04h  1
   3  1.3390543e-05 1.81e+01 1.12e+00  -5.0 4.01e+00    -  1.59e-02 5.75e-02h  1
   4  3.5264093e-05 1.78e+01 1.11e+00  -5.0 2.76e+00    -  8.89e-03 1.47e-02h  1
   5  2.7965719e-04 1.53e+01 1.09e+00  -5.0 3.21e+00    -  2.02e-02 1.41e-01h  1
   6r 2.7965719e-04 1.53e+01 9.99e+02   1.2 0.00e+00    -  0.00e+00 3.80e-07R  3
   7r 2.7091799e-04 1.54e+01 9.99e+02   1.2 2.37e+06    -  1.87e-06 3.80e-08f  6
   8r 3.0716714e-04 1.09e+01 9.99e+02   1.2 1.31e+03    -  1.05e-04 3.44e-03f  1
   9r 3.0716714e-04 1.09e+01 9.99e+02   1.0 0.00e+00    -  0.00e+00 4.51e-07R  2
iter    objective    inf_pr   inf_du lg(mu)  ||d||  lg(rg) alpha_du alpha_pr  ls
  10r 2.9756827e-04 1.10e+01 9.99e+02   1.0 3.21e+05    -  8.95e-06 3.06e-07f  6
  11r 3.3812379e-04 8.76e+00 9.98e+02   1.0 1.30e+03    -  1.03e-03 1.72e-03f  1
  12  3.4087573e-04 8.75e+00 3.01e+00  -5.0 3.30e+00    -  4.89e-02 1.55e-03h  1
  13  4.1659296e-04 8.41e+00 2.62e+00  -5.0 3.57e+00    -  4.33e-02 3.93e-02h  1
  14  6.8888869e-04 7.27e+00 3.75e+00  -5.0 3.72e+00    -  6.56e-02 1.36e-01h  1
  15  1.1819240e-03 5.17e+00 7.99e+00  -5.0 3.16e+00    -  1.67e-01 2.89e-01h  1
  16  2.1301843e-03 9.09e-01 1.00e+01  -5.0 2.79e+00    -  2.42e-01 8.24e-01h  1
  17  2.1665970e-03 7.14e-01 7.21e+00  -5.0 1.81e+00    -  2.96e-01 2.14e-01h  1
  18  2.1963414e-03 5.75e-01 4.91e+00  -5.0 5.49e-01    -  3.30e-01 1.95e-01h  1
  19  2.3241374e-03 3.67e-05 4.27e-01  -5.0 2.38e-01    -  9.21e-01 1.00e+00h  1
iter    objective    inf_pr   inf_du lg(mu)  ||d||  lg(rg) alpha_du alpha_pr  ls
  20  2.3235812e-03 8.99e-07 4.79e-03  -5.0 1.45e-02    -  9.81e-01 1.00e+00h  1
  21  2.3553781e-03 1.71e-04 3.94e-03  -5.0 1.63e+00    -  7.77e-03 1.00e+00f  1
  22  2.3521392e-03 6.36e-06 4.29e-03  -5.0 1.20e-01    -  7.22e-01 1.00e+00h  1
  23  2.3520632e-03 5.30e-06 2.11e-03  -5.0 1.33e-01    -  1.00e+00 1.00e+00h  1
  24  2.3520102e-03 5.72e-06 2.63e-03  -5.0 1.73e-01    -  1.00e+00 1.00e+00h  1
  25  2.3547735e-03 5.24e-05 5.20e-04  -5.0 6.66e+00    -  7.99e-01 1.00e+00h  1

Number of Iterations....: 25

                                   (scaled)                 (unscaled)
Objective...............:   2.3547734832674127e-03    2.3547734832674127e-03
Dual infeasibility......:   5.1976138833074786e-04    5.1976138833074786e-04
Constraint violation....:   5.2423906251186531e-05    5.2423906251186531e-05
Complementarity.........:   1.0122224976515218e-05    1.0122224976515218e-05
Overall NLP error.......:   5.1976138833074786e-04    5.1976138833074786e-04


Number of objective function evaluations             = 43
Number of objective gradient evaluations             = 24
Number of equality constraint evaluations            = 43
Number of inequality constraint evaluations          = 43
Number of equality constraint Jacobian evaluations   = 28
Number of inequality constraint Jacobian evaluations = 28
Number of Lagrangian Hessian evaluations             = 0
Total CPU secs in IPOPT (w/o function evaluations)   =      0.784
Total CPU secs in NLP function evaluations           =     19.737

EXIT: Optimal Solution Found.
