
List of user-set options:

                                    Name   Value                used
              acceptable_constr_viol_tol = 0.001                 yes
                          acceptable_tol = 0.01                  yes
                             alpha_for_y = safer-min-dual-infeas  yes
                         constr_viol_tol = 0.001                 yes
                        file_print_level = 5                     yes
                   hessian_approximation = limited-memory        yes
                           linear_solver = mumps                 yes
                                max_iter = 66                    yes
                                 mu_init = 1e-05                 yes
                             mu_strategy = monotone              yes
                      nlp_scaling_method = gradient-based        yes
                             output_file = /home/kaleb/projects/learning/AAD-design/sardines/SARDINE_optimization4_out/IPOPT.out  yes
                             print_level = 5                     yes
                      print_user_options = yes                   yes
                                      sb = yes                   yes
                                     tol = 0.001                 yes
This is Ipopt version 3.11.9, running with linear solver mumps.
NOTE: Other linear solvers might be more efficient (see Ipopt documentation).

Number of nonzeros in equality constraint Jacobian...:    11828
Number of nonzeros in inequality constraint Jacobian.:     4160
Number of nonzeros in Lagrangian Hessian.............:        0

Total number of variables............................:      215
                     variables with only lower bounds:        2
                variables with lower and upper bounds:      213
                     variables with only upper bounds:        0
Total number of equality constraints.................:      206
Total number of inequality constraints...............:      124
        inequality constraints with only lower bounds:       20
   inequality constraints with lower and upper bounds:       64
        inequality constraints with only upper bounds:       40

iter    objective    inf_pr   inf_du lg(mu)  ||d||  lg(rg) alpha_du alpha_pr  ls
   0  5.3995626e-06 1.96e+01 1.00e+00  -5.0 0.00e+00    -  0.00e+00 0.00e+00   0
   1  8.6932804e-06 1.93e+01 9.97e-01  -5.0 4.55e+00    -  7.07e-03 1.42e-02h  1
   2  9.0186123e-06 1.93e+01 1.13e+00  -5.0 4.39e+00    -  1.45e-02 8.63e-04h  1
   3  4.3865774e-05 1.85e+01 1.12e+00  -5.0 3.36e+00    -  9.51e-03 3.71e-02h  1
   4  1.2601151e-04 1.77e+01 1.24e+00  -5.0 3.32e+00    -  2.40e-02 4.58e-02h  1
   5r 1.2601151e-04 1.77e+01 9.99e+02   1.2 0.00e+00    -  0.00e+00 2.31e-07R  2
   6r 1.1026023e-04 1.79e+01 9.99e+02   1.2 3.96e+06    -  7.89e-07 4.42e-08f  4
   7r 1.4900248e-04 1.53e+01 9.99e+02   1.2 1.45e+03    -  1.15e-04 1.76e-03f  1
   8r 1.4900248e-04 1.53e+01 9.99e+02   1.2 0.00e+00    -  0.00e+00 3.88e-07R  2
   9r 1.3968992e-04 1.54e+01 9.99e+02   1.2 2.06e+05    -  1.65e-05 5.01e-07f  5
iter    objective    inf_pr   inf_du lg(mu)  ||d||  lg(rg) alpha_du alpha_pr  ls
  10r 2.0760482e-04 1.20e+01 9.99e+02   1.2 1.38e+03    -  4.96e-04 2.45e-03f  1
  11  2.1211669e-04 1.20e+01 1.81e+00  -5.0 3.48e+00    -  7.69e-02 2.40e-03h  1
  12  3.3571277e-04 1.13e+01 2.24e+00  -5.0 3.73e+00    -  7.06e-02 6.13e-02h  1
  13  4.8953923e-04 1.04e+01 3.84e+00  -5.0 3.90e+00    -  1.00e-01 7.31e-02h  1
  14  4.9659140e-04 1.04e+01 3.79e+00  -5.0 4.01e+00    -  3.05e-02 3.26e-03h  1
  15  7.1478680e-04 9.34e+00 4.19e+00  -5.0 4.43e+00    -  2.48e-02 1.03e-01h  1
  16  9.2932599e-04 8.28e+00 3.91e+00  -5.0 4.49e+00    -  1.19e-01 1.14e-01h  1
  17  1.5768780e-03 5.10e+00 4.83e+00  -5.0 3.33e+00    -  1.92e-01 3.83e-01h  1
  18  2.4902090e-03 5.71e-01 6.69e+00  -5.0 2.07e+00    -  5.31e-01 8.88e-01h  1
  19  2.5959144e-03 2.92e-05 4.93e-01  -5.0 2.32e-01    -  9.40e-01 1.00e+00h  1
iter    objective    inf_pr   inf_du lg(mu)  ||d||  lg(rg) alpha_du alpha_pr  ls
  20  2.5956317e-03 3.74e-07 1.87e-03  -5.0 1.01e-02    -  9.96e-01 1.00e+00h  1
  21  2.5896447e-03 4.29e-02 8.83e-02  -5.0 1.71e+00    -  4.86e-01 4.97e-01f  1
  22  2.5914482e-03 8.08e-06 1.72e-02  -5.0 3.56e-01    -  8.05e-01 1.00e+00h  1
  23  2.5929203e-03 1.01e-05 1.29e-02  -5.0 1.44e+00    -  2.53e-01 1.00e+00h  1
  24  2.5944817e-03 1.61e-05 1.10e-03  -5.0 1.51e+00    -  9.09e-01 1.00e+00h  1
  25  2.5944154e-03 8.51e-07 7.71e-04  -5.0 3.66e-02    -  1.00e+00 1.00e+00h  1

Number of Iterations....: 25

                                   (scaled)                 (unscaled)
Objective...............:   2.5944154012500623e-03    2.5944154012500623e-03
Dual infeasibility......:   7.7062648738893385e-04    7.7062648738893385e-04
Constraint violation....:   8.5121090863477705e-07    8.5121090863477705e-07
Complementarity.........:   1.1537270718988430e-05    1.1537270718988430e-05
Overall NLP error.......:   7.7062648738893385e-04    7.7062648738893385e-04


Number of objective function evaluations             = 39
Number of objective gradient evaluations             = 24
Number of equality constraint evaluations            = 39
Number of inequality constraint evaluations          = 39
Number of equality constraint Jacobian evaluations   = 28
Number of inequality constraint Jacobian evaluations = 28
Number of Lagrangian Hessian evaluations             = 0
Total CPU secs in IPOPT (w/o function evaluations)   =      0.903
Total CPU secs in NLP function evaluations           =     16.725

EXIT: Optimal Solution Found.
