
List of user-set options:

                                    Name   Value                used
              acceptable_constr_viol_tol = 0.001                 yes
                          acceptable_tol = 0.01                  yes
                             alpha_for_y = safer-min-dual-infeas  yes
                         constr_viol_tol = 0.001                 yes
                        file_print_level = 5                     yes
                   hessian_approximation = limited-memory        yes
                           linear_solver = mumps                 yes
                                max_iter = 66                    yes
                                 mu_init = 1e-05                 yes
                             mu_strategy = monotone              yes
                      nlp_scaling_method = gradient-based        yes
                             output_file = /home/kaleb/projects/learning/AAD-design/sardines/SARDINE_optimization16_out/IPOPT.out  yes
                             print_level = 5                     yes
                      print_user_options = yes                   yes
                                      sb = yes                   yes
                                     tol = 0.001                 yes
This is Ipopt version 3.11.9, running with linear solver mumps.
NOTE: Other linear solvers might be more efficient (see Ipopt documentation).

Number of nonzeros in equality constraint Jacobian...:    11828
Number of nonzeros in inequality constraint Jacobian.:     4160
Number of nonzeros in Lagrangian Hessian.............:        0

Total number of variables............................:      215
                     variables with only lower bounds:        2
                variables with lower and upper bounds:      213
                     variables with only upper bounds:        0
Total number of equality constraints.................:      206
Total number of inequality constraints...............:      124
        inequality constraints with only lower bounds:       20
   inequality constraints with lower and upper bounds:       64
        inequality constraints with only upper bounds:       40

iter    objective    inf_pr   inf_du lg(mu)  ||d||  lg(rg) alpha_du alpha_pr  ls
   0  5.3995626e-06 1.96e+01 1.00e+00  -5.0 0.00e+00    -  0.00e+00 0.00e+00   0
   1  8.1518934e-06 1.92e+01 9.97e-01  -5.0 4.89e+00    -  6.91e-03 1.67e-02h  1
   2  8.2120567e-06 1.92e+01 1.10e+00  -5.0 4.25e+00    -  1.65e-02 9.54e-04h  1
   3  1.5328490e-05 1.81e+01 1.08e+00  -5.0 4.05e+00    -  1.56e-02 5.62e-02h  1
   4  4.3573425e-05 1.78e+01 1.07e+00  -5.0 2.95e+00    -  9.55e-03 1.78e-02h  1
   5  2.4849499e-04 1.58e+01 1.04e+00  -5.0 3.38e+00    -  2.36e-02 1.12e-01h  1
   6r 2.4849499e-04 1.58e+01 9.99e+02   1.2 0.00e+00    -  0.00e+00 3.08e-07R  3
   7r 2.3296421e-04 1.60e+01 9.99e+02   1.2 2.99e+06    -  1.42e-06 5.58e-08f  5
   8r 2.6756292e-04 1.25e+01 9.99e+02   1.2 1.42e+03    -  1.07e-04 2.48e-03f  1
   9r 2.6756292e-04 1.25e+01 9.99e+02   1.1 0.00e+00    -  0.00e+00 2.92e-07R  3
iter    objective    inf_pr   inf_du lg(mu)  ||d||  lg(rg) alpha_du alpha_pr  ls
  10r 2.5920166e-04 1.26e+01 9.99e+02   1.1 2.73e+05    -  1.14e-05 3.26e-07f  6
  11r 3.1075748e-04 9.60e+00 9.99e+02   1.1 1.38e+03    -  7.13e-04 2.14e-03f  1
  12  3.2102774e-04 9.54e+00 1.31e+00  -5.0 3.36e+00    -  7.67e-02 5.67e-03h  1
  13  3.7532710e-04 9.29e+00 1.32e+00  -5.0 3.82e+00    -  5.00e-02 2.63e-02h  1
  14  4.0384225e-04 9.17e+00 1.35e+00  -5.0 4.09e+00    -  4.64e-02 1.29e-02h  1
  15  7.6187803e-04 7.62e+00 4.60e+00  -5.0 3.92e+00    -  3.64e-02 1.69e-01h  1
  16  9.3051397e-04 6.86e+00 6.08e+00  -5.0 5.64e+00    -  1.26e-01 1.00e-01h  1
  17  1.0778672e-03 6.20e+00 6.58e+00  -5.0 3.22e+00    -  1.73e-01 9.57e-02h  1
  18  1.2193911e-03 5.57e+00 6.58e+00  -5.0 2.98e+00    -  2.38e-01 1.02e-01h  1
  19  2.1417098e-03 1.42e+00 1.41e+01  -5.0 2.50e+00    -  3.43e-01 7.44e-01h  1
iter    objective    inf_pr   inf_du lg(mu)  ||d||  lg(rg) alpha_du alpha_pr  ls
  20  2.4491310e-03 9.52e-05 4.31e+00  -5.0 6.38e-01    -  8.36e-01 1.00e+00h  1
  21  2.4482100e-03 3.43e-07 5.51e-02  -5.0 1.24e-02    -  9.87e-01 1.00e+00h  1
  22  2.4482284e-03 3.16e-07 2.06e-03  -5.0 2.96e-02    -  9.63e-01 1.00e+00h  1
  23  2.4524924e-03 4.30e-05 1.92e-03  -5.0 1.81e+00    -  4.78e-02 3.89e-01h  1
  24  2.4520349e-03 1.36e-05 1.17e-03  -5.0 5.32e-01    -  3.81e-01 1.00e+00f  1
  25  2.4558840e-03 1.40e-05 3.39e-04  -5.0 8.94e-01    -  7.16e-01 1.00e+00h  1
  26  2.4558052e-03 2.48e-06 1.07e-03  -5.0 6.76e-02    -  1.00e+00 1.00e+00h  1
  27  2.4557741e-03 1.69e-06 7.67e-04  -5.0 5.57e-02    -  1.00e+00 1.00e+00h  1

Number of Iterations....: 27

                                   (scaled)                 (unscaled)
Objective...............:   2.4557740538636037e-03    2.4557740538636037e-03
Dual infeasibility......:   7.6737578184055686e-04    7.6737578184055686e-04
Constraint violation....:   1.6895545430051365e-06    1.6895545430051365e-06
Complementarity.........:   1.0103321139803440e-05    1.0103321139803440e-05
Overall NLP error.......:   7.6737578184055686e-04    7.6737578184055686e-04


Number of objective function evaluations             = 45
Number of objective gradient evaluations             = 26
Number of equality constraint evaluations            = 45
Number of inequality constraint evaluations          = 45
Number of equality constraint Jacobian evaluations   = 30
Number of inequality constraint Jacobian evaluations = 30
Number of Lagrangian Hessian evaluations             = 0
Total CPU secs in IPOPT (w/o function evaluations)   =      0.768
Total CPU secs in NLP function evaluations           =     20.339

EXIT: Optimal Solution Found.
