
List of user-set options:

                                    Name   Value                used
              acceptable_constr_viol_tol = 0.001                 yes
                          acceptable_tol = 0.01                  yes
                             alpha_for_y = safer-min-dual-infeas  yes
                         constr_viol_tol = 0.001                 yes
                        file_print_level = 5                     yes
                   hessian_approximation = limited-memory        yes
                           linear_solver = mumps                 yes
                                max_iter = 66                    yes
                                 mu_init = 1e-05                 yes
                             mu_strategy = monotone              yes
                      nlp_scaling_method = gradient-based        yes
                             output_file = /home/kaleb/projects/learning/AAD-design/sardines/SARDINE_optimization14_out/IPOPT.out  yes
                             print_level = 5                     yes
                      print_user_options = yes                   yes
                                      sb = yes                   yes
                                     tol = 0.001                 yes
This is Ipopt version 3.11.9, running with linear solver mumps.
NOTE: Other linear solvers might be more efficient (see Ipopt documentation).

Number of nonzeros in equality constraint Jacobian...:     4707
Number of nonzeros in inequality constraint Jacobian.:     1910
Number of nonzeros in Lagrangian Hessian.............:        0

Total number of variables............................:      126
                     variables with only lower bounds:        2
                variables with lower and upper bounds:      124
                     variables with only upper bounds:        0
Total number of equality constraints.................:      120
Total number of inequality constraints...............:       82
        inequality constraints with only lower bounds:       20
   inequality constraints with lower and upper bounds:       42
        inequality constraints with only upper bounds:       20

iter    objective    inf_pr   inf_du lg(mu)  ||d||  lg(rg) alpha_du alpha_pr  ls
   0  5.3995626e-06 1.96e+01 1.00e+00  -5.0 0.00e+00    -  0.00e+00 0.00e+00   0
   1  9.9987318e-06 1.88e+01 1.12e+00  -5.0 4.73e+00    -  3.76e-02 3.90e-02h  1
   2  1.1733625e-05 1.88e+01 1.30e+00  -5.0 2.72e+01    -  1.28e-02 2.26e-03h  1
   3  2.6986963e-05 1.86e+01 1.30e+00  -5.0 8.26e+01    -  2.82e-03 5.78e-03h  1
   4  8.3471978e-04 1.34e+01 9.35e+00  -5.0 2.79e+01    -  3.62e-03 2.79e-01h  1
   5  1.3120106e-03 1.04e+01 1.21e+01  -5.0 3.93e+00    -  2.01e-01 2.25e-01h  1
   6  1.4351840e-03 9.63e+00 1.12e+01  -5.0 3.00e+00    -  3.78e-01 7.59e-02h  4
   7  1.5259687e-03 9.05e+00 7.09e+00  -5.0 2.76e+00    -  4.52e-01 6.10e-02h  4
   8  1.5345355e-03 8.99e+00 4.12e+00  -5.0 2.87e+00    -  5.16e-01 6.16e-03h  7
   9  1.5387211e-03 8.96e+00 2.55e+00  -5.0 2.74e+00    -  5.27e-01 3.04e-03h  8
iter    objective    inf_pr   inf_du lg(mu)  ||d||  lg(rg) alpha_du alpha_pr  ls
  10  1.5392965e-03 8.96e+00 2.52e+00  -5.0 3.05e+00    -  5.92e-01 4.21e-04h 11
  11  2.2684640e-03 4.14e+00 8.84e+00  -5.0 1.06e+01    -  4.82e-01 5.38e-01h  1
  12  2.8534816e-03 1.54e-01 9.38e+00  -5.0 1.94e+01    -  2.07e-02 9.63e-01h  1
  13  2.8647485e-03 1.45e-05 5.48e+00  -5.0 1.65e-01    -  4.37e-01 1.00e+00h  1
  14  2.8648224e-03 3.62e-07 2.85e-03  -5.0 2.45e-03    -  9.99e-01 1.00e+00h  1
  15  2.9723752e-03 1.01e-03 2.47e-03  -5.0 2.36e+01    -  3.20e-02 3.55e-01f  1
  16  2.9265832e-03 4.75e-04 5.98e-04  -5.0 5.53e+00    -  7.46e-01 1.00e+00h  1
  17  2.9343482e-03 1.13e-04 1.82e-04  -5.0 3.39e+00    -  9.62e-01 1.00e+00h  1
  18  2.9479166e-03 8.48e-05 2.71e-04  -5.0 6.75e+00    -  1.00e+00 1.00e+00h  1

Number of Iterations....: 18

                                   (scaled)                 (unscaled)
Objective...............:   2.9479165822281078e-03    2.9479165822281078e-03
Dual infeasibility......:   2.7147128579337076e-04    2.7147128579337076e-04
Constraint violation....:   8.4773103699399595e-05    8.4773103699399595e-05
Complementarity.........:   1.5389299975025720e-05    1.5389299975025720e-05
Overall NLP error.......:   2.7147128579337076e-04    2.7147128579337076e-04


Number of objective function evaluations             = 48
Number of objective gradient evaluations             = 19
Number of equality constraint evaluations            = 48
Number of inequality constraint evaluations          = 48
Number of equality constraint Jacobian evaluations   = 19
Number of inequality constraint Jacobian evaluations = 19
Number of Lagrangian Hessian evaluations             = 0
Total CPU secs in IPOPT (w/o function evaluations)   =      0.534
Total CPU secs in NLP function evaluations           =     13.404

EXIT: Optimal Solution Found.
