
List of user-set options:

                                    Name   Value                used
              acceptable_constr_viol_tol = 0.0001                yes
                          acceptable_tol = 0.001                 yes
                             alpha_for_y = safer-min-dual-infeas  yes
                         constr_viol_tol = 0.0001                yes
                        file_print_level = 5                     yes
                   hessian_approximation = limited-memory        yes
                           linear_solver = mumps                 yes
                                max_iter = 200                   yes
                                 mu_init = 1e-05                 yes
                             mu_strategy = monotone              yes
                      nlp_scaling_method = gradient-based        yes
                             output_file = /home/kaleb/projects/learning/AAD-design/sardines/SARDINE_optimization19_out/IPOPT.out  yes
                             print_level = 5                     yes
                      print_user_options = yes                   yes
                                      sb = yes                   yes
                                     tol = 0.0001                yes
This is Ipopt version 3.11.9, running with linear solver mumps.
NOTE: Other linear solvers might be more efficient (see Ipopt documentation).

Number of nonzeros in equality constraint Jacobian...:    11716
Number of nonzeros in inequality constraint Jacobian.:     4156
Number of nonzeros in Lagrangian Hessian.............:        0

Total number of variables............................:      213
                     variables with only lower bounds:        2
                variables with lower and upper bounds:      211
                     variables with only upper bounds:        0
Total number of equality constraints.................:      200
Total number of inequality constraints...............:      124
        inequality constraints with only lower bounds:       20
   inequality constraints with lower and upper bounds:       64
        inequality constraints with only upper bounds:       40

iter    objective    inf_pr   inf_du lg(mu)  ||d||  lg(rg) alpha_du alpha_pr  ls
   0  1.5427322e-03 1.08e+01 1.22e+00  -5.0 0.00e+00    -  0.00e+00 0.00e+00   0
   1  1.8883962e-03 1.05e+01 1.20e+00  -5.0 3.78e+00    -  3.69e-03 2.61e-02h  1
   2  1.9124056e-03 1.05e+01 1.17e+00  -5.0 5.14e+00    -  2.51e-02 7.55e-04h  1
   3  1.1010303e-02 9.55e+00 3.13e+00  -5.0 3.37e+00    -  1.84e-02 8.92e-02h  1
   4  1.5908762e-02 9.28e+00 2.85e+00  -5.0 2.73e+00    -  6.10e-02 2.84e-02h  1
   5  1.6234819e-02 9.26e+00 2.83e+00  -5.0 5.37e+00    -  5.48e-03 2.60e-03h  1
   6  2.7218500e-02 9.08e+00 1.16e+00  -5.0 1.81e+01    -  3.03e-07 1.89e-02h  1
   7  4.5232978e-02 8.81e+00 2.68e+00  -5.0 1.90e+01    -  4.53e-02 2.95e-02h  1
   8  4.7151415e-02 8.79e+00 4.06e+00  -5.0 1.88e+01    -  2.40e-02 3.17e-03h  1
   9  5.4964037e-02 8.67e+00 4.37e+00  -5.0 1.82e+01    -  1.82e-02 1.31e-02h  1
iter    objective    inf_pr   inf_du lg(mu)  ||d||  lg(rg) alpha_du alpha_pr  ls
  10  5.5684476e-02 8.66e+00 4.74e+00  -5.0 5.00e+01    -  2.18e-04 1.54e-03h  2
  11  7.2002415e-02 8.48e+00 4.88e+00  -5.0 7.81e+00    -  2.36e-07 2.02e-02h  1
  12  1.8896809e-01 7.31e+00 1.29e+01  -5.0 5.47e+00    -  1.73e-02 1.39e-01h  1
  13r 1.8896809e-01 7.31e+00 9.99e+02   0.9 0.00e+00    -  0.00e+00 2.72e-07R  4
  14r 1.9945931e-01 6.10e+00 9.99e+02   0.9 6.55e+02    -  2.12e-04 1.84e-03f  1
  15  1.9951275e-01 6.10e+00 4.70e+01  -5.0 1.36e+01    -  1.08e-02 9.77e-05h  1
  16  2.1381321e-01 5.98e+00 4.42e+01  -5.0 4.61e+00    -  1.47e-02 2.01e-02h  1
  17  2.2463805e-01 5.89e+00 4.33e+01  -5.0 4.50e+00    -  2.24e-02 1.56e-02h  1
  18  3.1278128e-01 5.12e+00 1.65e+01  -5.0 4.40e+00    -  4.51e-02 1.30e-01h  1
  19  3.5083140e-01 4.79e+00 1.90e+01  -5.0 3.74e+00    -  1.81e-02 6.59e-02h  1
iter    objective    inf_pr   inf_du lg(mu)  ||d||  lg(rg) alpha_du alpha_pr  ls
  20  3.5630378e-01 4.74e+00 1.92e+01  -5.0 3.62e+00    -  4.37e-03 9.79e-03h  1
  21  3.9560968e-01 4.40e+00 2.13e+01  -5.0 3.59e+00    -  1.10e-02 7.10e-02h  1
  22  4.1740511e-01 4.22e+00 2.12e+01  -5.0 3.34e+00    -  6.73e-02 4.23e-02h  1
  23  4.5268463e-01 3.91e+00 2.17e+01  -5.0 3.18e+00    -  9.88e-02 7.20e-02h  1
  24  6.5769548e-01 2.15e+00 3.68e+01  -5.0 2.95e+00    -  1.04e-01 4.51e-01h  1
  25  6.6890513e-01 1.82e+00 4.48e+01  -5.0 3.22e+00    -  1.69e-03 1.54e-01h  1
  26  6.6929517e-01 1.81e+00 4.46e+01  -5.0 3.12e+00    -  1.55e-02 2.76e-03h  1
  27  8.0954702e-01 7.17e-02 2.08e+01  -5.0 1.26e+00    -  1.85e-01 9.60e-01h  1
  28  8.1555479e-01 2.80e-06 1.51e+01  -5.0 4.92e-02    -  2.91e-01 1.00e+00h  1
  29  8.1553094e-01 1.61e-07 3.61e-01  -5.0 2.86e-03    -  9.74e-01 1.00e+00h  1
iter    objective    inf_pr   inf_du lg(mu)  ||d||  lg(rg) alpha_du alpha_pr  ls
  30  8.1546097e-01 4.58e-07 9.05e-02  -5.0 2.19e-02    -  7.17e-01 1.00e+00h  1
  31  8.1527606e-01 1.28e-06 7.65e-02  -5.0 7.06e-02    -  2.40e-01 7.95e-01h  1
  32  8.1520570e-01 2.31e-06 2.97e-02  -5.0 5.56e-02    -  6.12e-01 1.00e+00f  1
  33  8.1504281e-01 2.28e-06 1.03e-02  -5.0 6.09e-02    -  9.15e-01 1.00e+00h  1
  34  8.1485477e-01 2.98e-06 1.33e-02  -5.0 8.29e-02    -  8.83e-01 1.00e+00h  1
  35  8.1468991e-01 2.45e-06 1.08e-02  -5.0 6.46e-02    -  9.43e-01 1.00e+00h  1
  36  8.1451173e-01 2.51e-06 1.08e-02  -5.0 6.56e-02    -  1.00e+00 1.00e+00h  1
  37  8.1433412e-01 2.50e-06 1.07e-02  -5.0 6.41e-02    -  1.00e+00 1.00e+00h  1
  38  8.1415525e-01 2.51e-06 1.07e-02  -5.0 6.33e-02    -  1.00e+00 1.00e+00h  1
  39  8.1397518e-01 3.22e-06 1.04e-02  -5.0 6.25e-02    -  1.00e+00 1.00e+00h  1
iter    objective    inf_pr   inf_du lg(mu)  ||d||  lg(rg) alpha_du alpha_pr  ls
  40  8.1262296e-01 5.52e-06 1.07e-02  -5.0 5.89e+00    -  3.57e-02 4.75e-02h  1
  41  8.0942394e-01 2.71e-05 1.26e-02  -5.0 2.55e+00    -  5.35e-01 1.48e-01f  1
  42  8.0615758e-01 1.00e-04 1.64e-02  -5.0 8.27e+00    -  5.56e-02 5.20e-02h  1
  43  8.0394446e-01 1.39e-04 4.53e-03  -5.0 4.38e+00    -  1.47e-01 7.42e-02h  2
  44  8.0178378e-01 5.26e-02 1.06e-02  -5.0 1.70e+01    -  2.01e-02 4.24e-02H  1
  45  8.0227067e-01 7.66e-03 5.26e-03  -5.0 1.00e+00    -  2.58e-01 3.79e-01h  1
  46  8.0194357e-01 3.95e-02 2.96e-03  -5.0 1.97e+00    -  1.50e-01 4.00e-01h  1
  47  8.0220775e-01 4.35e-05 2.87e-03  -5.0 6.24e+00    -  4.68e-02 1.25e-01h  1
  48  8.0205617e-01 1.58e-02 1.56e-03  -5.0 1.08e+00    -  5.69e-01 6.33e-01h  1
  49  8.0223278e-01 2.34e-07 8.87e-04  -5.0 2.44e-02    -  6.54e-01 1.00e+00h  1
iter    objective    inf_pr   inf_du lg(mu)  ||d||  lg(rg) alpha_du alpha_pr  ls
  50  8.0226098e-01 1.46e-07 1.34e-04  -5.0 4.63e-02    -  1.00e+00 1.00e+00h  1

Number of Iterations....: 50

                                   (scaled)                 (unscaled)
Objective...............:   8.0226097805542285e-01    8.0226097805542285e-01
Dual infeasibility......:   1.3393289976183304e-04    1.3393289976183304e-04
Constraint violation....:   1.4596421624193078e-07    1.4596421624193078e-07
Complementarity.........:   1.0492306225329223e-05    1.0492306225329223e-05
Overall NLP error.......:   1.9173324559607526e-05    1.3393289976183304e-04


Number of objective function evaluations             = 61
Number of objective gradient evaluations             = 51
Number of equality constraint evaluations            = 61
Number of inequality constraint evaluations          = 61
Number of equality constraint Jacobian evaluations   = 52
Number of inequality constraint Jacobian evaluations = 52
Number of Lagrangian Hessian evaluations             = 0
Total CPU secs in IPOPT (w/o function evaluations)   =      0.805
Total CPU secs in NLP function evaluations           =     28.009

EXIT: Optimal Solution Found.
