
List of user-set options:

                                    Name   Value                used
              acceptable_constr_viol_tol = 0.001                 yes
                          acceptable_tol = 0.01                  yes
                             alpha_for_y = safer-min-dual-infeas  yes
                         constr_viol_tol = 0.001                 yes
                        file_print_level = 5                     yes
                   hessian_approximation = limited-memory        yes
                           linear_solver = mumps                 yes
                                max_iter = 66                    yes
                                 mu_init = 1e-05                 yes
                             mu_strategy = monotone              yes
                      nlp_scaling_method = gradient-based        yes
                             output_file = /home/kaleb/projects/learning/AAD-design/sardines/SARDINE_optimization24_out/IPOPT.out  yes
                             print_level = 5                     yes
                      print_user_options = yes                   yes
                                      sb = yes                   yes
                                     tol = 0.001                 yes
This is Ipopt version 3.11.9, running with linear solver mumps.
NOTE: Other linear solvers might be more efficient (see Ipopt documentation).

Number of nonzeros in equality constraint Jacobian...:     4707
Number of nonzeros in inequality constraint Jacobian.:     1910
Number of nonzeros in Lagrangian Hessian.............:        0

Total number of variables............................:      126
                     variables with only lower bounds:        2
                variables with lower and upper bounds:      124
                     variables with only upper bounds:        0
Total number of equality constraints.................:      120
Total number of inequality constraints...............:       82
        inequality constraints with only lower bounds:       20
   inequality constraints with lower and upper bounds:       42
        inequality constraints with only upper bounds:       20

iter    objective    inf_pr   inf_du lg(mu)  ||d||  lg(rg) alpha_du alpha_pr  ls
   0  5.3995626e-06 1.96e+01 1.00e+00  -5.0 0.00e+00    -  0.00e+00 0.00e+00   0
   1  1.2066975e-05 1.83e+01 9.86e-01  -5.0 5.70e+00    -  4.76e-02 6.49e-02h  1
   2  1.3931199e-05 1.82e+01 1.63e+00  -5.0 5.72e+00    -  3.50e-02 5.61e-03h  1
   3  1.7826550e-05 1.82e+01 1.40e+00  -5.0 1.01e+02    -  3.62e-03 1.73e-03h  2
   4  3.6572222e-05 1.80e+01 1.44e+00  -5.0 8.92e+01    -  1.65e-07 7.74e-03f  1
   5  4.1615455e-04 1.53e+01 8.52e+00  -5.0 4.99e+01    -  2.67e-03 1.51e-01h  1
   6  8.1038562e-04 1.26e+01 9.70e+00  -5.0 4.08e+00    -  9.19e-02 1.79e-01h  1
   7  1.4364326e-03 8.20e+00 1.44e+01  -5.0 3.34e+00    -  2.64e-01 3.47e-01h  2
   8  1.5278754e-03 7.55e+00 8.93e+00  -5.0 2.13e+00    -  5.45e-01 7.97e-02h  3
   9  1.5952923e-03 7.06e+00 5.49e+00  -5.0 1.93e+00    -  6.09e-01 6.47e-02h  3
iter    objective    inf_pr   inf_du lg(mu)  ||d||  lg(rg) alpha_du alpha_pr  ls
  10  1.9616622e-03 4.31e+00 8.44e+00  -5.0 2.68e+00    -  2.63e-01 3.89e-01h  1
  11  2.3579860e-03 1.13e+00 6.75e+00  -5.0 3.43e+00    -  4.03e-01 7.38e-01h  1
  12  2.5026992e-03 4.43e-05 2.37e+00  -5.0 1.04e+00    -  6.90e-01 1.00e+00h  1
  13  2.4959874e-03 2.90e-05 1.67e+00  -5.0 1.03e+00    -  3.44e-01 1.00e+00h  1
  14  2.4959607e-03 3.76e-08 8.74e-04  -5.0 9.77e-04    -  9.99e-01 1.00e+00h  1
  15  2.4960123e-03 1.12e-06 1.62e-02  -5.0 7.77e+00    -  8.17e-02 3.43e-03f  2
  16  2.4960588e-03 9.50e-07 9.86e-04  -5.0 1.11e-01    -  1.00e+00 1.00e+00h  1

Number of Iterations....: 16

                                   (scaled)                 (unscaled)
Objective...............:   2.4960588258627157e-03    2.4960588258627157e-03
Dual infeasibility......:   9.8591928607678512e-04    9.8591928607678512e-04
Constraint violation....:   9.4956326878922976e-07    9.4956326878922976e-07
Complementarity.........:   1.0957326967906636e-05    1.0957326967906636e-05
Overall NLP error.......:   9.8591928607678512e-04    9.8591928607678512e-04


Number of objective function evaluations             = 26
Number of objective gradient evaluations             = 17
Number of equality constraint evaluations            = 26
Number of inequality constraint evaluations          = 26
Number of equality constraint Jacobian evaluations   = 17
Number of inequality constraint Jacobian evaluations = 17
Number of Lagrangian Hessian evaluations             = 0
Total CPU secs in IPOPT (w/o function evaluations)   =      0.641
Total CPU secs in NLP function evaluations           =      7.374

EXIT: Optimal Solution Found.
