
List of user-set options:

                                    Name   Value                used
              acceptable_constr_viol_tol = 0.001                 yes
                          acceptable_tol = 0.01                  yes
                             alpha_for_y = safer-min-dual-infeas  yes
                         constr_viol_tol = 0.001                 yes
                        file_print_level = 5                     yes
                   hessian_approximation = limited-memory        yes
                           linear_solver = mumps                 yes
                                max_iter = 66                    yes
                                 mu_init = 1e-05                 yes
                             mu_strategy = monotone              yes
                      nlp_scaling_method = gradient-based        yes
                             output_file = /home/kaleb/projects/learning/AAD-design/sardines/SARDINE_optimization3_out/IPOPT.out  yes
                             print_level = 5                     yes
                      print_user_options = yes                   yes
                                      sb = yes                   yes
                                     tol = 0.001                 yes
This is Ipopt version 3.11.9, running with linear solver mumps.
NOTE: Other linear solvers might be more efficient (see Ipopt documentation).

Number of nonzeros in equality constraint Jacobian...:     8831
Number of nonzeros in inequality constraint Jacobian.:     2080
Number of nonzeros in Lagrangian Hessian.............:        0

Total number of variables............................:      180
                     variables with only lower bounds:        2
                variables with lower and upper bounds:      178
                     variables with only upper bounds:        0
Total number of equality constraints.................:      174
Total number of inequality constraints...............:       84
        inequality constraints with only lower bounds:       20
   inequality constraints with lower and upper bounds:       44
        inequality constraints with only upper bounds:       20

iter    objective    inf_pr   inf_du lg(mu)  ||d||  lg(rg) alpha_du alpha_pr  ls
   0  5.3995626e-06 1.96e+01 1.00e+00  -5.0 0.00e+00    -  0.00e+00 0.00e+00   0
   1  1.4954265e-05 1.91e+01 9.97e-01  -5.0 4.97e+00    -  1.24e-02 2.23e-02h  1
   2  1.8816487e-05 1.90e+01 1.76e+00  -5.0 6.18e+00    -  1.88e-02 5.35e-03h  1
   3  3.0743374e-05 1.87e+01 2.71e+00  -5.0 7.58e+00    -  6.92e-03 1.58e-02h  1
   4  3.3748066e-05 1.86e+01 2.67e+00  -5.0 9.16e+00    -  1.32e-03 3.72e-03h  1
   5  3.7360854e-05 1.86e+01 2.62e+00  -5.0 1.93e+01    -  6.88e-04 3.82e-03h  1
   6  4.1352139e-05 1.85e+01 2.54e+00  -5.0 3.79e+01    -  1.08e-03 2.68e-03f  1
   7  5.0014129e-05 1.85e+01 2.45e+00  -5.0 2.07e+01    -  1.78e-03 3.43e-03h  1
   8  5.7797166e-05 1.84e+01 2.63e+00  -5.0 1.56e+01    -  4.62e-03 2.90e-03h  1
   9  1.2813312e-04 1.79e+01 5.14e+00  -5.0 1.52e+01    -  7.43e-03 2.60e-02f  1
iter    objective    inf_pr   inf_du lg(mu)  ||d||  lg(rg) alpha_du alpha_pr  ls
  10  1.9052765e-04 1.75e+01 7.67e+00  -5.0 1.18e+01    -  3.34e-02 2.30e-02h  1
  11  1.9088738e-04 1.75e+01 7.73e+00  -5.0 1.12e+02    -  2.80e-04 3.37e-04h  1
  12  2.0392773e-04 1.74e+01 3.97e+00  -5.0 6.00e+01    -  1.01e-07 7.03e-03f  1
  13  2.3545936e-04 1.72e+01 4.32e+00  -5.0 1.24e+01    -  3.62e-03 1.18e-02h  1
  14  2.8025037e-03 1.45e+00 1.71e+01  -5.0 5.19e+00    -  1.47e-02 9.15e-01h  1
  15  3.0008404e-03 1.70e-05 4.85e+00  -5.0 3.67e-01    -  6.78e-01 1.00e+00h  1
  16  3.0006889e-03 3.20e-07 2.77e-03  -5.0 8.97e-04    -  9.99e-01 1.00e+00h  1
  17  3.0556366e-03 5.11e-04 9.21e-04  -5.0 2.86e-01    -  6.94e-01 1.00e+00f  1
  18  3.0428195e-03 5.11e-04 1.30e-03  -5.0 2.29e-01    -  3.32e-01 1.00e+00h  1
  19  3.0504466e-03 3.46e-05 1.23e-03  -5.0 2.46e-01    -  7.40e-01 1.00e+00h  1
iter    objective    inf_pr   inf_du lg(mu)  ||d||  lg(rg) alpha_du alpha_pr  ls
  20  3.0670738e-03 3.07e-04 1.11e-03  -5.0 6.89e-01    -  6.30e-01 1.00e+00h  1
  21  3.0856688e-03 1.87e-04 1.56e-03  -5.0 1.34e+00    -  7.76e-01 1.00e+00h  1
  22  3.0856327e-03 2.69e-06 1.28e-03  -5.0 5.62e-01    -  1.00e+00 1.00e+00h  1
  23  3.0856260e-03 1.64e-07 4.35e-04  -5.0 3.45e-02    -  1.00e+00 1.00e+00h  1

Number of Iterations....: 23

                                   (scaled)                 (unscaled)
Objective...............:   3.0856260414067770e-03    3.0856260414067770e-03
Dual infeasibility......:   4.3545237235749853e-04    4.3545237235749853e-04
Constraint violation....:   1.6382964488633632e-07    1.6382964488633632e-07
Complementarity.........:   1.0019928829461895e-05    1.0019928829461895e-05
Overall NLP error.......:   4.3545237235749853e-04    4.3545237235749853e-04


Number of objective function evaluations             = 24
Number of objective gradient evaluations             = 24
Number of equality constraint evaluations            = 24
Number of inequality constraint evaluations          = 24
Number of equality constraint Jacobian evaluations   = 24
Number of inequality constraint Jacobian evaluations = 24
Number of Lagrangian Hessian evaluations             = 0
Total CPU secs in IPOPT (w/o function evaluations)   =      0.731
Total CPU secs in NLP function evaluations           =     10.502

EXIT: Optimal Solution Found.
