
List of user-set options:

                                    Name   Value                used
              acceptable_constr_viol_tol = 0.001                 yes
                          acceptable_tol = 0.01                  yes
                             alpha_for_y = safer-min-dual-infeas  yes
                         constr_viol_tol = 0.001                 yes
                        file_print_level = 5                     yes
                   hessian_approximation = limited-memory        yes
                           linear_solver = mumps                 yes
                                max_iter = 66                    yes
                                 mu_init = 1e-05                 yes
                             mu_strategy = monotone              yes
                      nlp_scaling_method = gradient-based        yes
                             output_file = /home/kaleb/projects/learning/AAD-design/sardines/SARDINE_optimization_out/IPOPT.out  yes
                             print_level = 5                     yes
                      print_user_options = yes                   yes
                                      sb = yes                   yes
                                     tol = 0.001                 yes
This is Ipopt version 3.11.9, running with linear solver mumps.
NOTE: Other linear solvers might be more efficient (see Ipopt documentation).

Number of nonzeros in equality constraint Jacobian...:     4707
Number of nonzeros in inequality constraint Jacobian.:     1910
Number of nonzeros in Lagrangian Hessian.............:        0

Total number of variables............................:      126
                     variables with only lower bounds:        2
                variables with lower and upper bounds:      124
                     variables with only upper bounds:        0
Total number of equality constraints.................:      120
Total number of inequality constraints...............:       82
        inequality constraints with only lower bounds:       20
   inequality constraints with lower and upper bounds:       42
        inequality constraints with only upper bounds:       20

iter    objective    inf_pr   inf_du lg(mu)  ||d||  lg(rg) alpha_du alpha_pr  ls
   0  5.3995626e-06 1.96e+01 1.00e+00  -5.0 0.00e+00    -  0.00e+00 0.00e+00   0
   1  8.8994791e-06 1.91e+01 1.74e+00  -5.0 6.99e+00    -  2.17e-02 2.22e-02h  1
   2  9.8954489e-06 1.91e+01 1.02e+00  -5.0 7.41e+01    -  6.47e-03 7.29e-04h  1
   3  2.8001617e-05 1.90e+01 1.49e+00  -5.0 1.29e+02    -  2.83e-03 5.63e-03h  1
   4  9.6417602e-04 1.44e+01 1.02e+01  -5.0 2.60e+01    -  3.42e-03 2.40e-01f  2
   5  1.9719252e-03 9.60e+00 3.10e+01  -5.0 5.57e+00    -  2.00e-01 3.35e-01h  1
   6  3.9465626e-03 2.65e-03 7.98e+01  -5.0 3.66e+00    -  4.61e-01 1.00e+00h  1
   7  3.8359202e-03 2.82e-03 2.52e+01  -5.0 8.68e-01    -  5.51e-01 1.00e+00h  1
   8  3.8366253e-03 1.93e-05 6.51e+00  -5.0 8.71e-02    -  7.48e-01 1.00e+00h  1
   9  3.8366938e-03 3.66e-07 7.74e-04  -5.0 1.35e-03    -  1.00e+00 1.00e+00h  1
iter    objective    inf_pr   inf_du lg(mu)  ||d||  lg(rg) alpha_du alpha_pr  ls
  10  3.8369891e-03 1.41e-05 4.55e-03  -5.0 1.30e-01    -  1.00e+00 1.00e+00f  1
  11  3.8370086e-03 1.87e-06 9.50e-04  -5.0 2.14e-02    -  1.00e+00 1.00e+00h  1

Number of Iterations....: 11

                                   (scaled)                 (unscaled)
Objective...............:   3.8370085677559211e-03    3.8370085677559211e-03
Dual infeasibility......:   9.5030080282432043e-04    9.5030080282432043e-04
Constraint violation....:   1.8741552253190427e-06    1.8741552253190427e-06
Complementarity.........:   1.0010513324050973e-05    1.0010513324050973e-05
Overall NLP error.......:   9.5030080282432043e-04    9.5030080282432043e-04


Number of objective function evaluations             = 17
Number of objective gradient evaluations             = 12
Number of equality constraint evaluations            = 17
Number of inequality constraint evaluations          = 17
Number of equality constraint Jacobian evaluations   = 12
Number of inequality constraint Jacobian evaluations = 12
Number of Lagrangian Hessian evaluations             = 0
Total CPU secs in IPOPT (w/o function evaluations)   =      0.556
Total CPU secs in NLP function evaluations           =      5.407

EXIT: Optimal Solution Found.
