
List of user-set options:

                                    Name   Value                used
              acceptable_constr_viol_tol = 0.001                 yes
                          acceptable_tol = 0.01                  yes
                             alpha_for_y = safer-min-dual-infeas  yes
                         constr_viol_tol = 0.001                 yes
                        file_print_level = 5                     yes
                   hessian_approximation = limited-memory        yes
                           linear_solver = mumps                 yes
                                max_iter = 66                    yes
                                 mu_init = 1e-05                 yes
                             mu_strategy = monotone              yes
                      nlp_scaling_method = gradient-based        yes
                             output_file = /home/kaleb/projects/learning/AAD-design/sardines/SARDINE_optimization2_out/IPOPT.out  yes
                             print_level = 5                     yes
                      print_user_options = yes                   yes
                                      sb = yes                   yes
                                     tol = 0.001                 yes
This is Ipopt version 3.11.9, running with linear solver mumps.
NOTE: Other linear solvers might be more efficient (see Ipopt documentation).

Number of nonzeros in equality constraint Jacobian...:     4707
Number of nonzeros in inequality constraint Jacobian.:     1910
Number of nonzeros in Lagrangian Hessian.............:        0

Total number of variables............................:      126
                     variables with only lower bounds:        2
                variables with lower and upper bounds:      124
                     variables with only upper bounds:        0
Total number of equality constraints.................:      120
Total number of inequality constraints...............:       82
        inequality constraints with only lower bounds:       20
   inequality constraints with lower and upper bounds:       42
        inequality constraints with only upper bounds:       20

iter    objective    inf_pr   inf_du lg(mu)  ||d||  lg(rg) alpha_du alpha_pr  ls
   0  5.3995626e-06 1.96e+01 1.00e+00  -5.0 0.00e+00    -  0.00e+00 0.00e+00   0
   1  8.9203306e-06 1.91e+01 1.74e+00  -5.0 6.98e+00    -  2.20e-02 2.25e-02h  1
   2  9.9142320e-06 1.91e+01 1.02e+00  -5.0 7.79e+01    -  6.20e-03 6.95e-04h  1
   3  2.8528418e-05 1.90e+01 1.53e+00  -5.0 1.27e+02    -  2.83e-03 5.84e-03h  1
   4  9.6621723e-04 1.44e+01 1.03e+01  -5.0 2.56e+01    -  3.52e-03 2.43e-01f  2
   5  2.0114591e-03 9.30e+00 3.09e+01  -5.0 5.48e+00    -  2.03e-01 3.53e-01h  1
   6  3.8892861e-03 2.33e-03 7.54e+01  -5.0 3.48e+00    -  4.78e-01 1.00e+00h  1
   7  3.7854168e-03 2.50e-03 2.46e+01  -5.0 8.22e-01    -  5.71e-01 1.00e+00h  1
   8  3.7862528e-03 1.91e-04 5.62e+00  -5.0 8.15e-02    -  7.49e-01 1.00e+00h  1
   9  3.7863707e-03 4.04e-07 1.07e-01  -5.0 2.82e-03    -  9.82e-01 1.00e+00h  1
iter    objective    inf_pr   inf_du lg(mu)  ||d||  lg(rg) alpha_du alpha_pr  ls
  10  3.7863946e-03 2.90e-07 1.04e-03  -5.0 5.46e-03    -  1.00e+00 1.00e+00h  1
  11  3.7875753e-03 1.55e-05 2.27e-02  -5.0 2.07e-01    -  1.00e+00 1.00e+00h  1
  12  3.7875467e-03 6.51e-07 2.44e-04  -5.0 2.14e-02    -  1.00e+00 1.00e+00h  1

Number of Iterations....: 12

                                   (scaled)                 (unscaled)
Objective...............:   3.7875467215355233e-03    3.7875467215355233e-03
Dual infeasibility......:   2.4367173190315269e-04    2.4367173190315269e-04
Constraint violation....:   6.5061582630163964e-07    6.5061582630163964e-07
Complementarity.........:   1.0000067779513028e-05    1.0000067779513028e-05
Overall NLP error.......:   2.4367173190315269e-04    2.4367173190315269e-04


Number of objective function evaluations             = 18
Number of objective gradient evaluations             = 13
Number of equality constraint evaluations            = 18
Number of inequality constraint evaluations          = 18
Number of equality constraint Jacobian evaluations   = 13
Number of inequality constraint Jacobian evaluations = 13
Number of Lagrangian Hessian evaluations             = 0
Total CPU secs in IPOPT (w/o function evaluations)   =      0.541
Total CPU secs in NLP function evaluations           =      6.229

EXIT: Optimal Solution Found.
