
List of user-set options:

                                    Name   Value                used
              acceptable_constr_viol_tol = 0.0001                yes
                          acceptable_tol = 0.001                 yes
                             alpha_for_y = safer-min-dual-infeas  yes
                         constr_viol_tol = 0.0001                yes
                        file_print_level = 5                     yes
                   hessian_approximation = limited-memory        yes
                           linear_solver = mumps                 yes
                                max_iter = 200                   yes
                                 mu_init = 1e-05                 yes
                             mu_strategy = monotone              yes
                      nlp_scaling_method = gradient-based        yes
                             output_file = /home/kaleb/projects/learning/AAD-design/sardines/SARDINE_optimization10_out/IPOPT.out  yes
                             print_level = 5                     yes
                      print_user_options = yes                   yes
                                      sb = yes                   yes
                                     tol = 0.0001                yes
This is Ipopt version 3.11.9, running with linear solver mumps.
NOTE: Other linear solvers might be more efficient (see Ipopt documentation).

Number of nonzeros in equality constraint Jacobian...:    11716
Number of nonzeros in inequality constraint Jacobian.:     4156
Number of nonzeros in Lagrangian Hessian.............:        0

Total number of variables............................:      213
                     variables with only lower bounds:        2
                variables with lower and upper bounds:      211
                     variables with only upper bounds:        0
Total number of equality constraints.................:      200
Total number of inequality constraints...............:      124
        inequality constraints with only lower bounds:       20
   inequality constraints with lower and upper bounds:       64
        inequality constraints with only upper bounds:       40

iter    objective    inf_pr   inf_du lg(mu)  ||d||  lg(rg) alpha_du alpha_pr  ls
   0  1.5427322e-03 1.08e+01 1.00e+00  -5.0 0.00e+00    -  0.00e+00 0.00e+00   0
   1  2.0080991e-03 1.05e+01 1.62e+00  -5.0 4.16e+00    -  3.69e-03 2.70e-02h  1
   2  2.0433495e-03 1.05e+01 1.63e+00  -5.0 4.28e+00    -  2.64e-02 7.37e-04h  1
   3  1.2517487e-02 9.71e+00 6.03e+00  -5.0 3.03e+00    -  1.40e-02 7.30e-02h  1
   4  1.4198943e-02 9.67e+00 6.15e+00  -5.0 7.75e+00    -  2.56e-02 4.90e-03h  1
   5  3.0582510e-02 9.41e+00 7.23e+00  -5.0 1.89e+01    -  1.31e-02 2.65e-02h  1
   6  3.1358999e-02 9.40e+00 7.17e+00  -5.0 1.78e+01    -  1.28e-02 1.32e-03h  1
   7  4.5611784e-02 9.17e+00 7.38e+00  -5.0 1.81e+01    -  1.24e-02 2.39e-02h  1
   8  4.5784363e-02 9.16e+00 6.54e+00  -5.0 3.74e+01    -  3.27e-03 9.84e-04h  1
   9  4.6847243e-02 9.14e+00 9.68e+00  -5.0 3.67e+01    -  7.10e-04 2.67e-03h  1
iter    objective    inf_pr   inf_du lg(mu)  ||d||  lg(rg) alpha_du alpha_pr  ls
  10  5.2676886e-02 9.07e+00 1.39e+01  -5.0 1.74e+01    -  1.11e-07 7.69e-03h  1
  11  6.0617593e-02 8.99e+00 1.57e+01  -5.0 8.94e+00    -  4.62e-03 9.12e-03h  1
  12  1.5901329e-01 7.99e+00 2.37e+01  -5.0 7.63e+00    -  1.25e-02 1.11e-01h  1
  13  1.6906961e-01 7.90e+00 2.64e+01  -5.0 5.75e+00    -  8.30e-02 1.13e-02h  1
  14  2.0053290e-01 7.59e+00 2.52e+01  -5.0 6.44e+00    -  4.75e-02 3.89e-02h  1
  15  2.2874267e-01 7.31e+00 2.43e+01  -5.0 9.64e+00    -  1.01e-02 3.71e-02h  1
  16  2.5561839e-01 7.04e+00 2.34e+01  -5.0 7.36e+00    -  2.60e-02 3.63e-02h  1
  17  2.5610078e-01 7.04e+00 2.34e+01  -5.0 4.87e+00    -  2.91e-03 6.42e-04h  1
  18  2.7467121e-01 6.86e+00 2.33e+01  -5.0 4.89e+00    -  1.27e-02 2.46e-02h  1
  19  3.8045618e-01 5.91e+00 3.03e+01  -5.0 4.92e+00    -  2.43e-02 1.39e-01h  1
iter    objective    inf_pr   inf_du lg(mu)  ||d||  lg(rg) alpha_du alpha_pr  ls
  20  6.6706575e-01 3.28e+00 4.69e+01  -5.0 4.17e+00    -  1.04e-01 4.46e-01h  1
  21  7.3810409e-01 2.57e+00 4.36e+01  -5.0 2.15e+00    -  3.69e-02 2.14e-01h  1
  22  8.0330427e-01 1.90e+00 4.82e+01  -5.0 1.61e+00    -  6.45e-02 2.63e-01h  1
  23  8.1261065e-01 1.47e+00 4.79e+01  -5.0 1.96e+00    -  1.56e-02 2.26e-01h  1
  24  8.1284516e-01 1.47e+00 4.76e+01  -5.0 2.55e+00    -  6.19e-03 2.02e-03h  1
  25  8.1371049e-01 1.46e+00 4.88e+01  -5.0 1.62e+00    -  2.74e-03 7.05e-03h  1
  26  8.2048802e-01 1.38e+00 4.80e+01  -5.0 8.82e-01    -  1.65e-02 4.98e-02h  1
  27  8.3476041e-01 1.23e+00 4.49e+01  -5.0 8.28e-01    -  5.13e-02 1.12e-01h  1
  28  8.3969929e-01 1.18e+00 3.00e+01  -5.0 7.55e-01    -  3.92e-01 4.24e-02h  1
  29  9.1908224e-01 1.54e-03 3.37e+01  -5.0 5.15e-01    -  4.72e-05 1.00e+00h  1
iter    objective    inf_pr   inf_du lg(mu)  ||d||  lg(rg) alpha_du alpha_pr  ls
  30  9.1793025e-01 4.26e-04 1.21e+01  -5.0 5.69e-02    -  6.42e-01 1.00e+00h  1
  31  9.1804975e-01 1.46e-06 4.16e-01  -5.0 4.97e-03    -  9.72e-01 1.00e+00h  1
  32  9.1611666e-01 1.12e-05 1.06e-01  -5.0 2.01e-02    -  7.79e-01 1.00e+00h  1
  33  9.0520727e-01 1.03e-03 5.10e-02  -5.0 7.17e-01    -  1.34e-01 2.35e-01h  1
  34  9.0530380e-01 8.96e-04 3.94e-02  -5.0 9.84e-01    -  2.28e-01 1.35e-01f  3
  35  9.0462464e-01 3.63e-04 3.73e-02  -5.0 1.34e+00    -  8.92e-02 5.95e-01h  1
  36  9.0200101e-01 1.91e-04 3.01e-02  -5.0 1.79e+00    -  3.08e-01 4.77e-01f  1
  37  9.0232833e-01 1.52e-04 2.75e-02  -5.0 3.18e-01    -  1.85e-02 6.58e-01h  1
  38  9.0001910e-01 1.26e-04 3.69e-02  -5.0 2.60e+00    -  6.31e-02 1.69e-01h  1
  39  8.9849617e-01 1.07e-04 3.40e-02  -5.0 2.29e+00    -  4.26e-01 1.52e-01f  1
iter    objective    inf_pr   inf_du lg(mu)  ||d||  lg(rg) alpha_du alpha_pr  ls
  40  8.9658377e-01 9.72e-05 2.02e-02  -5.0 4.09e+00    -  2.07e-01 9.32e-02h  2
  41  8.9537847e-01 1.78e-02 1.47e-02  -5.0 2.03e+00    -  7.28e-01 2.74e-01H  1
  42  8.9524259e-01 1.09e-02 1.47e-02  -5.0 6.82e-01    -  4.55e-02 2.79e-01h  1
  43  8.9532234e-01 2.98e-03 1.43e-02  -5.0 1.68e-01    -  1.06e-01 7.48e-01h  1
  44  8.9537935e-01 1.79e-06 9.80e-03  -5.0 1.14e-01    -  3.58e-01 9.81e-01h  1
  45  8.9515975e-01 3.51e-05 2.99e-03  -5.0 3.80e-01    -  8.89e-01 5.32e-01f  1
  46  8.9507077e-01 1.37e-06 4.22e-04  -5.0 1.05e-01    -  1.00e+00 1.00e+00h  1
  47  8.9504625e-01 7.84e-07 1.35e-04  -5.0 5.53e-02    -  1.00e+00 1.00e+00h  1

Number of Iterations....: 47

                                   (scaled)                 (unscaled)
Objective...............:   8.9504624770052388e-01    8.9504624770052388e-01
Dual infeasibility......:   1.3471528379465966e-04    1.3471528379465966e-04
Constraint violation....:   7.8406214136277164e-07    7.8406214136277164e-07
Complementarity.........:   1.0386487698387788e-05    1.0386487698387788e-05
Overall NLP error.......:   4.7229658022627162e-05    1.3471528379465966e-04


Number of objective function evaluations             = 57
Number of objective gradient evaluations             = 48
Number of equality constraint evaluations            = 57
Number of inequality constraint evaluations          = 57
Number of equality constraint Jacobian evaluations   = 48
Number of inequality constraint Jacobian evaluations = 48
Number of Lagrangian Hessian evaluations             = 0
Total CPU secs in IPOPT (w/o function evaluations)   =      0.669
Total CPU secs in NLP function evaluations           =     25.763

EXIT: Optimal Solution Found.
