
List of user-set options:

                                    Name   Value                used
              acceptable_constr_viol_tol = 0.001                 yes
                          acceptable_tol = 0.01                  yes
                             alpha_for_y = safer-min-dual-infeas  yes
                         constr_viol_tol = 0.001                 yes
                        file_print_level = 5                     yes
                   hessian_approximation = limited-memory        yes
                           linear_solver = mumps                 yes
                                max_iter = 66                    yes
                                 mu_init = 1e-05                 yes
                             mu_strategy = monotone              yes
                      nlp_scaling_method = gradient-based        yes
                             output_file = /home/kaleb/projects/learning/AAD-design/sardines/SARDINE_optimization24_out/IPOPT.out  yes
                             print_level = 5                     yes
                      print_user_options = yes                   yes
                                      sb = yes                   yes
                                     tol = 0.001                 yes
This is Ipopt version 3.11.9, running with linear solver mumps.
NOTE: Other linear solvers might be more efficient (see Ipopt documentation).

Number of nonzeros in equality constraint Jacobian...:    11828
Number of nonzeros in inequality constraint Jacobian.:     4160
Number of nonzeros in Lagrangian Hessian.............:        0

Total number of variables............................:      215
                     variables with only lower bounds:        2
                variables with lower and upper bounds:      213
                     variables with only upper bounds:        0
Total number of equality constraints.................:      206
Total number of inequality constraints...............:      124
        inequality constraints with only lower bounds:       20
   inequality constraints with lower and upper bounds:       64
        inequality constraints with only upper bounds:       40

iter    objective    inf_pr   inf_du lg(mu)  ||d||  lg(rg) alpha_du alpha_pr  ls
   0  5.3995626e-06 1.96e+01 1.00e+00  -5.0 0.00e+00    -  0.00e+00 0.00e+00   0
   1  7.8960648e-06 1.92e+01 9.97e-01  -5.0 6.01e+00    -  6.78e-03 1.84e-02h  1
   2  7.8873810e-06 1.92e+01 1.14e+00  -5.0 5.17e+00    -  1.82e-02 1.08e-03h  1
   3  9.4724567e-06 1.82e+01 1.13e+00  -5.0 4.80e+00    -  1.68e-02 5.33e-02h  1
   4  1.7916849e-05 1.80e+01 1.20e+00  -5.0 3.50e+00    -  9.90e-03 8.92e-03h  1
   5  2.7420356e-04 1.54e+01 1.31e+00  -5.0 3.26e+00    -  1.04e-02 1.46e-01h  1
   6r 2.7420356e-04 1.54e+01 9.99e+02   1.2 0.00e+00    -  0.00e+00 3.95e-07R  3
   7r 2.6563478e-04 1.55e+01 9.99e+02   1.2 2.30e+06    -  1.87e-06 3.80e-08f  6
   8r 3.0374329e-04 1.06e+01 9.99e+02   1.2 1.39e+03    -  9.95e-05 3.51e-03f  1
   9  3.0838767e-04 1.05e+01 1.66e+00  -5.0 2.01e+00    -  4.05e-02 4.81e-03h  1
iter    objective    inf_pr   inf_du lg(mu)  ||d||  lg(rg) alpha_du alpha_pr  ls
  10r 3.0838767e-04 1.05e+01 9.99e+02   1.0 0.00e+00    -  0.00e+00 4.00e-07R  5
  11r 3.0848988e-04 1.07e+01 9.99e+02   1.0 6.96e+04    -  5.45e-05 1.89e-06f  4
  12r 3.3975081e-04 7.96e+00 9.98e+02   1.0 1.35e+03    -  1.11e-03 2.01e-03f  1
  13  3.4670116e-04 7.92e+00 4.73e+00  -5.0 2.86e+00    -  1.82e-01 4.50e-03h  1
  14r 3.4670116e-04 7.92e+00 9.99e+02   0.9 0.00e+00    -  0.00e+00 3.15e-07R  4
  15r 3.3586686e-04 8.03e+00 1.00e+03   0.9 4.94e+04    -  8.60e-05 2.13e-06f  6
  16r 4.1895831e-04 2.68e+00 9.95e+02   0.9 1.38e+03    -  6.31e-03 3.88e-03f  1
  17  4.2032974e-04 2.67e+00 2.51e+01  -5.0 2.00e+00    -  5.02e-03 1.53e-03h  1
  18r 4.2032974e-04 2.67e+00 9.99e+02   0.4 0.00e+00    -  0.00e+00 3.09e-07R  2
  19r 4.1444053e-04 2.71e+00 1.00e+03   0.4 5.06e+05    -  5.29e-06 6.66e-08f  7
iter    objective    inf_pr   inf_du lg(mu)  ||d||  lg(rg) alpha_du alpha_pr  ls
  20r 4.3503068e-04 8.34e-01 9.99e+02   0.4 3.32e+03    -  2.66e-03 8.17e-04f  1
  21  4.5850558e-04 8.22e-01 3.07e+02  -5.0 4.92e+00    -  5.28e-02 1.46e-02h  1
  22  9.4275197e-04 6.15e-01 2.88e+02  -5.0 5.15e+00    -  6.42e-02 2.52e-01h  1
  23  1.1710671e-03 5.18e-01 2.11e+02  -5.0 2.87e+00    -  2.71e-01 1.57e-01h  1
  24  2.0079075e-03 1.55e-01 1.59e+02  -5.0 2.42e+00    -  2.58e-01 7.01e-01h  1
  25  2.0515584e-03 1.34e-01 8.51e+01  -5.0 2.40e+00    -  4.67e-01 1.37e-01h  1
  26  2.1924961e-03 5.85e-02 6.54e+01  -5.0 5.50e+00    -  2.49e-01 5.63e-01h  1
  27  2.1928845e-03 5.83e-02 1.72e+01  -5.0 2.22e+00    -  7.27e-01 3.11e-03h  1
  28  2.2413227e-03 3.35e-02 8.61e+00  -5.0 9.63e+00    -  5.21e-01 4.25e-01h  1
  29  2.3008878e-03 1.26e-05 6.72e+00  -5.0 1.08e+01    -  2.80e-01 1.00e+00H  1
iter    objective    inf_pr   inf_du lg(mu)  ||d||  lg(rg) alpha_du alpha_pr  ls
  30  2.3007195e-03 3.30e-06 6.20e-01  -5.0 1.02e-01    -  9.08e-01 1.00e+00h  1
  31  2.3008565e-03 1.67e-06 4.92e-01  -5.0 4.48e+00    -  2.05e-01 3.53e-02h  2
  32  2.3008280e-03 9.41e-07 1.60e-02  -5.0 3.00e-02    -  9.68e-01 1.00e+00h  1
  33  2.3010017e-03 4.58e-06 1.12e-02  -5.0 5.28e-01    -  3.03e-01 3.90e-01h  1
  34  2.3012291e-03 5.05e-06 4.75e-03  -5.0 4.29e-01    -  5.99e-01 1.00e+00f  1
  35  2.3012090e-03 2.50e-06 2.44e-03  -5.0 1.96e-01    -  1.00e+00 1.00e+00h  1
  36  2.3012081e-03 2.30e-06 2.46e-03  -5.0 1.96e-01    -  1.00e+00 1.00e+00h  1
  37  2.3012233e-03 1.35e-06 2.15e-03  -5.0 1.73e-01    -  1.00e+00 1.00e+00h  1
  38  2.3012467e-03 1.15e-06 2.00e-03  -5.0 1.61e-01    -  1.00e+00 1.00e+00h  1
  39  2.3012737e-03 1.08e-06 1.87e-03  -5.0 1.50e-01    -  1.00e+00 1.00e+00h  1
iter    objective    inf_pr   inf_du lg(mu)  ||d||  lg(rg) alpha_du alpha_pr  ls
  40  2.3013031e-03 1.02e-06 1.79e-03  -5.0 1.42e-01    -  1.00e+00 1.00e+00h  1
  41  2.3013328e-03 9.77e-07 1.69e-03  -5.0 1.35e-01    -  1.00e+00 1.00e+00h  1
  42  2.3013632e-03 9.34e-07 1.61e-03  -5.0 1.28e-01    -  1.00e+00 1.00e+00h  1
  43  2.3013939e-03 2.00e-06 1.47e-03  -5.0 1.22e-01    -  1.00e+00 1.00e+00h  1
  44  2.3036238e-03 1.21e-05 2.54e-03  -5.0 1.14e+00    -  9.79e-01 1.00e+00h  1
  45  2.3062308e-03 1.26e-05 3.13e-03  -5.0 1.24e+00    -  1.00e+00 1.00e+00h  1
  46  2.3079954e-03 5.11e-06 8.70e-04  -5.0 2.64e-01    -  1.00e+00 1.00e+00h  1

Number of Iterations....: 46

                                   (scaled)                 (unscaled)
Objective...............:   2.3079953710671455e-03    2.3079953710671455e-03
Dual infeasibility......:   8.6966825608783007e-04    8.6966825608783007e-04
Constraint violation....:   5.1058401399078223e-06    5.1058401399078223e-06
Complementarity.........:   1.0078788347027550e-05    1.0078788347027550e-05
Overall NLP error.......:   8.6966825608783007e-04    8.6966825608783007e-04


Number of objective function evaluations             = 88
Number of objective gradient evaluations             = 43
Number of equality constraint evaluations            = 88
Number of inequality constraint evaluations          = 88
Number of equality constraint Jacobian evaluations   = 51
Number of inequality constraint Jacobian evaluations = 51
Number of Lagrangian Hessian evaluations             = 0
Total CPU secs in IPOPT (w/o function evaluations)   =      0.867
Total CPU secs in NLP function evaluations           =     40.200

EXIT: Optimal Solution Found.
