
List of user-set options:

                                    Name   Value                used
              acceptable_constr_viol_tol = 0.0001                yes
                          acceptable_tol = 0.001                 yes
                             alpha_for_y = safer-min-dual-infeas  yes
                         constr_viol_tol = 0.0001                yes
                        file_print_level = 5                     yes
                   hessian_approximation = limited-memory        yes
                           linear_solver = mumps                 yes
                                max_iter = 200                   yes
                                 mu_init = 1e-05                 yes
                             mu_strategy = monotone              yes
                      nlp_scaling_method = gradient-based        yes
                             output_file = /home/kaleb/projects/learning/AAD-design/sardines/SARDINE_optimization16_out/IPOPT.out  yes
                             print_level = 5                     yes
                      print_user_options = yes                   yes
                                      sb = yes                   yes
                                     tol = 0.0001                yes
This is Ipopt version 3.11.9, running with linear solver mumps.
NOTE: Other linear solvers might be more efficient (see Ipopt documentation).

Number of nonzeros in equality constraint Jacobian...:    11716
Number of nonzeros in inequality constraint Jacobian.:     4156
Number of nonzeros in Lagrangian Hessian.............:        0

Total number of variables............................:      213
                     variables with only lower bounds:        2
                variables with lower and upper bounds:      211
                     variables with only upper bounds:        0
Total number of equality constraints.................:      200
Total number of inequality constraints...............:      124
        inequality constraints with only lower bounds:       20
   inequality constraints with lower and upper bounds:       64
        inequality constraints with only upper bounds:       40

iter    objective    inf_pr   inf_du lg(mu)  ||d||  lg(rg) alpha_du alpha_pr  ls
   0  1.5427322e-03 1.08e+01 1.23e+00  -5.0 0.00e+00    -  0.00e+00 0.00e+00   0
   1  3.2473098e-03 1.04e+01 1.23e+00  -5.0 7.01e+00    -  2.46e-03 3.57e-02h  1
   2  4.2324011e-03 1.03e+01 1.20e+00  -5.0 4.20e+00    -  2.14e-02 9.37e-03h  1
   3  8.8241737e-03 1.02e+01 1.18e+00  -5.0 9.08e+00    -  1.08e-02 1.19e-02h  1
   4  1.9093230e-02 1.00e+01 1.15e+00  -5.0 1.99e+01    -  1.37e-02 1.60e-02h  1
   5  2.0915707e-02 9.98e+00 1.28e+00  -5.0 1.92e+01    -  1.39e-02 2.93e-03h  1
   6  3.2951543e-02 9.79e+00 3.50e+00  -5.0 1.90e+01    -  1.55e-02 1.96e-02h  1
   7  3.3210517e-02 9.77e+00 3.49e+00  -5.0 6.54e+01    -  1.58e-03 1.58e-03h  1
   8  3.3741697e-02 9.74e+00 4.08e+00  -5.0 6.65e+01    -  5.35e-04 3.21e-03h  2
   9  3.4166596e-02 9.71e+00 3.64e+00  -5.0 6.83e+01    -  1.75e-03 2.55e-03h  3
iter    objective    inf_pr   inf_du lg(mu)  ||d||  lg(rg) alpha_du alpha_pr  ls
  10  3.4578626e-02 9.69e+00 3.64e+00  -5.0 6.79e+01    -  1.95e-03 2.42e-03h  3
  11  3.5619109e-02 9.64e+00 4.56e+00  -5.0 6.62e+01    -  1.33e-03 5.65e-03h  1
  12  3.5639004e-02 9.64e+00 4.58e+00  -5.0 5.21e+01    -  2.71e-04 6.40e-05h  1
  13  3.6813186e-02 9.61e+00 5.34e+00  -5.0 4.15e+01    -  2.20e-04 2.80e-03h  1
  14  3.9909510e-02 9.57e+00 5.37e+00  -5.0 2.07e+01    -  1.17e-03 3.74e-03h  1
  15  4.6060168e-02 9.50e+00 5.48e+00  -5.0 2.12e+01    -  4.82e-03 7.30e-03h  1
  16  5.3171753e-02 9.42e+00 8.34e+00  -5.0 2.13e+01    -  1.23e-02 8.44e-03h  3
  17  7.4623624e-02 9.18e+00 1.43e+01  -5.0 2.08e+01    -  1.30e-03 2.59e-02H  1
  18  7.6700168e-02 9.14e+00 1.56e+01  -5.0 6.49e+01    -  1.02e-03 3.88e-03h  1
  19  9.0269834e-02 8.99e+00 1.63e+01  -5.0 3.67e+01    -  1.94e-03 1.66e-02h  1
iter    objective    inf_pr   inf_du lg(mu)  ||d||  lg(rg) alpha_du alpha_pr  ls
  20  9.0494975e-02 8.99e+00 1.62e+01  -5.0 7.68e+00    -  2.30e-03 1.90e-04h  1
  21  9.3269185e-02 8.96e+00 1.64e+01  -5.0 1.72e+01    -  9.52e-07 2.78e-03h  1
  22  9.3823416e-02 8.96e+00 1.62e+01  -5.0 7.65e+00    -  1.15e-02 4.69e-04h  1
  23  1.1924748e-01 8.76e+00 1.62e+01  -5.0 7.46e+00    -  1.51e-07 2.21e-02h  1
  24  1.7543237e-01 8.33e+00 1.74e+01  -5.0 7.44e+00    -  6.44e-03 4.89e-02h  1
  25  1.8396788e-01 8.27e+00 1.51e+01  -5.0 7.16e+00    -  8.27e-02 7.73e-03h  1
  26  3.0536740e-01 7.35e+00 1.69e+01  -5.0 7.09e+00    -  3.48e-02 1.11e-01h  1
  27  3.0940618e-01 7.32e+00 1.73e+01  -5.0 6.43e+00    -  1.58e-05 4.07e-03h  1
  28  3.0987460e-01 7.32e+00 1.73e+01  -5.0 2.17e+01    -  2.28e-03 6.18e-04h  1
  29  3.4257114e-01 7.06e+00 2.01e+01  -5.0 6.14e+00    -  5.84e-07 3.45e-02h  1
iter    objective    inf_pr   inf_du lg(mu)  ||d||  lg(rg) alpha_du alpha_pr  ls
  30  3.4268963e-01 7.06e+00 2.01e+01  -5.0 1.70e+01    -  2.34e-03 1.55e-04h  1
  31  3.4380175e-01 7.05e+00 2.29e+01  -5.0 1.31e+01    -  3.94e-03 1.40e-03h  1
  32  3.4794710e-01 7.02e+00 2.33e+01  -5.0 1.48e+01    -  9.86e-06 4.74e-03h  1
  33  3.4796666e-01 7.02e+00 2.24e+01  -5.0 1.47e+01    -  7.38e-04 2.28e-05h  1
  34  3.4842705e-01 7.02e+00 1.35e+01  -5.0 1.48e+01    -  1.99e-02 5.32e-04h  1
  35  3.8542212e-01 6.73e+00 1.79e+01  -5.0 7.04e+00    -  1.40e-03 4.13e-02h  1
  36  3.9001561e-01 6.69e+00 1.82e+01  -5.0 5.68e+00    -  3.45e-03 5.24e-03h  1
  37  4.2079392e-01 6.45e+00 2.39e+01  -5.0 5.64e+00    -  2.05e-02 3.54e-02h  1
  38  4.2634095e-01 6.40e+00 2.77e+01  -5.0 9.66e+00    -  3.85e-05 9.23e-03h  1
  39  4.4729988e-01 6.18e+00 3.09e+01  -5.0 9.01e+00    -  2.15e-02 3.40e-02h  1
iter    objective    inf_pr   inf_du lg(mu)  ||d||  lg(rg) alpha_du alpha_pr  ls
  40  4.5512944e-01 6.11e+00 3.81e+01  -5.0 4.77e+00    -  1.15e-01 1.06e-02h  1
  41  6.9179690e-01 4.12e+00 5.61e+01  -5.0 4.71e+00    -  2.07e-02 3.25e-01h  1
  42  7.7126935e-01 3.44e+00 5.80e+01  -5.0 3.12e+00    -  4.03e-02 1.65e-01h  1
  43  7.9659226e-01 3.22e+00 5.96e+01  -5.0 2.56e+00    -  1.24e-03 6.41e-02h  1
  44  8.0141199e-01 3.18e+00 5.96e+01  -5.0 3.36e+00    -  4.74e-03 1.37e-02h  1
  45  8.3108289e-01 2.92e+00 5.66e+01  -5.0 2.39e+00    -  6.21e-02 8.04e-02h  1
  46  8.8768853e-01 2.42e+00 5.35e+01  -5.0 2.15e+00    -  3.08e-03 1.71e-01h  1
  47  8.9923578e-01 2.33e+00 5.21e+01  -5.0 2.83e+00    -  3.51e-02 4.04e-02h  1
  48  9.0527694e-01 2.27e+00 5.22e+01  -5.0 1.70e+00    -  2.00e-03 2.30e-02h  1
  49  9.3246341e-01 2.03e+00 5.32e+01  -5.0 1.67e+00    -  4.55e-03 1.06e-01h  1
iter    objective    inf_pr   inf_du lg(mu)  ||d||  lg(rg) alpha_du alpha_pr  ls
  50  9.8193053e-01 1.59e+00 4.80e+01  -5.0 1.49e+00    -  1.37e-03 2.15e-01h  1
  51  1.0006224e+00 1.43e+00 3.50e+01  -5.0 1.18e+00    -  2.39e-01 1.02e-01h  1
  52  1.1099610e+00 4.66e-01 3.51e+01  -5.0 1.05e+00    -  9.88e-03 6.75e-01h  1
  53  1.1310864e+00 2.70e-01 2.96e+01  -5.0 3.25e-01    -  1.23e-01 4.21e-01h  1
  54  1.1389349e+00 1.97e-01 2.50e+01  -5.0 2.11e-01    -  1.05e-01 2.70e-01h  1
  55  1.1395842e+00 1.91e-01 2.14e+01  -5.0 1.54e-01    -  1.48e-01 3.09e-02h  1
  56  1.1602492e+00 5.03e-05 2.16e+01  -5.0 1.49e-01    -  5.41e-03 1.00e+00h  1
  57  1.1601574e+00 4.99e-07 7.26e-01  -5.0 2.11e-02    -  9.66e-01 1.00e+00h  1
  58  1.1601338e+00 8.38e-08 4.40e-01  -5.0 3.56e-03    -  3.95e-01 1.00e+00h  1
  59  1.1303252e+00 4.82e-04 7.99e-01  -5.0 1.19e+00    -  3.13e-01 1.82e-01f  1
iter    objective    inf_pr   inf_du lg(mu)  ||d||  lg(rg) alpha_du alpha_pr  ls
  60  1.0968095e+00 2.63e-03 5.49e-01  -5.0 1.48e+00    -  1.28e-01 1.92e-01f  1
  61  1.0968141e+00 1.38e-03 1.12e-01  -5.0 4.15e-02    -  8.80e-01 4.74e-01h  1
  62  1.0969875e+00 1.34e-03 5.93e-02  -5.0 3.93e-01    -  9.51e-01 2.95e-02h  2
  63  1.1003738e+00 6.56e-04 7.32e-02  -5.0 1.12e-01    -  1.00e+00 5.11e-01h  1
  64  1.1037208e+00 3.78e-08 4.01e-02  -5.0 2.17e-02    -  1.00e+00 1.00e+00h  1
  65  1.1037327e+00 3.75e-08 4.30e-03  -5.0 7.87e-04    -  8.75e-01 1.00e+00h  1
  66  1.1038056e+00 5.42e-07 2.17e-03  -5.0 1.60e-02    -  3.05e-01 1.00e+00h  1
  67  1.1038383e+00 9.92e-08 1.78e-03  -5.0 2.04e-03    -  1.00e+00 1.00e+00h  1
  68  1.1038587e+00 5.04e-08 4.18e-03  -5.0 1.06e-03    -  1.00e+00 1.00e+00h  1
  69  1.1038661e+00 3.58e-08 3.97e-03  -5.0 1.02e-03    -  1.00e+00 1.00e+00h  1
iter    objective    inf_pr   inf_du lg(mu)  ||d||  lg(rg) alpha_du alpha_pr  ls
  70  1.1038698e+00 2.05e-08 3.77e-04  -5.0 6.08e-04    -  1.00e+00 1.00e+00h  1
  71  1.1038719e+00 1.17e-08 2.81e-04  -5.0 3.51e-04    -  1.00e+00 1.00e+00h  1
  72  1.1038732e+00 6.66e-09 2.16e-04  -5.0 2.16e-04    -  1.00e+00 1.00e+00h  1
  73  1.1038740e+00 3.91e-09 1.66e-04  -5.0 1.66e-04    -  1.00e+00 1.00e+00h  1
  74  1.1038746e+00 2.42e-09 1.29e-04  -5.0 1.29e-04    -  1.00e+00 1.00e+00h  1
  75  1.1038751e+00 1.57e-09 1.01e-04  -5.0 1.01e-04    -  1.00e+00 1.00e+00h  1
  76  1.1038754e+00 1.07e-09 5.53e-05  -5.0 7.88e-05    -  1.00e+00 1.00e+00h  1

Number of Iterations....: 76

                                   (scaled)                 (unscaled)
Objective...............:   1.1038754182096544e+00    1.1038754182096544e+00
Dual infeasibility......:   5.5314470151584649e-05    5.5314470151584649e-05
Constraint violation....:   1.0736873774898486e-09    1.0736873774898486e-09
Complementarity.........:   1.0000000000000001e-05    1.0000000000000001e-05
Overall NLP error.......:   5.5314470151584649e-05    5.5314470151584649e-05


Number of objective function evaluations             = 91
Number of objective gradient evaluations             = 77
Number of equality constraint evaluations            = 91
Number of inequality constraint evaluations          = 91
Number of equality constraint Jacobian evaluations   = 77
Number of inequality constraint Jacobian evaluations = 77
Number of Lagrangian Hessian evaluations             = 0
Total CPU secs in IPOPT (w/o function evaluations)   =      0.772
Total CPU secs in NLP function evaluations           =     41.556

EXIT: Optimal Solution Found.
