
List of user-set options:

                                    Name   Value                used
              acceptable_constr_viol_tol = 0.0001                yes
                          acceptable_tol = 0.001                 yes
                             alpha_for_y = safer-min-dual-infeas  yes
                         constr_viol_tol = 0.0001                yes
                        file_print_level = 5                     yes
                   hessian_approximation = limited-memory        yes
                           linear_solver = mumps                 yes
                                max_iter = 200                   yes
                                 mu_init = 1e-05                 yes
                             mu_strategy = monotone              yes
                      nlp_scaling_method = gradient-based        yes
                             output_file = /home/kaleb/projects/learning/AAD-design/sardines/SARDINE_optimization19_out/IPOPT.out  yes
                             print_level = 5                     yes
                      print_user_options = yes                   yes
                                      sb = yes                   yes
                                     tol = 0.0001                yes
This is Ipopt version 3.11.9, running with linear solver mumps.
NOTE: Other linear solvers might be more efficient (see Ipopt documentation).

Number of nonzeros in equality constraint Jacobian...:    11716
Number of nonzeros in inequality constraint Jacobian.:     4156
Number of nonzeros in Lagrangian Hessian.............:        0

Total number of variables............................:      213
                     variables with only lower bounds:        2
                variables with lower and upper bounds:      211
                     variables with only upper bounds:        0
Total number of equality constraints.................:      200
Total number of inequality constraints...............:      124
        inequality constraints with only lower bounds:       20
   inequality constraints with lower and upper bounds:       64
        inequality constraints with only upper bounds:       40

iter    objective    inf_pr   inf_du lg(mu)  ||d||  lg(rg) alpha_du alpha_pr  ls
   0  1.5427322e-03 1.08e+01 1.00e+00  -5.0 0.00e+00    -  0.00e+00 0.00e+00   0
   1  2.2060853e-03 1.05e+01 1.56e+00  -5.0 3.98e+00    -  3.69e-03 2.55e-02h  1
   2  2.2551291e-03 1.05e+01 1.57e+00  -5.0 4.00e+00    -  2.48e-02 7.13e-04h  1
   3  2.1290369e-02 9.32e+00 8.80e+00  -5.0 3.09e+00    -  1.31e-02 1.12e-01h  1
   4  2.6442876e-02 9.06e+00 9.45e+00  -5.0 2.67e+00    -  1.03e-01 2.76e-02h  1
   5  3.3073155e-02 8.90e+00 9.25e+00  -5.0 1.10e+01    -  2.56e-02 1.79e-02h  1
   6  4.5027232e-02 8.68e+00 9.24e+00  -5.0 1.70e+01    -  3.09e-02 2.46e-02h  1
   7  5.3091875e-02 8.53e+00 9.23e+00  -5.0 1.64e+01    -  2.09e-02 1.72e-02h  1
   8  5.3661895e-02 8.51e+00 7.74e+00  -5.0 2.58e+01    -  4.47e-03 1.95e-03h  1
   9  5.6786490e-02 8.47e+00 9.05e+00  -5.0 1.32e+01    -  5.16e-08 4.82e-03h  1
iter    objective    inf_pr   inf_du lg(mu)  ||d||  lg(rg) alpha_du alpha_pr  ls
  10  6.4326242e-02 8.39e+00 1.08e+01  -5.0 5.29e+00    -  2.34e-03 9.45e-03h  1
  11  1.7064433e-01 7.31e+00 1.48e+01  -5.0 5.34e+00    -  1.00e-02 1.29e-01h  1
  12  1.7121458e-01 7.30e+00 1.48e+01  -5.0 4.60e+00    -  2.91e-05 8.03e-04h  1
  13  3.9901260e-01 4.96e+00 2.74e+01  -5.0 4.60e+00    -  2.81e-02 3.21e-01h  1
  14  5.0039344e-01 3.88e+00 3.10e+01  -5.0 3.02e+00    -  1.57e-01 2.18e-01h  1
  15  5.2444508e-01 3.61e+00 3.20e+01  -5.0 2.24e+00    -  4.44e-02 6.97e-02h  1
  16  5.4235286e-01 3.41e+00 3.20e+01  -5.0 2.13e+00    -  5.09e-02 5.45e-02h  1
  17  5.6129489e-01 3.19e+00 3.38e+01  -5.0 1.94e+00    -  1.00e-02 6.33e-02h  1
  18  7.2978799e-01 1.11e+00 5.13e+01  -5.0 1.67e+00    -  3.32e-02 6.52e-01h  1
  19  7.3527192e-01 1.04e+00 4.68e+01  -5.0 5.20e-01    -  9.56e-02 6.84e-02h  1
iter    objective    inf_pr   inf_du lg(mu)  ||d||  lg(rg) alpha_du alpha_pr  ls
  20  7.4692454e-01 8.73e-01 4.12e+01  -5.0 4.82e-01    -  1.07e-01 1.57e-01h  1
  21  8.0864087e-01 4.29e-04 3.53e+01  -5.0 4.00e-01    -  1.81e-01 1.00e+00h  1
  22  8.0828318e-01 6.48e-07 1.69e+01  -5.0 3.69e-02    -  5.20e-01 1.00e+00h  1
  23  8.0795512e-01 8.30e-07 3.24e-01  -5.0 3.70e-03    -  9.81e-01 1.00e+00h  1
  24  8.0781316e-01 3.98e-06 3.00e-01  -5.0 9.29e-02    -  7.52e-02 3.74e-01h  1
  25  8.0745100e-01 9.82e-07 1.47e-01  -5.0 6.60e-03    -  5.18e-01 1.00e+00f  1
  26  8.0705049e-01 1.05e-06 4.48e-02  -5.0 8.08e-03    -  7.21e-01 1.00e+00h  1
  27  8.0619937e-01 2.19e-06 2.77e-02  -5.0 3.12e-02    -  8.73e-01 1.00e+00h  1
  28  8.0568872e-01 1.53e-06 1.27e-02  -5.0 2.41e-02    -  7.94e-01 1.00e+00h  1
  29  8.0510683e-01 1.59e-06 1.33e-02  -5.0 1.73e-02    -  1.00e+00 1.00e+00h  1
iter    objective    inf_pr   inf_du lg(mu)  ||d||  lg(rg) alpha_du alpha_pr  ls
  30  8.0452322e-01 1.55e-06 1.33e-02  -5.0 1.66e-02    -  1.00e+00 1.00e+00h  1
  31  8.0393831e-01 1.54e-06 1.33e-02  -5.0 1.52e-02    -  1.00e+00 1.00e+00h  1
  32  8.0335280e-01 1.54e-06 1.33e-02  -5.0 1.46e-02    -  1.00e+00 1.00e+00h  1
  33  8.0276682e-01 1.55e-06 1.34e-02  -5.0 1.41e-02    -  1.00e+00 1.00e+00h  1
  34  8.0218047e-01 1.55e-06 1.34e-02  -5.0 1.37e-02    -  1.00e+00 1.00e+00h  1
  35  8.0159378e-01 1.56e-06 1.34e-02  -5.0 1.34e-02    -  1.00e+00 1.00e+00h  1
  36  8.0100680e-01 1.57e-06 1.34e-02  -5.0 1.34e-02    -  1.00e+00 1.00e+00h  1
  37  8.0041956e-01 1.97e-06 1.34e-02  -5.0 1.34e-02    -  1.00e+00 1.00e+00h  1
  38  7.9983221e-01 1.60e-06 1.34e-02  -5.0 1.34e-02    -  1.00e+00 1.00e+00h  1
  39  7.9924468e-01 1.61e-06 1.34e-02  -5.0 1.34e-02    -  1.00e+00 1.00e+00h  1
iter    objective    inf_pr   inf_du lg(mu)  ||d||  lg(rg) alpha_du alpha_pr  ls
  40  7.9865688e-01 1.63e-06 1.34e-02  -5.0 1.34e-02    -  1.00e+00 1.00e+00h  1
  41  7.9806894e-01 1.65e-06 1.34e-02  -5.0 1.34e-02    -  1.00e+00 1.00e+00h  1
  42  7.9748086e-01 1.66e-06 1.34e-02  -5.0 1.34e-02    -  1.00e+00 1.00e+00h  1
  43  7.9689280e-01 2.06e-06 1.34e-02  -5.0 1.34e-02    -  1.00e+00 1.00e+00h  1
  44  7.9630503e-01 1.74e-06 1.34e-02  -5.0 1.34e-02    -  1.00e+00 1.00e+00h  1
  45  7.6687931e-01 3.12e-03 1.35e-02  -5.0 9.27e+01    -  1.82e-03 3.58e-03f  1
  46  7.6107461e-01 2.91e-03 1.28e-02  -5.0 1.91e+01    -  3.69e-02 6.59e-02h  1
  47  7.5976020e-01 2.86e-03 1.03e-02  -5.0 8.63e+00    -  1.60e-01 1.73e-02h  1
  48  7.5555841e-01 2.84e-03 1.02e-02  -5.0 7.10e+01    -  8.68e-03 6.77e-03h  2
  49  7.5434482e-01 2.81e-03 9.50e-03  -5.0 1.30e+01    -  6.08e-02 1.16e-02h  1
iter    objective    inf_pr   inf_du lg(mu)  ||d||  lg(rg) alpha_du alpha_pr  ls
  50  7.5305438e-01 2.68e-03 8.51e-03  -5.0 5.95e+00    -  9.76e-02 4.49e-02f  1
  51  7.5286176e-01 2.48e-03 7.75e-03  -5.0 3.82e+00    -  1.04e-01 7.36e-02h  2
  52  7.5303434e-01 2.34e-03 5.73e-03  -5.0 3.14e+00    -  2.72e-01 5.83e-02h  3
  53  7.5307306e-01 2.32e-03 2.84e-03  -5.0 1.56e+00    -  1.00e+00 7.25e-03h  7
  54  7.5820421e-01 1.10e-02 2.25e-03  -5.0 7.80e-01    -  9.66e-01 8.04e-01h  1
  55  7.5968533e-01 3.76e-07 1.90e-03  -5.0 1.19e-01    -  1.00e+00 1.00e+00h  1
  56  7.5968622e-01 2.14e-07 6.91e-05  -5.0 2.92e-02    -  1.00e+00 1.00e+00h  1

Number of Iterations....: 56

                                   (scaled)                 (unscaled)
Objective...............:   7.5968621666591984e-01    7.5968621666591984e-01
Dual infeasibility......:   6.9079745112761171e-05    6.9079745112761171e-05
Constraint violation....:   2.1433481414659960e-07    2.1433481414659960e-07
Complementarity.........:   1.2852667099775532e-05    1.2852667099775532e-05
Overall NLP error.......:   6.9079745112761171e-05    6.9079745112761171e-05


Number of objective function evaluations             = 75
Number of objective gradient evaluations             = 57
Number of equality constraint evaluations            = 75
Number of inequality constraint evaluations          = 75
Number of equality constraint Jacobian evaluations   = 57
Number of inequality constraint Jacobian evaluations = 57
Number of Lagrangian Hessian evaluations             = 0
Total CPU secs in IPOPT (w/o function evaluations)   =      0.665
Total CPU secs in NLP function evaluations           =     34.434

EXIT: Optimal Solution Found.
