
List of user-set options:

                                    Name   Value                used
              acceptable_constr_viol_tol = 0.001                 yes
                          acceptable_tol = 0.01                  yes
                             alpha_for_y = safer-min-dual-infeas  yes
                         constr_viol_tol = 0.001                 yes
                        file_print_level = 5                     yes
                   hessian_approximation = limited-memory        yes
                           linear_solver = mumps                 yes
                                max_iter = 66                    yes
                                 mu_init = 1e-05                 yes
                             mu_strategy = monotone              yes
                      nlp_scaling_method = gradient-based        yes
                             output_file = /home/kaleb/projects/learning/AAD-design/sardines/SARDINE_optimization4_out/IPOPT.out  yes
                             print_level = 5                     yes
                      print_user_options = yes                   yes
                                      sb = yes                   yes
                                     tol = 0.001                 yes
This is Ipopt version 3.11.9, running with linear solver mumps.
NOTE: Other linear solvers might be more efficient (see Ipopt documentation).

Number of nonzeros in equality constraint Jacobian...:     8831
Number of nonzeros in inequality constraint Jacobian.:     2080
Number of nonzeros in Lagrangian Hessian.............:        0

Total number of variables............................:      180
                     variables with only lower bounds:        2
                variables with lower and upper bounds:      178
                     variables with only upper bounds:        0
Total number of equality constraints.................:      174
Total number of inequality constraints...............:       84
        inequality constraints with only lower bounds:       20
   inequality constraints with lower and upper bounds:       44
        inequality constraints with only upper bounds:       20

iter    objective    inf_pr   inf_du lg(mu)  ||d||  lg(rg) alpha_du alpha_pr  ls
   0  5.3995626e-06 1.96e+01 1.00e+00  -5.0 0.00e+00    -  0.00e+00 0.00e+00   0
   1  1.4636223e-05 1.91e+01 9.97e-01  -5.0 4.68e+00    -  1.24e-02 2.15e-02h  1
   2  1.6894355e-05 1.91e+01 1.46e+00  -5.0 4.47e+00    -  2.10e-02 3.49e-03h  1
   3  3.2617642e-05 1.86e+01 1.15e+00  -5.0 4.51e+00    -  2.53e-02 2.41e-02h  1
   4  3.6409170e-05 1.85e+01 1.13e+00  -5.0 1.07e+01    -  1.87e-03 4.94e-03h  1
   5  4.0550947e-05 1.84e+01 1.08e+00  -5.0 1.19e+01    -  1.24e-03 5.05e-03h  1
   6  4.3843436e-05 1.84e+01 1.11e+00  -5.0 2.77e+01    -  5.60e-04 2.99e-03h  1
   7  4.8690969e-05 1.83e+01 1.10e+00  -5.0 5.15e+01    -  7.78e-04 1.98e-03h  1
   8  5.9994933e-05 1.83e+01 1.09e+00  -5.0 1.58e+01    -  2.29e-03 3.97e-03h  1
   9  8.2066462e-05 1.81e+01 1.09e+00  -5.0 1.16e+01    -  5.73e-03 7.38e-03h  1
iter    objective    inf_pr   inf_du lg(mu)  ||d||  lg(rg) alpha_du alpha_pr  ls
  10  1.9581835e-04 1.74e+01 2.70e+00  -5.0 1.08e+01    -  1.30e-02 3.80e-02f  1
  11  1.9590392e-04 1.74e+01 2.85e+00  -5.0 1.71e+02    -  2.93e-04 8.25e-05h  1
  12  2.0255107e-04 1.74e+01 3.05e+00  -5.0 8.39e+01    -  3.09e-08 3.31e-03f  1
  13  2.6466686e-04 1.70e+01 3.51e+00  -5.0 1.71e+01    -  2.05e-03 2.24e-02h  1
  14  2.8238212e-03 2.07e+00 2.82e+01  -5.0 5.40e+00    -  2.24e-02 8.78e-01h  1
  15  3.1776956e-03 2.71e-05 3.61e+00  -5.0 6.55e-01    -  4.74e-01 1.00e+00h  1
  16  3.1675805e-03 3.25e-04 4.81e-01  -5.0 1.95e-01    -  8.62e-01 1.00e+00h  1
  17  3.1681364e-03 2.01e-08 3.85e-04  -5.0 4.30e-03    -  1.00e+00 1.00e+00h  1
  18  3.1651313e-03 3.05e-04 3.84e-04  -5.0 2.32e+01    -  2.43e-03 7.16e-02f  1
  19  3.1728975e-03 6.24e-05 1.73e-04  -5.0 7.17e-01    -  8.40e-01 1.00e+00f  1
iter    objective    inf_pr   inf_du lg(mu)  ||d||  lg(rg) alpha_du alpha_pr  ls
  20  3.1767778e-03 1.08e-04 1.05e-03  -5.0 1.13e+01    -  2.22e-01 1.45e-01h  2
  21  3.1767637e-03 1.87e-06 1.54e-03  -5.0 1.05e+00    -  1.00e+00 1.00e+00h  1
  22  3.1767714e-03 4.85e-07 8.92e-04  -5.0 3.89e-02    -  1.00e+00 1.00e+00h  1

Number of Iterations....: 22

                                   (scaled)                 (unscaled)
Objective...............:   3.1767714014157419e-03    3.1767714014157419e-03
Dual infeasibility......:   8.9182386992644005e-04    8.9182386992644005e-04
Constraint violation....:   4.8451173821421558e-07    4.8451173821421558e-07
Complementarity.........:   1.0035245336286352e-05    1.0035245336286352e-05
Overall NLP error.......:   8.9182386992644005e-04    8.9182386992644005e-04


Number of objective function evaluations             = 26
Number of objective gradient evaluations             = 23
Number of equality constraint evaluations            = 26
Number of inequality constraint evaluations          = 26
Number of equality constraint Jacobian evaluations   = 23
Number of inequality constraint Jacobian evaluations = 23
Number of Lagrangian Hessian evaluations             = 0
Total CPU secs in IPOPT (w/o function evaluations)   =      0.728
Total CPU secs in NLP function evaluations           =     10.489

EXIT: Optimal Solution Found.
