
List of user-set options:

                                    Name   Value                used
              acceptable_constr_viol_tol = 0.001                 yes
                          acceptable_tol = 0.01                  yes
                             alpha_for_y = safer-min-dual-infeas  yes
                         constr_viol_tol = 0.001                 yes
                        file_print_level = 5                     yes
                   hessian_approximation = limited-memory        yes
                           linear_solver = mumps                 yes
                                max_iter = 66                    yes
                                 mu_init = 1e-05                 yes
                             mu_strategy = monotone              yes
                      nlp_scaling_method = gradient-based        yes
                             output_file = /home/kaleb/projects/learning/AAD-design/sardines/SARDINE_optimization20_out/IPOPT.out  yes
                             print_level = 5                     yes
                      print_user_options = yes                   yes
                                      sb = yes                   yes
                                     tol = 0.001                 yes
This is Ipopt version 3.11.9, running with linear solver mumps.
NOTE: Other linear solvers might be more efficient (see Ipopt documentation).

Number of nonzeros in equality constraint Jacobian...:     8831
Number of nonzeros in inequality constraint Jacobian.:     2080
Number of nonzeros in Lagrangian Hessian.............:        0

Total number of variables............................:      180
                     variables with only lower bounds:        2
                variables with lower and upper bounds:      178
                     variables with only upper bounds:        0
Total number of equality constraints.................:      174
Total number of inequality constraints...............:       84
        inequality constraints with only lower bounds:       20
   inequality constraints with lower and upper bounds:       44
        inequality constraints with only upper bounds:       20

iter    objective    inf_pr   inf_du lg(mu)  ||d||  lg(rg) alpha_du alpha_pr  ls
   0  5.3995626e-06 1.96e+01 1.00e+00  -5.0 0.00e+00    -  0.00e+00 0.00e+00   0
   1  1.4591713e-05 1.91e+01 9.95e-01  -5.0 6.44e+00    -  1.42e-02 2.46e-02h  1
   2  1.6682228e-05 1.90e+01 1.36e+00  -5.0 5.14e+00    -  2.40e-02 3.53e-03h  1
   3  5.6600559e-05 1.78e+01 1.33e+00  -5.0 4.11e+00    -  2.64e-02 6.59e-02h  1
   4  5.8301193e-05 1.77e+01 9.59e-01  -5.0 7.85e+00    -  1.01e-02 2.18e-03h  1
   5  6.4164453e-05 1.76e+01 1.01e+00  -5.0 1.23e+01    -  1.80e-03 6.68e-03h  1
   6  6.7537032e-05 1.75e+01 1.01e+00  -5.0 2.70e+01    -  7.49e-04 3.84e-03h  1
   7  7.0191240e-05 1.75e+01 1.09e+00  -5.0 5.93e+01    -  7.24e-04 2.02e-03h  1
   8  7.7792299e-05 1.74e+01 1.10e+00  -5.0 2.72e+01    -  1.21e-03 2.89e-03h  1
   9  8.3725357e-05 1.74e+01 1.14e+00  -5.0 1.80e+01    -  3.48e-03 2.08e-03h  1
iter    objective    inf_pr   inf_du lg(mu)  ||d||  lg(rg) alpha_du alpha_pr  ls
  10  2.9493708e-04 1.61e+01 2.97e+00  -5.0 1.78e+01    -  5.45e-03 7.26e-02f  1
  11  2.9879820e-04 1.61e+01 3.08e+00  -5.0 9.84e+00    -  9.55e-03 1.48e-03h  1
  12  3.0073127e-04 1.61e+01 3.10e+00  -5.0 4.79e+01    -  4.38e-08 8.93e-04f  1
  13  3.3268185e-04 1.59e+01 4.52e+00  -5.0 4.76e+01    -  1.35e-03 1.49e-02h  1
  14  1.3031023e-03 9.93e+00 1.13e+01  -5.0 8.77e+00    -  1.19e-02 3.74e-01f  1
  15  1.5176249e-03 8.65e+00 8.32e+00  -5.0 3.09e+00    -  3.70e-01 1.29e-01h  1
  16  2.9693699e-03 8.49e-05 2.32e+01  -5.0 2.69e+00    -  3.99e-01 1.00e+00h  1
  17  2.9592890e-03 5.25e-04 3.48e+00  -5.0 2.84e-01    -  8.19e-01 1.00e+00h  1
  18  2.9612204e-03 4.01e-07 5.99e-02  -5.0 3.15e-02    -  9.83e-01 1.00e+00h  1
  19  2.9612837e-03 2.12e-07 2.57e-04  -5.0 6.33e-03    -  9.96e-01 1.00e+00h  1
iter    objective    inf_pr   inf_du lg(mu)  ||d||  lg(rg) alpha_du alpha_pr  ls
  20  2.9649331e-03 4.06e-05 1.59e-03  -5.0 4.87e+01    -  1.42e-02 3.32e-02f  2
  21  2.9996059e-03 4.57e-04 4.94e-03  -5.0 1.22e+00    -  3.33e-01 1.00e+00h  1
  22  2.9997797e-03 7.11e-06 6.67e-03  -5.0 1.48e-01    -  1.00e+00 9.90e-01h  1
  23  3.0011671e-03 6.73e-05 3.20e-04  -5.0 4.87e+00    -  1.00e+00 1.00e+00f  1

Number of Iterations....: 23

                                   (scaled)                 (unscaled)
Objective...............:   3.0011671370510718e-03    3.0011671370510718e-03
Dual infeasibility......:   3.2035701305422600e-04    3.2035701305422600e-04
Constraint violation....:   6.7307601550878172e-05    6.7307601550878172e-05
Complementarity.........:   1.1453580717440401e-05    1.1453580717440401e-05
Overall NLP error.......:   3.2035701305422600e-04    3.2035701305422600e-04


Number of objective function evaluations             = 27
Number of objective gradient evaluations             = 24
Number of equality constraint evaluations            = 27
Number of inequality constraint evaluations          = 27
Number of equality constraint Jacobian evaluations   = 24
Number of inequality constraint Jacobian evaluations = 24
Number of Lagrangian Hessian evaluations             = 0
Total CPU secs in IPOPT (w/o function evaluations)   =      0.764
Total CPU secs in NLP function evaluations           =     11.146

EXIT: Optimal Solution Found.
