This is Ipopt version 3.14.19, running with linear solver MUMPS 5.7.3.

Number of nonzeros in equality constraint Jacobian...:    34575
Number of nonzeros in inequality constraint Jacobian.:     8357
Number of nonzeros in Lagrangian Hessian.............:        0

Total number of variables............................:      374
                     variables with only lower bounds:        2
                variables with lower and upper bounds:      372
                     variables with only upper bounds:        0
Total number of equality constraints.................:      360
Total number of inequality constraints...............:      203
        inequality constraints with only lower bounds:       65
   inequality constraints with lower and upper bounds:       74
        inequality constraints with only upper bounds:       64

iter    objective    inf_pr   inf_du lg(mu)  ||d||  lg(rg) alpha_du alpha_pr  ls
   0  0.0000000e+00 2.49e+00 2.20e+00  -5.0 0.00e+00    -  0.00e+00 0.00e+00   0
  10  1.0082060e-01 2.30e+00 3.07e+00  -5.0 1.15e+01    -  3.79e-04 1.25e-03h  1
  20  1.7301649e+00 5.20e-01 1.49e+01  -5.0 9.64e-01    -  1.42e-03 7.43e-04h  1
  30  1.9689963e+00 2.13e-01 1.37e+01  -5.0 9.47e-01    -  1.11e-02 5.84e-01h  1
  40  1.9971529e+00 5.97e-02 1.10e-01  -5.0 3.20e+00    -  1.18e-01 1.43e-01h  1
  50  1.9700605e+00 2.43e-04 2.65e-02  -5.0 4.67e-01    -  6.54e-01 1.00e+00f  1
  60  1.9002419e+00 3.65e-06 2.41e-02  -5.0 8.28e-01    -  3.53e-01 1.00e+00H  1
  70  1.8994443e+00 6.54e-07 1.36e-03  -5.0 2.45e-02    -  1.00e+00 1.25e-01h  4
  80  1.8994533e+00 7.31e-10 5.11e-04  -5.0 2.26e-02    -  1.00e+00 1.00e+00H  1
  90  1.8994526e+00 5.55e-10 4.34e-04  -5.0 2.92e-01    -  1.00e+00 7.63e-06h 18
Cannot call restoration phase at point that is almost feasible (violation 5.545462e-10).
Abort in line search due to no other fall back.

Number of Iterations....: 90

                                   (scaled)                 (unscaled)
Objective...............:   1.8994526146284001e+00    1.8994526146284001e+00
Dual infeasibility......:   4.3415731225518466e-04    4.3415731225518466e-04
Constraint violation....:   5.5454618674843914e-10    5.5454618674843914e-10
Variable bound violation:   0.0000000000000000e+00    0.0000000000000000e+00
Complementarity.........:   1.4852699528192151e-05    1.4852699528192151e-05
Overall NLP error.......:   4.3415731225518466e-04    4.3415731225518466e-04


Number of objective function evaluations             = 281
Number of objective gradient evaluations             = 92
Number of equality constraint evaluations            = 281
Number of inequality constraint evaluations          = 281
Number of equality constraint Jacobian evaluations   = 92
Number of inequality constraint Jacobian evaluations = 92
Number of Lagrangian Hessian evaluations             = 0
Total seconds in IPOPT                               = 352.564

EXIT: Error in step computation!
