
List of user-set options:

                                    Name   Value                used
              acceptable_constr_viol_tol = 0.001                 yes
                          acceptable_tol = 0.01                  yes
                             alpha_for_y = safer-min-dual-infeas  yes
                         constr_viol_tol = 0.001                 yes
                        file_print_level = 5                     yes
                   hessian_approximation = limited-memory        yes
                           linear_solver = mumps                 yes
                                max_iter = 66                    yes
                                 mu_init = 1e-05                 yes
                             mu_strategy = monotone              yes
                      nlp_scaling_method = gradient-based        yes
                             output_file = /home/kaleb/projects/learning/AAD-design/sardines/SARDINE_optimization18_out/IPOPT.out  yes
                             print_level = 5                     yes
                      print_user_options = yes                   yes
                                      sb = yes                   yes
                                     tol = 0.001                 yes
This is Ipopt version 3.11.9, running with linear solver mumps.
NOTE: Other linear solvers might be more efficient (see Ipopt documentation).

Number of nonzeros in equality constraint Jacobian...:     8831
Number of nonzeros in inequality constraint Jacobian.:     2080
Number of nonzeros in Lagrangian Hessian.............:        0

Total number of variables............................:      180
                     variables with only lower bounds:        2
                variables with lower and upper bounds:      178
                     variables with only upper bounds:        0
Total number of equality constraints.................:      174
Total number of inequality constraints...............:       84
        inequality constraints with only lower bounds:       20
   inequality constraints with lower and upper bounds:       44
        inequality constraints with only upper bounds:       20

iter    objective    inf_pr   inf_du lg(mu)  ||d||  lg(rg) alpha_du alpha_pr  ls
   0  5.3995626e-06 1.96e+01 1.00e+00  -5.0 0.00e+00    -  0.00e+00 0.00e+00   0
   1  1.4024185e-05 1.91e+01 9.95e-01  -5.0 4.94e+00    -  1.47e-02 2.38e-02h  1
   2  1.5755030e-05 1.90e+01 1.31e+00  -5.0 4.14e+00    -  2.32e-02 2.93e-03h  1
   3  6.7743535e-05 1.74e+01 1.28e+00  -5.0 3.49e+00    -  2.49e-02 8.56e-02h  1
   4  7.1493807e-05 1.73e+01 9.42e-01  -5.0 3.60e+00    -  2.94e-02 6.10e-03h  1
   5  7.6973818e-05 1.72e+01 9.44e-01  -5.0 1.13e+01    -  1.55e-03 6.97e-03h  1
   6  7.9475041e-05 1.71e+01 1.15e+00  -5.0 3.23e+01    -  2.74e-04 2.20e-03h  1
   7  8.5716997e-05 1.71e+01 1.14e+00  -5.0 2.50e+01    -  8.50e-04 2.50e-03h  1
   8  1.1034166e-04 1.69e+01 1.13e+00  -5.0 6.78e+00    -  3.09e-03 9.16e-03h  1
   9  3.0278695e-04 1.57e+01 3.11e+00  -5.0 5.33e+00    -  1.20e-02 7.16e-02h  1
iter    objective    inf_pr   inf_du lg(mu)  ||d||  lg(rg) alpha_du alpha_pr  ls
  10  3.0283518e-04 1.57e+01 3.29e+00  -5.0 9.80e+01    -  1.92e-04 4.75e-05h  1
  11  3.1399251e-04 1.56e+01 3.27e+00  -5.0 2.66e+01    -  3.59e-08 5.66e-03f  1
  12  4.5750097e-04 1.46e+01 3.46e+00  -5.0 5.26e+00    -  4.70e-03 6.40e-02h  1
  13  2.5984000e-03 1.49e-04 9.63e+00  -5.0 3.96e+00    -  6.70e-02 1.00e+00h  1
  14  2.5952808e-03 3.54e-07 1.27e-01  -5.0 5.79e-03    -  9.84e-01 1.00e+00h  1
  15  2.5952981e-03 6.23e-08 2.55e-04  -5.0 1.36e-03    -  1.00e+00 1.00e+00h  1
  16  2.5952553e-03 4.05e-04 2.01e-02  -5.0 6.09e-01    -  1.00e+00 7.35e-01f  1
  17  2.5947856e-03 1.88e-05 1.28e-02  -5.0 4.71e+00    -  3.58e-01 1.00e+00f  1
  18  2.5963825e-03 3.57e-05 4.01e-03  -5.0 3.16e+00    -  7.27e-01 1.00e+00h  1
  19  2.6010758e-03 7.70e-05 1.41e-03  -5.0 7.84e-01    -  6.77e-01 1.00e+00h  1
iter    objective    inf_pr   inf_du lg(mu)  ||d||  lg(rg) alpha_du alpha_pr  ls
  20  2.6010716e-03 5.59e-07 5.25e-04  -5.0 1.32e-02    -  1.00e+00 1.00e+00h  1

Number of Iterations....: 20

                                   (scaled)                 (unscaled)
Objective...............:   2.6010716215876129e-03    2.6010716215876129e-03
Dual infeasibility......:   5.2547334156361619e-04    5.2547334156361619e-04
Constraint violation....:   5.5852740945427418e-07    5.5852740945427418e-07
Complementarity.........:   1.0005599601952267e-05    1.0005599601952267e-05
Overall NLP error.......:   5.2547334156361619e-04    5.2547334156361619e-04


Number of objective function evaluations             = 21
Number of objective gradient evaluations             = 21
Number of equality constraint evaluations            = 21
Number of inequality constraint evaluations          = 21
Number of equality constraint Jacobian evaluations   = 21
Number of inequality constraint Jacobian evaluations = 21
Number of Lagrangian Hessian evaluations             = 0
Total CPU secs in IPOPT (w/o function evaluations)   =      0.761
Total CPU secs in NLP function evaluations           =      8.774

EXIT: Optimal Solution Found.
