
List of user-set options:

                                    Name   Value                used
              acceptable_constr_viol_tol = 0.0001                yes
                          acceptable_tol = 0.001                 yes
                             alpha_for_y = safer-min-dual-infeas  yes
                         constr_viol_tol = 0.0001                yes
                        file_print_level = 5                     yes
                   hessian_approximation = limited-memory        yes
                           linear_solver = mumps                 yes
                                max_iter = 200                   yes
                                 mu_init = 1e-05                 yes
                             mu_strategy = monotone              yes
                      nlp_scaling_method = gradient-based        yes
                             output_file = /home/kaleb/projects/learning/AAD-design/sardines/SARDINE_optimization14_out/IPOPT.out  yes
                             print_level = 5                     yes
                      print_user_options = yes                   yes
                                      sb = yes                   yes
                                     tol = 0.0001                yes
This is Ipopt version 3.11.9, running with linear solver mumps.
NOTE: Other linear solvers might be more efficient (see Ipopt documentation).

Number of nonzeros in equality constraint Jacobian...:    11716
Number of nonzeros in inequality constraint Jacobian.:     4156
Number of nonzeros in Lagrangian Hessian.............:        0

Total number of variables............................:      213
                     variables with only lower bounds:        2
                variables with lower and upper bounds:      211
                     variables with only upper bounds:        0
Total number of equality constraints.................:      200
Total number of inequality constraints...............:      124
        inequality constraints with only lower bounds:       20
   inequality constraints with lower and upper bounds:       64
        inequality constraints with only upper bounds:       40

iter    objective    inf_pr   inf_du lg(mu)  ||d||  lg(rg) alpha_du alpha_pr  ls
   0  1.5427322e-03 1.08e+01 1.00e+00  -5.0 0.00e+00    -  0.00e+00 0.00e+00   0
   1  2.1145158e-03 1.04e+01 2.27e+00  -5.0 4.26e+00    -  2.95e-03 3.06e-02h  1
   2  2.1666172e-03 1.04e+01 2.30e+00  -5.0 3.82e+00    -  2.96e-02 1.04e-03h  1
   3  1.0074819e-02 9.91e+00 5.78e+00  -5.0 3.69e+00    -  1.36e-02 5.04e-02h  1
   4  1.2602671e-02 9.84e+00 6.04e+00  -5.0 9.15e+00    -  2.72e-02 6.90e-03h  1
   5  2.6213733e-02 9.61e+00 7.59e+00  -5.0 1.77e+01    -  1.94e-02 2.33e-02h  1
   6  2.7653401e-02 9.59e+00 7.94e+00  -5.0 1.67e+01    -  1.46e-02 2.60e-03h  1
   7  4.0783760e-02 9.36e+00 9.56e+00  -5.0 1.68e+01    -  1.59e-02 2.35e-02h  1
   8  4.1070292e-02 9.35e+00 8.03e+00  -5.0 3.07e+01    -  3.10e-03 1.71e-03h  1
   9  4.1976357e-02 9.32e+00 9.16e+00  -5.0 2.90e+01    -  1.53e-03 2.82e-03h  1
iter    objective    inf_pr   inf_du lg(mu)  ||d||  lg(rg) alpha_du alpha_pr  ls
  10  4.5450659e-02 9.27e+00 1.32e+01  -5.0 1.82e+01    -  1.98e-07 5.32e-03h  1
  11  5.1868859e-02 9.19e+00 1.67e+01  -5.0 1.30e+01    -  2.73e-03 8.64e-03h  1
  12  8.2928607e-02 8.83e+00 2.47e+01  -5.0 1.11e+01    -  8.18e-03 3.96e-02h  2
  13  1.1995580e-01 8.42e+00 2.89e+01  -5.0 9.52e+00    -  3.86e-02 4.60e-02h  1
  14  1.5720161e-01 8.06e+00 2.79e+01  -5.0 7.65e+00    -  2.12e-02 4.27e-02h  1
  15  1.8828819e-01 7.74e+00 2.69e+01  -5.0 1.47e+01    -  3.90e-02 3.96e-02h  1
  16  1.8849970e-01 7.74e+00 2.69e+01  -5.0 5.82e+00    -  5.37e-04 2.36e-04h  1
  17  1.9262347e-01 7.70e+00 2.67e+01  -5.0 8.36e+00    -  1.76e-02 5.05e-03h  1
  18  2.0685533e-01 7.57e+00 2.67e+01  -5.0 5.63e+00    -  5.59e-07 1.64e-02h  1
  19  2.3204793e-01 7.35e+00 2.63e+01  -5.0 5.63e+00    -  1.51e-02 2.90e-02h  1
iter    objective    inf_pr   inf_du lg(mu)  ||d||  lg(rg) alpha_du alpha_pr  ls
  20  2.3455971e-01 7.33e+00 2.63e+01  -5.0 5.28e+00    -  2.69e-05 3.08e-03h  1
  21r 2.3455971e-01 7.33e+00 9.99e+02   0.9 0.00e+00    -  0.00e+00 1.06e-08R 10
  22r 2.3720545e-01 7.08e+00 9.99e+02   0.9 4.92e+02    -  1.12e-04 5.69e-04f  1
  23r 2.4861726e-01 4.99e+00 9.98e+02   0.9 4.04e+02    -  6.37e-04 5.17e-03f  1
  24  2.5236576e-01 4.97e+00 9.12e+01  -5.0 4.44e+00    -  6.10e-02 5.47e-03h  1
  25  2.5834548e-01 4.93e+00 7.50e+01  -5.0 5.26e+00    -  1.75e-01 7.37e-03h  1
  26  2.9519272e-01 4.70e+00 6.93e+01  -5.0 5.23e+00    -  5.29e-02 4.57e-02h  1
  27  3.0832294e-01 4.62e+00 6.39e+01  -5.0 5.02e+00    -  5.50e-02 1.70e-02h  1
  28  3.8815563e-01 4.14e+00 3.70e+01  -5.0 4.92e+00    -  7.61e-03 1.05e-01h  1
  29  4.5983884e-01 3.70e+00 3.83e+01  -5.0 4.35e+00    -  9.18e-02 1.07e-01h  1
iter    objective    inf_pr   inf_du lg(mu)  ||d||  lg(rg) alpha_du alpha_pr  ls
  30  5.2570669e-01 3.29e+00 4.48e+01  -5.0 5.37e+00    -  7.05e-02 1.11e-01h  1
  31  5.2644081e-01 3.28e+00 4.44e+01  -5.0 8.76e+00    -  1.17e-02 1.43e-03h  1
  32  6.0255240e-01 2.79e+00 5.74e+01  -5.0 8.78e+00    -  2.56e-03 1.49e-01h  1
  33  6.0262034e-01 2.79e+00 4.21e+01  -5.0 2.93e+00    -  2.66e-01 1.50e-04h  1
  34  8.5448634e-01 1.24e+00 7.56e+01  -5.0 2.93e+00    -  2.10e-01 5.57e-01h  1
  35  9.2157631e-01 8.05e-01 6.17e+01  -5.0 1.25e+00    -  2.54e-01 3.49e-01h  1
  36  9.3051028e-01 5.15e-01 5.78e+01  -5.0 1.38e+00    -  3.04e-03 3.60e-01h  1
  37  9.3054659e-01 5.14e-01 5.75e+01  -5.0 1.78e+00    -  5.56e-03 5.13e-04h  1
  38  9.4183742e-01 1.94e-01 2.76e+01  -5.0 7.17e-01    -  2.99e-05 6.22e-01h  1
  39  9.4298921e-01 1.82e-01 2.19e+01  -5.0 5.17e-01    -  3.61e-01 6.38e-02h  1
iter    objective    inf_pr   inf_du lg(mu)  ||d||  lg(rg) alpha_du alpha_pr  ls
  40  9.4479267e-01 1.62e-01 1.83e+01  -5.0 7.13e-01    -  3.49e-01 1.07e-01h  1
  41  9.4497474e-01 1.61e-01 7.58e+00  -5.0 4.98e-01    -  4.06e-01 8.16e-03h  1
  42  9.6745790e-01 4.01e-06 1.75e+01  -5.0 1.46e-01    -  9.23e-01 1.00e+00h  1
  43  9.6742971e-01 4.26e-07 4.23e-03  -5.0 1.83e-04    -  1.00e+00 1.00e+00h  1
  44  9.6757078e-01 5.75e-07 5.62e-04  -5.0 2.08e-02    -  8.50e-01 1.00e+00f  1
  45  9.6753136e-01 4.88e-07 6.78e-03  -5.0 1.86e-01    -  1.00e+00 1.00e+00h  1
  46  9.6752501e-01 8.00e-08 1.50e-03  -5.0 2.74e-02    -  9.28e-01 1.00e+00h  1
  47  9.6752588e-01 2.35e-08 1.72e-04  -5.0 2.94e-04    -  1.00e+00 1.00e+00h  1
  48  9.6752614e-01 3.86e-09 3.54e-04  -5.0 1.79e-04    -  1.00e+00 1.00e+00h  1
  49  9.6752622e-01 2.84e-09 1.82e-04  -5.0 1.82e-04    -  1.00e+00 1.00e+00h  1
iter    objective    inf_pr   inf_du lg(mu)  ||d||  lg(rg) alpha_du alpha_pr  ls
  50  9.6752623e-01 2.21e-10 1.38e-04  -5.0 1.83e-04    -  1.00e+00 1.00e+00h  1
  51  9.6752622e-01 1.12e-10 1.38e-04  -5.0 1.83e-04    -  1.00e+00 1.00e+00h  1
  52  9.6752620e-01 7.67e-11 1.83e-04  -5.0 1.83e-04    -  1.00e+00 1.00e+00h  1
  53  9.6752617e-01 6.36e-11 1.38e-04  -5.0 1.83e-04    -  1.00e+00 1.00e+00h  1
  54  9.6752615e-01 5.86e-11 1.38e-04  -5.0 1.83e-04    -  1.00e+00 1.00e+00h  1
  55  9.6752612e-01 5.66e-11 1.38e-04  -5.0 1.83e-04    -  1.00e+00 1.00e+00h  1
  56  9.6752610e-01 5.61e-11 1.38e-04  -5.0 1.83e-04    -  1.00e+00 1.00e+00h  1
  57  9.6752607e-01 5.53e-11 1.38e-04  -5.0 1.83e-04    -  1.00e+00 1.00e+00h  1
  58  9.6752604e-01 5.56e-11 1.38e-04  -5.0 1.83e-04    -  1.00e+00 1.00e+00h  1
  59  9.6752602e-01 5.56e-11 1.38e-04  -5.0 1.83e-04    -  1.00e+00 1.00e+00h  1
iter    objective    inf_pr   inf_du lg(mu)  ||d||  lg(rg) alpha_du alpha_pr  ls
  60  9.6752599e-01 5.76e-11 1.38e-04  -5.0 1.83e-04    -  1.00e+00 1.00e+00h  1
  61  9.6752596e-01 5.50e-11 1.38e-04  -5.0 1.83e-04    -  1.00e+00 1.00e+00h  1

Number of Iterations....: 61

                                   (scaled)                 (unscaled)
Objective...............:   9.6752596462370355e-01    9.6752596462370355e-01
Dual infeasibility......:   1.3831100102296449e-04    1.3831100102296449e-04
Constraint violation....:   5.5031753758673185e-11    5.5031753758673185e-11
Complementarity.........:   1.0000000000000003e-05    1.0000000000000003e-05
Overall NLP error.......:   1.3831100102296449e-04    1.3831100102296449e-04


Number of objective function evaluations             = 74
Number of objective gradient evaluations             = 61
Number of equality constraint evaluations            = 74
Number of inequality constraint evaluations          = 74
Number of equality constraint Jacobian evaluations   = 63
Number of inequality constraint Jacobian evaluations = 63
Number of Lagrangian Hessian evaluations             = 0
Total CPU secs in IPOPT (w/o function evaluations)   =      0.709
Total CPU secs in NLP function evaluations           =     32.012

EXIT: Solved To Acceptable Level.
