
List of user-set options:

                                    Name   Value                used
              acceptable_constr_viol_tol = 0.0001                yes
                          acceptable_tol = 0.001                 yes
                             alpha_for_y = safer-min-dual-infeas  yes
                         constr_viol_tol = 0.0001                yes
                        file_print_level = 5                     yes
                   hessian_approximation = limited-memory        yes
                           linear_solver = mumps                 yes
                                max_iter = 200                   yes
                                 mu_init = 1e-05                 yes
                             mu_strategy = monotone              yes
                      nlp_scaling_method = gradient-based        yes
                             output_file = /home/kaleb/projects/learning/AAD-design/sardines/SARDINE_optimization22_out/IPOPT.out  yes
                             print_level = 5                     yes
                      print_user_options = yes                   yes
                                      sb = yes                   yes
                                     tol = 0.0001                yes
This is Ipopt version 3.11.9, running with linear solver mumps.
NOTE: Other linear solvers might be more efficient (see Ipopt documentation).

Number of nonzeros in equality constraint Jacobian...:    11716
Number of nonzeros in inequality constraint Jacobian.:     4156
Number of nonzeros in Lagrangian Hessian.............:        0

Total number of variables............................:      213
                     variables with only lower bounds:        2
                variables with lower and upper bounds:      211
                     variables with only upper bounds:        0
Total number of equality constraints.................:      200
Total number of inequality constraints...............:      124
        inequality constraints with only lower bounds:       20
   inequality constraints with lower and upper bounds:       64
        inequality constraints with only upper bounds:       40

iter    objective    inf_pr   inf_du lg(mu)  ||d||  lg(rg) alpha_du alpha_pr  ls
   0  1.5427322e-03 1.08e+01 1.00e+00  -5.0 0.00e+00    -  0.00e+00 0.00e+00   0
   1  1.9548448e-03 1.05e+01 2.26e+00  -5.0 3.78e+00    -  2.95e-03 2.98e-02h  1
   2  2.0017686e-03 1.04e+01 2.29e+00  -5.0 4.24e+00    -  2.82e-02 1.08e-03h  1
   3  1.2559286e-02 9.60e+00 8.29e+00  -5.0 3.79e+00    -  1.51e-02 8.07e-02h  1
   4  1.3806505e-02 9.55e+00 8.42e+00  -5.0 3.77e+00    -  3.31e-02 5.16e-03h  1
   5  2.5429261e-02 9.36e+00 9.10e+00  -5.0 1.78e+01    -  1.03e-02 2.02e-02h  1
   6  3.5424480e-02 9.21e+00 9.29e+00  -5.0 1.93e+01    -  3.27e-02 1.63e-02h  1
   7  3.9782593e-02 9.14e+00 8.90e+00  -5.0 1.84e+01    -  1.60e-02 7.44e-03h  1
   8  4.6437445e-02 9.03e+00 1.04e+01  -5.0 1.68e+01    -  1.70e-02 1.21e-02h  1
   9  4.6934146e-02 9.01e+00 9.88e+00  -5.0 3.32e+01    -  1.03e-03 1.67e-03h  1
iter    objective    inf_pr   inf_du lg(mu)  ||d||  lg(rg) alpha_du alpha_pr  ls
  10  4.8913510e-02 8.98e+00 1.27e+01  -5.0 2.19e+01    -  5.91e-05 3.29e-03h  1
  11  5.0808605e-02 8.96e+00 1.39e+01  -5.0 1.48e+01    -  9.77e-04 2.66e-03h  1
  12  6.4426078e-02 8.80e+00 1.94e+01  -5.0 1.28e+01    -  1.62e-03 1.82e-02h  3
  13  8.4121509e-02 8.56e+00 2.39e+01  -5.0 1.30e+01    -  2.55e-02 2.75e-02h  2
  14  1.2537547e-01 8.11e+00 2.44e+01  -5.0 1.29e+01    -  1.74e-02 5.17e-02h  1
  15  1.3389577e-01 8.02e+00 2.34e+01  -5.0 1.71e+01    -  4.55e-02 1.16e-02h  1
  16  1.3550937e-01 8.00e+00 2.34e+01  -5.0 5.96e+00    -  4.45e-04 1.75e-03h  1
  17  1.4694625e-01 7.90e+00 2.32e+01  -5.0 5.70e+00    -  1.75e-02 1.30e-02h  1
  18  1.6120131e-01 7.77e+00 2.33e+01  -5.0 5.65e+00    -  2.51e-03 1.63e-02h  1
  19  2.1194954e-01 7.33e+00 2.37e+01  -5.0 5.79e+00    -  1.98e-03 5.68e-02h  1
iter    objective    inf_pr   inf_du lg(mu)  ||d||  lg(rg) alpha_du alpha_pr  ls
  20  2.3422825e-01 7.14e+00 2.36e+01  -5.0 5.44e+00    -  7.50e-03 2.65e-02h  1
  21  2.3782539e-01 7.10e+00 2.35e+01  -5.0 5.02e+00    -  6.15e-03 4.64e-03h  1
  22  2.4545856e-01 7.03e+00 2.35e+01  -5.0 5.11e+00    -  5.24e-03 9.69e-03h  1
  23  2.7482904e-01 6.78e+00 2.32e+01  -5.0 5.22e+00    -  3.24e-02 3.65e-02h  1
  24  2.8979474e-01 6.64e+00 2.48e+01  -5.0 5.04e+00    -  1.91e-06 2.04e-02h  1
  25  3.0359560e-01 6.52e+00 2.46e+01  -5.0 4.88e+00    -  6.72e-02 1.83e-02h  1
  26  3.4693244e-01 6.12e+00 2.92e+01  -5.0 1.17e+01    -  2.55e-02 6.13e-02h  1
  27  3.4834834e-01 6.10e+00 2.93e+01  -5.0 4.49e+00    -  1.47e-03 2.05e-03h  1
  28  4.4373519e-01 5.26e+00 4.03e+01  -5.0 4.47e+00    -  4.49e-02 1.38e-01h  1
  29  6.6814983e-01 3.24e+00 6.61e+01  -5.0 3.80e+00    -  1.71e-01 3.83e-01h  1
iter    objective    inf_pr   inf_du lg(mu)  ||d||  lg(rg) alpha_du alpha_pr  ls
  30  7.9999133e-01 1.99e+00 7.97e+01  -5.0 2.22e+00    -  2.45e-02 3.86e-01h  1
  31  8.0956834e-01 1.90e+00 7.04e+01  -5.0 1.49e+00    -  1.33e-01 4.82e-02h  1
  32  8.1956818e-01 1.42e+00 6.77e+01  -5.0 1.95e+00    -  3.83e-03 2.53e-01h  1
  33  8.1959302e-01 1.42e+00 6.74e+01  -5.0 6.15e+00    -  8.73e-03 2.93e-04h  1
  34  8.2051998e-01 1.37e+00 7.00e+01  -5.0 1.28e+00    -  4.31e-03 3.04e-02h  1
  35  8.3156567e-01 8.47e-01 4.85e+01  -5.0 1.19e+00    -  8.13e-01 3.83e-01h  1
  36  8.4693237e-01 6.92e-01 5.46e+00  -5.0 5.42e-01    -  8.86e-01 1.84e-01h  1
  37  9.1501790e-01 4.35e-04 6.87e+00  -5.0 4.41e-01    -  9.53e-01 1.00e+00h  1
  38  9.1404269e-01 1.99e-09 9.17e-01  -5.0 9.34e-03    -  8.67e-01 1.00e+00h  1
  39  9.1404813e-01 2.42e-08 2.26e-02  -5.0 1.21e-04    -  9.75e-01 1.00e+00h  1
iter    objective    inf_pr   inf_du lg(mu)  ||d||  lg(rg) alpha_du alpha_pr  ls
  40  9.1383816e-01 2.99e-05 7.65e-02  -5.0 7.73e-02    -  1.00e+00 1.00e+00f  1
  41  9.1386112e-01 1.25e-07 2.20e-03  -5.0 3.14e-03    -  9.71e-01 1.00e+00h  1
  42  9.1281042e-01 1.05e-04 1.75e-02  -5.0 3.37e-01    -  5.99e-01 1.00e+00h  1
  43  9.1154088e-01 8.59e-05 1.50e-02  -5.0 3.54e+00    -  7.88e-02 1.61e-01h  2
  44  9.1099113e-01 7.74e-05 1.51e-02  -5.0 3.64e+00    -  1.13e-01 9.86e-02h  2
  45  9.1066718e-01 2.03e-02 1.19e-02  -5.0 3.67e+00    -  2.82e-01 9.62e-02h  1
  46  9.1076300e-01 4.70e-03 2.89e-02  -5.0 2.34e-01    -  1.00e+00 5.04e-01h  1
  47  9.1084957e-01 1.60e-06 1.60e-02  -5.0 7.77e-02    -  4.44e-01 1.00e+00h  1
  48  9.1084441e-01 1.52e-07 3.51e-04  -5.0 1.69e-02    -  9.84e-01 1.00e+00h  1
  49  9.1083633e-01 3.69e-07 3.45e-04  -5.0 4.22e-02    -  1.00e+00 1.00e+00h  1
iter    objective    inf_pr   inf_du lg(mu)  ||d||  lg(rg) alpha_du alpha_pr  ls
  50  9.1083414e-01 1.09e-07 2.54e-04  -5.0 4.30e-03    -  1.00e+00 1.00e+00h  1
  51  9.1083465e-01 9.25e-09 1.72e-04  -5.0 3.78e-04    -  1.00e+00 1.00e+00h  1
  52  9.1083483e-01 9.34e-09 1.67e-04  -5.0 4.25e-04    -  1.00e+00 1.00e+00h  1
  53  9.1083494e-01 9.31e-09 3.48e-04  -5.0 4.24e-04    -  1.00e+00 1.00e+00h  1
  54  9.1083502e-01 9.28e-09 3.47e-04  -5.0 4.20e-04    -  1.00e+00 1.00e+00h  1
  55  9.1083507e-01 9.26e-09 1.62e-04  -5.0 4.17e-04    -  1.00e+00 1.00e+00h  1
  56  9.1083512e-01 9.23e-09 1.61e-04  -5.0 4.14e-04    -  1.00e+00 1.00e+00h  1
  57  9.1083517e-01 9.20e-09 1.60e-04  -5.0 4.11e-04    -  1.00e+00 1.00e+00h  1
  58  9.1083521e-01 9.16e-09 1.59e-04  -5.0 4.09e-04    -  1.00e+00 1.00e+00h  1
  59  9.1083525e-01 9.13e-09 1.58e-04  -5.0 4.07e-04    -  1.00e+00 1.00e+00h  1
iter    objective    inf_pr   inf_du lg(mu)  ||d||  lg(rg) alpha_du alpha_pr  ls
  60  9.1083529e-01 9.09e-09 1.58e-04  -5.0 4.05e-04    -  1.00e+00 1.00e+00h  1
  61  9.1083533e-01 9.05e-09 1.57e-04  -5.0 4.02e-04    -  1.00e+00 1.00e+00h  1
  62  9.1083537e-01 9.01e-09 1.56e-04  -5.0 4.00e-04    -  1.00e+00 1.00e+00h  1

Number of Iterations....: 62

                                   (scaled)                 (unscaled)
Objective...............:   9.1083536989804637e-01    9.1083536989804637e-01
Dual infeasibility......:   1.5620106778655660e-04    1.5620106778655660e-04
Constraint violation....:   9.0094846419133479e-09    9.0094846419133479e-09
Complementarity.........:   1.0000000000000003e-05    1.0000000000000003e-05
Overall NLP error.......:   1.5620106778655660e-04    1.5620106778655660e-04


Number of objective function evaluations             = 74
Number of objective gradient evaluations             = 63
Number of equality constraint evaluations            = 74
Number of inequality constraint evaluations          = 74
Number of equality constraint Jacobian evaluations   = 63
Number of inequality constraint Jacobian evaluations = 63
Number of Lagrangian Hessian evaluations             = 0
Total CPU secs in IPOPT (w/o function evaluations)   =      0.694
Total CPU secs in NLP function evaluations           =     30.405

EXIT: Solved To Acceptable Level.
