
List of user-set options:

                                    Name   Value                used
              acceptable_constr_viol_tol = 0.0001                yes
                          acceptable_tol = 0.001                 yes
                             alpha_for_y = safer-min-dual-infeas  yes
                         constr_viol_tol = 0.0001                yes
                        file_print_level = 5                     yes
                   hessian_approximation = limited-memory        yes
                           linear_solver = mumps                 yes
                                max_iter = 200                   yes
                                 mu_init = 1e-05                 yes
                             mu_strategy = monotone              yes
                      nlp_scaling_method = gradient-based        yes
                             output_file = /home/kaleb/projects/learning/AAD-design/sardines/SARDINE_optimization22_out/IPOPT.out  yes
                             print_level = 5                     yes
                      print_user_options = yes                   yes
                                      sb = yes                   yes
                                     tol = 0.0001                yes
This is Ipopt version 3.11.9, running with linear solver mumps.
NOTE: Other linear solvers might be more efficient (see Ipopt documentation).

Number of nonzeros in equality constraint Jacobian...:    11716
Number of nonzeros in inequality constraint Jacobian.:     4156
Number of nonzeros in Lagrangian Hessian.............:        0

Total number of variables............................:      213
                     variables with only lower bounds:        2
                variables with lower and upper bounds:      211
                     variables with only upper bounds:        0
Total number of equality constraints.................:      200
Total number of inequality constraints...............:      124
        inequality constraints with only lower bounds:       20
   inequality constraints with lower and upper bounds:       64
        inequality constraints with only upper bounds:       40

iter    objective    inf_pr   inf_du lg(mu)  ||d||  lg(rg) alpha_du alpha_pr  ls
   0  1.5427322e-03 1.08e+01 1.22e+00  -5.0 0.00e+00    -  0.00e+00 0.00e+00   0
   1  2.3113889e-03 1.05e+01 1.22e+00  -5.0 3.97e+00    -  2.95e-03 2.90e-02h  1
   2  2.3710932e-03 1.05e+01 1.18e+00  -5.0 4.35e+00    -  2.71e-02 1.07e-03h  1
   3  1.4310493e-02 9.59e+00 1.51e+00  -5.0 3.82e+00    -  1.62e-02 8.28e-02h  1
   4  1.5708087e-02 9.53e+00 1.50e+00  -5.0 4.28e+00    -  4.52e-02 6.29e-03h  1
   5  3.3739089e-02 9.14e+00 2.11e+00  -5.0 1.48e+01    -  1.60e-02 4.11e-02h  1
   6  3.4614395e-02 9.12e+00 1.90e+00  -5.0 1.62e+01    -  1.75e-02 1.91e-03h  1
   7  4.4045218e-02 8.93e+00 2.76e+00  -5.0 1.60e+01    -  1.77e-02 2.07e-02h  1
   8  4.4293953e-02 8.91e+00 3.67e+00  -5.0 3.05e+01    -  3.94e-03 1.84e-03h  1
   9  4.4607862e-02 8.90e+00 3.67e+00  -5.0 5.50e+01    -  1.49e-03 1.42e-03h  3
iter    objective    inf_pr   inf_du lg(mu)  ||d||  lg(rg) alpha_du alpha_pr  ls
  10  4.5762721e-02 8.88e+00 3.67e+00  -5.0 4.18e+01    -  1.58e-07 2.68e-03h  3
  11  4.8829140e-02 8.83e+00 3.66e+00  -5.0 2.75e+01    -  1.28e-03 4.95e-03h  2
  12  6.1329211e-02 8.70e+00 4.40e+00  -5.0 1.15e+01    -  3.84e-03 1.52e-02h  1
  13  1.6094741e-01 7.71e+00 1.34e+01  -5.0 5.80e+00    -  3.62e-03 1.14e-01h  1
  14  2.4048776e-01 6.99e+00 2.03e+01  -5.0 5.51e+00    -  4.37e-02 9.35e-02h  1
  15  4.0025774e-01 5.53e+00 2.96e+01  -5.0 4.95e+00    -  4.70e-02 2.09e-01h  1
  16  4.7876271e-01 4.79e+00 1.95e+01  -5.0 3.81e+00    -  2.04e-01 1.34e-01h  1
  17  5.0996121e-01 4.46e+00 2.03e+01  -5.0 5.65e+00    -  5.36e-02 6.83e-02h  1
  18  5.2235899e-01 4.34e+00 2.01e+01  -5.0 2.98e+00    -  3.55e-02 2.70e-02h  1
  19  5.3716227e-01 4.20e+00 2.09e+01  -5.0 4.21e+00    -  5.21e-03 3.38e-02h  1
iter    objective    inf_pr   inf_du lg(mu)  ||d||  lg(rg) alpha_du alpha_pr  ls
  20  6.2202316e-01 3.36e+00 2.64e+01  -5.0 6.16e+00    -  2.08e-02 1.99e-01h  1
  21  6.2294813e-01 3.35e+00 2.57e+01  -5.0 2.14e+00    -  1.61e-02 2.80e-03h  1
  22  6.3389376e-01 3.24e+00 2.66e+01  -5.0 2.13e+00    -  3.83e-03 3.33e-02h  1
  23  6.6644742e-01 2.91e+00 2.84e+01  -5.0 2.06e+00    -  3.07e-02 1.02e-01h  1
  24  6.6968824e-01 2.86e+00 2.86e+01  -5.0 1.35e+00    -  2.95e-02 1.55e-02h  1
  25  6.7874764e-01 2.47e+00 3.07e+01  -5.0 3.22e+00    -  2.51e-02 1.38e-01h  1
  26  6.8027009e-01 2.45e+00 3.00e+01  -5.0 1.47e+00    -  2.63e-02 6.70e-03h  1
  27  6.9173051e-01 2.32e+00 2.98e+01  -5.0 1.50e+00    -  4.37e-02 5.31e-02h  1
  28  7.0109056e-01 1.84e+00 1.28e+01  -5.0 2.32e+00    -  1.16e-02 2.07e-01h  1
  29  7.0662870e-01 1.78e+00 1.25e+01  -5.0 2.00e+00    -  8.30e-03 3.40e-02h  1
iter    objective    inf_pr   inf_du lg(mu)  ||d||  lg(rg) alpha_du alpha_pr  ls
  30  7.0775937e-01 1.77e+00 1.21e+01  -5.0 2.11e+00    -  3.07e-02 7.36e-03h  1
  31  7.2530696e-01 1.57e+00 1.16e+01  -5.0 1.03e+00    -  1.98e-02 1.11e-01h  1
  32  7.3036710e-01 1.52e+00 6.57e+00  -5.0 9.30e-01    -  4.31e-01 3.53e-02h  1
  33  7.6948285e-01 1.08e+00 7.33e+00  -5.0 1.22e+00    -  1.63e-02 2.87e-01h  1
  34  8.6866001e-01 5.68e-04 7.45e+00  -5.0 6.43e-01    -  8.13e-01 1.00e+00h  1
  35  8.6720251e-01 2.97e-06 3.71e+00  -5.0 1.59e-01    -  3.46e-01 1.00e+00h  1
  36  8.6716571e-01 4.15e-07 1.36e-01  -5.0 1.02e-02    -  9.61e-01 1.00e+00h  1
  37  8.6680899e-01 4.31e-06 9.44e-02  -5.0 1.13e-01    -  6.37e-01 1.00e+00h  1
  38  8.6461758e-01 2.72e-04 4.81e-02  -5.0 6.87e-01    -  1.44e-01 8.23e-01h  1
  39  8.6502352e-01 1.55e-06 8.43e-03  -5.0 1.66e-01    -  1.00e+00 1.00e+00h  1
iter    objective    inf_pr   inf_du lg(mu)  ||d||  lg(rg) alpha_du alpha_pr  ls
  40  8.6502157e-01 5.91e-07 2.96e-03  -5.0 2.65e-02    -  1.00e+00 1.00e+00h  1
  41  8.6502298e-01 4.55e-07 2.26e-03  -5.0 2.05e-02    -  1.00e+00 1.00e+00h  1
  42  8.6501821e-01 1.25e-07 1.81e-03  -5.0 5.31e-03    -  1.00e+00 1.00e+00h  1
  43  8.6449299e-01 6.78e-06 2.30e-02  -5.0 9.87e-01    -  4.07e-01 3.09e-01H  1
  44  8.6418961e-01 1.40e-06 3.61e-03  -5.0 4.22e-01    -  9.22e-01 1.00e+00h  1
  45  8.6398017e-01 4.83e-06 8.35e-03  -5.0 2.36e-01    -  1.00e+00 1.00e+00h  1
  46  8.6390814e-01 2.30e-07 6.35e-04  -5.0 1.24e-01    -  9.44e-01 1.00e+00h  1
  47  8.6389896e-01 2.46e-07 8.57e-04  -5.0 2.06e-02    -  1.00e+00 1.00e+00h  1
  48  8.6389890e-01 1.16e-07 4.80e-04  -5.0 3.86e-03    -  1.00e+00 1.00e+00h  1
  49  8.6389926e-01 9.56e-08 4.05e-04  -5.0 3.11e-03    -  1.00e+00 1.00e+00h  1
iter    objective    inf_pr   inf_du lg(mu)  ||d||  lg(rg) alpha_du alpha_pr  ls
  50  8.6390003e-01 2.20e-08 3.18e-04  -5.0 8.15e-04    -  1.00e+00 1.00e+00h  1
  51  8.6390042e-01 9.26e-09 5.45e-05  -5.0 2.61e-04    -  1.00e+00 1.00e+00h  1

Number of Iterations....: 51

                                   (scaled)                 (unscaled)
Objective...............:   8.6390042424163904e-01    8.6390042424163904e-01
Dual infeasibility......:   5.4470321747503577e-05    5.4470321747503577e-05
Constraint violation....:   9.2634679875520785e-09    9.2634679875520785e-09
Complementarity.........:   1.0000000000000004e-05    1.0000000000000004e-05
Overall NLP error.......:   5.4470321747503577e-05    5.4470321747503577e-05


Number of objective function evaluations             = 61
Number of objective gradient evaluations             = 52
Number of equality constraint evaluations            = 61
Number of inequality constraint evaluations          = 61
Number of equality constraint Jacobian evaluations   = 52
Number of inequality constraint Jacobian evaluations = 52
Number of Lagrangian Hessian evaluations             = 0
Total CPU secs in IPOPT (w/o function evaluations)   =      0.724
Total CPU secs in NLP function evaluations           =     29.333

EXIT: Optimal Solution Found.
