
List of user-set options:

                                    Name   Value                used
              acceptable_constr_viol_tol = 0.001                 yes
                          acceptable_tol = 0.01                  yes
                             alpha_for_y = safer-min-dual-infeas  yes
                         constr_viol_tol = 0.001                 yes
                        file_print_level = 5                     yes
                   hessian_approximation = limited-memory        yes
                           linear_solver = mumps                 yes
                                max_iter = 66                    yes
                                 mu_init = 1e-05                 yes
                             mu_strategy = monotone              yes
                      nlp_scaling_method = gradient-based        yes
                             output_file = /home/kaleb/projects/learning/AAD-design/sardines/SARDINE_optimization10_out/IPOPT.out  yes
                             print_level = 5                     yes
                      print_user_options = yes                   yes
                                      sb = yes                   yes
                                     tol = 0.001                 yes
This is Ipopt version 3.11.9, running with linear solver mumps.
NOTE: Other linear solvers might be more efficient (see Ipopt documentation).

Number of nonzeros in equality constraint Jacobian...:     4707
Number of nonzeros in inequality constraint Jacobian.:     1910
Number of nonzeros in Lagrangian Hessian.............:        0

Total number of variables............................:      126
                     variables with only lower bounds:        2
                variables with lower and upper bounds:      124
                     variables with only upper bounds:        0
Total number of equality constraints.................:      120
Total number of inequality constraints...............:       82
        inequality constraints with only lower bounds:       20
   inequality constraints with lower and upper bounds:       42
        inequality constraints with only upper bounds:       20

iter    objective    inf_pr   inf_du lg(mu)  ||d||  lg(rg) alpha_du alpha_pr  ls
   0  5.3995626e-06 1.96e+01 1.00e+00  -5.0 0.00e+00    -  0.00e+00 0.00e+00   0
   1  1.2040319e-05 1.83e+01 9.62e-01  -5.0 5.85e+00    -  4.80e-02 6.45e-02h  1
   2  1.4481758e-05 1.81e+01 1.64e+00  -5.0 3.85e+00    -  4.44e-02 9.42e-03h  1
   3  2.0038169e-05 1.80e+01 1.27e+00  -5.0 4.95e+01    -  1.08e-02 4.51e-03h  1
   4  3.8557608e-05 1.79e+01 1.65e+00  -5.0 9.92e+01    -  5.65e-08 7.69e-03f  1
   5  7.3307038e-05 1.77e+01 3.02e+00  -5.0 5.78e+01    -  1.02e-03 1.41e-02h  1
   6  1.2175552e-03 9.62e+00 9.54e+00  -5.0 1.46e+01    -  7.11e-03 4.55e-01h  1
   7  1.2995702e-03 9.04e+00 6.89e+00  -5.0 2.53e+00    -  4.07e-01 6.00e-02h  4
   8  2.3188558e-03 1.86e+00 2.15e+01  -5.0 2.38e+00    -  4.59e-01 7.94e-01h  1
   9  2.3366519e-03 1.68e+00 1.49e+01  -5.0 4.27e+00    -  3.24e-01 9.58e-02h  1
iter    objective    inf_pr   inf_du lg(mu)  ||d||  lg(rg) alpha_du alpha_pr  ls
  10  2.4912008e-03 8.20e-04 8.65e+00  -5.0 3.79e+00    -  3.68e-01 1.00e+00h  1
  11  2.4899844e-03 6.93e-07 8.65e-01  -5.0 7.92e-02    -  9.00e-01 1.00e+00h  1
  12  2.4899936e-03 8.37e-08 1.91e-03  -5.0 1.08e-03    -  9.98e-01 1.00e+00h  1
  13  2.4888043e-03 1.24e-05 6.02e-03  -5.0 1.66e-01    -  1.00e+00 1.00e+00f  1
  14  2.4899625e-03 4.93e-05 2.88e-04  -5.0 7.40e+00    -  9.50e-01 1.00e+00h  1

Number of Iterations....: 14

                                   (scaled)                 (unscaled)
Objective...............:   2.4899625182587420e-03    2.4899625182587420e-03
Dual infeasibility......:   2.8821319347803866e-04    2.8821319347803866e-04
Constraint violation....:   4.9272465749955061e-05    4.9272465749955061e-05
Complementarity.........:   1.0973952417519688e-05    1.0973952417519688e-05
Overall NLP error.......:   2.8821319347803866e-04    2.8821319347803866e-04


Number of objective function evaluations             = 18
Number of objective gradient evaluations             = 15
Number of equality constraint evaluations            = 18
Number of inequality constraint evaluations          = 18
Number of equality constraint Jacobian evaluations   = 15
Number of inequality constraint Jacobian evaluations = 15
Number of Lagrangian Hessian evaluations             = 0
Total CPU secs in IPOPT (w/o function evaluations)   =      0.546
Total CPU secs in NLP function evaluations           =      5.766

EXIT: Optimal Solution Found.
