
List of user-set options:

                                    Name   Value                used
              acceptable_constr_viol_tol = 0.0001                yes
                          acceptable_tol = 0.001                 yes
                             alpha_for_y = safer-min-dual-infeas  yes
                         constr_viol_tol = 0.0001                yes
                        file_print_level = 5                     yes
                   hessian_approximation = limited-memory        yes
                           linear_solver = mumps                 yes
                                max_iter = 200                   yes
                                 mu_init = 1e-05                 yes
                             mu_strategy = monotone              yes
                      nlp_scaling_method = gradient-based        yes
                             output_file = /home/kaleb/projects/learning/AAD-design/sardines/SARDINE_optimization9_out/IPOPT.out  yes
                             print_level = 5                     yes
                      print_user_options = yes                   yes
                                      sb = yes                   yes
                                     tol = 0.0001                yes
This is Ipopt version 3.11.9, running with linear solver mumps.
NOTE: Other linear solvers might be more efficient (see Ipopt documentation).

Number of nonzeros in equality constraint Jacobian...:    11716
Number of nonzeros in inequality constraint Jacobian.:     4156
Number of nonzeros in Lagrangian Hessian.............:        0

Total number of variables............................:      213
                     variables with only lower bounds:        2
                variables with lower and upper bounds:      211
                     variables with only upper bounds:        0
Total number of equality constraints.................:      200
Total number of inequality constraints...............:      124
        inequality constraints with only lower bounds:       20
   inequality constraints with lower and upper bounds:       64
        inequality constraints with only upper bounds:       40

iter    objective    inf_pr   inf_du lg(mu)  ||d||  lg(rg) alpha_du alpha_pr  ls
   0  1.5427322e-03 1.08e+01 1.00e+00  -5.0 0.00e+00    -  0.00e+00 0.00e+00   0
   1  2.7020316e-03 1.04e+01 3.35e+00  -5.0 5.54e+00    -  2.46e-03 3.67e-02h  1
   2  2.7765266e-03 1.04e+01 3.39e+00  -5.0 4.34e+00    -  2.00e-02 1.05e-03h  1
   3  6.9361567e-03 1.01e+01 5.17e+00  -5.0 4.15e+00    -  1.53e-02 2.78e-02h  1
   4  1.1247502e-02 9.94e+00 6.76e+00  -5.0 6.13e+00    -  1.23e-02 1.38e-02h  1
   5  1.5601518e-02 9.86e+00 7.01e+00  -5.0 1.63e+01    -  1.21e-02 8.02e-03h  1
   6  2.6369042e-02 9.68e+00 7.71e+00  -5.0 1.67e+01    -  2.11e-02 1.92e-02h  1
   7  3.2733070e-02 9.56e+00 8.12e+00  -5.0 1.60e+01    -  2.05e-06 1.18e-02h  1
   8  3.8463869e-02 9.46e+00 8.33e+00  -5.0 1.57e+01    -  8.54e-03 1.08e-02h  1
   9  3.8533005e-02 9.45e+00 1.12e+01  -5.0 8.10e+01    -  8.17e-04 4.72e-04h  1
iter    objective    inf_pr   inf_du lg(mu)  ||d||  lg(rg) alpha_du alpha_pr  ls
  10  3.8819261e-02 9.44e+00 2.12e+01  -5.0 9.89e+01    -  1.25e-07 1.86e-03h  1
  11  3.8880622e-02 9.43e+00 2.15e+01  -5.0 8.69e+01    -  2.01e-04 4.02e-04h  1
  12  3.8884060e-02 9.43e+00 2.16e+01  -5.0 9.95e+01    -  1.66e-05 2.24e-05h  1
  13  3.8897697e-02 9.43e+00 2.17e+01  -5.0 9.25e+01    -  2.87e-05 8.36e-05h  1
  14  3.8901546e-02 9.43e+00 2.18e+01  -5.0 1.04e+02    -  3.24e-06 2.53e-05h  1
  15  3.8913798e-02 9.43e+00 2.19e+01  -5.0 9.37e+01    -  5.23e-05 7.32e-05f  1
  16  3.8920861e-02 9.43e+00 2.20e+01  -5.0 1.03e+02    -  2.54e-06 4.64e-05h  1
  17  3.8944292e-02 9.43e+00 2.23e+01  -5.0 9.19e+01    -  3.52e-05 1.35e-04f  1
  18  3.8948233e-02 9.43e+00 2.23e+01  -5.0 1.04e+02    -  2.46e-05 2.60e-05h  1
  19  3.8975063e-02 9.43e+00 2.26e+01  -5.0 8.47e+01    -  2.33e-05 1.31e-04f  1
iter    objective    inf_pr   inf_du lg(mu)  ||d||  lg(rg) alpha_du alpha_pr  ls
  20  3.8976742e-02 9.43e+00 2.25e+01  -5.0 1.04e+02    -  2.14e-05 1.11e-05h  1
  21  3.8994085e-02 9.43e+00 2.26e+01  -5.0 7.89e+01    -  6.62e-05 7.48e-05f  1
  22  3.8994446e-02 9.43e+00 2.25e+01  -5.0 1.03e+02    -  6.17e-06 2.38e-06h  3
  23  3.9020456e-02 9.42e+00 2.27e+01  -5.0 7.72e+01    -  4.82e-05 1.07e-04h  1
  24  3.9022814e-02 9.42e+00 2.27e+01  -5.0 1.04e+02    -  1.04e-05 1.56e-05h  1
  25  3.9072717e-02 9.42e+00 2.31e+01  -5.0 8.37e+01    -  3.90e-05 2.14e-04f  1
  26r 3.9072717e-02 9.42e+00 9.99e+02   1.0 0.00e+00    -  0.00e+00 4.45e-07R  5
  27r 4.8388049e-02 8.87e+00 9.99e+02   1.0 6.42e+02    -  3.30e-06 8.67e-04f  1
  28r 6.0907461e-02 6.59e+00 9.99e+02   1.0 5.49e+02    -  4.96e-04 4.15e-03f  1
  29  8.0413060e-02 6.41e+00 6.25e+01  -5.0 1.42e+01    -  2.44e-02 2.65e-02h  1
iter    objective    inf_pr   inf_du lg(mu)  ||d||  lg(rg) alpha_du alpha_pr  ls
  30  1.1045728e-01 6.16e+00 5.16e+01  -5.0 1.39e+01    -  3.26e-02 4.00e-02h  1
  31  1.6198137e-01 5.77e+00 4.18e+01  -5.0 5.34e+00    -  3.83e-02 6.26e-02h  1
  32  2.3518377e-01 5.23e+00 4.20e+01  -5.0 5.04e+00    -  9.89e-02 9.42e-02h  1
  33  2.6100962e-01 5.05e+00 1.17e+01  -5.0 5.21e+00    -  1.65e-01 3.49e-02h  1
  34  4.4441175e-01 3.75e+00 1.91e+01  -5.0 5.14e+00    -  2.01e-01 2.58e-01h  1
  35  4.4523001e-01 3.74e+00 1.91e+01  -5.0 3.60e+00    -  1.09e-04 1.47e-03h  1
  36  6.7637082e-01 2.19e+00 3.48e+01  -5.0 3.62e+00    -  1.77e-03 4.14e-01h  1
  37  6.9392608e-01 2.01e+00 3.44e+01  -5.0 4.15e+00    -  1.52e-01 8.12e-02h  1
  38  7.0183822e-01 1.95e+00 2.65e+01  -5.0 1.73e+00    -  3.86e-01 2.96e-02h  1
  39  7.6559695e-01 1.47e+00 2.62e+01  -5.0 1.67e+00    -  2.98e-01 2.47e-01h  1
iter    objective    inf_pr   inf_du lg(mu)  ||d||  lg(rg) alpha_du alpha_pr  ls
  40  7.6560379e-01 1.47e+00 2.62e+01  -5.0 1.32e+00    -  5.64e-04 3.37e-05h  1
  41  9.6847910e-01 7.94e-04 2.26e+01  -5.0 1.32e+00    -  4.00e-01 1.00e+00h  1
  42  9.6820923e-01 6.51e-04 9.57e+00  -5.0 3.04e-02    -  5.79e-01 1.80e-01h  1
  43  9.6701336e-01 1.10e-05 3.08e+00  -5.0 3.44e-02    -  6.78e-01 1.00e+00f  1
  44  9.6680926e-01 1.54e-06 1.14e+00  -5.0 3.68e-02    -  6.31e-01 1.00e+00h  1
  45  9.2557720e-01 2.52e-03 4.60e-01  -5.0 7.73e-01    -  5.35e-01 6.46e-01f  1
  46  9.3799291e-01 3.32e-05 8.38e-02  -5.0 1.05e-01    -  8.16e-01 1.00e+00h  1
  47  9.3718993e-01 3.05e-05 1.76e-02  -5.0 1.61e-01    -  8.66e-01 1.00e+00h  1
  48  9.3685129e-01 3.70e-05 1.27e-02  -5.0 3.08e-01    -  1.53e-01 2.26e-01h  1
  49  9.3642025e-01 1.13e-04 2.18e-02  -5.0 1.07e-01    -  1.54e-01 7.53e-01f  1
iter    objective    inf_pr   inf_du lg(mu)  ||d||  lg(rg) alpha_du alpha_pr  ls
  50  9.3576469e-01 8.16e-03 4.14e-02  -5.0 2.33e-01    -  6.76e-01 5.84e-01f  1
  51  9.3582281e-01 5.63e-06 4.25e-02  -5.0 6.88e-02    -  7.82e-01 1.00e+00h  1
  52  9.3578789e-01 7.78e-07 4.73e-02  -5.0 1.04e-02    -  1.00e+00 1.00e+00h  1
  53  9.3578930e-01 8.93e-07 4.79e-02  -5.0 1.28e-02    -  1.00e+00 1.00e+00h  1
  54  9.3565145e-01 5.70e-05 1.30e-02  -5.0 5.87e-02    -  4.61e-01 1.00e+00h  1
  55  9.3551805e-01 8.64e-06 2.89e-02  -5.0 8.23e-02    -  1.00e+00 1.00e+00h  1
  56  9.3536304e-01 2.07e-05 1.53e-02  -5.0 9.05e-02    -  8.43e-01 6.36e-01h  1
  57  9.3544199e-01 1.19e-06 2.84e-03  -5.0 3.22e-02    -  1.00e+00 1.00e+00f  1
  58  9.3539423e-01 2.15e-06 1.08e-03  -5.0 2.86e-02    -  1.00e+00 1.00e+00h  1
  59  9.3537880e-01 1.99e-06 1.28e-03  -5.0 2.67e-02    -  1.00e+00 1.00e+00h  1
iter    objective    inf_pr   inf_du lg(mu)  ||d||  lg(rg) alpha_du alpha_pr  ls
  60  9.3537344e-01 4.34e-07 1.32e-03  -5.0 6.27e-03    -  1.00e+00 1.00e+00h  1
  61  9.3537079e-01 4.43e-07 1.35e-03  -5.0 6.51e-03    -  1.00e+00 1.00e+00h  1
  62  9.3536853e-01 4.53e-07 1.38e-03  -5.0 6.64e-03    -  1.00e+00 1.00e+00h  1
  63  9.3536632e-01 4.90e-07 1.43e-03  -5.0 6.79e-03    -  1.00e+00 1.00e+00h  1
  64  9.3536401e-01 5.86e-07 1.49e-03  -5.0 7.05e-03    -  1.00e+00 1.00e+00h  1
  65  9.3536150e-01 4.97e-07 1.58e-03  -5.0 7.32e-03    -  1.00e+00 1.00e+00h  1
  66  9.3535869e-01 5.28e-07 1.61e-03  -5.0 7.76e-03    -  1.00e+00 1.00e+00h  1
  67  9.3535565e-01 5.42e-07 1.66e-03  -5.0 7.97e-03    -  1.00e+00 1.00e+00h  1
  68  9.3535238e-01 5.57e-07 1.71e-03  -5.0 8.20e-03    -  1.00e+00 1.00e+00h  1
  69  9.3534886e-01 5.74e-07 1.76e-03  -5.0 8.44e-03    -  1.00e+00 1.00e+00h  1
iter    objective    inf_pr   inf_du lg(mu)  ||d||  lg(rg) alpha_du alpha_pr  ls
  70  9.3534506e-01 5.91e-07 1.81e-03  -5.0 8.71e-03    -  1.00e+00 1.00e+00h  1
  71  9.3534098e-01 6.10e-07 1.87e-03  -5.0 8.99e-03    -  1.00e+00 1.00e+00h  1
  72  9.3533658e-01 6.30e-07 1.93e-03  -5.0 9.28e-03    -  1.00e+00 1.00e+00h  1
  73  9.3533183e-01 6.51e-07 2.00e-03  -5.0 9.60e-03    -  1.00e+00 1.00e+00h  1
  74  9.3532671e-01 6.73e-07 2.07e-03  -5.0 9.93e-03    -  1.00e+00 1.00e+00h  1
  75  9.3532116e-01 6.97e-07 2.15e-03  -5.0 1.03e-02    -  1.00e+00 1.00e+00h  1
  76  9.3531517e-01 7.23e-07 2.23e-03  -5.0 1.07e-02    -  1.00e+00 1.00e+00h  1
  77  9.3530867e-01 7.50e-07 2.31e-03  -5.0 1.11e-02    -  1.00e+00 1.00e+00h  1
  78  9.3530164e-01 7.78e-07 2.40e-03  -5.0 1.15e-02    -  1.00e+00 1.00e+00h  1
  79  9.3529400e-01 8.08e-07 2.49e-03  -5.0 1.19e-02    -  1.00e+00 1.00e+00h  1
iter    objective    inf_pr   inf_du lg(mu)  ||d||  lg(rg) alpha_du alpha_pr  ls
  80  9.3528572e-01 8.41e-07 2.59e-03  -5.0 1.24e-02    -  1.00e+00 1.00e+00h  1
  81  9.3527672e-01 8.75e-07 2.65e-03  -5.0 1.29e-02    -  1.00e+00 1.00e+00h  1
  82  9.3526717e-01 8.97e-07 2.73e-03  -5.0 1.33e-02    -  1.00e+00 1.00e+00h  1
  83  9.3525719e-01 9.04e-07 2.77e-03  -5.0 1.34e-02    -  1.00e+00 1.00e+00h  1
  84  9.3524657e-01 9.34e-07 2.73e-03  -5.0 1.38e-02    -  1.00e+00 1.00e+00h  1
  85  9.3510304e-01 9.84e-05 5.33e-03  -5.0 7.40e-01    -  5.71e-01 3.94e-01h  2
  86  9.3495564e-01 4.44e-05 4.59e-03  -5.0 8.75e-02    -  1.00e+00 1.00e+00h  1
  87  9.3498721e-01 1.94e-05 1.21e-03  -5.0 6.30e-02    -  1.00e+00 1.00e+00h  1
  88  9.3497965e-01 6.32e-07 1.29e-03  -5.0 1.15e-02    -  1.00e+00 1.00e+00h  1
  89  9.3497781e-01 5.96e-06 5.65e-03  -5.0 1.40e-02    -  1.00e+00 1.00e+00h  1
iter    objective    inf_pr   inf_du lg(mu)  ||d||  lg(rg) alpha_du alpha_pr  ls
  90  9.3497888e-01 5.57e-06 1.35e-03  -5.0 1.14e-02    -  1.00e+00 1.00e+00h  1
  91  9.3498148e-01 1.31e-07 1.40e-03  -5.0 2.19e-03    -  1.00e+00 1.00e+00h  1
  92  9.3498209e-01 1.12e-10 7.16e-05  -5.0 2.26e-03    -  1.00e+00 1.00e+00H  1

Number of Iterations....: 92

                                   (scaled)                 (unscaled)
Objective...............:   9.3498208972881347e-01    9.3498208972881347e-01
Dual infeasibility......:   7.1620368731415893e-05    7.1620368731415893e-05
Constraint violation....:   1.1190656319388291e-10    1.1190656319388291e-10
Complementarity.........:   1.0000000000000003e-05    1.0000000000000003e-05
Overall NLP error.......:   7.1620368731415893e-05    7.1620368731415893e-05


Number of objective function evaluations             = 104
Number of objective gradient evaluations             = 92
Number of equality constraint evaluations            = 104
Number of inequality constraint evaluations          = 104
Number of equality constraint Jacobian evaluations   = 94
Number of inequality constraint Jacobian evaluations = 94
Number of Lagrangian Hessian evaluations             = 0
Total CPU secs in IPOPT (w/o function evaluations)   =      0.885
Total CPU secs in NLP function evaluations           =     48.022

EXIT: Optimal Solution Found.
