
List of user-set options:

                                    Name   Value                used
              acceptable_constr_viol_tol = 0.001                 yes
                          acceptable_tol = 0.01                  yes
                             alpha_for_y = safer-min-dual-infeas  yes
                         constr_viol_tol = 0.001                 yes
                        file_print_level = 5                     yes
                   hessian_approximation = limited-memory        yes
                           linear_solver = mumps                 yes
                                max_iter = 66                    yes
                                 mu_init = 1e-05                 yes
                             mu_strategy = monotone              yes
                      nlp_scaling_method = gradient-based        yes
                             output_file = /home/kaleb/projects/learning/AAD-design/sardines/SARDINE_optimization22_out/IPOPT.out  yes
                             print_level = 5                     yes
                      print_user_options = yes                   yes
                                      sb = yes                   yes
                                     tol = 0.001                 yes
This is Ipopt version 3.11.9, running with linear solver mumps.
NOTE: Other linear solvers might be more efficient (see Ipopt documentation).

Number of nonzeros in equality constraint Jacobian...:     4707
Number of nonzeros in inequality constraint Jacobian.:     1910
Number of nonzeros in Lagrangian Hessian.............:        0

Total number of variables............................:      126
                     variables with only lower bounds:        2
                variables with lower and upper bounds:      124
                     variables with only upper bounds:        0
Total number of equality constraints.................:      120
Total number of inequality constraints...............:       82
        inequality constraints with only lower bounds:       20
   inequality constraints with lower and upper bounds:       42
        inequality constraints with only upper bounds:       20

iter    objective    inf_pr   inf_du lg(mu)  ||d||  lg(rg) alpha_du alpha_pr  ls
   0  5.3995626e-06 1.96e+01 1.00e+00  -5.0 0.00e+00    -  0.00e+00 0.00e+00   0
   1  1.2128434e-05 1.83e+01 9.71e-01  -5.0 5.70e+00    -  4.76e-02 6.48e-02h  1
   2  1.3788517e-05 1.82e+01 1.50e+00  -5.0 7.85e+00    -  3.13e-02 4.43e-03h  1
   3  1.8075021e-05 1.82e+01 1.34e+00  -5.0 1.03e+02    -  3.10e-03 1.86e-03h  2
   4  3.6764946e-05 1.80e+01 1.37e+00  -5.0 8.99e+01    -  2.10e-07 7.61e-03f  1
   5  4.0952166e-04 1.54e+01 8.57e+00  -5.0 5.13e+01    -  2.72e-03 1.47e-01h  1
   6  8.0488659e-04 1.27e+01 9.62e+00  -5.0 4.17e+00    -  8.70e-02 1.76e-01h  1
   7  1.4447382e-03 8.30e+00 1.53e+01  -5.0 3.43e+00    -  2.57e-01 3.46e-01h  2
   8  1.4917858e-03 7.97e+00 8.34e+00  -5.0 2.20e+00    -  5.42e-01 3.97e-02h  4
   9  1.5120291e-03 7.83e+00 4.05e+00  -5.0 2.09e+00    -  5.93e-01 1.79e-02h  5
iter    objective    inf_pr   inf_du lg(mu)  ||d||  lg(rg) alpha_du alpha_pr  ls
  10  1.9346622e-03 4.79e+00 1.08e+01  -5.0 2.82e+00    -  3.12e-01 3.88e-01h  1
  11  2.3734035e-03 1.30e+00 8.20e+00  -5.0 3.90e+00    -  3.60e-01 7.29e-01h  1
  12  2.5402918e-03 4.29e-05 2.89e+00  -5.0 1.44e+00    -  6.79e-01 1.00e+00h  1
  13  2.5408131e-03 4.45e-07 2.06e-02  -5.0 2.23e-02    -  9.93e-01 1.00e+00h  1
  14  2.5405972e-03 1.50e-06 5.76e-04  -5.0 9.50e-02    -  9.73e-01 1.00e+00h  1
  15  2.6240643e-03 8.97e-04 2.88e-04  -5.0 2.23e+01    -  3.19e-02 1.87e-01h  1
  16  2.6145934e-03 1.66e-05 2.04e-04  -5.0 2.88e+00    -  3.80e-01 1.00e+00h  1
  17  2.6146237e-03 1.75e-06 1.77e-03  -5.0 8.88e-02    -  1.00e+00 1.00e+00h  1
  18  2.6146403e-03 1.57e-06 1.60e-03  -5.0 6.25e-02    -  1.00e+00 1.00e+00h  1
  19  2.6146506e-03 1.49e-06 1.52e-03  -5.0 5.99e-02    -  1.00e+00 1.00e+00h  1
iter    objective    inf_pr   inf_du lg(mu)  ||d||  lg(rg) alpha_du alpha_pr  ls
  20  2.6146559e-03 1.41e-06 1.44e-03  -5.0 5.76e-02    -  1.00e+00 1.00e+00h  1
  21  2.6146572e-03 1.34e-06 1.38e-03  -5.0 5.57e-02    -  1.00e+00 1.00e+00h  1
  22  2.6146555e-03 1.29e-06 1.32e-03  -5.0 5.41e-02    -  1.00e+00 1.00e+00h  1
  23  2.6146512e-03 1.24e-06 1.27e-03  -5.0 5.27e-02    -  1.00e+00 1.00e+00h  1
  24  2.6146448e-03 1.19e-06 1.23e-03  -5.0 5.14e-02    -  1.00e+00 1.00e+00h  1
  25  2.6146367e-03 1.15e-06 1.19e-03  -5.0 5.03e-02    -  1.00e+00 1.00e+00h  1
  26  2.6146271e-03 1.11e-06 1.15e-03  -5.0 4.92e-02    -  1.00e+00 1.00e+00h  1
  27  2.6146163e-03 1.08e-06 1.12e-03  -5.0 4.88e-02    -  1.00e+00 1.00e+00h  1
  28  2.6146044e-03 1.05e-06 1.08e-03  -5.0 4.83e-02    -  1.00e+00 1.00e+00h  1
  29  2.6145915e-03 1.02e-06 1.05e-03  -5.0 4.79e-02    -  1.00e+00 1.00e+00h  1
iter    objective    inf_pr   inf_du lg(mu)  ||d||  lg(rg) alpha_du alpha_pr  ls
  30  2.6145779e-03 9.94e-07 1.03e-03  -5.0 4.75e-02    -  1.00e+00 1.00e+00h  1
  31  2.6145635e-03 9.69e-07 1.00e-03  -5.0 4.71e-02    -  1.00e+00 1.00e+00h  1

Number of Iterations....: 31

                                   (scaled)                 (unscaled)
Objective...............:   2.6145634970679470e-03    2.6145634970679470e-03
Dual infeasibility......:   9.9953491332925690e-04    9.9953491332925690e-04
Constraint violation....:   9.6883091787225205e-07    9.6883091787225205e-07
Complementarity.........:   1.0000000000000003e-05    1.0000000000000003e-05
Overall NLP error.......:   9.9953491332925690e-04    9.9953491332925690e-04


Number of objective function evaluations             = 42
Number of objective gradient evaluations             = 32
Number of equality constraint evaluations            = 42
Number of inequality constraint evaluations          = 42
Number of equality constraint Jacobian evaluations   = 32
Number of inequality constraint Jacobian evaluations = 32
Number of Lagrangian Hessian evaluations             = 0
Total CPU secs in IPOPT (w/o function evaluations)   =      0.599
Total CPU secs in NLP function evaluations           =     11.638

EXIT: Optimal Solution Found.
