
List of user-set options:

                                    Name   Value                used
              acceptable_constr_viol_tol = 0.0001                yes
                          acceptable_tol = 0.001                 yes
                             alpha_for_y = safer-min-dual-infeas  yes
                         constr_viol_tol = 0.0001                yes
                        file_print_level = 5                     yes
                   hessian_approximation = limited-memory        yes
                           linear_solver = mumps                 yes
                                max_iter = 200                   yes
                                 mu_init = 1e-05                 yes
                             mu_strategy = monotone              yes
                      nlp_scaling_method = gradient-based        yes
                             output_file = /home/kaleb/projects/learning/AAD-design/sardines/SARDINE_optimization7_out/IPOPT.out  yes
                             print_level = 5                     yes
                      print_user_options = yes                   yes
                                      sb = yes                   yes
                                     tol = 0.0001                yes
This is Ipopt version 3.11.9, running with linear solver mumps.
NOTE: Other linear solvers might be more efficient (see Ipopt documentation).

Number of nonzeros in equality constraint Jacobian...:    11716
Number of nonzeros in inequality constraint Jacobian.:     4156
Number of nonzeros in Lagrangian Hessian.............:        0

Total number of variables............................:      213
                     variables with only lower bounds:        2
                variables with lower and upper bounds:      211
                     variables with only upper bounds:        0
Total number of equality constraints.................:      200
Total number of inequality constraints...............:      124
        inequality constraints with only lower bounds:       20
   inequality constraints with lower and upper bounds:       64
        inequality constraints with only upper bounds:       40

iter    objective    inf_pr   inf_du lg(mu)  ||d||  lg(rg) alpha_du alpha_pr  ls
   0  1.5427322e-03 1.08e+01 1.00e+00  -5.0 0.00e+00    -  0.00e+00 0.00e+00   0
   1  3.3004942e-03 1.04e+01 3.24e+00  -5.0 5.97e+00    -  2.46e-03 3.51e-02h  1
   2  3.3922254e-03 1.04e+01 3.24e+00  -5.0 4.35e+00    -  2.65e-02 8.10e-04h  1
   3  1.0481674e-02 1.01e+01 5.10e+00  -5.0 4.43e+00    -  7.57e-03 2.83e-02h  1
   4  1.4611174e-02 9.98e+00 5.68e+00  -5.0 9.19e+00    -  2.57e-02 1.21e-02h  1
   5  2.1469350e-02 9.84e+00 6.72e+00  -5.0 1.75e+01    -  7.48e-04 1.39e-02h  1
   6  2.4154145e-02 9.78e+00 7.10e+00  -5.0 1.78e+01    -  1.93e-02 5.41e-03h  1
   7  2.8948670e-02 9.69e+00 7.78e+00  -5.0 1.77e+01    -  5.93e-03 9.67e-03h  1
   8  3.1716016e-02 9.63e+00 8.43e+00  -5.0 1.67e+01    -  7.10e-03 5.81e-03h  1
   9  3.1824255e-02 9.63e+00 9.69e+00  -5.0 7.75e+01    -  1.60e-04 6.93e-04h  1
iter    objective    inf_pr   inf_du lg(mu)  ||d||  lg(rg) alpha_du alpha_pr  ls
  10  3.1931510e-02 9.62e+00 1.11e+01  -5.0 7.29e+01    -  7.28e-05 3.56e-04h  1
  11r 3.1931510e-02 9.62e+00 9.99e+02   1.0 0.00e+00    -  0.00e+00 4.66e-09R  2
  12r 3.1927673e-02 9.63e+00 9.99e+02   1.0 1.15e+04    -  1.38e-07 2.10e-07f  1
  13r 4.2130428e-02 8.42e+00 9.99e+02   1.0 4.51e+02    -  5.51e-05 2.67e-03f  1
  14  4.2195380e-02 8.42e+00 4.50e+01  -5.0 1.78e+01    -  3.10e-02 1.34e-04h  1
  15  4.2212298e-02 8.42e+00 4.54e+01  -5.0 1.77e+01    -  9.54e-04 2.00e-05h  1
  16  8.1341662e-02 8.10e+00 1.98e+01  -5.0 6.69e+00    -  3.67e-04 3.79e-02h  1
  17  1.2069389e-01 7.79e+00 1.90e+01  -5.0 6.68e+00    -  3.86e-02 3.82e-02h  1
  18  3.0162731e-01 6.42e+00 3.76e+01  -5.0 6.65e+00    -  7.51e-02 1.76e-01h  1
  19  4.2970764e-01 5.55e+00 3.77e+01  -5.0 6.12e+00    -  7.48e-02 1.36e-01h  1
iter    objective    inf_pr   inf_du lg(mu)  ||d||  lg(rg) alpha_du alpha_pr  ls
  20  4.4452933e-01 5.44e+00 2.48e+01  -5.0 5.15e+00    -  1.43e-01 1.87e-02h  1
  21  5.0731715e-01 5.02e+00 3.43e+01  -5.0 6.11e+00    -  4.69e-02 7.70e-02h  1
  22  5.7990710e-01 4.55e+00 3.36e+01  -5.0 5.09e+00    -  5.67e-02 9.49e-02h  1
  23  5.8153473e-01 4.54e+00 2.82e+01  -5.0 4.57e+00    -  9.29e-03 2.31e-03h  1
  24  6.0225503e-01 4.41e+00 2.88e+01  -5.0 4.67e+00    -  4.05e-02 2.88e-02h  1
  25  6.7645415e-01 3.94e+00 3.44e+01  -5.0 4.59e+00    -  7.85e-03 1.05e-01h  1
  26  6.8730167e-01 3.73e+00 3.99e+01  -5.0 8.90e+00    -  1.37e-03 5.51e-02h  1
  27  6.9262533e-01 3.69e+00 4.00e+01  -5.0 3.54e+00    -  1.03e-02 9.74e-03h  1
  28  7.4040314e-01 3.36e+00 4.24e+01  -5.0 3.49e+00    -  7.81e-02 8.88e-02h  1
  29  8.0453508e-01 2.84e+00 5.97e+01  -5.0 2.67e+00    -  1.02e-06 1.55e-01h  1
iter    objective    inf_pr   inf_du lg(mu)  ||d||  lg(rg) alpha_du alpha_pr  ls
  30  8.1102212e-01 2.58e+00 4.10e+01  -5.0 3.58e+00    -  1.68e-01 8.99e-02h  1
  31  8.1125856e-01 2.58e+00 4.04e+01  -5.0 1.39e+01    -  1.69e-02 7.38e-04h  1
  32  8.1774798e-01 2.53e+00 4.20e+01  -5.0 2.27e+01    -  1.49e-02 2.07e-02h  1
  33  8.2186163e-01 2.49e+00 3.85e+01  -5.0 3.41e+01    -  2.67e-02 1.50e-02h  1
  34  8.2186818e-01 2.49e+00 3.85e+01  -5.0 7.21e+00    -  9.93e-05 2.08e-05h  1
  35  8.9914604e-01 1.88e+00 9.25e+01  -5.0 7.21e+00    -  2.05e-01 2.45e-01h  1
  36  8.9957112e-01 1.88e+00 7.21e+01  -5.0 1.64e+00    -  2.23e-01 1.68e-03h  1
  37  1.0693023e+00 6.19e-01 1.21e+02  -5.0 1.64e+00    -  4.33e-01 6.70e-01h  1
  38  1.0693169e+00 6.19e-01 1.21e+02  -5.0 5.13e-01    -  4.54e-05 1.85e-04h  1
  39  1.1484633e+00 1.91e-04 9.18e+01  -5.0 5.13e-01    -  3.67e-01 1.00e+00h  1
iter    objective    inf_pr   inf_du lg(mu)  ||d||  lg(rg) alpha_du alpha_pr  ls
  40  1.1478138e+00 5.35e-07 7.59e+01  -5.0 1.75e-02    -  1.74e-01 1.00e+00h  1
  41  1.1477990e+00 3.47e-09 5.56e-01  -5.0 2.85e-04    -  9.93e-01 1.00e+00h  1
  42  1.1455448e+00 1.13e-04 5.54e-01  -5.0 3.31e-01    -  1.78e-03 3.01e-01f  1
  43  1.1420068e+00 1.07e-04 4.66e-01  -5.0 1.02e+00    -  1.60e-01 1.38e-01f  1
  44  1.1439005e+00 2.25e-04 3.93e-01  -5.0 9.28e-02    -  1.55e-01 1.00e+00h  1
  45  1.1384047e+00 4.41e-04 3.69e-01  -5.0 3.33e-01    -  5.13e-02 5.43e-01h  1
  46  1.1327867e+00 3.39e-04 3.13e-01  -5.0 2.56e-01    -  2.12e-01 2.30e-01f  1
  47  1.1214151e+00 4.17e-04 2.90e-01  -5.0 3.81e-01    -  8.67e-02 2.48e-01f  1
  48  1.0996101e+00 1.25e-03 3.00e-01  -5.0 3.98e-01    -  3.03e-01 3.58e-01f  1
  49  1.1005183e+00 5.23e-04 1.43e-01  -5.0 1.16e-01    -  3.64e-01 6.44e-01h  1
iter    objective    inf_pr   inf_du lg(mu)  ||d||  lg(rg) alpha_du alpha_pr  ls
  50  1.0999843e+00 5.16e-06 2.88e-02  -5.0 9.47e-03    -  7.98e-01 1.00e+00f  1
  51  1.0986981e+00 3.23e-05 4.97e-02  -5.0 6.32e-02    -  7.55e-01 9.41e-01h  1
  52  1.0985390e+00 7.85e-06 3.49e-02  -5.0 2.10e-02    -  2.89e-01 1.00e+00h  1
  53  1.0983153e+00 5.41e-05 1.09e-02  -5.0 1.38e-02    -  9.83e-01 8.01e-01h  1
  54  1.0967696e+00 6.60e-05 1.24e-02  -5.0 1.49e+00    -  6.39e-02 3.97e-02f  1
  55  1.0925517e+00 1.05e-03 4.11e-02  -5.0 5.12e+00    -  2.83e-02 4.33e-02f  1
  56  1.0811208e+00 1.72e-03 7.97e-02  -5.0 6.08e+00    -  2.87e-02 4.23e-02h  1
  57  1.0814821e+00 1.62e-03 1.56e-01  -5.0 2.52e-01    -  1.00e+00 7.70e-02h  1
  58  1.0776281e+00 1.64e-05 1.27e-01  -5.0 1.23e-01    -  1.69e-01 1.00e+00h  1
  59  1.0773732e+00 2.33e-06 2.91e-02  -5.0 1.04e-02    -  7.59e-01 1.00e+00h  1
iter    objective    inf_pr   inf_du lg(mu)  ||d||  lg(rg) alpha_du alpha_pr  ls
  60  1.0770611e+00 5.68e-06 6.57e-03  -5.0 8.89e-03    -  6.80e-01 1.00e+00h  1
  61  1.0766987e+00 3.22e-05 4.95e-03  -5.0 9.08e-03    -  1.00e+00 1.00e+00h  1
  62  1.0762894e+00 9.37e-06 6.31e-03  -5.0 1.16e-02    -  1.00e+00 1.00e+00h  1
  63  1.0761013e+00 5.00e-06 2.19e-03  -5.0 7.25e-03    -  1.00e+00 7.02e-01h  1
  64  1.0759699e+00 4.21e-07 2.58e-03  -5.0 1.68e-02    -  1.00e+00 1.00e+00f  1
  65  1.0758665e+00 2.11e-06 3.64e-03  -5.0 1.60e-02    -  1.00e+00 1.00e+00h  1
  66  1.0757675e+00 4.56e-06 3.78e-03  -5.0 1.43e-02    -  1.00e+00 1.00e+00h  1
  67  1.0737089e+00 9.03e-06 4.81e-03  -5.0 1.99e+00    -  1.55e-01 5.03e-02h  1
  68  1.0716095e+00 8.78e-06 5.31e-03  -5.0 1.56e+00    -  1.09e-01 6.97e-02h  1
  69  1.0718072e+00 1.90e-06 2.36e-03  -5.0 8.12e-02    -  1.00e+00 7.83e-01h  1
iter    objective    inf_pr   inf_du lg(mu)  ||d||  lg(rg) alpha_du alpha_pr  ls
  70  1.0718041e+00 1.16e-06 1.62e-03  -5.0 1.36e-02    -  3.41e-01 1.00e+00f  1
  71  1.0717347e+00 2.80e-07 3.79e-03  -5.0 7.29e-03    -  1.00e+00 1.00e+00h  1
  72  1.0712591e+00 1.76e-06 2.21e-03  -5.0 2.88e-01    -  6.60e-01 1.66e-01h  1
  73  1.0712320e+00 1.52e-05 5.99e-03  -5.0 4.04e-02    -  1.00e+00 8.68e-01h  1
  74  1.0712522e+00 9.51e-07 4.73e-03  -5.0 1.85e-02    -  1.00e+00 1.00e+00f  1
  75  1.0712483e+00 2.24e-07 4.05e-03  -5.0 4.20e-03    -  1.00e+00 1.00e+00h  1
  76  1.0712491e+00 1.88e-08 3.82e-03  -5.0 1.06e-03    -  1.00e+00 1.00e+00h  1
  77  1.0712487e+00 1.24e-08 1.24e-04  -5.0 8.94e-04    -  1.00e+00 1.00e+00h  1
  78  1.0712487e+00 1.15e-08 1.32e-04  -5.0 8.39e-04    -  1.00e+00 1.00e+00h  1
  79  1.0712487e+00 1.12e-08 1.31e-04  -5.0 7.37e-04    -  1.00e+00 1.00e+00h  1
iter    objective    inf_pr   inf_du lg(mu)  ||d||  lg(rg) alpha_du alpha_pr  ls
  80  1.0712487e+00 1.11e-08 1.29e-04  -5.0 6.47e-04    -  1.00e+00 1.00e+00h  1
  81  1.0712487e+00 1.09e-08 1.27e-04  -5.0 6.09e-04    -  1.00e+00 1.00e+00h  1
  82  1.0712487e+00 1.07e-08 1.25e-04  -5.0 6.00e-04    -  1.00e+00 1.00e+00h  1
  83  1.0712487e+00 1.06e-08 1.23e-04  -5.0 5.91e-04    -  1.00e+00 1.00e+00h  1
  84  1.0712488e+00 1.04e-08 1.21e-04  -5.0 5.83e-04    -  1.00e+00 1.00e+00h  1
  85  1.0712488e+00 1.03e-08 1.19e-04  -5.0 5.75e-04    -  1.00e+00 1.00e+00h  1
  86  1.0712489e+00 1.01e-08 1.18e-04  -5.0 5.67e-04    -  1.00e+00 1.00e+00h  1
  87  1.0712489e+00 1.00e-08 1.16e-04  -5.0 5.60e-04    -  1.00e+00 1.00e+00h  1
  88  1.0712490e+00 9.88e-09 1.15e-04  -5.0 5.53e-04    -  1.00e+00 1.00e+00h  1
  89  1.0712490e+00 9.76e-09 1.13e-04  -5.0 5.46e-04    -  1.00e+00 1.00e+00h  1
iter    objective    inf_pr   inf_du lg(mu)  ||d||  lg(rg) alpha_du alpha_pr  ls
  90  1.0712491e+00 6.28e-08 3.63e-03  -5.0 5.40e-04    -  1.00e+00 1.00e+00h  1
  91  1.0712388e+00 4.99e-06 4.92e-03  -5.0 2.58e-02    -  1.00e+00 1.00e+00h  1
  92  1.0712388e+00 3.99e-08 4.08e-04  -5.0 3.27e-03    -  1.00e+00 1.00e+00h  1
  93  1.0712414e+00 1.30e-05 5.83e-03  -5.0 2.85e-02    -  1.00e+00 1.00e+00h  1
  94  1.0712420e+00 1.22e-05 2.79e-03  -5.0 2.98e-03    -  1.00e+00 6.25e-02h  5
  95  1.0712420e+00 1.22e-05 2.72e-03  -5.0 3.07e-03    -  1.00e+00 2.44e-04h 13
  96  1.0712420e+00 1.22e-05 2.72e-03  -5.0 3.07e-03    -  1.00e+00 1.22e-04h 14
  97  1.0712420e+00 1.22e-05 1.26e-04  -5.0 9.13e-04    -  1.00e+00 3.05e-05h 16
  98  1.0712492e+00 1.23e-08 1.19e-04  -5.0 9.18e-04    -  1.00e+00 1.00e+00s 22

Number of Iterations....: 98

                                   (scaled)                 (unscaled)
Objective...............:   1.0712491764712024e+00    1.0712491764712024e+00
Dual infeasibility......:   1.1938243533229474e-04    1.1938243533229474e-04
Constraint violation....:   1.2251996299975216e-08    1.2251996299975216e-08
Complementarity.........:   1.0000198052205411e-05    1.0000198052205411e-05
Overall NLP error.......:   1.1938243533229474e-04    1.1938243533229474e-04


Number of objective function evaluations             = 167
Number of objective gradient evaluations             = 99
Number of equality constraint evaluations            = 167
Number of inequality constraint evaluations          = 167
Number of equality constraint Jacobian evaluations   = 101
Number of inequality constraint Jacobian evaluations = 101
Number of Lagrangian Hessian evaluations             = 0
Total CPU secs in IPOPT (w/o function evaluations)   =      0.816
Total CPU secs in NLP function evaluations           =     64.366

EXIT: Solved To Acceptable Level.
