
List of user-set options:

                                    Name   Value                used
              acceptable_constr_viol_tol = 0.001                 yes
                          acceptable_tol = 0.01                  yes
                             alpha_for_y = safer-min-dual-infeas  yes
                         constr_viol_tol = 0.001                 yes
                        file_print_level = 5                     yes
                   hessian_approximation = limited-memory        yes
                           linear_solver = mumps                 yes
                                max_iter = 66                    yes
                                 mu_init = 1e-05                 yes
                             mu_strategy = monotone              yes
                      nlp_scaling_method = gradient-based        yes
                             output_file = /home/kaleb/projects/learning/AAD-design/sardines/SARDINE_optimization9_out/IPOPT.out  yes
                             print_level = 5                     yes
                      print_user_options = yes                   yes
                                      sb = yes                   yes
                                     tol = 0.001                 yes
This is Ipopt version 3.11.9, running with linear solver mumps.
NOTE: Other linear solvers might be more efficient (see Ipopt documentation).

Number of nonzeros in equality constraint Jacobian...:     4707
Number of nonzeros in inequality constraint Jacobian.:     1910
Number of nonzeros in Lagrangian Hessian.............:        0

Total number of variables............................:      126
                     variables with only lower bounds:        2
                variables with lower and upper bounds:      124
                     variables with only upper bounds:        0
Total number of equality constraints.................:      120
Total number of inequality constraints...............:       82
        inequality constraints with only lower bounds:       20
   inequality constraints with lower and upper bounds:       42
        inequality constraints with only upper bounds:       20

iter    objective    inf_pr   inf_du lg(mu)  ||d||  lg(rg) alpha_du alpha_pr  ls
   0  5.3995626e-06 1.96e+01 1.00e+00  -5.0 0.00e+00    -  0.00e+00 0.00e+00   0
   1  9.9499406e-06 1.90e+01 1.62e+00  -5.0 6.97e+00    -  2.79e-02 2.87e-02h  1
   2  1.2959038e-05 1.90e+01 1.71e+00  -5.0 4.41e+01    -  7.06e-03 2.15e-03h  1
   3  3.5682308e-05 1.88e+01 1.75e+00  -5.0 5.22e+01    -  3.42e-03 8.91e-03h  1
   4  1.3573050e-03 9.85e+00 8.31e+00  -5.0 1.27e+01    -  6.58e-03 4.75e-01h  1
   5  1.3893277e-03 9.63e+00 7.11e+00  -5.0 2.64e+00    -  2.81e-01 2.25e-02h  5
   6  1.3900953e-03 9.63e+00 5.23e+00  -5.0 2.57e+00    -  2.98e-01 5.54e-04h 11
   7  1.3902182e-03 9.63e+00 3.85e+00  -5.0 2.56e+00    -  3.24e-01 8.88e-05h 14
   8  1.3902790e-03 9.63e+00 2.82e+00  -5.0 2.56e+00    -  3.75e-01 4.40e-05h 15
   9  1.3903079e-03 9.63e+00 2.28e+00  -5.0 2.94e+00    -  4.34e-01 2.09e-05h 16
iter    objective    inf_pr   inf_du lg(mu)  ||d||  lg(rg) alpha_du alpha_pr  ls
  10  2.2884272e-03 3.34e+00 1.55e+01  -5.0 3.45e+00    -  4.64e-01 6.53e-01h  1
  11  2.3308903e-03 3.02e+00 1.30e+01  -5.0 5.48e+00    -  1.61e-01 9.66e-02h  1
  12  2.6710816e-03 3.53e-01 9.51e+00  -5.0 5.25e+00    -  2.88e-01 8.83e-01h  1
  13  2.7261058e-03 1.48e-05 5.64e+00  -5.0 5.77e-01    -  3.73e-01 1.00e+00h  1
  14  2.7258427e-03 1.22e-06 4.01e-01  -5.0 3.43e-02    -  9.29e-01 1.00e+00h  1
  15  2.7357634e-03 9.11e-05 3.13e-01  -5.0 6.16e-01    -  1.67e-01 1.00e+00f  1
  16  2.7354367e-03 1.07e-06 6.16e-03  -5.0 2.38e-02    -  9.80e-01 1.00e+00h  1
  17  2.7326636e-03 1.89e-05 2.08e-02  -5.0 2.72e-01    -  1.00e+00 1.00e+00h  1
  18  2.7355670e-03 3.34e-05 5.14e-03  -5.0 5.80e+00    -  7.64e-01 1.00e+00h  1
  19  2.7322779e-03 1.47e-05 3.51e-03  -5.0 1.40e+00    -  3.22e-01 1.00e+00h  1
iter    objective    inf_pr   inf_du lg(mu)  ||d||  lg(rg) alpha_du alpha_pr  ls
  20  2.7349834e-03 9.36e-06 3.18e-04  -5.0 1.58e+00    -  9.26e-01 1.00e+00h  1

Number of Iterations....: 20

                                   (scaled)                 (unscaled)
Objective...............:   2.7349833790748170e-03    2.7349833790748170e-03
Dual infeasibility......:   3.1805320928580174e-04    3.1805320928580174e-04
Constraint violation....:   9.3578753216281244e-06    9.3578753216281244e-06
Complementarity.........:   2.3778510957150700e-05    2.3778510957150700e-05
Overall NLP error.......:   3.1805320928580174e-04    3.1805320928580174e-04


Number of objective function evaluations             = 77
Number of objective gradient evaluations             = 21
Number of equality constraint evaluations            = 77
Number of inequality constraint evaluations          = 77
Number of equality constraint Jacobian evaluations   = 21
Number of inequality constraint Jacobian evaluations = 21
Number of Lagrangian Hessian evaluations             = 0
Total CPU secs in IPOPT (w/o function evaluations)   =      0.613
Total CPU secs in NLP function evaluations           =     17.665

EXIT: Optimal Solution Found.
