
List of user-set options:

                                    Name   Value                used
              acceptable_constr_viol_tol = 0.0001                yes
                          acceptable_tol = 0.001                 yes
                             alpha_for_y = safer-min-dual-infeas  yes
                         constr_viol_tol = 0.0001                yes
                        file_print_level = 5                     yes
                   hessian_approximation = limited-memory        yes
                           linear_solver = mumps                 yes
                                max_iter = 200                   yes
                                 mu_init = 1e-05                 yes
                             mu_strategy = monotone              yes
                      nlp_scaling_method = gradient-based        yes
                             output_file = /home/kaleb/projects/learning/AAD-design/sardines/SARDINE_optimization13_out/IPOPT.out  yes
                             print_level = 5                     yes
                      print_user_options = yes                   yes
                                      sb = yes                   yes
                                     tol = 0.0001                yes
This is Ipopt version 3.11.9, running with linear solver mumps.
NOTE: Other linear solvers might be more efficient (see Ipopt documentation).

Number of nonzeros in equality constraint Jacobian...:    11716
Number of nonzeros in inequality constraint Jacobian.:     4156
Number of nonzeros in Lagrangian Hessian.............:        0

Total number of variables............................:      213
                     variables with only lower bounds:        2
                variables with lower and upper bounds:      211
                     variables with only upper bounds:        0
Total number of equality constraints.................:      200
Total number of inequality constraints...............:      124
        inequality constraints with only lower bounds:       20
   inequality constraints with lower and upper bounds:       64
        inequality constraints with only upper bounds:       40

iter    objective    inf_pr   inf_du lg(mu)  ||d||  lg(rg) alpha_du alpha_pr  ls
   0  1.5427322e-03 1.08e+01 1.00e+00  -5.0 0.00e+00    -  0.00e+00 0.00e+00   0
   1  2.1665346e-03 1.04e+01 2.28e+00  -5.0 4.38e+00    -  2.95e-03 3.08e-02h  1
   2  2.2213046e-03 1.04e+01 2.30e+00  -5.0 3.76e+00    -  2.97e-02 1.04e-03h  1
   3  9.8863852e-03 9.95e+00 5.50e+00  -5.0 3.68e+00    -  1.32e-02 4.63e-02h  1
   4  1.2525855e-02 9.89e+00 5.75e+00  -5.0 1.12e+01    -  2.35e-02 6.33e-03h  1
   5  2.4596342e-02 9.70e+00 6.99e+00  -5.0 1.92e+01    -  1.94e-02 1.95e-02h  1
   6  2.6297514e-02 9.67e+00 7.32e+00  -5.0 1.84e+01    -  1.31e-02 2.85e-03h  1
   7  3.9116483e-02 9.46e+00 8.71e+00  -5.0 1.85e+01    -  1.51e-02 2.14e-02h  1
   8  3.9416552e-02 9.44e+00 8.69e+00  -5.0 3.32e+01    -  2.88e-03 1.77e-03h  1
   9  4.0344371e-02 9.42e+00 9.76e+00  -5.0 3.30e+01    -  1.51e-03 2.74e-03h  1
iter    objective    inf_pr   inf_du lg(mu)  ||d||  lg(rg) alpha_du alpha_pr  ls
  10  4.3833536e-02 9.37e+00 1.39e+01  -5.0 2.16e+01    -  1.91e-07 5.12e-03h  1
  11  4.9862690e-02 9.30e+00 1.72e+01  -5.0 1.47e+01    -  2.54e-03 7.64e-03h  1
  12  6.3568803e-02 9.15e+00 2.15e+01  -5.0 1.27e+01    -  7.59e-03 1.65e-02h  3
  13  1.0805798e-01 8.66e+00 2.81e+01  -5.0 1.20e+01    -  2.23e-02 5.28e-02h  1
  14  1.3936718e-01 8.37e+00 2.73e+01  -5.0 9.29e+00    -  1.74e-02 3.32e-02h  1
  15  1.6849030e-01 8.09e+00 2.66e+01  -5.0 1.86e+01    -  3.03e-02 3.39e-02h  1
  16  1.6923771e-01 8.08e+00 2.65e+01  -5.0 6.44e+00    -  2.65e-03 7.52e-04h  1
  17  1.7662371e-01 8.02e+00 2.57e+01  -5.0 6.09e+00    -  3.56e-02 7.86e-03h  1
  18  1.9941715e-01 7.83e+00 2.57e+01  -5.0 6.24e+00    -  3.64e-03 2.37e-02h  1
  19  2.6057256e-01 7.33e+00 2.54e+01  -5.0 6.22e+00    -  1.16e-02 6.38e-02h  1
iter    objective    inf_pr   inf_du lg(mu)  ||d||  lg(rg) alpha_du alpha_pr  ls
  20  2.6241076e-01 7.32e+00 2.54e+01  -5.0 5.60e+00    -  2.81e-05 2.13e-03h  1
  21  2.7195985e-01 7.24e+00 2.57e+01  -5.0 5.59e+00    -  4.07e-03 1.11e-02h  1
  22  2.9596021e-01 7.04e+00 3.16e+01  -5.0 5.69e+00    -  2.85e-02 2.74e-02h  1
  23  2.9663780e-01 7.03e+00 3.15e+01  -5.0 5.52e+00    -  5.88e-03 7.96e-04h  1
  24  3.6709660e-01 6.45e+00 3.90e+01  -5.0 5.52e+00    -  1.04e-02 8.28e-02h  1
  25  3.8741353e-01 6.28e+00 4.14e+01  -5.0 4.86e+00    -  5.92e-03 2.71e-02h  1
  26  4.6494640e-01 5.62e+00 4.87e+01  -5.0 4.84e+00    -  9.30e-02 1.04e-01h  1
  27  4.7922291e-01 5.50e+00 4.52e+01  -5.0 8.79e+00    -  8.83e-02 2.21e-02h  1
  28  4.9776101e-01 5.34e+00 4.70e+01  -5.0 7.12e+00    -  2.69e-02 2.91e-02h  1
  29  9.3715225e-01 1.63e+00 1.07e+02  -5.0 4.10e+00    -  1.49e-01 6.94e-01h  1
iter    objective    inf_pr   inf_du lg(mu)  ||d||  lg(rg) alpha_du alpha_pr  ls
  30  9.3736592e-01 1.63e+00 1.07e+02  -5.0 1.11e+00    -  2.45e-05 1.25e-03h  1
  31  9.9633204e-01 1.07e+00 9.19e+01  -5.0 1.11e+00    -  5.14e-02 3.46e-01h  1
  32  1.1067379e+00 1.09e-03 5.96e+01  -5.0 7.16e-01    -  2.20e-01 1.00e+00h  1
  33  1.1066467e+00 9.17e-04 2.33e+01  -5.0 2.33e-02    -  6.10e-01 1.62e-01h  1
  34  1.1032838e+00 7.54e-07 9.58e+00  -5.0 2.20e-02    -  5.90e-01 1.00e+00f  1
  35  1.1031857e+00 1.60e-07 1.21e+00  -5.0 3.73e-03    -  8.74e-01 1.00e+00h  1
  36  1.1028391e+00 5.52e-07 4.79e-02  -5.0 9.14e-03    -  9.63e-01 1.00e+00h  1
  37  1.1023860e+00 5.50e-06 4.18e-02  -5.0 8.95e-02    -  1.08e-01 1.00e+00h  1
  38  1.1018865e+00 8.35e-07 3.20e-02  -5.0 2.04e-02    -  2.69e-01 1.00e+00h  1
  39  1.1011774e+00 9.30e-07 1.68e-02  -5.0 1.72e-02    -  9.40e-01 1.00e+00h  1
iter    objective    inf_pr   inf_du lg(mu)  ||d||  lg(rg) alpha_du alpha_pr  ls
  40  1.1004927e+00 1.66e-06 1.60e-02  -5.0 1.58e-02    -  7.60e-01 1.00e+00h  1
  41  1.0997943e+00 9.36e-07 1.64e-02  -5.0 1.64e-02    -  1.00e+00 1.00e+00h  1
  42  1.0990962e+00 9.09e-07 1.63e-02  -5.0 1.63e-02    -  1.00e+00 1.00e+00h  1
  43  1.0983971e+00 9.02e-07 1.63e-02  -5.0 1.63e-02    -  1.00e+00 1.00e+00h  1
  44  1.0976978e+00 8.98e-07 1.64e-02  -5.0 1.63e-02    -  1.00e+00 1.00e+00h  1
  45  1.0969981e+00 8.96e-07 1.64e-02  -5.0 1.64e-02    -  1.00e+00 1.00e+00h  1
  46  1.0962983e+00 9.00e-07 1.64e-02  -5.0 1.64e-02    -  1.00e+00 1.00e+00h  1
  47  1.0955981e+00 9.06e-07 1.64e-02  -5.0 1.64e-02    -  1.00e+00 1.00e+00h  1
  48  1.0948976e+00 9.05e-07 1.64e-02  -5.0 1.64e-02    -  1.00e+00 1.00e+00h  1
  49  1.0941968e+00 9.05e-07 1.64e-02  -5.0 1.64e-02    -  1.00e+00 1.00e+00h  1
iter    objective    inf_pr   inf_du lg(mu)  ||d||  lg(rg) alpha_du alpha_pr  ls
  50  1.0934957e+00 9.05e-07 1.64e-02  -5.0 1.64e-02    -  1.00e+00 1.00e+00h  1
  51  1.0927943e+00 9.05e-07 1.64e-02  -5.0 1.64e-02    -  1.00e+00 1.00e+00h  1
  52  1.0920926e+00 9.07e-07 1.64e-02  -5.0 1.64e-02    -  1.00e+00 1.00e+00h  1
  53  1.0913905e+00 9.08e-07 1.64e-02  -5.0 1.64e-02    -  1.00e+00 1.00e+00h  1
  54  1.0906882e+00 9.09e-07 1.64e-02  -5.0 1.64e-02    -  1.00e+00 1.00e+00h  1
  55  1.0899856e+00 9.11e-07 1.65e-02  -5.0 1.65e-02    -  1.00e+00 1.00e+00h  1
  56  1.0892828e+00 9.13e-07 1.65e-02  -5.0 1.65e-02    -  1.00e+00 1.00e+00h  1
  57  1.0885797e+00 9.20e-07 1.65e-02  -5.0 1.65e-02    -  1.00e+00 1.00e+00h  1
  58  1.0878764e+00 9.21e-07 1.65e-02  -5.0 1.65e-02    -  1.00e+00 1.00e+00h  1
  59  1.0871728e+00 9.23e-07 1.65e-02  -5.0 1.65e-02    -  1.00e+00 1.00e+00h  1
iter    objective    inf_pr   inf_du lg(mu)  ||d||  lg(rg) alpha_du alpha_pr  ls
  60  1.0864689e+00 9.24e-07 1.65e-02  -5.0 1.65e-02    -  1.00e+00 1.00e+00h  1
  61  1.0857648e+00 9.25e-07 1.65e-02  -5.0 1.65e-02    -  1.00e+00 1.00e+00h  1
  62  1.0850605e+00 9.33e-07 1.65e-02  -5.0 1.65e-02    -  1.00e+00 1.00e+00h  1
  63  1.0843559e+00 9.35e-07 1.65e-02  -5.0 1.65e-02    -  1.00e+00 1.00e+00h  1
  64  1.0836512e+00 9.37e-07 1.65e-02  -5.0 1.65e-02    -  1.00e+00 1.00e+00h  1
  65  1.0829462e+00 9.39e-07 1.65e-02  -5.0 1.65e-02    -  1.00e+00 1.00e+00h  1
  66  1.0822410e+00 9.41e-07 1.65e-02  -5.0 1.65e-02    -  1.00e+00 1.00e+00h  1
  67  1.0815357e+00 9.44e-07 1.65e-02  -5.0 1.65e-02    -  1.00e+00 1.00e+00h  1
  68  1.0808302e+00 9.46e-07 1.65e-02  -5.0 1.65e-02    -  1.00e+00 1.00e+00h  1
  69  1.0801246e+00 9.49e-07 1.65e-02  -5.0 1.65e-02    -  1.00e+00 1.00e+00h  1
iter    objective    inf_pr   inf_du lg(mu)  ||d||  lg(rg) alpha_du alpha_pr  ls
  70  1.0794187e+00 9.52e-07 1.66e-02  -5.0 1.66e-02    -  1.00e+00 1.00e+00h  1
  71  1.0787127e+00 9.54e-07 1.66e-02  -5.0 1.66e-02    -  1.00e+00 1.00e+00h  1
  72  1.0780065e+00 9.61e-07 1.66e-02  -5.0 1.66e-02    -  1.00e+00 1.00e+00h  1
  73  1.0773002e+00 9.66e-07 1.66e-02  -5.0 1.66e-02    -  1.00e+00 1.00e+00h  1
  74  1.0765938e+00 9.69e-07 1.66e-02  -5.0 1.66e-02    -  1.00e+00 1.00e+00h  1
  75  1.0758872e+00 9.72e-07 1.66e-02  -5.0 1.66e-02    -  1.00e+00 1.00e+00h  1
  76  1.0751806e+00 9.75e-07 1.66e-02  -5.0 1.66e-02    -  1.00e+00 1.00e+00h  1
  77  1.0744738e+00 9.78e-07 1.66e-02  -5.0 1.66e-02    -  1.00e+00 1.00e+00h  1
  78  1.0737670e+00 9.81e-07 1.66e-02  -5.0 1.66e-02    -  1.00e+00 1.00e+00h  1
  79  1.0730601e+00 9.85e-07 1.66e-02  -5.0 1.66e-02    -  1.00e+00 1.00e+00h  1
iter    objective    inf_pr   inf_du lg(mu)  ||d||  lg(rg) alpha_du alpha_pr  ls
  80  1.0723531e+00 9.88e-07 1.66e-02  -5.0 1.66e-02    -  1.00e+00 1.00e+00h  1
  81  1.0716461e+00 9.92e-07 1.66e-02  -5.0 1.66e-02    -  1.00e+00 1.00e+00h  1
  82  1.0709391e+00 9.95e-07 1.66e-02  -5.0 1.66e-02    -  1.00e+00 1.00e+00h  1
  83  1.0702320e+00 1.00e-06 1.66e-02  -5.0 1.66e-02    -  1.00e+00 1.00e+00h  1
  84  1.0695250e+00 1.01e-06 1.66e-02  -5.0 1.66e-02    -  1.00e+00 1.00e+00h  1
  85  1.0688180e+00 1.01e-06 1.66e-02  -5.0 1.66e-02    -  1.00e+00 1.00e+00h  1
  86  1.0681110e+00 1.02e-06 1.66e-02  -5.0 1.66e-02    -  1.00e+00 1.00e+00h  1
  87  1.0674040e+00 1.02e-06 1.66e-02  -5.0 1.66e-02    -  1.00e+00 1.00e+00h  1
  88  1.0666972e+00 1.02e-06 1.66e-02  -5.0 1.66e-02    -  1.00e+00 1.00e+00h  1
  89  1.0659905e+00 1.03e-06 1.65e-02  -5.0 1.66e-02    -  1.00e+00 1.00e+00h  1
iter    objective    inf_pr   inf_du lg(mu)  ||d||  lg(rg) alpha_du alpha_pr  ls
  90  1.0296191e+00 1.63e-02 1.55e-02  -5.0 2.69e+01    -  1.07e-02 1.31e-02f  1
  91  1.0092988e+00 1.44e-02 1.51e-02  -5.0 4.77e+01    -  6.64e-03 3.85e-03h  1
  92  1.0001934e+00 1.06e-02 1.51e-02  -5.0 7.76e+00    -  3.33e-02 1.63e-02h  1
  93  9.9958908e-01 6.75e-03 1.39e-02  -5.0 3.43e+00    -  6.35e-02 5.99e-02h  1
  94  9.9904997e-01 1.81e-03 1.26e-02  -5.0 1.73e+00    -  7.12e-02 7.16e-02h  1
  95  9.9825036e-01 6.56e-03 1.17e-02  -5.0 3.38e+00    -  4.23e-02 4.04e-02h  1
  96  9.9683847e-01 5.55e-03 1.00e-02  -5.0 6.77e+00    -  7.11e-02 7.96e-02h  1
  97  9.9553999e-01 4.50e-03 1.10e-02  -5.0 1.79e+00    -  3.76e-02 1.93e-01h  1
  98  9.9577530e-01 4.36e-03 1.08e-02  -5.0 3.17e-01    -  7.86e-03 4.27e-02h  1
  99  9.9602516e-01 4.20e-03 1.66e-02  -5.0 3.37e-01    -  1.39e-01 4.20e-02h  1
iter    objective    inf_pr   inf_du lg(mu)  ||d||  lg(rg) alpha_du alpha_pr  ls
 100  9.9668407e-01 3.76e-03 4.75e-02  -5.0 4.63e-01    -  2.01e-01 1.09e-01h  1
 101  1.0000057e+00 1.51e-03 1.29e-01  -5.0 4.68e-01    -  7.26e-01 5.96e-01h  1
 102  1.0020009e+00 1.74e-05 6.01e-02  -5.0 1.95e-01    -  1.00e+00 1.00e+00h  1
 103  1.0019090e+00 8.79e-07 1.37e-02  -5.0 3.46e-02    -  7.96e-01 1.00e+00h  1
 104  1.0018699e+00 7.27e-07 6.40e-03  -5.0 3.45e-02    -  1.00e+00 1.00e+00h  1
 105  1.0018222e+00 4.92e-07 4.27e-03  -5.0 2.19e-02    -  1.00e+00 1.00e+00h  1
 106  1.0017837e+00 1.21e-07 3.11e-03  -5.0 3.10e-03    -  1.00e+00 1.00e+00h  1
 107  1.0017496e+00 8.23e-08 3.27e-03  -5.0 3.27e-03    -  1.00e+00 1.00e+00h  1
 108  1.0017139e+00 6.98e-08 3.22e-03  -5.0 3.22e-03    -  1.00e+00 1.00e+00h  1
 109  1.0016776e+00 6.35e-08 3.20e-03  -5.0 3.20e-03    -  1.00e+00 1.00e+00h  1
iter    objective    inf_pr   inf_du lg(mu)  ||d||  lg(rg) alpha_du alpha_pr  ls
 110  1.0016411e+00 6.05e-08 3.19e-03  -5.0 3.19e-03    -  1.00e+00 1.00e+00h  1
 111  1.0016045e+00 5.90e-08 3.18e-03  -5.0 3.18e-03    -  1.00e+00 1.00e+00h  1
 112  1.0015679e+00 5.82e-08 3.18e-03  -5.0 3.18e-03    -  1.00e+00 1.00e+00h  1
 113  1.0015313e+00 5.78e-08 3.18e-03  -5.0 3.17e-03    -  1.00e+00 1.00e+00h  1
 114  1.0014947e+00 5.74e-08 3.17e-03  -5.0 3.17e-03    -  1.00e+00 1.00e+00h  1
 115  1.0014582e+00 5.71e-08 3.17e-03  -5.0 3.16e-03    -  1.00e+00 1.00e+00h  1
 116  1.0014217e+00 5.69e-08 3.16e-03  -5.0 3.16e-03    -  1.00e+00 1.00e+00h  1
 117  1.0013852e+00 5.66e-08 3.15e-03  -5.0 3.15e-03    -  1.00e+00 1.00e+00h  1
 118  1.0013489e+00 5.63e-08 3.15e-03  -5.0 3.15e-03    -  1.00e+00 1.00e+00h  1
 119  1.0013126e+00 5.60e-08 3.14e-03  -5.0 3.14e-03    -  1.00e+00 1.00e+00h  1
iter    objective    inf_pr   inf_du lg(mu)  ||d||  lg(rg) alpha_du alpha_pr  ls
 120  1.0012764e+00 5.56e-08 3.13e-03  -5.0 3.13e-03    -  1.00e+00 1.00e+00h  1
 121  1.0012402e+00 5.52e-08 3.11e-03  -5.0 3.11e-03    -  1.00e+00 1.00e+00h  1
 122  1.0012043e+00 5.47e-08 3.10e-03  -5.0 3.10e-03    -  1.00e+00 1.00e+00h  1
 123  1.0011684e+00 5.40e-08 3.08e-03  -5.0 3.08e-03    -  1.00e+00 1.00e+00h  1
 124  1.0011327e+00 5.31e-08 3.05e-03  -5.0 3.05e-03    -  1.00e+00 1.00e+00h  1
 125  1.0010973e+00 5.19e-08 3.01e-03  -5.0 3.01e-03    -  1.00e+00 1.00e+00h  1
 126  1.0010622e+00 5.01e-08 2.96e-03  -5.0 2.96e-03    -  1.00e+00 1.00e+00h  1
 127  1.0010275e+00 4.72e-08 2.87e-03  -5.0 2.87e-03    -  1.00e+00 1.00e+00h  1
 128  1.0009935e+00 4.21e-08 2.71e-03  -5.0 2.71e-03    -  1.00e+00 1.00e+00h  1
 129  1.0009607e+00 3.14e-08 2.40e-03  -5.0 2.40e-03    -  1.00e+00 1.00e+00h  1
iter    objective    inf_pr   inf_du lg(mu)  ||d||  lg(rg) alpha_du alpha_pr  ls
 130  1.0009303e+00 2.33e-08 1.68e-03  -5.0 1.73e-03    -  1.00e+00 1.00e+00h  1
 131  1.0009065e+00 4.07e-08 4.21e-04  -5.0 3.03e-03    -  1.00e+00 1.00e+00h  1
 132  1.0008955e+00 3.75e-08 2.49e-04  -5.0 2.32e-03    -  1.00e+00 1.00e+00h  1
 133  1.0008913e+00 1.97e-08 1.23e-04  -5.0 1.08e-03    -  1.00e+00 1.00e+00h  1
 134  1.0008895e+00 1.07e-08 5.98e-05  -5.0 4.72e-04    -  1.00e+00 1.00e+00h  1

Number of Iterations....: 134

                                   (scaled)                 (unscaled)
Objective...............:   1.0008894555685619e+00    1.0008894555685619e+00
Dual infeasibility......:   5.9795702890986489e-05    5.9795702890986489e-05
Constraint violation....:   1.0729485858709532e-08    1.0729485858709532e-08
Complementarity.........:   1.0000000000000003e-05    1.0000000000000003e-05
Overall NLP error.......:   5.9795702890986489e-05    5.9795702890986489e-05


Number of objective function evaluations             = 138
Number of objective gradient evaluations             = 135
Number of equality constraint evaluations            = 138
Number of inequality constraint evaluations          = 138
Number of equality constraint Jacobian evaluations   = 135
Number of inequality constraint Jacobian evaluations = 135
Number of Lagrangian Hessian evaluations             = 0
Total CPU secs in IPOPT (w/o function evaluations)   =      0.918
Total CPU secs in NLP function evaluations           =     63.526

EXIT: Optimal Solution Found.
