
List of user-set options:

                                    Name   Value                used
              acceptable_constr_viol_tol = 0.001                 yes
                          acceptable_tol = 0.01                  yes
                             alpha_for_y = safer-min-dual-infeas  yes
                         constr_viol_tol = 0.001                 yes
                        file_print_level = 5                     yes
                   hessian_approximation = limited-memory        yes
                           linear_solver = mumps                 yes
                                max_iter = 66                    yes
                                 mu_init = 1e-05                 yes
                             mu_strategy = monotone              yes
                      nlp_scaling_method = gradient-based        yes
                             output_file = /home/kaleb/projects/learning/AAD-design/sardines/SARDINE_optimization13_out/IPOPT.out  yes
                             print_level = 5                     yes
                      print_user_options = yes                   yes
                                      sb = yes                   yes
                                     tol = 0.001                 yes
This is Ipopt version 3.11.9, running with linear solver mumps.
NOTE: Other linear solvers might be more efficient (see Ipopt documentation).

Number of nonzeros in equality constraint Jacobian...:    11828
Number of nonzeros in inequality constraint Jacobian.:     4160
Number of nonzeros in Lagrangian Hessian.............:        0

Total number of variables............................:      215
                     variables with only lower bounds:        2
                variables with lower and upper bounds:      213
                     variables with only upper bounds:        0
Total number of equality constraints.................:      206
Total number of inequality constraints...............:      124
        inequality constraints with only lower bounds:       20
   inequality constraints with lower and upper bounds:       64
        inequality constraints with only upper bounds:       40

iter    objective    inf_pr   inf_du lg(mu)  ||d||  lg(rg) alpha_du alpha_pr  ls
   0  5.3995626e-06 1.96e+01 1.00e+00  -5.0 0.00e+00    -  0.00e+00 0.00e+00   0
   1  8.3350854e-06 1.92e+01 9.97e-01  -5.0 5.28e+00    -  6.92e-03 1.62e-02h  1
   2  8.4434187e-06 1.92e+01 1.11e+00  -5.0 4.44e+00    -  1.59e-02 9.42e-04h  1
   3  1.8220159e-05 1.82e+01 1.10e+00  -5.0 4.20e+00    -  1.53e-02 5.15e-02h  1
   4  6.0455799e-05 1.78e+01 1.09e+00  -5.0 3.19e+00    -  1.05e-02 2.45e-02h  1
   5  2.2896258e-04 1.61e+01 1.05e+00  -5.0 3.34e+00    -  3.26e-02 9.33e-02h  1
   6r 2.2896258e-04 1.61e+01 9.99e+02   1.2 0.00e+00    -  0.00e+00 2.56e-07R  3
   7r 2.1465256e-04 1.63e+01 9.99e+02   1.2 3.27e+06    -  1.26e-06 4.77e-08f  5
   8r 2.4828742e-04 1.31e+01 9.99e+02   1.2 1.36e+03    -  8.47e-05 2.34e-03f  1
   9r 2.4828742e-04 1.31e+01 9.99e+02   1.1 0.00e+00    -  0.00e+00 2.74e-07R  3
iter    objective    inf_pr   inf_du lg(mu)  ||d||  lg(rg) alpha_du alpha_pr  ls
  10r 2.4052852e-04 1.32e+01 9.99e+02   1.1 2.82e+05    -  1.45e-05 2.98e-07f  6
  11r 2.9307765e-04 1.01e+01 9.98e+02   1.1 1.29e+03    -  8.09e-04 2.40e-03f  1
  12  3.0740302e-04 1.00e+01 1.37e+00  -5.0 3.33e+00    -  8.02e-02 7.97e-03h  1
  13  3.7236134e-04 9.71e+00 1.37e+00  -5.0 4.14e+00    -  4.85e-02 3.08e-02h  1
  14  3.9271481e-04 9.62e+00 1.40e+00  -5.0 4.24e+00    -  4.35e-02 8.91e-03h  1
  15  7.4264735e-04 8.09e+00 4.57e+00  -5.0 4.28e+00    -  3.17e-02 1.59e-01h  1
  16  9.0472495e-04 7.37e+00 5.82e+00  -5.0 5.06e+00    -  1.46e-01 8.94e-02h  1
  17  1.1281438e-03 6.39e+00 6.45e+00  -5.0 3.15e+00    -  1.60e-01 1.33e-01h  1
  18  1.7365720e-03 3.70e+00 6.99e+00  -5.0 2.74e+00    -  2.68e-01 4.21e-01h  1
  19  2.5616194e-03 3.28e-04 1.03e+01  -5.0 1.59e+00    -  6.01e-01 1.00e+00h  1
iter    objective    inf_pr   inf_du lg(mu)  ||d||  lg(rg) alpha_du alpha_pr  ls
  20  2.5567121e-03 1.25e-06 5.52e-01  -5.0 2.30e-02    -  9.48e-01 1.00e+00h  1
  21  2.5566880e-03 1.43e-07 2.56e-03  -5.0 2.31e-03    -  9.95e-01 1.00e+00h  1
  22  2.5569168e-03 4.11e-05 3.24e-03  -5.0 6.14e+00    -  1.39e-02 1.12e-01f  1
  23  2.5566034e-03 1.39e-05 2.35e-03  -5.0 5.48e-01    -  1.37e-01 1.00e+00f  1
  24  2.5565301e-03 3.49e-06 2.37e-03  -5.0 9.69e-02    -  1.00e+00 1.00e+00h  1
  25  2.5564930e-03 3.44e-06 2.34e-03  -5.0 1.04e-01    -  1.00e+00 1.00e+00h  1
  26  2.5564720e-03 3.01e-06 2.06e-03  -5.0 9.59e-02    -  1.00e+00 1.00e+00h  1
  27  2.5564568e-03 2.71e-06 1.86e-03  -5.0 9.11e-02    -  1.00e+00 1.00e+00h  1
  28  2.5564442e-03 2.45e-06 1.68e-03  -5.0 8.71e-02    -  1.00e+00 1.00e+00h  1
  29  2.5564328e-03 2.21e-06 1.53e-03  -5.0 8.60e-02    -  1.00e+00 1.00e+00h  1
iter    objective    inf_pr   inf_du lg(mu)  ||d||  lg(rg) alpha_du alpha_pr  ls
  30  2.5564234e-03 2.02e-06 1.40e-03  -5.0 8.32e-02    -  1.00e+00 1.00e+00h  1
  31  2.5564154e-03 1.85e-06 1.28e-03  -5.0 8.08e-02    -  1.00e+00 1.00e+00h  1
  32  2.5585362e-03 1.42e-04 5.35e-04  -5.0 6.05e+00    -  8.67e-01 1.00e+00h  1

Number of Iterations....: 32

                                   (scaled)                 (unscaled)
Objective...............:   2.5585362132653252e-03    2.5585362132653252e-03
Dual infeasibility......:   5.3496023384417939e-04    5.3496023384417939e-04
Constraint violation....:   1.4195169733861816e-04    1.4195169733861816e-04
Complementarity.........:   1.0050791060727537e-05    1.0050791060727537e-05
Overall NLP error.......:   5.3496023384417939e-04    5.3496023384417939e-04


Number of objective function evaluations             = 50
Number of objective gradient evaluations             = 31
Number of equality constraint evaluations            = 50
Number of inequality constraint evaluations          = 50
Number of equality constraint Jacobian evaluations   = 35
Number of inequality constraint Jacobian evaluations = 35
Number of Lagrangian Hessian evaluations             = 0
Total CPU secs in IPOPT (w/o function evaluations)   =      0.807
Total CPU secs in NLP function evaluations           =     22.995

EXIT: Optimal Solution Found.
