
List of user-set options:

                                    Name   Value                used
              acceptable_constr_viol_tol = 0.001                 yes
                          acceptable_tol = 0.01                  yes
                             alpha_for_y = safer-min-dual-infeas  yes
                         constr_viol_tol = 0.001                 yes
                        file_print_level = 5                     yes
                   hessian_approximation = limited-memory        yes
                           linear_solver = mumps                 yes
                                max_iter = 66                    yes
                                 mu_init = 1e-05                 yes
                             mu_strategy = monotone              yes
                      nlp_scaling_method = gradient-based        yes
                             output_file = /home/kaleb/projects/learning/AAD-design/sardines/SARDINE_optimization21_out/IPOPT.out  yes
                             print_level = 5                     yes
                      print_user_options = yes                   yes
                                      sb = yes                   yes
                                     tol = 0.001                 yes
This is Ipopt version 3.11.9, running with linear solver mumps.
NOTE: Other linear solvers might be more efficient (see Ipopt documentation).

Number of nonzeros in equality constraint Jacobian...:     4707
Number of nonzeros in inequality constraint Jacobian.:     1910
Number of nonzeros in Lagrangian Hessian.............:        0

Total number of variables............................:      126
                     variables with only lower bounds:        2
                variables with lower and upper bounds:      124
                     variables with only upper bounds:        0
Total number of equality constraints.................:      120
Total number of inequality constraints...............:       82
        inequality constraints with only lower bounds:       20
   inequality constraints with lower and upper bounds:       42
        inequality constraints with only upper bounds:       20

iter    objective    inf_pr   inf_du lg(mu)  ||d||  lg(rg) alpha_du alpha_pr  ls
   0  5.3995626e-06 1.96e+01 1.00e+00  -5.0 0.00e+00    -  0.00e+00 0.00e+00   0
   1  1.0391997e-05 1.87e+01 1.05e+00  -5.0 5.88e+00    -  4.19e-02 4.40e-02h  1
   2  1.1714865e-05 1.86e+01 1.24e+00  -5.0 1.72e+01    -  2.00e-02 2.60e-03h  1
   3  2.2699406e-05 1.86e+01 1.25e+00  -5.0 1.09e+02    -  2.74e-03 4.22e-03h  1
   4  5.5387222e-04 1.51e+01 1.19e+01  -5.0 5.16e+01    -  2.30e-03 1.84e-01h  1
   5  1.0125649e-03 1.23e+01 1.49e+01  -5.0 4.53e+00    -  1.40e-01 1.87e-01h  1
   6  1.3723799e-03 1.00e+01 1.31e+01  -5.0 3.63e+00    -  3.17e-01 1.84e-01h  3
   7  1.5609589e-03 8.85e+00 1.08e+01  -5.0 3.20e+00    -  4.65e-01 1.19e-01h  3
   8  1.6171943e-03 8.49e+00 7.67e+00  -5.0 3.25e+00    -  5.36e-01 4.10e-02h  4
   9  1.6420485e-03 8.33e+00 3.58e+00  -5.0 2.41e+00    -  6.63e-01 1.91e-02h  5
iter    objective    inf_pr   inf_du lg(mu)  ||d||  lg(rg) alpha_du alpha_pr  ls
  10  1.6588221e-03 8.21e+00 6.62e+00  -5.0 8.66e+00    -  3.17e-01 1.33e-02h  6
  11  2.4154111e-03 3.05e+00 1.88e+01  -5.0 1.56e+01    -  2.28e-01 6.29e-01h  1
  12  2.5090826e-03 2.31e+00 1.28e+01  -5.0 8.35e+00    -  3.54e-01 2.42e-01h  1
  13  2.8052260e-03 2.07e-04 6.05e+00  -5.0 8.91e+00    -  5.69e-01 1.00e+00h  1
  14  2.8034443e-03 4.02e-07 6.39e-01  -5.0 3.97e-02    -  8.94e-01 1.00e+00h  1
  15  2.8034575e-03 9.90e-08 6.92e-04  -5.0 1.36e-02    -  9.99e-01 1.00e+00h  1
  16  3.2438379e-03 1.14e-02 9.03e-04  -5.0 9.90e+00    -  5.03e-02 1.00e+00f  1
  17  3.0926944e-03 1.29e-03 1.58e-04  -5.0 3.10e+00    -  7.50e-01 1.00e+00h  1
  18  3.0170832e-03 7.58e-03 2.89e-04  -5.0 4.86e+00    -  6.27e-01 1.00e+00h  1
  19  3.0170132e-03 2.36e-05 5.35e-03  -5.0 2.89e+00    -  5.14e-01 1.00e+00h  1
iter    objective    inf_pr   inf_du lg(mu)  ||d||  lg(rg) alpha_du alpha_pr  ls
  20  3.0171579e-03 7.12e-06 2.27e-03  -5.0 7.04e-02    -  1.00e+00 1.00e+00h  1
  21  3.0172036e-03 1.47e-06 8.92e-04  -5.0 3.82e-02    -  1.00e+00 1.00e+00h  1

Number of Iterations....: 21

                                   (scaled)                 (unscaled)
Objective...............:   3.0172035983294125e-03    3.0172035983294125e-03
Dual infeasibility......:   8.9197701843260425e-04    8.9197701843260425e-04
Constraint violation....:   1.4680709654834180e-06    1.4680709654834180e-06
Complementarity.........:   1.0235581373423776e-05    1.0235581373423776e-05
Overall NLP error.......:   8.9197701843260425e-04    8.9197701843260425e-04


Number of objective function evaluations             = 38
Number of objective gradient evaluations             = 22
Number of equality constraint evaluations            = 38
Number of inequality constraint evaluations          = 38
Number of equality constraint Jacobian evaluations   = 22
Number of inequality constraint Jacobian evaluations = 22
Number of Lagrangian Hessian evaluations             = 0
Total CPU secs in IPOPT (w/o function evaluations)   =      0.531
Total CPU secs in NLP function evaluations           =     11.280

EXIT: Optimal Solution Found.
