
List of user-set options:

                                    Name   Value                used
              acceptable_constr_viol_tol = 0.0001                yes
                          acceptable_tol = 0.001                 yes
                             alpha_for_y = safer-min-dual-infeas  yes
                         constr_viol_tol = 0.0001                yes
                        file_print_level = 5                     yes
                   hessian_approximation = limited-memory        yes
                           linear_solver = mumps                 yes
                                max_iter = 200                   yes
                                 mu_init = 1e-05                 yes
                             mu_strategy = monotone              yes
                      nlp_scaling_method = gradient-based        yes
                             output_file = /home/kaleb/projects/learning/AAD-design/sardines/SARDINE_optimization26_out/IPOPT.out  yes
                             print_level = 5                     yes
                      print_user_options = yes                   yes
                                      sb = yes                   yes
                                     tol = 0.0001                yes
This is Ipopt version 3.11.9, running with linear solver mumps.
NOTE: Other linear solvers might be more efficient (see Ipopt documentation).

Number of nonzeros in equality constraint Jacobian...:    11716
Number of nonzeros in inequality constraint Jacobian.:     4156
Number of nonzeros in Lagrangian Hessian.............:        0

Total number of variables............................:      213
                     variables with only lower bounds:        2
                variables with lower and upper bounds:      211
                     variables with only upper bounds:        0
Total number of equality constraints.................:      200
Total number of inequality constraints...............:      124
        inequality constraints with only lower bounds:       20
   inequality constraints with lower and upper bounds:       64
        inequality constraints with only upper bounds:       40

iter    objective    inf_pr   inf_du lg(mu)  ||d||  lg(rg) alpha_du alpha_pr  ls
   0  1.5427322e-03 1.08e+01 1.00e+00  -5.0 0.00e+00    -  0.00e+00 0.00e+00   0
   1  2.3919709e-03 1.05e+01 2.73e+00  -5.0 4.06e+00    -  2.46e-03 3.03e-02h  1
   2  2.4468142e-03 1.04e+01 2.73e+00  -5.0 4.56e+00    -  2.86e-02 7.97e-04h  1
   3  1.3021009e-02 9.80e+00 8.03e+00  -5.0 4.48e+00    -  1.42e-02 6.22e-02h  1
   4  1.5405667e-02 9.70e+00 8.55e+00  -5.0 5.11e+00    -  3.83e-02 9.87e-03h  1
   5  2.6073035e-02 9.43e+00 9.70e+00  -5.0 1.21e+01    -  3.08e-02 2.78e-02h  1
   6  3.2643256e-02 9.28e+00 9.48e+00  -5.0 1.43e+01    -  4.79e-02 1.54e-02h  1
   7  4.0560998e-02 9.10e+00 1.33e+01  -5.0 1.28e+01    -  2.22e-02 2.01e-02h  1
   8  4.0725097e-02 9.09e+00 1.01e+01  -5.0 2.10e+01    -  1.84e-03 1.24e-03h  1
   9r 4.0725097e-02 9.09e+00 9.99e+02   1.0 0.00e+00    -  0.00e+00 5.14e-08R  2
iter    objective    inf_pr   inf_du lg(mu)  ||d||  lg(rg) alpha_du alpha_pr  ls
  10r 4.0690122e-02 9.09e+00 9.99e+02   1.0 7.39e+04    -  6.14e-08 4.07e-07f  1
  11r 4.1941423e-02 8.84e+00 9.99e+02   1.0 1.14e+03    -  3.66e-05 6.46e-04f  1
  12r 5.5863833e-02 6.41e+00 9.99e+02   1.0 4.91e+02    -  3.34e-04 4.96e-03f  1
  13r 7.2244515e-02 3.75e+00 9.97e+02   1.0 4.63e+02    -  1.74e-03 5.74e-03f  1
  14r 8.8063172e-02 1.13e+00 9.89e+02   1.0 4.09e+02    -  1.42e-02 6.41e-03f  1
  15  1.0000950e-01 1.09e+00 7.35e+01  -5.0 9.06e+00    -  2.71e-02 3.00e-02h  1
  16  1.0444467e-01 1.08e+00 7.26e+01  -5.0 8.03e+00    -  4.65e-02 1.18e-02h  1
  17  1.1934079e-01 1.06e+00 6.97e+01  -5.0 9.16e+00    -  5.89e-02 2.08e-02h  1
  18  3.3304939e-01 8.03e-01 6.92e+01  -5.0 5.74e+00    -  6.80e-02 2.41e-01h  1
  19  3.5022009e-01 7.85e-01 7.07e+01  -5.0 5.18e+00    -  3.16e-05 2.15e-02h  1
iter    objective    inf_pr   inf_du lg(mu)  ||d||  lg(rg) alpha_du alpha_pr  ls
  20  6.3914333e-01 4.84e-01 3.61e+01  -5.0 4.88e+00    -  2.70e-01 3.84e-01h  1
  21  7.4105136e-01 3.70e-01 2.46e+01  -5.0 2.81e+00    -  1.94e-01 2.35e-01h  1
  22  7.5168470e-01 3.29e-01 2.64e+01  -5.0 4.52e+00    -  3.01e-04 1.10e-01h  1
  23  7.5208311e-01 3.29e-01 2.46e+01  -5.0 7.63e+00    -  9.31e-02 2.01e-03h  1
  24  7.6612551e-01 2.79e-01 2.45e+01  -5.0 3.26e+00    -  2.05e-03 1.51e-01h  1
  25  7.6652456e-01 2.78e-01 2.16e+01  -5.0 7.39e+00    -  1.78e-01 2.55e-03h  1
  26  7.9229616e-01 2.33e-01 2.77e+01  -5.0 7.52e+00    -  1.08e-01 1.63e-01h  1
  27  7.9258048e-01 2.32e-01 2.72e+01  -5.0 6.34e+00    -  1.63e-02 2.12e-03h  1
  28  8.4692031e-01 1.50e-01 2.61e+01  -5.0 1.31e+00    -  3.24e-01 3.53e-01h  1
  29  8.6871759e-01 1.19e-01 9.38e+00  -5.0 6.70e-01    -  6.51e-01 2.11e-01h  1
iter    objective    inf_pr   inf_du lg(mu)  ||d||  lg(rg) alpha_du alpha_pr  ls
  30  9.1835536e-01 4.88e-02 5.17e+00  -5.0 5.47e-01    -  2.95e-01 5.88e-01h  1
  31  9.5231162e-01 1.58e-05 1.85e+00  -5.0 2.20e-01    -  6.33e-01 1.00e+00h  1
  32  9.5212144e-01 3.87e-07 1.07e-02  -5.0 2.84e-03    -  9.94e-01 1.00e+00h  1
  33  9.5206937e-01 3.72e-06 1.61e-03  -5.0 2.49e-02    -  8.70e-01 1.00e+00f  1
  34  9.5159989e-01 5.05e-04 1.28e-01  -5.0 1.07e+00    -  2.40e-01 2.69e-01h  1
  35  9.5093568e-01 7.34e-05 8.93e-02  -5.0 6.54e-02    -  2.78e-01 1.00e+00h  1
  36  9.5095217e-01 5.59e-07 4.20e-03  -5.0 4.23e-03    -  1.00e+00 1.00e+00h  1
  37  9.5093049e-01 4.63e-07 3.55e-03  -5.0 3.58e-03    -  1.00e+00 1.00e+00h  1
  38  9.5090920e-01 7.17e-07 3.23e-03  -5.0 3.45e-03    -  1.00e+00 1.00e+00h  1
  39  9.5089047e-01 4.25e-07 3.24e-03  -5.0 3.28e-03    -  1.00e+00 1.00e+00h  1
iter    objective    inf_pr   inf_du lg(mu)  ||d||  lg(rg) alpha_du alpha_pr  ls
  40  9.5087238e-01 4.87e-06 4.70e-03  -5.0 3.24e-03    -  1.00e+00 1.00e+00h  1
  41  9.5087032e-01 3.57e-09 1.98e-03  -5.0 2.72e-03    -  1.00e+00 1.00e+00H  1
  42  9.5086869e-01 1.93e-07 2.09e-03  -5.0 1.73e-03    -  1.00e+00 1.00e+00h  1
  43  9.5086685e-01 1.17e-07 2.18e-03  -5.0 1.50e-03    -  1.00e+00 1.00e+00h  1
  44  9.5086579e-01 8.71e-08 1.11e-03  -5.0 1.11e-03    -  1.00e+00 1.00e+00h  1
  45  9.5086416e-01 8.57e-08 1.10e-03  -5.0 1.10e-03    -  1.00e+00 1.00e+00h  1
  46  9.5086243e-01 8.59e-08 1.10e-03  -5.0 1.10e-03    -  1.00e+00 1.00e+00h  1
  47  9.5086070e-01 8.65e-08 1.11e-03  -5.0 1.11e-03    -  1.00e+00 1.00e+00h  1
  48  9.5085898e-01 8.71e-08 1.12e-03  -5.0 1.11e-03    -  1.00e+00 1.00e+00h  1
  49  9.5085728e-01 8.78e-08 1.12e-03  -5.0 1.12e-03    -  1.00e+00 1.00e+00h  1
iter    objective    inf_pr   inf_du lg(mu)  ||d||  lg(rg) alpha_du alpha_pr  ls
  50  9.5085557e-01 8.85e-08 1.13e-03  -5.0 1.13e-03    -  1.00e+00 1.00e+00h  1
  51  9.5085385e-01 8.93e-08 1.14e-03  -5.0 1.14e-03    -  1.00e+00 1.00e+00h  1
  52  9.5085212e-01 9.00e-08 1.15e-03  -5.0 1.15e-03    -  1.00e+00 1.00e+00h  1
  53  9.5085038e-01 9.09e-08 1.16e-03  -5.0 1.15e-03    -  1.00e+00 1.00e+00h  1
  54  9.5084862e-01 9.16e-08 1.16e-03  -5.0 1.16e-03    -  1.00e+00 1.00e+00h  1
  55  9.5084684e-01 9.24e-08 1.17e-03  -5.0 1.17e-03    -  1.00e+00 1.00e+00h  1
  56  9.5084504e-01 9.32e-08 1.18e-03  -5.0 1.18e-03    -  1.00e+00 1.00e+00h  1
  57  9.5084322e-01 9.40e-08 1.19e-03  -5.0 1.19e-03    -  1.00e+00 1.00e+00h  1
  58  9.5084138e-01 9.48e-08 1.20e-03  -5.0 1.20e-03    -  1.00e+00 1.00e+00h  1
  59  9.5083952e-01 9.56e-08 1.20e-03  -5.0 1.21e-03    -  1.00e+00 1.00e+00h  1
iter    objective    inf_pr   inf_du lg(mu)  ||d||  lg(rg) alpha_du alpha_pr  ls
  60  9.5083765e-01 9.63e-08 1.21e-03  -5.0 1.21e-03    -  1.00e+00 1.00e+00h  1
  61  9.5083575e-01 9.71e-08 1.22e-03  -5.0 1.22e-03    -  1.00e+00 1.00e+00h  1
  62  9.5083384e-01 9.79e-08 1.23e-03  -5.0 1.23e-03    -  1.00e+00 1.00e+00h  1
  63  9.5083190e-01 1.06e-06 7.18e-04  -5.0 1.24e-03    -  1.00e+00 1.00e+00h  1
  64  9.5083011e-01 2.83e-07 1.54e-03  -5.0 5.94e-03    -  1.00e+00 1.00e+00h  1
  65  9.5082824e-01 2.98e-07 1.64e-03  -5.0 4.81e-03    -  1.00e+00 1.00e+00h  1
  66  9.5082541e-01 3.15e-07 1.72e-03  -5.0 4.39e-03    -  1.00e+00 1.00e+00h  1
  67  9.5082438e-01 8.66e-08 1.08e-03  -5.0 1.08e-03    -  1.00e+00 1.00e+00h  1
  68  9.5082278e-01 8.45e-08 1.05e-03  -5.0 1.06e-03    -  1.00e+00 1.00e+00h  1
  69  9.5082116e-01 8.41e-08 1.05e-03  -5.0 1.05e-03    -  1.00e+00 1.00e+00h  1
iter    objective    inf_pr   inf_du lg(mu)  ||d||  lg(rg) alpha_du alpha_pr  ls
  70  9.5081962e-01 8.41e-08 1.05e-03  -5.0 1.05e-03    -  1.00e+00 1.00e+00h  1
  71  9.5081815e-01 8.43e-08 1.05e-03  -5.0 1.05e-03    -  1.00e+00 1.00e+00h  1
  72  9.5081674e-01 8.47e-08 1.05e-03  -5.0 1.05e-03    -  1.00e+00 1.00e+00h  1
  73  9.5081537e-01 8.52e-08 1.05e-03  -5.0 1.06e-03    -  1.00e+00 1.00e+00h  1
  74  9.5081402e-01 8.58e-08 1.06e-03  -5.0 1.06e-03    -  1.00e+00 1.00e+00h  1
  75  9.5081268e-01 8.65e-08 1.07e-03  -5.0 1.07e-03    -  1.00e+00 1.00e+00h  1
  76  9.5081134e-01 8.72e-08 1.07e-03  -5.0 1.08e-03    -  1.00e+00 1.00e+00h  1
  77  9.5081000e-01 8.79e-08 1.08e-03  -5.0 1.12e-03    -  1.00e+00 1.00e+00h  1
  78  9.5080865e-01 2.19e-06 2.09e-03  -5.0 1.16e-03    -  1.00e+00 1.00e+00h  1
  79  9.5081053e-01 1.07e-06 7.80e-04  -5.0 2.06e-03    -  1.00e+00 5.00e-01h  2
iter    objective    inf_pr   inf_du lg(mu)  ||d||  lg(rg) alpha_du alpha_pr  ls
  80  9.5081320e-01 9.59e-07 2.44e-03  -5.0 1.86e-03    -  1.00e+00 1.00e+00h  1
  81  9.5081235e-01 2.04e-07 1.27e-03  -5.0 4.29e-04    -  1.00e+00 1.00e+00h  1
  82  9.5081300e-01 2.79e-07 1.94e-03  -5.0 5.20e-04    -  1.00e+00 1.00e+00h  1
  83  9.5081286e-01 8.28e-09 1.92e-03  -5.0 9.84e-05    -  1.00e+00 1.00e+00h  1
  84  9.5081278e-01 2.91e-07 1.18e-03  -5.0 2.75e-04    -  1.00e+00 1.00e+00h  1
  85  9.5081306e-01 3.95e-09 1.20e-03  -5.0 2.56e-04    -  1.00e+00 1.00e+00h  1
  86  9.5081326e-01 3.51e-09 1.22e-03  -5.0 2.18e-04    -  1.00e+00 1.00e+00h  1
  87  9.5081344e-01 4.97e-08 1.96e-03  -5.0 2.00e-04    -  1.00e+00 1.00e+00h  1
  88  9.5081098e-01 3.45e-06 2.07e-03  -5.0 1.27e-03    -  1.00e+00 1.00e+00h  1
  89  9.5081262e-01 1.71e-06 1.12e-03  -5.0 7.26e-04    -  1.00e+00 5.00e-01h  2
iter    objective    inf_pr   inf_du lg(mu)  ||d||  lg(rg) alpha_du alpha_pr  ls
  90  9.5081289e-01 1.50e-06 1.11e-03  -5.0 6.56e-04    -  1.00e+00 1.25e-01h  4
  91  9.5081484e-01 9.94e-10 1.11e-03  -5.0 6.39e-04    -  1.00e+00 1.00e+00H  1
  92  9.5081621e-01 2.28e-09 2.48e-03  -5.0 1.27e-03    -  1.00e+00 1.00e+00H  1
  93  9.5081539e-01 8.94e-10 1.16e-03  -5.0 4.31e-04    -  1.00e+00 1.00e+00H  1
  94  9.5081565e-01 8.58e-10 1.16e-03  -5.0 3.46e-04    -  1.00e+00 1.00e+00H  1
  95  9.5081591e-01 8.23e-10 1.30e-03  -5.0 3.18e-04    -  1.00e+00 1.00e+00H  1
  96  9.5081573e-01 7.74e-10 1.16e-03  -5.0 1.39e-04    -  1.00e+00 1.00e+00H  1
  97  9.5081578e-01 7.43e-10 7.52e-04  -5.0 8.98e-05    -  1.00e+00 1.00e+00H  1
  98  9.5081575e-01 6.99e-10 1.18e-03  -5.0 1.87e-04    -  1.00e+00 1.00e+00H  1
  99  9.5081572e-01 6.58e-10 1.22e-03  -5.0 5.11e-05    -  1.00e+00 1.00e+00H  1
iter    objective    inf_pr   inf_du lg(mu)  ||d||  lg(rg) alpha_du alpha_pr  ls
 100  9.5081569e-01 6.20e-10 8.06e-04  -5.0 4.25e-05    -  1.00e+00 1.00e+00H  1
 101  9.5081569e-01 6.20e-10 8.22e-04  -5.0 5.14e-05    -  1.00e+00 9.77e-04h 11
 102  9.5081568e-01 8.86e-10 8.22e-04  -5.0 5.13e-05    -  1.00e+00 1.00e+00s 22
 103  9.5081566e-01 9.88e-09 1.92e-03  -5.0 4.47e-05    -  1.00e+00 1.00e+00s 22
Restoration phase is called at almost feasible point,
  but acceptable point from iteration 102 could be restored.

Number of Iterations....: 103

                                   (scaled)                 (unscaled)
Objective...............:   9.5081567562523983e-01    9.5081567562523983e-01
Dual infeasibility......:   8.2193959373178134e-04    8.2193959373178134e-04
Constraint violation....:   8.8593023067055681e-10    8.8593023067055681e-10
Complementarity.........:   1.0000000001771602e-05    1.0000000001771602e-05
Overall NLP error.......:   8.2193959373178134e-04    8.2193959373178134e-04


Number of objective function evaluations             = 163
Number of objective gradient evaluations             = 101
Number of equality constraint evaluations            = 163
Number of inequality constraint evaluations          = 163
Number of equality constraint Jacobian evaluations   = 106
Number of inequality constraint Jacobian evaluations = 106
Number of Lagrangian Hessian evaluations             = 0
Total CPU secs in IPOPT (w/o function evaluations)   =      0.791
Total CPU secs in NLP function evaluations           =     65.716

EXIT: Solved To Acceptable Level.
