
List of user-set options:

                                    Name   Value                used
              acceptable_constr_viol_tol = 0.0001                yes
                          acceptable_tol = 0.001                 yes
                             alpha_for_y = safer-min-dual-infeas  yes
                         constr_viol_tol = 0.0001                yes
                        file_print_level = 5                     yes
                   hessian_approximation = limited-memory        yes
                           linear_solver = mumps                 yes
                                max_iter = 200                   yes
                                 mu_init = 1e-05                 yes
                             mu_strategy = monotone              yes
                      nlp_scaling_method = gradient-based        yes
                             output_file = /home/kaleb/projects/learning/AAD-design/sardines/SARDINE_optimization8_out/IPOPT.out  yes
                             print_level = 5                     yes
                      print_user_options = yes                   yes
                                      sb = yes                   yes
                                     tol = 0.0001                yes
This is Ipopt version 3.11.9, running with linear solver mumps.
NOTE: Other linear solvers might be more efficient (see Ipopt documentation).

Number of nonzeros in equality constraint Jacobian...:    11716
Number of nonzeros in inequality constraint Jacobian.:     4156
Number of nonzeros in Lagrangian Hessian.............:        0

Total number of variables............................:      213
                     variables with only lower bounds:        2
                variables with lower and upper bounds:      211
                     variables with only upper bounds:        0
Total number of equality constraints.................:      200
Total number of inequality constraints...............:      124
        inequality constraints with only lower bounds:       20
   inequality constraints with lower and upper bounds:       64
        inequality constraints with only upper bounds:       40

iter    objective    inf_pr   inf_du lg(mu)  ||d||  lg(rg) alpha_du alpha_pr  ls
   0  1.5427322e-03 1.08e+01 1.00e+00  -5.0 0.00e+00    -  0.00e+00 0.00e+00   0
   1  2.8037245e-03 1.04e+01 3.32e+00  -5.0 5.82e+00    -  2.46e-03 3.62e-02h  1
   2  2.8724893e-03 1.04e+01 3.33e+00  -5.0 4.31e+00    -  2.77e-02 8.74e-04h  1
   3  8.6926430e-03 1.01e+01 4.98e+00  -5.0 4.10e+00    -  1.16e-02 2.63e-02h  1
   4  1.2311634e-02 1.00e+01 5.46e+00  -5.0 9.56e+00    -  2.16e-02 9.21e-03h  1
   5  2.2385437e-02 9.84e+00 6.68e+00  -5.0 1.78e+01    -  9.00e-04 1.73e-02h  1
   6  2.4105082e-02 9.81e+00 6.94e+00  -5.0 1.83e+01    -  2.29e-02 2.91e-03h  1
   7  3.4803741e-02 9.63e+00 8.31e+00  -5.0 1.82e+01    -  3.27e-03 1.82e-02h  1
   8  3.5874770e-02 9.61e+00 8.55e+00  -5.0 1.54e+01    -  7.91e-04 2.08e-03h  1
   9  3.5941135e-02 9.61e+00 7.70e+00  -5.0 5.95e+01    -  2.23e-04 4.59e-04h  1
iter    objective    inf_pr   inf_du lg(mu)  ||d||  lg(rg) alpha_du alpha_pr  ls
  10  3.6038582e-02 9.60e+00 9.20e+00  -5.0 5.53e+01    -  4.75e-05 4.28e-04h  1
  11  3.6243082e-02 9.60e+00 1.06e+01  -5.0 5.90e+01    -  1.72e-04 5.00e-04h  1
  12r 3.6243082e-02 9.60e+00 9.99e+02   1.0 0.00e+00    -  0.00e+00 7.03e-09R  2
  13r 3.6238806e-02 9.60e+00 9.99e+02   1.0 1.28e+04    -  4.19e-08 1.58e-07f  1
  14r 4.9203196e-02 8.41e+00 9.99e+02   1.0 4.36e+02    -  5.87e-05 2.72e-03f  1
  15  4.9300326e-02 8.41e+00 2.15e+01  -5.0 1.68e+01    -  3.82e-02 1.73e-04h  1
  16  4.9318134e-02 8.41e+00 2.15e+01  -5.0 2.02e+01    -  8.86e-04 2.22e-05h  1
  17  5.4462659e-02 8.36e+00 2.78e+01  -5.0 1.91e+01    -  1.36e-03 6.24e-03h  2
  18  1.3130062e-01 7.72e+00 2.72e+01  -5.0 6.52e+00    -  1.47e-03 7.64e-02h  1
  19  1.6337642e-01 7.44e+00 2.69e+01  -5.0 1.03e+01    -  2.66e-05 3.63e-02h  1
iter    objective    inf_pr   inf_du lg(mu)  ||d||  lg(rg) alpha_du alpha_pr  ls
  20  1.9953037e-01 7.13e+00 2.63e+01  -5.0 8.50e+00    -  1.83e-02 4.14e-02h  1
  21  2.2692490e-01 6.91e+00 2.53e+01  -5.0 5.80e+00    -  4.73e-02 3.06e-02h  1
  22  3.2975970e-01 6.08e+00 3.79e+01  -5.0 5.82e+00    -  6.49e-02 1.20e-01h  1
  23  3.5653738e-01 5.88e+00 2.78e+01  -5.0 5.27e+00    -  9.63e-02 3.30e-02h  1
  24  4.5364960e-01 5.16e+00 2.90e+01  -5.0 5.12e+00    -  1.02e-01 1.23e-01h  1
  25  4.6941436e-01 5.04e+00 2.99e+01  -5.0 4.44e+00    -  1.50e-01 2.30e-02h  1
  26  6.6343876e-01 3.62e+00 3.76e+01  -5.0 4.45e+00    -  3.25e-04 2.83e-01h  1
  27  6.6354573e-01 3.61e+00 3.76e+01  -5.0 2.81e+00    -  2.80e-05 2.47e-04h  1
  28  7.1747367e-01 3.17e+00 3.62e+01  -5.0 2.82e+00    -  4.64e-02 1.24e-01h  1
  29  7.4581224e-01 2.93e+00 3.35e+01  -5.0 2.44e+00    -  1.23e-01 7.52e-02h  1
iter    objective    inf_pr   inf_du lg(mu)  ||d||  lg(rg) alpha_du alpha_pr  ls
  30  8.0729405e-01 2.42e+00 2.81e+01  -5.0 2.28e+00    -  1.54e-01 1.75e-01h  1
  31  8.2257368e-01 2.29e+00 2.34e+01  -5.0 1.89e+00    -  1.72e-01 5.24e-02h  1
  32r 8.2257368e-01 2.29e+00 9.99e+02   0.4 0.00e+00    -  0.00e+00 2.77e-07R  2
  33r 8.2457270e-01 1.94e+00 9.99e+02   0.4 1.74e+03    -  2.30e-05 2.87e-04f  1
  34  8.2651497e-01 1.93e+00 3.91e+01  -5.0 1.72e+00    -  2.87e-01 8.57e-03h  1
  35  9.8527329e-01 5.88e-01 2.06e+01  -5.0 1.48e+00    -  4.72e-01 6.95e-01h  1
  36  9.8527518e-01 5.88e-01 1.98e+01  -5.0 4.31e-01    -  3.86e-02 2.83e-05h  1
  37  1.0119256e+00 3.54e-01 1.32e+01  -5.0 4.33e-01    -  3.35e-01 3.99e-01h  1
  38  1.0119269e+00 3.54e-01 1.32e+01  -5.0 2.59e-01    -  2.19e-03 3.24e-05h  1
  39  1.0350803e+00 1.49e-01 1.03e+01  -5.0 2.60e-01    -  2.18e-01 5.78e-01h  1
iter    objective    inf_pr   inf_du lg(mu)  ||d||  lg(rg) alpha_du alpha_pr  ls
  40  1.0516993e+00 5.68e-06 7.04e+00  -5.0 1.08e-01    -  3.14e-01 1.00e+00h  1
  41  1.0513741e+00 3.10e-06 4.17e-01  -5.0 9.46e-02    -  9.41e-01 1.00e+00h  1
  42  1.0484062e+00 2.66e-04 2.47e-01  -5.0 1.49e+00    -  4.08e-01 6.87e-01h  1
  43  1.0381159e+00 3.14e-04 1.63e-01  -5.0 2.46e+00    -  3.93e-01 7.32e-01H  1
  44  1.0375846e+00 2.18e-04 6.81e-02  -5.0 9.06e-02    -  5.84e-01 1.00e+00h  1
  45  1.0371570e+00 1.71e-04 3.84e-02  -5.0 1.89e-01    -  4.38e-01 2.48e-01h  1
  46  1.0365821e+00 1.19e-04 3.91e-02  -5.0 3.13e-01    -  5.78e-01 2.76e-01f  1
  47  1.0365235e+00 6.10e-05 6.10e-03  -5.0 3.18e-02    -  9.43e-01 8.20e-01h  1
  48  1.0365202e+00 1.34e-06 2.86e-03  -5.0 1.93e-02    -  1.00e+00 1.00e+00f  1
  49  1.0364990e+00 6.18e-08 3.62e-03  -5.0 4.05e-03    -  1.00e+00 1.00e+00h  1
iter    objective    inf_pr   inf_du lg(mu)  ||d||  lg(rg) alpha_du alpha_pr  ls
  50  1.0365011e+00 5.74e-06 1.34e-03  -5.0 3.48e-02    -  1.00e+00 1.00e+00h  1
  51  1.0365124e+00 6.51e-05 9.13e-03  -5.0 5.12e-02    -  1.00e+00 1.00e+00h  1
  52  1.0364615e+00 3.65e-04 1.22e-02  -5.0 1.34e-01    -  1.00e+00 1.00e+00h  1
  53  1.0363907e+00 1.65e-04 6.03e-03  -5.0 1.01e-01    -  1.00e+00 1.00e+00h  1
  54  1.0364712e+00 6.33e-07 1.82e-03  -5.0 1.77e-02    -  1.00e+00 1.00e+00h  1
  55  1.0364783e+00 9.60e-07 1.65e-02  -5.0 2.37e-02    -  1.00e+00 1.00e+00h  1
  56  1.0363981e+00 1.60e-04 8.02e-03  -5.0 1.13e-01    -  1.00e+00 1.00e+00h  1
  57  1.0364711e+00 7.95e-05 1.20e-02  -5.0 6.23e-02    -  1.00e+00 5.00e-01h  2
  58  1.0364457e+00 8.70e-05 1.13e-02  -5.0 8.61e-02    -  1.00e+00 1.00e+00h  1
  59  1.0364776e+00 4.49e-08 4.12e-04  -5.0 4.16e-03    -  1.00e+00 1.00e+00h  1
iter    objective    inf_pr   inf_du lg(mu)  ||d||  lg(rg) alpha_du alpha_pr  ls
  60  1.0364803e+00 5.87e-06 1.64e-02  -5.0 6.79e-03    -  1.00e+00 1.00e+00h  1
  61  1.0363971e+00 1.63e-04 9.15e-03  -5.0 1.12e-01    -  1.00e+00 1.00e+00h  1
  62  1.0364679e+00 8.50e-05 7.64e-03  -5.0 6.40e-02    -  1.00e+00 5.00e-01h  2
  63  1.0365040e+00 8.42e-10 5.58e-04  -5.0 1.85e-01    -  1.00e+00 1.00e+00H  1
  64  1.0364804e+00 8.93e-07 1.02e-02  -5.0 3.93e-02    -  1.00e+00 1.00e+00H  1
  65  1.0364687e+00 1.67e-04 5.69e-03  -5.0 7.34e-02    -  1.00e+00 1.00e+00h  1
  66  1.0364740e+00 8.32e-05 1.48e-02  -5.0 2.26e-02    -  1.00e+00 5.00e-01h  2
  67  1.0363378e+00 2.01e-04 1.17e-02  -5.0 1.84e-01    -  1.00e+00 1.00e+00h  1
  68  1.0363688e+00 1.76e-04 4.95e-03  -5.0 7.79e-02    -  1.00e+00 1.25e-01h  4
  69  1.0363836e+00 1.65e-04 5.14e-04  -5.0 3.08e-02    -  1.00e+00 6.25e-02h  5
iter    objective    inf_pr   inf_du lg(mu)  ||d||  lg(rg) alpha_du alpha_pr  ls
  70  1.0363837e+00 1.65e-04 5.60e-04  -5.0 2.41e-02    -  1.00e+00 4.88e-04h 12
  71  1.0363837e+00 1.65e-04 5.70e-04  -5.0 2.38e-02    -  1.00e+00 3.05e-05h 16
  72  1.0366096e+00 8.91e-07 3.78e-04  -5.0 2.38e-02    -  1.00e+00 1.00e+00s 22

Number of Iterations....: 72

                                   (scaled)                 (unscaled)
Objective...............:   1.0366095932733679e+00    1.0366095932733679e+00
Dual infeasibility......:   3.7751071314835998e-04    3.7751071314835998e-04
Constraint violation....:   8.9085307778257412e-07    8.9085307778257412e-07
Complementarity.........:   1.0009295790403710e-05    1.0009295790403710e-05
Overall NLP error.......:   3.7751071314835998e-04    3.7751071314835998e-04


Number of objective function evaluations             = 142
Number of objective gradient evaluations             = 73
Number of equality constraint evaluations            = 142
Number of inequality constraint evaluations          = 142
Number of equality constraint Jacobian evaluations   = 76
Number of inequality constraint Jacobian evaluations = 76
Number of Lagrangian Hessian evaluations             = 0
Total CPU secs in IPOPT (w/o function evaluations)   =      0.789
Total CPU secs in NLP function evaluations           =     56.380

EXIT: Solved To Acceptable Level.
