
List of user-set options:

                                    Name   Value                used
              acceptable_constr_viol_tol = 0.0001                yes
                          acceptable_tol = 0.001                 yes
                             alpha_for_y = safer-min-dual-infeas  yes
                         constr_viol_tol = 0.0001                yes
                        file_print_level = 5                     yes
                   hessian_approximation = limited-memory        yes
                           linear_solver = mumps                 yes
                                max_iter = 200                   yes
                                 mu_init = 1e-05                 yes
                             mu_strategy = monotone              yes
                      nlp_scaling_method = gradient-based        yes
                             output_file = /home/kaleb/projects/learning/AAD-design/sardines/SARDINE_optimization27_out/IPOPT.out  yes
                             print_level = 5                     yes
                      print_user_options = yes                   yes
                                      sb = yes                   yes
                                     tol = 0.0001                yes
This is Ipopt version 3.11.9, running with linear solver mumps.
NOTE: Other linear solvers might be more efficient (see Ipopt documentation).

Number of nonzeros in equality constraint Jacobian...:    11716
Number of nonzeros in inequality constraint Jacobian.:     4156
Number of nonzeros in Lagrangian Hessian.............:        0

Total number of variables............................:      213
                     variables with only lower bounds:        2
                variables with lower and upper bounds:      211
                     variables with only upper bounds:        0
Total number of equality constraints.................:      200
Total number of inequality constraints...............:      124
        inequality constraints with only lower bounds:       20
   inequality constraints with lower and upper bounds:       64
        inequality constraints with only upper bounds:       40

iter    objective    inf_pr   inf_du lg(mu)  ||d||  lg(rg) alpha_du alpha_pr  ls
   0  1.5427322e-03 1.08e+01 1.00e+00  -5.0 0.00e+00    -  0.00e+00 0.00e+00   0
   1  2.3365300e-03 1.05e+01 2.72e+00  -5.0 4.06e+00    -  2.46e-03 3.02e-02h  1
   2  2.3895619e-03 1.04e+01 2.73e+00  -5.0 4.56e+00    -  2.85e-02 7.98e-04h  1
   3  1.3518383e-02 9.74e+00 8.44e+00  -5.0 4.48e+00    -  1.43e-02 6.74e-02h  1
   4  1.5895868e-02 9.64e+00 9.00e+00  -5.0 4.36e+00    -  3.61e-02 1.05e-02h  1
   5  2.4892648e-02 9.39e+00 9.97e+00  -5.0 1.06e+01    -  3.29e-02 2.56e-02h  1
   6  3.4458671e-02 9.17e+00 9.96e+00  -5.0 1.34e+01    -  5.12e-02 2.34e-02h  1
   7  4.2504842e-02 8.98e+00 1.27e+01  -5.0 1.20e+01    -  2.89e-02 2.12e-02h  1
   8  4.2746883e-02 8.96e+00 9.91e+00  -5.0 1.68e+01    -  1.64e-03 1.87e-03h  1
   9r 4.2746883e-02 8.96e+00 9.99e+02   1.0 0.00e+00    -  0.00e+00 3.04e-08R  2
iter    objective    inf_pr   inf_du lg(mu)  ||d||  lg(rg) alpha_du alpha_pr  ls
  10r 4.2698850e-02 8.96e+00 9.99e+02   1.0 4.82e+04    -  9.46e-08 8.86e-07f  1
  11r 4.4403802e-02 8.58e+00 9.99e+02   1.0 8.24e+02    -  1.16e-04 9.45e-04f  1
  12r 5.8693649e-02 6.14e+00 9.99e+02   1.0 5.02e+02    -  2.47e-04 4.88e-03f  1
  13  6.6522819e-02 6.04e+00 5.32e+01  -5.0 7.29e+00    -  1.00e-02 1.59e-02h  1
  14  8.0834712e-02 5.83e+00 2.73e+01  -5.0 7.66e+00    -  1.67e-02 3.40e-02h  1
  15  8.4190896e-02 5.81e+00 2.63e+01  -5.0 9.77e+00    -  4.34e-02 4.84e-03h  1
  16  1.8373041e-01 4.98e+00 3.90e+01  -5.0 8.52e+00    -  4.42e-02 1.41e-01h  1
  17  1.9793211e-01 4.89e+00 2.78e+01  -5.0 6.77e+00    -  7.85e-02 1.96e-02h  1
  18  2.0378611e-01 4.85e+00 1.89e+01  -5.0 5.10e+00    -  1.14e-01 7.44e-03h  1
  19  3.1458763e-01 4.16e+00 2.55e+01  -5.0 5.07e+00    -  1.12e-01 1.42e-01h  1
iter    objective    inf_pr   inf_du lg(mu)  ||d||  lg(rg) alpha_du alpha_pr  ls
  20  8.5385980e-01 9.05e-01 4.72e+01  -5.0 4.47e+00    -  9.31e-04 7.83e-01h  1
  21  8.5853464e-01 8.38e-01 1.29e+01  -5.0 7.05e-01    -  7.27e-01 7.45e-02h  1
  22  9.3622116e-01 1.40e-04 1.01e+01  -5.0 5.04e-01    -  1.08e-01 1.00e+00h  1
  23  9.3516616e-01 4.31e-07 4.96e-01  -5.0 6.84e-03    -  9.51e-01 1.00e+00h  1
  24  9.3505149e-01 6.39e-07 1.09e-01  -5.0 2.23e-02    -  8.37e-01 1.00e+00h  1
  25  9.3494349e-01 5.37e-04 1.26e-01  -5.0 9.78e-02    -  1.16e-01 1.00e+00h  1
  26  9.3267539e-01 1.50e-04 5.92e-02  -5.0 1.62e-01    -  6.62e-01 1.00e+00h  1
  27  9.2937900e-01 1.41e-03 6.69e-02  -5.0 2.65e-01    -  1.83e-01 1.00e+00h  1
  28  9.2189236e-01 7.49e-04 5.92e-02  -5.0 1.33e+00    -  4.57e-01 8.80e-01h  1
  29  9.2073618e-01 7.13e-04 5.94e-02  -5.0 1.08e+00    -  7.03e-01 4.78e-02h  1
iter    objective    inf_pr   inf_du lg(mu)  ||d||  lg(rg) alpha_du alpha_pr  ls
  30  9.1189140e-01 9.31e-03 2.74e-02  -5.0 1.26e+01    -  1.46e-01 9.21e-02h  1
  31  9.1295671e-01 1.07e-03 3.13e-02  -5.0 6.16e-01    -  2.48e-01 3.17e-01h  1
  32  9.1242331e-01 4.18e-03 3.17e-02  -5.0 5.69e-01    -  1.00e+00 3.43e-01h  1
  33  9.1098567e-01 2.70e-03 2.69e-02  -5.0 2.90e-01    -  9.43e-01 1.56e-01h  1
  34  9.1317301e-01 2.17e-04 1.83e-02  -5.0 1.14e-01    -  1.00e+00 1.00e+00h  1
  35  9.1271590e-01 2.77e-05 1.79e-02  -5.0 6.64e-02    -  1.00e+00 1.00e+00h  1
  36  9.1212546e-01 5.19e-05 1.51e-02  -5.0 4.76e-02    -  1.00e+00 1.00e+00h  1
  37  9.1105203e-01 1.92e-04 1.12e-02  -5.0 9.00e-02    -  1.00e+00 7.89e-01h  1
  38  9.1112224e-01 1.67e-04 2.26e-03  -5.0 3.22e-02    -  1.00e+00 1.25e-01f  4
  39  9.1125170e-01 5.56e-07 4.04e-04  -5.0 2.61e-03    -  1.00e+00 1.00e+00h  1
iter    objective    inf_pr   inf_du lg(mu)  ||d||  lg(rg) alpha_du alpha_pr  ls
  40  9.1124753e-01 1.32e-07 3.97e-03  -5.0 5.69e-04    -  1.00e+00 1.00e+00h  1
  41  9.1124808e-01 2.19e-09 1.02e-05  -5.0 1.51e-05    -  1.00e+00 1.00e+00h  1

Number of Iterations....: 41

                                   (scaled)                 (unscaled)
Objective...............:   9.1124808404860658e-01    9.1124808404860658e-01
Dual infeasibility......:   1.0197419253921138e-05    1.0197419253921138e-05
Constraint violation....:   2.1874289045534219e-09    2.1874289045534219e-09
Complementarity.........:   1.0001058983852153e-05    1.0001058983852153e-05
Overall NLP error.......:   1.0197419253921138e-05    1.0197419253921138e-05


Number of objective function evaluations             = 47
Number of objective gradient evaluations             = 40
Number of equality constraint evaluations            = 47
Number of inequality constraint evaluations          = 47
Number of equality constraint Jacobian evaluations   = 43
Number of inequality constraint Jacobian evaluations = 43
Number of Lagrangian Hessian evaluations             = 0
Total CPU secs in IPOPT (w/o function evaluations)   =      0.665
Total CPU secs in NLP function evaluations           =     21.885

EXIT: Optimal Solution Found.
