
List of user-set options:

                                    Name   Value                used
              acceptable_constr_viol_tol = 0.0001                yes
                          acceptable_tol = 0.001                 yes
                             alpha_for_y = safer-min-dual-infeas  yes
                         constr_viol_tol = 0.0001                yes
                        file_print_level = 5                     yes
                   hessian_approximation = limited-memory        yes
                           linear_solver = mumps                 yes
                                max_iter = 200                   yes
                                 mu_init = 1e-05                 yes
                             mu_strategy = monotone              yes
                      nlp_scaling_method = gradient-based        yes
                             output_file = /home/kaleb/projects/learning/AAD-design/sardines/SARDINE_optimization23_out/IPOPT.out  yes
                             print_level = 5                     yes
                      print_user_options = yes                   yes
                                      sb = yes                   yes
                                     tol = 0.0001                yes
This is Ipopt version 3.11.9, running with linear solver mumps.
NOTE: Other linear solvers might be more efficient (see Ipopt documentation).

Number of nonzeros in equality constraint Jacobian...:    11716
Number of nonzeros in inequality constraint Jacobian.:     4156
Number of nonzeros in Lagrangian Hessian.............:        0

Total number of variables............................:      213
                     variables with only lower bounds:        2
                variables with lower and upper bounds:      211
                     variables with only upper bounds:        0
Total number of equality constraints.................:      200
Total number of inequality constraints...............:      124
        inequality constraints with only lower bounds:       20
   inequality constraints with lower and upper bounds:       64
        inequality constraints with only upper bounds:       40

iter    objective    inf_pr   inf_du lg(mu)  ||d||  lg(rg) alpha_du alpha_pr  ls
   0  1.5427322e-03 1.08e+01 1.00e+00  -5.0 0.00e+00    -  0.00e+00 0.00e+00   0
   1  1.9183835e-03 1.05e+01 2.26e+00  -5.0 3.69e+00    -  2.95e-03 2.97e-02h  1
   2  1.9635425e-03 1.04e+01 2.28e+00  -5.0 4.34e+00    -  2.81e-02 1.08e-03h  1
   3  1.2894255e-02 9.55e+00 8.67e+00  -5.0 3.79e+00    -  1.52e-02 8.61e-02h  1
   4  1.4113041e-02 9.49e+00 8.78e+00  -5.0 3.42e+00    -  3.64e-02 5.59e-03h  1
   5  2.4973994e-02 9.30e+00 9.08e+00  -5.0 1.64e+01    -  9.37e-03 2.01e-02h  1
   6  3.7818623e-02 9.10e+00 9.40e+00  -5.0 1.78e+01    -  3.20e-02 2.23e-02h  1
   7  4.0673045e-02 9.05e+00 9.58e+00  -5.0 1.68e+01    -  1.82e-02 5.22e-03h  1
   8  4.8310817e-02 8.92e+00 9.84e+00  -5.0 1.57e+01    -  2.35e-02 1.47e-02h  1
   9  4.8786035e-02 8.90e+00 9.52e+00  -5.0 3.00e+01    -  8.68e-04 1.63e-03h  1
iter    objective    inf_pr   inf_du lg(mu)  ||d||  lg(rg) alpha_du alpha_pr  ls
  10  5.1762059e-02 8.86e+00 1.35e+01  -5.0 1.95e+01    -  2.16e-07 4.99e-03h  1
  11  5.5111516e-02 8.82e+00 1.46e+01  -5.0 1.16e+01    -  2.95e-03 4.63e-03h  1
  12  1.1057670e-01 8.21e+00 2.27e+01  -5.0 6.71e+00    -  5.12e-03 6.87e-02h  2
  13  1.6573814e-01 7.61e+00 2.64e+01  -5.0 6.30e+00    -  7.43e-02 7.31e-02h  1
  14  1.9358356e-01 7.34e+00 2.92e+01  -5.0 5.13e+00    -  2.56e-02 3.52e-02h  1
  15  2.1349058e-01 7.11e+00 2.87e+01  -5.0 1.58e+01    -  3.61e-05 3.13e-02h  1
  16  2.1360515e-01 7.11e+00 2.86e+01  -5.0 1.11e+01    -  5.30e-03 1.77e-04h  1
  17  2.2345716e-01 7.01e+00 2.75e+01  -5.0 9.80e+00    -  3.86e-02 1.48e-02h  1
  18  2.3620087e-01 6.88e+00 2.71e+01  -5.0 4.78e+00    -  1.81e-02 1.73e-02h  1
  19  2.5728359e-01 6.69e+00 2.63e+01  -5.0 4.88e+00    -  1.03e-02 2.80e-02h  1
iter    objective    inf_pr   inf_du lg(mu)  ||d||  lg(rg) alpha_du alpha_pr  ls
  20  4.0577027e-01 5.34e+00 2.43e+01  -5.0 4.78e+00    -  2.62e-02 2.01e-01h  1
  21  6.4718677e-01 3.12e+00 3.50e+01  -5.0 3.76e+00    -  8.96e-02 4.16e-01h  1
  22  6.6015800e-01 2.84e+00 4.08e+01  -5.0 5.28e+00    -  4.84e-03 8.99e-02h  1
  23  6.6121829e-01 2.83e+00 4.11e+01  -5.0 1.74e+00    -  1.24e-03 3.96e-03h  1
  24  6.6520806e-01 2.78e+00 4.13e+01  -5.0 1.99e+00    -  1.29e-02 1.54e-02h  1
  25  6.9025425e-01 2.53e+00 3.36e+01  -5.0 1.76e+00    -  2.32e-01 9.23e-02h  1
  26  7.4146724e-01 2.00e+00 4.65e+01  -5.0 1.60e+00    -  2.39e-01 2.08e-01h  1
  27  8.7743474e-01 5.99e-01 5.91e+01  -5.0 1.26e+00    -  1.74e-01 7.01e-01h  1
  28  8.7762858e-01 5.96e-01 5.52e+01  -5.0 3.24e-01    -  6.56e-02 3.88e-03h  1
  29  8.8760606e-01 6.24e-02 1.45e+01  -5.0 5.52e-01    -  6.15e-01 8.95e-01h  1
iter    objective    inf_pr   inf_du lg(mu)  ||d||  lg(rg) alpha_du alpha_pr  ls
  30  8.8795809e-01 6.07e-02 1.27e+01  -5.0 8.17e-02    -  1.26e-01 2.79e-02h  1
  31  8.9134203e-01 4.37e-02 9.16e+00  -5.0 1.09e-01    -  4.30e-02 2.80e-01h  1
  32  9.0008077e-01 2.11e-05 4.26e+00  -5.0 1.72e-01    -  1.83e-01 1.00e+00h  1
  33  8.9999234e-01 1.71e-06 2.54e+00  -5.0 2.44e-02    -  4.03e-01 1.00e+00h  1
  34  8.9994969e-01 3.02e-06 1.71e-01  -5.0 2.05e-02    -  9.33e-01 1.00e+00h  1
  35  8.9978016e-01 2.01e-06 1.39e-01  -5.0 5.72e-02    -  1.84e-01 1.00e+00h  1
  36  8.9964558e-01 2.22e-06 4.42e-02  -5.0 6.48e-02    -  6.82e-01 1.00e+00h  1
  37  8.9924971e-01 1.20e-05 2.88e-02  -5.0 1.89e-01    -  3.48e-01 1.00e+00h  1
  38  8.9900137e-01 1.11e-05 1.06e-02  -5.0 4.69e-02    -  6.34e-01 1.00e+00h  1
  39  8.9843130e-01 1.35e-05 9.56e-03  -5.0 2.58e+00    -  1.29e-01 9.63e-02h  1
iter    objective    inf_pr   inf_du lg(mu)  ||d||  lg(rg) alpha_du alpha_pr  ls
  40  8.9366695e-01 1.61e-04 1.40e-02  -5.0 3.49e+00    -  1.91e-01 5.40e-01F  1
  41  8.9453738e-01 9.88e-05 1.04e-02  -5.0 1.90e+00    -  2.01e-01 5.34e-01h  1
  42  8.9404423e-01 3.81e-04 1.10e-02  -5.0 4.43e+00    -  8.07e-04 2.39e-01f  1
  43  8.9370658e-01 9.49e-07 3.66e-03  -5.0 3.45e-02    -  6.66e-01 1.00e+00h  1
  44  8.9355353e-01 1.48e-06 4.07e-03  -5.0 1.67e-02    -  1.00e+00 1.00e+00h  1
  45  8.9347748e-01 1.35e-06 5.19e-03  -5.0 2.69e-02    -  1.00e+00 1.00e+00h  1
  46  8.9341281e-01 1.32e-06 5.57e-03  -5.0 3.00e-02    -  1.00e+00 1.00e+00h  1
  47  8.9334963e-01 1.35e-06 5.66e-03  -5.0 3.04e-02    -  1.00e+00 1.00e+00h  1
  48  8.9328620e-01 1.47e-06 5.94e-03  -5.0 3.09e-02    -  1.00e+00 1.00e+00h  1
  49  8.9321895e-01 1.45e-06 6.05e-03  -5.0 3.25e-02    -  1.00e+00 1.00e+00h  1
iter    objective    inf_pr   inf_du lg(mu)  ||d||  lg(rg) alpha_du alpha_pr  ls
  50  8.9315100e-01 1.48e-06 6.17e-03  -5.0 3.31e-02    -  1.00e+00 1.00e+00h  1
  51  8.9308286e-01 1.50e-06 6.27e-03  -5.0 3.37e-02    -  1.00e+00 1.00e+00h  1
  52  8.9301512e-01 1.51e-06 6.70e-03  -5.0 3.41e-02    -  1.00e+00 1.00e+00h  1
  53  8.9294618e-01 1.54e-06 6.57e-03  -5.0 3.57e-02    -  1.00e+00 1.00e+00h  1
  54  8.9288109e-01 1.88e-06 6.13e-03  -5.0 3.58e-02    -  1.00e+00 1.00e+00h  1
  55  8.9269347e-01 4.49e-06 5.07e-03  -5.0 4.68e-01    -  2.75e-01 2.02e-01h  1
  56  8.9232285e-01 9.57e-06 6.59e-03  -5.0 9.62e-01    -  5.97e-01 2.72e-01f  1
  57  8.9233364e-01 3.85e-06 1.73e-03  -5.0 7.98e-02    -  1.00e+00 1.00e+00f  1
  58  8.9230195e-01 9.30e-07 3.85e-03  -5.0 2.21e-02    -  1.00e+00 1.00e+00h  1
  59  8.9226908e-01 9.96e-07 4.35e-03  -5.0 2.55e-02    -  1.00e+00 1.00e+00h  1
iter    objective    inf_pr   inf_du lg(mu)  ||d||  lg(rg) alpha_du alpha_pr  ls
  60  8.9223969e-01 8.24e-07 3.56e-03  -5.0 2.09e-02    -  1.00e+00 1.00e+00h  1
  61  8.9222442e-01 3.02e-07 1.34e-03  -5.0 7.55e-03    -  1.00e+00 1.00e+00h  1
  62  8.9222022e-01 5.09e-08 1.23e-03  -5.0 1.23e-03    -  1.00e+00 1.00e+00h  1
  63  8.9194324e-01 2.47e-07 1.25e-03  -5.0 2.19e+00    -  1.22e-01 7.34e-02h  4
  64  8.9169922e-01 4.27e-07 7.53e-03  -5.0 2.53e+00    -  3.93e-01 5.58e-02h  4
  65  8.9153725e-01 3.97e-06 5.82e-03  -5.0 6.79e+00    -  4.92e-02 1.82e-02h  4
  66  8.9149285e-01 5.89e-07 6.64e-03  -5.0 9.78e-02    -  1.00e+00 5.99e-01h  1
  67  8.9150351e-01 8.29e-07 2.30e-03  -5.0 9.67e-03    -  1.00e+00 1.00e+00f  1
  68  8.9148903e-01 3.94e-07 1.28e-03  -5.0 1.08e-02    -  1.00e+00 1.00e+00h  1
  69  8.9148106e-01 1.63e-07 1.24e-03  -5.0 5.35e-03    -  1.00e+00 1.00e+00h  1
iter    objective    inf_pr   inf_du lg(mu)  ||d||  lg(rg) alpha_du alpha_pr  ls
  70  8.9100514e-01 1.58e-07 5.71e-03  -5.0 3.23e-01    -  1.00e+00 1.00e+00H  1
  71  8.9076122e-01 3.79e-03 1.55e-03  -5.0 3.32e+00    -  5.21e-01 8.80e-02H  1
  72  8.9084235e-01 6.37e-07 1.53e-03  -5.0 7.39e-02    -  1.00e+00 1.00e+00h  1
  73  8.9081872e-01 2.31e-07 3.38e-04  -5.0 4.40e-02    -  1.00e+00 1.00e+00h  1
  74  8.9081865e-01 1.16e-08 1.31e-05  -5.0 2.95e-03    -  1.00e+00 1.00e+00h  1

Number of Iterations....: 74

                                   (scaled)                 (unscaled)
Objective...............:   8.9081864876462058e-01    8.9081864876462058e-01
Dual infeasibility......:   1.3140889839731840e-05    1.3140889839731840e-05
Constraint violation....:   1.1590951025557711e-08    1.1590951025557711e-08
Complementarity.........:   1.0008011980717115e-05    1.0008011980717115e-05
Overall NLP error.......:   1.3140889839731840e-05    1.3140889839731840e-05


Number of objective function evaluations             = 96
Number of objective gradient evaluations             = 75
Number of equality constraint evaluations            = 96
Number of inequality constraint evaluations          = 96
Number of equality constraint Jacobian evaluations   = 75
Number of inequality constraint Jacobian evaluations = 75
Number of Lagrangian Hessian evaluations             = 0
Total CPU secs in IPOPT (w/o function evaluations)   =      0.804
Total CPU secs in NLP function evaluations           =     43.126

EXIT: Optimal Solution Found.
