
List of user-set options:

                                    Name   Value                used
              acceptable_constr_viol_tol = 0.001                 yes
                          acceptable_tol = 0.01                  yes
                             alpha_for_y = safer-min-dual-infeas  yes
                         constr_viol_tol = 0.001                 yes
                        file_print_level = 5                     yes
                   hessian_approximation = limited-memory        yes
                           linear_solver = mumps                 yes
                                max_iter = 66                    yes
                                 mu_init = 1e-05                 yes
                             mu_strategy = monotone              yes
                      nlp_scaling_method = gradient-based        yes
                             output_file = /home/kaleb/projects/learning/AAD-design/sardines/SARDINE_optimization12_out/IPOPT.out  yes
                             print_level = 5                     yes
                      print_user_options = yes                   yes
                                      sb = yes                   yes
                                     tol = 0.001                 yes
This is Ipopt version 3.11.9, running with linear solver mumps.
NOTE: Other linear solvers might be more efficient (see Ipopt documentation).

Number of nonzeros in equality constraint Jacobian...:    11828
Number of nonzeros in inequality constraint Jacobian.:     4160
Number of nonzeros in Lagrangian Hessian.............:        0

Total number of variables............................:      215
                     variables with only lower bounds:        2
                variables with lower and upper bounds:      213
                     variables with only upper bounds:        0
Total number of equality constraints.................:      206
Total number of inequality constraints...............:      124
        inequality constraints with only lower bounds:       20
   inequality constraints with lower and upper bounds:       64
        inequality constraints with only upper bounds:       40

iter    objective    inf_pr   inf_du lg(mu)  ||d||  lg(rg) alpha_du alpha_pr  ls
   0  5.3995626e-06 1.96e+01 1.00e+00  -5.0 0.00e+00    -  0.00e+00 0.00e+00   0
   1  8.4732664e-06 1.92e+01 9.97e-01  -5.0 5.50e+00    -  6.91e-03 1.58e-02h  1
   2  8.6132557e-06 1.92e+01 1.16e+00  -5.0 4.45e+00    -  1.57e-02 9.54e-04h  1
   3  1.9798442e-05 1.84e+01 1.14e+00  -5.0 4.13e+00    -  1.57e-02 4.39e-02h  1
   4  7.9856786e-05 1.77e+01 1.13e+00  -5.0 3.38e+00    -  1.19e-02 3.65e-02h  1
   5  2.2330107e-04 1.62e+01 1.13e+00  -5.0 3.59e+00    -  4.57e-02 8.55e-02h  1
   6r 2.2330107e-04 1.62e+01 9.99e+02   1.2 0.00e+00    -  0.00e+00 4.60e-07R  2
   7r 2.0934489e-04 1.63e+01 9.99e+02   1.2 2.93e+06    -  1.37e-06 5.06e-08f  5
   8r 2.5057279e-04 1.27e+01 9.99e+02   1.2 1.29e+03    -  8.09e-05 2.83e-03f  1
   9r 2.5057279e-04 1.27e+01 9.99e+02   1.1 0.00e+00    -  0.00e+00 3.69e-07R  2
iter    objective    inf_pr   inf_du lg(mu)  ||d||  lg(rg) alpha_du alpha_pr  ls
  10r 2.4274247e-04 1.28e+01 9.99e+02   1.1 4.07e+05    -  1.24e-05 2.06e-07f  6
  11r 2.9855691e-04 9.35e+00 9.98e+02   1.1 1.18e+03    -  1.32e-03 2.92e-03f  1
  12  3.0195826e-04 9.33e+00 2.21e+00  -5.0 3.35e+00    -  5.62e-02 1.88e-03h  1
  13  3.8815726e-04 8.93e+00 1.86e+00  -5.0 5.01e+00    -  4.80e-02 4.34e-02h  1
  14  6.2074324e-04 7.91e+00 4.08e+00  -5.0 4.51e+00    -  5.52e-02 1.14e-01h  1
  15  8.4267865e-04 6.94e+00 6.60e+00  -5.0 5.21e+00    -  1.31e-01 1.23e-01h  1
  16  2.4918970e-03 9.95e-04 1.12e+01  -5.0 3.05e+00    -  7.48e-02 1.00e+00h  1
  17  2.4843903e-03 1.50e-06 2.32e+00  -5.0 2.36e-02    -  7.94e-01 1.00e+00h  1
  18  2.5016502e-03 5.95e-05 1.98e+00  -5.0 7.24e-01    -  1.52e-01 1.00e+00f  1
  19  2.5008106e-03 6.75e-08 2.22e-03  -5.0 1.55e-03    -  9.98e-01 1.00e+00h  1
iter    objective    inf_pr   inf_du lg(mu)  ||d||  lg(rg) alpha_du alpha_pr  ls
  20  2.5154503e-03 9.59e-05 6.02e-04  -5.0 3.00e-01    -  9.35e-01 1.00e+00f  1
  21  2.5754761e-03 1.68e-04 4.64e-04  -5.0 7.92e-01    -  2.68e-01 1.00e+00h  1
  22  2.6085697e-03 3.81e-05 1.78e-04  -5.0 6.98e-01    -  6.37e-01 1.00e+00h  1
  23  2.7226745e-03 3.88e-04 1.91e-04  -5.0 1.65e+00    -  6.02e-01 1.00e+00h  1
  24  2.7913693e-03 3.06e-04 1.12e-04  -5.0 2.16e+00    -  1.00e+00 1.00e+00h  1

Number of Iterations....: 24

                                   (scaled)                 (unscaled)
Objective...............:   2.7913692614673254e-03    2.7913692614673254e-03
Dual infeasibility......:   1.1249982974856601e-04    1.1249982974856601e-04
Constraint violation....:   3.0551276235863420e-04    3.0551276235863420e-04
Complementarity.........:   1.5417394656029663e-05    1.5417394656029663e-05
Overall NLP error.......:   3.0551276235863420e-04    3.0551276235863420e-04


Number of objective function evaluations             = 40
Number of objective gradient evaluations             = 23
Number of equality constraint evaluations            = 40
Number of inequality constraint evaluations          = 40
Number of equality constraint Jacobian evaluations   = 27
Number of inequality constraint Jacobian evaluations = 27
Number of Lagrangian Hessian evaluations             = 0
Total CPU secs in IPOPT (w/o function evaluations)   =      0.769
Total CPU secs in NLP function evaluations           =     17.749

EXIT: Optimal Solution Found.
