
List of user-set options:

                                    Name   Value                used
              acceptable_constr_viol_tol = 0.001                 yes
                          acceptable_tol = 0.01                  yes
                             alpha_for_y = safer-min-dual-infeas  yes
                         constr_viol_tol = 0.001                 yes
                        file_print_level = 5                     yes
                   hessian_approximation = limited-memory        yes
                           linear_solver = mumps                 yes
                                max_iter = 66                    yes
                                 mu_init = 1e-05                 yes
                             mu_strategy = monotone              yes
                      nlp_scaling_method = gradient-based        yes
                             output_file = /home/kaleb/projects/learning/AAD-design/sardines/SARDINE_optimization8_out/IPOPT.out  yes
                             print_level = 5                     yes
                      print_user_options = yes                   yes
                                      sb = yes                   yes
                                     tol = 0.001                 yes
This is Ipopt version 3.11.9, running with linear solver mumps.
NOTE: Other linear solvers might be more efficient (see Ipopt documentation).

Number of nonzeros in equality constraint Jacobian...:     4707
Number of nonzeros in inequality constraint Jacobian.:     1910
Number of nonzeros in Lagrangian Hessian.............:        0

Total number of variables............................:      126
                     variables with only lower bounds:        2
                variables with lower and upper bounds:      124
                     variables with only upper bounds:        0
Total number of equality constraints.................:      120
Total number of inequality constraints...............:       82
        inequality constraints with only lower bounds:       20
   inequality constraints with lower and upper bounds:       42
        inequality constraints with only upper bounds:       20

iter    objective    inf_pr   inf_du lg(mu)  ||d||  lg(rg) alpha_du alpha_pr  ls
   0  5.3995626e-06 1.96e+01 1.00e+00  -5.0 0.00e+00    -  0.00e+00 0.00e+00   0
   1  1.0655108e-05 1.86e+01 9.77e-01  -5.0 6.08e+00    -  4.21e-02 4.67e-02h  1
   2  1.2046453e-05 1.86e+01 1.22e+00  -5.0 1.19e+01    -  2.52e-02 3.37e-03h  1
   3  2.1384527e-05 1.85e+01 1.24e+00  -5.0 1.12e+02    -  2.98e-03 3.68e-03h  1
   4  4.5904194e-04 1.57e+01 1.21e+01  -5.0 6.20e+01    -  1.91e-03 1.55e-01h  1
   5  9.0718591e-04 1.29e+01 1.12e+01  -5.0 4.64e+00    -  1.03e-01 1.79e-01h  1
   6  1.2961958e-03 1.04e+01 1.27e+01  -5.0 3.80e+00    -  2.73e-01 1.89e-01h  3
   7  1.5057774e-03 9.09e+00 1.42e+01  -5.0 3.04e+00    -  4.39e-01 1.28e-01h  3
   8  1.5676326e-03 8.69e+00 1.13e+01  -5.0 3.01e+00    -  5.44e-01 4.39e-02h  4
   9  1.5940092e-03 8.52e+00 6.16e+00  -5.0 2.57e+00    -  5.58e-01 1.98e-02h  5
iter    objective    inf_pr   inf_du lg(mu)  ||d||  lg(rg) alpha_du alpha_pr  ls
  10  1.6018278e-03 8.47e+00 5.52e+00  -5.0 7.29e+00    -  1.54e-01 6.06e-03h  7
  11  2.1943301e-03 4.48e+00 1.84e+01  -5.0 9.34e+00    -  3.22e-01 4.71e-01h  1
  12  2.5041138e-03 2.12e+00 1.26e+01  -5.0 1.10e+01    -  4.11e-01 5.26e-01h  1
  13  2.7866937e-03 1.40e-04 5.74e+00  -5.0 1.02e+01    -  5.84e-01 1.00e+00h  1
  14  2.7872359e-03 2.30e-06 2.16e-01  -5.0 1.12e-01    -  9.62e-01 1.00e+00h  1
  15  2.7871986e-03 3.30e-07 8.53e-04  -5.0 2.88e-02    -  9.96e-01 1.00e+00h  1
  16  3.0190989e-03 2.71e-03 1.76e-03  -5.0 2.86e+01    -  1.72e-02 4.23e-01f  2
  17  3.0130601e-03 5.69e-04 6.64e-04  -5.0 4.39e+00    -  7.62e-01 1.00e+00h  1
  18  3.0130448e-03 7.22e-06 2.41e-03  -5.0 6.13e-02    -  1.00e+00 1.00e+00h  1
  19  3.0050175e-03 6.98e-04 3.43e-04  -5.0 3.91e+00    -  9.06e-01 1.00e+00h  1

Number of Iterations....: 19

                                   (scaled)                 (unscaled)
Objective...............:   3.0050175470993003e-03    3.0050175470993003e-03
Dual infeasibility......:   3.4325632309040166e-04    3.4325632309040166e-04
Constraint violation....:   6.9803696102551445e-04    6.9803696102551445e-04
Complementarity.........:   1.0185764683355937e-05    1.0185764683355937e-05
Overall NLP error.......:   6.9803696102551445e-04    6.9803696102551445e-04


Number of objective function evaluations             = 40
Number of objective gradient evaluations             = 20
Number of equality constraint evaluations            = 40
Number of inequality constraint evaluations          = 40
Number of equality constraint Jacobian evaluations   = 20
Number of inequality constraint Jacobian evaluations = 20
Number of Lagrangian Hessian evaluations             = 0
Total CPU secs in IPOPT (w/o function evaluations)   =      0.650
Total CPU secs in NLP function evaluations           =     12.552

EXIT: Optimal Solution Found.
