
List of user-set options:

                                    Name   Value                used
              acceptable_constr_viol_tol = 0.001                 yes
                          acceptable_tol = 0.01                  yes
                             alpha_for_y = safer-min-dual-infeas  yes
                         constr_viol_tol = 0.001                 yes
                        file_print_level = 5                     yes
                   hessian_approximation = limited-memory        yes
                           linear_solver = mumps                 yes
                                max_iter = 66                    yes
                                 mu_init = 1e-05                 yes
                             mu_strategy = monotone              yes
                      nlp_scaling_method = gradient-based        yes
                             output_file = /home/kaleb/projects/learning/AAD-design/sardines/SARDINE_optimization5_out/IPOPT.out  yes
                             print_level = 5                     yes
                      print_user_options = yes                   yes
                                      sb = yes                   yes
                                     tol = 0.001                 yes
This is Ipopt version 3.11.9, running with linear solver mumps.
NOTE: Other linear solvers might be more efficient (see Ipopt documentation).

Number of nonzeros in equality constraint Jacobian...:     4707
Number of nonzeros in inequality constraint Jacobian.:     1910
Number of nonzeros in Lagrangian Hessian.............:        0

Total number of variables............................:      126
                     variables with only lower bounds:        2
                variables with lower and upper bounds:      124
                     variables with only upper bounds:        0
Total number of equality constraints.................:      120
Total number of inequality constraints...............:       82
        inequality constraints with only lower bounds:       20
   inequality constraints with lower and upper bounds:       42
        inequality constraints with only upper bounds:       20

iter    objective    inf_pr   inf_du lg(mu)  ||d||  lg(rg) alpha_du alpha_pr  ls
   0  5.3995626e-06 1.96e+01 1.00e+00  -5.0 0.00e+00    -  0.00e+00 0.00e+00   0
   1  9.8080846e-06 1.88e+01 9.73e-01  -5.0 6.20e+00    -  3.62e-02 3.75e-02h  1
   2  1.0995450e-05 1.88e+01 1.02e+00  -5.0 1.97e+01    -  1.94e-02 2.39e-03h  1
   3  2.1473294e-05 1.87e+01 1.04e+00  -5.0 1.29e+02    -  2.89e-03 3.86e-03h  1
   4  6.6796875e-04 1.50e+01 1.19e+01  -5.0 5.54e+01    -  2.09e-03 2.01e-01h  1
   5  1.3098100e-03 1.14e+01 1.47e+01  -5.0 5.07e+00    -  1.61e-01 2.35e-01h  1
   6  1.6580746e-03 9.52e+00 3.56e+01  -5.0 3.83e+00    -  3.78e-01 1.69e-01h  3
   7  1.6798344e-03 9.39e+00 1.84e+01  -5.0 3.05e+00    -  5.10e-01 1.32e-02h  6
   8  1.6905497e-03 9.33e+00 1.09e+01  -5.0 3.92e+00    -  4.43e-01 6.61e-03h  7
   9  1.7755278e-03 8.83e+00 1.04e+01  -5.0 3.95e+00    -  5.13e-01 5.35e-02h  4
iter    objective    inf_pr   inf_du lg(mu)  ||d||  lg(rg) alpha_du alpha_pr  ls
  10  1.8123523e-03 8.61e+00 6.68e+00  -5.0 8.00e+00    -  5.58e-01 2.48e-02h  5
  11  2.5624678e-03 3.97e+00 2.21e+01  -5.0 2.96e+01    -  3.12e-01 5.39e-01h  1
  12  2.6851262e-03 3.10e+00 1.63e+01  -5.0 7.94e+00    -  3.05e-01 2.19e-01h  1
  13  2.8629002e-03 1.84e+00 1.01e+01  -5.0 3.81e+00    -  5.88e-01 4.06e-01h  1
  14  3.1062380e-03 1.41e-03 7.86e+00  -5.0 2.51e+00    -  2.56e-01 1.00e+00h  1
  15  3.0980340e-03 4.32e-06 8.43e-01  -5.0 1.26e-01    -  8.93e-01 1.00e+00h  1
  16  3.0980510e-03 6.60e-08 6.83e-05  -5.0 4.01e-03    -  1.00e+00 1.00e+00h  1
  17  3.0980443e-03 2.05e-03 1.45e-02  -5.0 2.91e+00    -  2.61e-01 8.44e-01f  1
  18  3.0984048e-03 2.97e-05 1.77e-02  -5.0 6.32e-01    -  1.00e+00 1.00e+00h  1
  19  3.0983942e-03 1.51e-06 6.79e-04  -5.0 5.74e-02    -  1.00e+00 1.00e+00h  1

Number of Iterations....: 19

                                   (scaled)                 (unscaled)
Objective...............:   3.0983941520949239e-03    3.0983941520949239e-03
Dual infeasibility......:   6.7921396883901652e-04    6.7921396883901652e-04
Constraint violation....:   1.5074636230921917e-06    1.5074636230921917e-06
Complementarity.........:   1.5290878024557229e-05    1.5290878024557229e-05
Overall NLP error.......:   6.7921396883901652e-04    6.7921396883901652e-04


Number of objective function evaluations             = 40
Number of objective gradient evaluations             = 20
Number of equality constraint evaluations            = 40
Number of inequality constraint evaluations          = 40
Number of equality constraint Jacobian evaluations   = 20
Number of inequality constraint Jacobian evaluations = 20
Number of Lagrangian Hessian evaluations             = 0
Total CPU secs in IPOPT (w/o function evaluations)   =      0.537
Total CPU secs in NLP function evaluations           =     12.694

EXIT: Optimal Solution Found.
