
List of user-set options:

                                    Name   Value                used
              acceptable_constr_viol_tol = 0.0001                yes
                          acceptable_tol = 0.001                 yes
                             alpha_for_y = safer-min-dual-infeas  yes
                         constr_viol_tol = 0.0001                yes
                        file_print_level = 5                     yes
                   hessian_approximation = limited-memory        yes
                           linear_solver = mumps                 yes
                                max_iter = 200                   yes
                                 mu_init = 1e-05                 yes
                             mu_strategy = monotone              yes
                      nlp_scaling_method = gradient-based        yes
                             output_file = /home/kaleb/projects/learning/AAD-design/sardines/SARDINE_optimization9_out/IPOPT.out  yes
                             print_level = 5                     yes
                      print_user_options = yes                   yes
                                      sb = yes                   yes
                                     tol = 0.0001                yes
This is Ipopt version 3.11.9, running with linear solver mumps.
NOTE: Other linear solvers might be more efficient (see Ipopt documentation).

Number of nonzeros in equality constraint Jacobian...:    11716
Number of nonzeros in inequality constraint Jacobian.:     4156
Number of nonzeros in Lagrangian Hessian.............:        0

Total number of variables............................:      213
                     variables with only lower bounds:        2
                variables with lower and upper bounds:      211
                     variables with only upper bounds:        0
Total number of equality constraints.................:      200
Total number of inequality constraints...............:      124
        inequality constraints with only lower bounds:       20
   inequality constraints with lower and upper bounds:       64
        inequality constraints with only upper bounds:       40

iter    objective    inf_pr   inf_du lg(mu)  ||d||  lg(rg) alpha_du alpha_pr  ls
   0  1.5427322e-03 1.08e+01 1.00e+00  -5.0 0.00e+00    -  0.00e+00 0.00e+00   0
   1  3.0558031e-03 1.04e+01 3.21e+00  -5.0 5.42e+00    -  2.46e-03 3.51e-02h  1
   2  3.1317622e-03 1.04e+01 3.21e+00  -5.0 4.48e+00    -  2.69e-02 8.35e-04h  1
   3  5.7134833e-03 1.03e+01 4.26e+00  -5.0 4.36e+00    -  1.56e-02 1.31e-02h  1
   4  1.3682740e-02 9.91e+00 6.35e+00  -5.0 3.94e+00    -  8.07e-03 3.37e-02h  1
   5  1.8592465e-02 9.75e+00 6.99e+00  -5.0 7.56e+00    -  3.35e-02 1.62e-02h  1
   6  2.6848080e-02 9.56e+00 8.83e+00  -5.0 1.38e+01    -  6.90e-04 1.95e-02h  1
   7  3.2156807e-02 9.44e+00 9.85e+00  -5.0 1.37e+01    -  9.29e-03 1.27e-02h  1
   8  3.6580329e-02 9.34e+00 1.07e+01  -5.0 1.36e+01    -  3.17e-03 1.07e-02h  1
   9  3.6626265e-02 9.33e+00 1.16e+01  -5.0 3.70e+00    -  1.49e-03 3.91e-04h  1
iter    objective    inf_pr   inf_du lg(mu)  ||d||  lg(rg) alpha_du alpha_pr  ls
  10  3.6641099e-02 9.33e+00 1.16e+01  -5.0 1.42e+01    -  2.27e-05 1.20e-04h  1
  11  3.6641103e-02 9.33e+00 1.16e+01  -5.0 4.29e+01    -  2.86e-08 3.73e-08h  2
  12  3.6807425e-02 9.32e+00 1.02e+01  -5.0 2.55e+01    -  9.94e-05 1.76e-03h  1
  13  3.6835466e-02 9.31e+00 1.03e+01  -5.0 2.86e+01    -  1.18e-03 3.02e-04h  1
  14  3.7006976e-02 9.30e+00 9.57e+00  -5.0 2.76e+01    -  2.71e-06 1.49e-03h  1
  15r 3.7006976e-02 9.30e+00 9.99e+02   1.0 0.00e+00    -  0.00e+00 1.61e-08R  2
  16r 3.7006701e-02 9.30e+00 9.99e+02   1.0 8.02e+03    -  2.19e-07 4.45e-07f  1
  17r 5.3915496e-02 8.07e+00 9.99e+02   1.0 5.85e+02    -  5.54e-06 2.11e-03f  1
  18  6.3629338e-02 7.89e+00 2.85e+01  -5.0 1.24e+01    -  4.06e-03 2.21e-02h  1
  19  6.7487594e-02 7.85e+00 2.83e+01  -5.0 6.07e+00    -  1.20e-02 4.80e-03h  1
iter    objective    inf_pr   inf_du lg(mu)  ||d||  lg(rg) alpha_du alpha_pr  ls
  20  1.3157197e-01 7.23e+00 2.09e+01  -5.0 5.23e+00    -  1.65e-02 7.94e-02h  1
  21  2.0031809e-01 6.54e+00 3.71e+01  -5.0 7.28e+00    -  1.05e-01 9.53e-02h  1
  22  3.0313854e-01 5.65e+00 2.83e+01  -5.0 4.88e+00    -  4.66e-02 1.36e-01h  1
  23  3.0811218e-01 5.61e+00 2.04e+01  -5.0 4.48e+00    -  2.24e-01 7.19e-03h  1
  24  4.4072747e-01 4.54e+00 1.71e+01  -5.0 4.53e+00    -  2.48e-03 1.90e-01h  1
  25  4.4120902e-01 4.54e+00 1.71e+01  -5.0 3.67e+00    -  4.17e-05 8.52e-04h  1
  26  7.2759871e-01 2.24e+00 1.80e+01  -5.0 3.67e+00    -  3.81e-01 5.06e-01h  1
  27  7.2811010e-01 2.23e+00 1.81e+01  -5.0 2.80e+00    -  4.82e-05 2.80e-03h  1
  28  7.4091885e-01 2.01e+00 1.97e+01  -5.0 4.60e+00    -  8.30e-03 1.00e-01h  1
  29  7.4284780e-01 1.99e+00 1.91e+01  -5.0 1.45e+00    -  9.55e-02 8.61e-03h  1
iter    objective    inf_pr   inf_du lg(mu)  ||d||  lg(rg) alpha_du alpha_pr  ls
  30  8.0327333e-01 1.47e+00 1.34e+01  -5.0 1.48e+00    -  2.48e-01 2.65e-01h  1
  31  8.0514739e-01 1.45e+00 1.33e+01  -5.0 1.09e+00    -  9.38e-03 1.11e-02h  1
  32  8.6909374e-01 8.94e-01 1.42e+01  -5.0 1.08e+00    -  8.21e-02 3.83e-01h  1
  33  8.6909716e-01 8.93e-01 1.42e+01  -5.0 6.62e-01    -  1.34e-04 3.35e-05h  1
  34  9.1761170e-01 4.31e-01 1.49e+01  -5.0 1.73e+00    -  2.37e-02 5.18e-01h  1
  35  9.1761247e-01 4.31e-01 1.49e+01  -5.0 6.95e-01    -  5.83e-04 3.04e-05h  1
  36  9.2670791e-01 3.27e-02 9.90e+00  -5.0 5.24e-01    -  3.10e-01 9.24e-01h  1
  37  9.3115897e-01 2.34e-05 1.37e+00  -5.0 2.49e-01    -  8.65e-01 1.00e+00h  1
  38  9.3092116e-01 5.14e-07 3.12e-02  -5.0 2.42e-02    -  9.77e-01 1.00e+00h  1
  39  9.3063650e-01 2.87e-06 9.98e-03  -5.0 6.70e-02    -  8.49e-01 1.00e+00h  1
iter    objective    inf_pr   inf_du lg(mu)  ||d||  lg(rg) alpha_du alpha_pr  ls
  40  9.3033317e-01 1.75e-05 1.26e-02  -5.0 9.24e-02    -  4.35e-01 1.00e+00h  1
  41  9.3000883e-01 1.97e-06 9.59e-03  -5.0 6.84e-02    -  9.74e-01 1.00e+00h  1
  42  9.2967332e-01 2.45e-06 1.08e-02  -5.0 7.66e-02    -  1.00e+00 1.00e+00h  1
  43  9.2935255e-01 2.19e-06 1.01e-02  -5.0 7.15e-02    -  1.00e+00 1.00e+00h  1
  44  9.2902857e-01 2.17e-06 1.02e-02  -5.0 7.27e-02    -  1.00e+00 1.00e+00h  1
  45  9.2870365e-01 7.83e-06 1.04e-02  -5.0 7.17e-02    -  1.00e+00 1.00e+00h  1
  46  9.2836841e-01 7.09e-06 1.02e-02  -5.0 6.91e-02    -  1.00e+00 1.00e+00h  1
  47  9.2802609e-01 8.87e-06 1.06e-02  -5.0 6.94e-02    -  1.00e+00 1.00e+00h  1
  48  9.2767106e-01 1.90e-06 1.00e-02  -5.0 7.00e-02    -  1.00e+00 1.00e+00h  1
  49  9.2731398e-01 2.17e-06 1.01e-02  -5.0 6.95e-02    -  1.00e+00 1.00e+00h  1
iter    objective    inf_pr   inf_du lg(mu)  ||d||  lg(rg) alpha_du alpha_pr  ls
  50  9.2695195e-01 1.87e-06 9.62e-03  -5.0 6.86e-02    -  1.00e+00 1.00e+00h  1
  51  9.2403430e-01 7.57e-05 1.10e-02  -5.0 1.35e+01    -  5.39e-02 2.09e-02h  1
  52  9.2107443e-01 8.49e-02 6.78e-03  -5.0 9.01e+00    -  9.81e-02 4.15e-02h  1
  53  9.2031089e-01 1.20e-01 1.74e-02  -5.0 1.06e+00    -  4.52e-01 7.46e-02h  1
  54  9.1991251e-01 9.09e-02 2.05e-02  -5.0 4.89e-01    -  7.35e-01 1.82e-01h  1
  55  9.1938945e-01 4.96e-02 2.80e-03  -5.0 5.71e-01    -  9.51e-01 2.68e-01h  1
  56  9.1965861e-01 5.18e-05 3.00e-03  -5.0 4.54e-02    -  5.95e-01 1.00e+00h  1
  57  9.1971222e-01 8.79e-07 1.96e-03  -5.0 1.49e-02    -  1.00e+00 1.00e+00h  1
  58  9.1971940e-01 2.41e-07 1.01e-03  -5.0 4.08e-03    -  1.00e+00 1.00e+00h  1
  59  9.1971984e-01 1.68e-07 5.48e-04  -5.0 2.73e-03    -  1.00e+00 1.00e+00h  1
iter    objective    inf_pr   inf_du lg(mu)  ||d||  lg(rg) alpha_du alpha_pr  ls
  60  9.1972010e-01 9.40e-08 2.95e-04  -5.0 1.52e-03    -  1.00e+00 1.00e+00h  1
  61  9.1972028e-01 5.27e-08 1.67e-04  -5.0 8.68e-04    -  1.00e+00 1.00e+00h  1
  62  9.1972040e-01 3.01e-08 9.58e-05  -5.0 4.97e-04    -  1.00e+00 1.00e+00h  1

Number of Iterations....: 62

                                   (scaled)                 (unscaled)
Objective...............:   9.1972039846892262e-01    9.1972039846892262e-01
Dual infeasibility......:   9.5778772253703385e-05    9.5778772253703385e-05
Constraint violation....:   3.0052370910348325e-08    3.0052370910348325e-08
Complementarity.........:   1.0000000000000004e-05    1.0000000000000004e-05
Overall NLP error.......:   9.5778772253703385e-05    9.5778772253703385e-05


Number of objective function evaluations             = 66
Number of objective gradient evaluations             = 62
Number of equality constraint evaluations            = 66
Number of inequality constraint evaluations          = 66
Number of equality constraint Jacobian evaluations   = 64
Number of inequality constraint Jacobian evaluations = 64
Number of Lagrangian Hessian evaluations             = 0
Total CPU secs in IPOPT (w/o function evaluations)   =      0.674
Total CPU secs in NLP function evaluations           =     29.588

EXIT: Optimal Solution Found.
