
List of user-set options:

                                    Name   Value                used
              acceptable_constr_viol_tol = 0.001                 yes
                          acceptable_tol = 0.01                  yes
                             alpha_for_y = safer-min-dual-infeas  yes
                         constr_viol_tol = 0.001                 yes
                        file_print_level = 5                     yes
                   hessian_approximation = limited-memory        yes
                           linear_solver = mumps                 yes
                                max_iter = 66                    yes
                                 mu_init = 1e-05                 yes
                             mu_strategy = monotone              yes
                      nlp_scaling_method = gradient-based        yes
                             output_file = /home/kaleb/projects/learning/AAD-design/sardines/SARDINE_optimization6_out/IPOPT.out  yes
                             print_level = 5                     yes
                      print_user_options = yes                   yes
                                      sb = yes                   yes
                                     tol = 0.001                 yes
This is Ipopt version 3.11.9, running with linear solver mumps.
NOTE: Other linear solvers might be more efficient (see Ipopt documentation).

Number of nonzeros in equality constraint Jacobian...:    11828
Number of nonzeros in inequality constraint Jacobian.:     4160
Number of nonzeros in Lagrangian Hessian.............:        0

Total number of variables............................:      215
                     variables with only lower bounds:        2
                variables with lower and upper bounds:      213
                     variables with only upper bounds:        0
Total number of equality constraints.................:      206
Total number of inequality constraints...............:      124
        inequality constraints with only lower bounds:       20
   inequality constraints with lower and upper bounds:       64
        inequality constraints with only upper bounds:       40

iter    objective    inf_pr   inf_du lg(mu)  ||d||  lg(rg) alpha_du alpha_pr  ls
   0  5.3995626e-06 1.96e+01 1.00e+00  -5.0 0.00e+00    -  0.00e+00 0.00e+00   0
   1  8.6098268e-06 1.93e+01 9.97e-01  -5.0 4.55e+00    -  7.02e-03 1.46e-02h  1
   2  8.8181861e-06 1.93e+01 1.15e+00  -5.0 4.08e+00    -  1.47e-02 8.74e-04h  1
   3  3.4154749e-05 1.86e+01 1.15e+00  -5.0 3.57e+00    -  1.22e-02 3.54e-02h  1
   4  1.5255374e-04 1.73e+01 1.23e+00  -5.0 3.13e+00    -  2.00e-02 7.01e-02h  1
   5r 1.5255374e-04 1.73e+01 9.99e+02   1.2 0.00e+00    -  0.00e+00 3.62e-07R  2
   6r 1.4301923e-04 1.74e+01 9.99e+02   1.2 4.03e+06    -  8.14e-07 2.54e-08f  5
   7r 1.8301121e-04 1.41e+01 9.99e+02   1.2 1.34e+03    -  1.14e-04 2.42e-03f  1
   8r 1.8301121e-04 1.41e+01 9.99e+02   1.1 0.00e+00    -  0.00e+00 3.77e-07R  2
   9r 1.7157312e-04 1.42e+01 9.99e+02   1.1 2.54e+05    -  1.33e-05 4.87e-07f  5
iter    objective    inf_pr   inf_du lg(mu)  ||d||  lg(rg) alpha_du alpha_pr  ls
  10r 2.5431224e-04 1.03e+01 9.99e+02   1.1 1.31e+03    -  6.69e-04 3.00e-03f  1
  11  2.6449886e-04 1.03e+01 1.52e+00  -5.0 3.23e+00    -  1.02e-01 5.84e-03h  1
  12  3.6198649e-04 9.70e+00 1.76e+00  -5.0 3.37e+00    -  9.92e-02 5.36e-02h  1
  13  3.7869496e-04 9.62e+00 1.81e+00  -5.0 3.71e+00    -  4.82e-02 8.35e-03h  1
  14  7.1757371e-04 7.94e+00 4.47e+00  -5.0 4.18e+00    -  3.52e-02 1.75e-01h  1
  15  7.9948009e-04 7.54e+00 4.37e+00  -5.0 5.14e+00    -  1.44e-01 5.10e-02h  1
  16  1.0345717e-03 6.40e+00 5.12e+00  -5.0 3.78e+00    -  1.61e-01 1.50e-01h  1
  17  1.7503565e-03 2.97e+00 7.80e+00  -5.0 2.71e+00    -  2.92e-01 5.36e-01h  1
  18  2.3627220e-03 2.35e-04 5.86e+00  -5.0 1.27e+00    -  6.92e-01 1.00e+00h  1
  19  2.3600927e-03 6.33e-07 1.33e-01  -5.0 3.03e-02    -  9.78e-01 1.00e+00h  1
iter    objective    inf_pr   inf_du lg(mu)  ||d||  lg(rg) alpha_du alpha_pr  ls
  20  2.3600873e-03 3.35e-08 1.77e-03  -5.0 2.40e-03    -  9.87e-01 1.00e+00h  1
  21  2.3605342e-03 1.99e-04 3.02e-03  -5.0 2.69e+00    -  3.23e-02 1.59e-01f  1
  22  2.3612383e-03 1.61e-06 1.58e-04  -5.0 2.17e-01    -  9.40e-01 1.00e+00f  1
  23  2.3663229e-03 3.60e-05 6.80e-04  -5.0 2.66e+00    -  3.64e-01 1.00e+00h  1
  24  2.3667822e-03 1.19e-05 4.14e-04  -5.0 6.82e-01    -  1.00e+00 1.00e+00h  1

Number of Iterations....: 24

                                   (scaled)                 (unscaled)
Objective...............:   2.3667822364653868e-03    2.3667822364653868e-03
Dual infeasibility......:   4.1368694185204988e-04    4.1368694185204988e-04
Constraint violation....:   1.1882251969261420e-05    1.1882251969261420e-05
Complementarity.........:   2.9072967132916428e-05    2.9072967132916428e-05
Overall NLP error.......:   4.1368694185204988e-04    4.1368694185204988e-04


Number of objective function evaluations             = 39
Number of objective gradient evaluations             = 23
Number of equality constraint evaluations            = 39
Number of inequality constraint evaluations          = 39
Number of equality constraint Jacobian evaluations   = 27
Number of inequality constraint Jacobian evaluations = 27
Number of Lagrangian Hessian evaluations             = 0
Total CPU secs in IPOPT (w/o function evaluations)   =      0.960
Total CPU secs in NLP function evaluations           =     17.527

EXIT: Optimal Solution Found.
