
List of user-set options:

                                    Name   Value                used
              acceptable_constr_viol_tol = 0.0001                yes
                          acceptable_tol = 0.001                 yes
                             alpha_for_y = safer-min-dual-infeas  yes
                         constr_viol_tol = 0.0001                yes
                        file_print_level = 5                     yes
                   hessian_approximation = limited-memory        yes
                           linear_solver = mumps                 yes
                                max_iter = 200                   yes
                                 mu_init = 1e-05                 yes
                             mu_strategy = monotone              yes
                      nlp_scaling_method = gradient-based        yes
                             output_file = /home/kaleb/projects/learning/AAD-design/sardines/SARDINE_optimization26_out/IPOPT.out  yes
                             print_level = 5                     yes
                      print_user_options = yes                   yes
                                      sb = yes                   yes
                                     tol = 0.0001                yes
This is Ipopt version 3.11.9, running with linear solver mumps.
NOTE: Other linear solvers might be more efficient (see Ipopt documentation).

Number of nonzeros in equality constraint Jacobian...:    11716
Number of nonzeros in inequality constraint Jacobian.:     4156
Number of nonzeros in Lagrangian Hessian.............:        0

Total number of variables............................:      213
                     variables with only lower bounds:        2
                variables with lower and upper bounds:      211
                     variables with only upper bounds:        0
Total number of equality constraints.................:      200
Total number of inequality constraints...............:      124
        inequality constraints with only lower bounds:       20
   inequality constraints with lower and upper bounds:       64
        inequality constraints with only upper bounds:       40

iter    objective    inf_pr   inf_du lg(mu)  ||d||  lg(rg) alpha_du alpha_pr  ls
   0  1.5427322e-03 1.08e+01 1.00e+00  -5.0 0.00e+00    -  0.00e+00 0.00e+00   0
   1  2.0301702e-03 1.04e+01 2.81e+00  -5.0 4.06e+00    -  2.46e-03 3.13e-02h  1
   2  2.0671279e-03 1.04e+01 2.82e+00  -5.0 4.54e+00    -  2.95e-02 8.41e-04h  1
   3  9.6116829e-03 9.85e+00 7.55e+00  -5.0 4.46e+00    -  1.51e-02 5.59e-02h  1
   4  1.1351783e-02 9.78e+00 7.82e+00  -5.0 5.15e+00    -  3.58e-02 6.62e-03h  1
   5  2.5043229e-02 9.53e+00 8.02e+00  -5.0 1.59e+01    -  1.64e-02 2.58e-02h  1
   6  3.1975287e-02 9.41e+00 8.16e+00  -5.0 1.67e+01    -  4.56e-02 1.26e-02h  1
   7  4.2380074e-02 9.23e+00 1.23e+01  -5.0 1.62e+01    -  1.88e-02 1.94e-02h  1
   8  4.2853446e-02 9.20e+00 1.96e+01  -5.0 4.72e+01    -  4.45e-03 3.23e-03h  1
   9r 4.2853446e-02 9.20e+00 9.99e+02   1.0 0.00e+00    -  0.00e+00 1.75e-07R  2
iter    objective    inf_pr   inf_du lg(mu)  ||d||  lg(rg) alpha_du alpha_pr  ls
  10r 4.3262233e-02 9.16e+00 9.99e+02   1.0 2.44e+03    -  8.17e-07 1.53e-04f  1
  11r 7.4809468e-02 7.32e+00 9.99e+02   1.0 5.28e+02    -  1.61e-04 3.49e-03f  1
  12r 8.5679791e-02 5.61e+00 9.98e+02   1.0 4.29e+02    -  1.28e-03 4.00e-03f  1
  13  9.4237646e-02 5.55e+00 3.77e+01  -5.0 1.38e+01    -  2.89e-04 1.07e-02h  1
  14  1.3911195e-01 5.28e+00 3.59e+01  -5.0 6.45e+00    -  4.32e-02 4.80e-02h  1
  15  1.7907532e-01 5.05e+00 3.36e+01  -5.0 5.91e+00    -  6.54e-02 4.38e-02h  1
  16  3.9216083e-01 3.90e+00 2.96e+01  -5.0 6.06e+00    -  1.19e-01 2.28e-01h  1
  17  8.9554259e-01 1.19e+00 3.45e+01  -5.0 4.69e+00    -  1.81e-01 6.96e-01h  1
  18  9.3265765e-01 9.66e-01 3.55e+01  -5.0 1.30e+00    -  2.61e-03 1.85e-01h  1
  19  9.6225696e-01 7.69e-01 3.01e+01  -5.0 1.83e+00    -  1.88e-01 2.04e-01h  1
iter    objective    inf_pr   inf_du lg(mu)  ||d||  lg(rg) alpha_du alpha_pr  ls
  20  9.8592987e-01 6.11e-01 3.13e+01  -5.0 1.78e+00    -  8.00e-03 2.06e-01h  1
  21  9.9132456e-01 4.58e-01 2.04e+01  -5.0 1.20e+00    -  4.26e-01 2.50e-01h  1
  22  9.9712813e-01 3.00e-01 1.43e+01  -5.0 5.80e-01    -  3.41e-01 3.46e-01h  1
  23  9.9794242e-01 2.94e-01 1.36e+01  -5.0 7.32e-01    -  4.97e-02 2.02e-02h  1
  24  1.0084689e+00 1.58e-03 5.76e+00  -5.0 3.83e-01    -  7.31e-02 1.00e+00h  1
  25  1.0094649e+00 8.43e-06 1.00e+00  -5.0 3.77e-02    -  8.77e-01 1.00e+00h  1
  26  1.0094474e+00 1.68e-07 2.18e-02  -5.0 5.60e-03    -  9.92e-01 1.00e+00h  1
  27  1.0094545e+00 1.29e-06 3.07e-02  -5.0 2.20e-02    -  4.88e-01 1.00e+00h  1
  28  1.0091930e+00 2.78e-06 1.38e-02  -5.0 4.77e-02    -  7.63e-01 1.00e+00h  1
  29  1.0088418e+00 2.51e-06 1.30e-02  -5.0 6.05e-02    -  1.00e+00 1.00e+00h  1
iter    objective    inf_pr   inf_du lg(mu)  ||d||  lg(rg) alpha_du alpha_pr  ls
  30  1.0085330e+00 1.47e-06 1.10e-02  -5.0 5.39e-02    -  7.91e-01 1.00e+00h  1
  31  1.0082034e+00 4.12e-06 1.13e-02  -5.0 5.49e-02    -  1.00e+00 1.00e+00h  1
  32  1.0078730e+00 1.48e-06 1.16e-02  -5.0 5.31e-02    -  1.00e+00 1.00e+00h  1
  33  1.0075307e+00 1.58e-05 1.04e-02  -5.0 5.14e-02    -  1.00e+00 1.00e+00h  1
  34  1.0072066e+00 1.51e-06 1.13e-02  -5.0 5.35e-02    -  1.00e+00 1.00e+00h  1
  35  1.0068761e+00 2.57e-05 9.05e-03  -5.0 5.19e-02    -  1.00e+00 1.00e+00h  1
  36  1.0064661e+00 2.62e-05 7.52e-03  -5.0 2.62e+00    -  2.88e-01 6.18e-02h  1
  37  1.0034746e+00 3.05e-04 1.91e-02  -5.0 2.64e+00    -  1.00e+00 5.77e-01f  1
  38  1.0031785e+00 1.64e-04 4.45e-03  -5.0 5.75e-01    -  8.55e-01 4.66e-01h  1
  39  1.0027481e+00 6.78e-06 1.23e-02  -5.0 8.18e-02    -  1.00e+00 1.00e+00h  1
iter    objective    inf_pr   inf_du lg(mu)  ||d||  lg(rg) alpha_du alpha_pr  ls
  40  1.0025367e+00 2.69e-06 1.00e-02  -5.0 8.28e-02    -  9.72e-01 1.00e+00h  1
  41  1.0023265e+00 2.56e-06 9.63e-03  -5.0 7.70e-02    -  1.00e+00 9.95e-01h  1
  42  1.0022652e+00 5.44e-07 3.72e-03  -5.0 3.15e-02    -  1.00e+00 1.00e+00f  1
  43  1.0021967e+00 8.34e-07 2.66e-03  -5.0 1.32e-02    -  1.00e+00 1.00e+00h  1
  44  1.0021368e+00 7.21e-07 3.12e-03  -5.0 1.94e-02    -  1.00e+00 1.00e+00h  1
  45  1.0020830e+00 7.39e-07 3.52e-03  -5.0 2.22e-02    -  1.00e+00 1.00e+00h  1
  46  1.0020296e+00 8.02e-07 3.65e-03  -5.0 2.39e-02    -  1.00e+00 1.00e+00h  1
  47  1.0019786e+00 8.66e-07 4.29e-03  -5.0 2.56e-02    -  1.00e+00 1.00e+00h  1
  48  1.0019312e+00 1.03e-06 4.65e-03  -5.0 3.03e-02    -  1.00e+00 1.00e+00h  1
  49  1.0018929e+00 1.10e-06 4.97e-03  -5.0 3.24e-02    -  1.00e+00 1.00e+00h  1
iter    objective    inf_pr   inf_du lg(mu)  ||d||  lg(rg) alpha_du alpha_pr  ls
  50  1.0018578e+00 8.66e-06 4.58e-03  -5.0 3.37e-02    -  1.00e+00 1.00e+00h  1
  51  1.0018367e+00 9.58e-07 4.29e-03  -5.0 2.81e-02    -  1.00e+00 1.00e+00h  1
  52  1.0018131e+00 9.84e-07 4.37e-03  -5.0 2.86e-02    -  1.00e+00 1.00e+00h  1
  53  1.0017886e+00 1.01e-06 4.50e-03  -5.0 2.92e-02    -  1.00e+00 1.00e+00h  1
  54  1.0017628e+00 1.04e-06 4.99e-03  -5.0 3.00e-02    -  1.00e+00 1.00e+00h  1
  55  1.0017323e+00 1.14e-06 5.05e-03  -5.0 3.27e-02    -  1.00e+00 1.00e+00h  1
  56  1.0017003e+00 4.00e-06 4.98e-03  -5.0 3.35e-02    -  1.00e+00 1.00e+00h  1
  57  1.0016686e+00 1.70e-06 5.32e-03  -5.0 3.33e-02    -  1.00e+00 1.00e+00h  1
  58  1.0016325e+00 2.02e-06 5.89e-03  -5.0 3.50e-02    -  1.00e+00 1.00e+00h  1
  59  1.0015903e+00 1.69e-06 5.73e-03  -5.0 3.79e-02    -  1.00e+00 1.00e+00h  1
iter    objective    inf_pr   inf_du lg(mu)  ||d||  lg(rg) alpha_du alpha_pr  ls
  60  1.0015467e+00 1.23e-06 6.34e-03  -5.0 3.84e-02    -  1.00e+00 1.00e+00h  1
  61  1.0014950e+00 7.60e-06 6.29e-03  -5.0 4.15e-02    -  1.00e+00 1.00e+00h  1
  62  1.0006448e+00 3.39e-05 1.51e-02  -5.0 4.18e+00    -  5.09e-01 1.29e-01h  1
  63  1.0006298e+00 2.55e-05 1.07e-03  -5.0 1.10e-01    -  1.00e+00 2.48e-01h  1
  64  1.0005624e+00 4.08e-07 1.02e-03  -5.0 1.25e-02    -  1.00e+00 1.00e+00f  1
  65  1.0005585e+00 1.22e-07 2.18e-04  -5.0 3.08e-03    -  1.00e+00 1.00e+00h  1
  66  1.0005584e+00 1.13e-08 7.55e-05  -5.0 2.89e-04    -  1.00e+00 1.00e+00h  1

Number of Iterations....: 66

                                   (scaled)                 (unscaled)
Objective...............:   1.0005583594486616e+00    1.0005583594486616e+00
Dual infeasibility......:   7.5476854677835551e-05    7.5476854677835551e-05
Constraint violation....:   1.1325887081749853e-08    1.1325887081749853e-08
Complementarity.........:   1.0007849928062323e-05    1.0007849928062323e-05
Overall NLP error.......:   7.5476854677835551e-05    7.5476854677835551e-05


Number of objective function evaluations             = 69
Number of objective gradient evaluations             = 65
Number of equality constraint evaluations            = 69
Number of inequality constraint evaluations          = 69
Number of equality constraint Jacobian evaluations   = 68
Number of inequality constraint Jacobian evaluations = 68
Number of Lagrangian Hessian evaluations             = 0
Total CPU secs in IPOPT (w/o function evaluations)   =      0.651
Total CPU secs in NLP function evaluations           =     31.766

EXIT: Optimal Solution Found.
