
List of user-set options:

                                    Name   Value                used
              acceptable_constr_viol_tol = 0.001                 yes
                          acceptable_tol = 0.01                  yes
                             alpha_for_y = safer-min-dual-infeas  yes
                         constr_viol_tol = 0.001                 yes
                        file_print_level = 5                     yes
                   hessian_approximation = limited-memory        yes
                           linear_solver = mumps                 yes
                                max_iter = 66                    yes
                                 mu_init = 1e-05                 yes
                             mu_strategy = monotone              yes
                      nlp_scaling_method = gradient-based        yes
                             output_file = /home/kaleb/projects/learning/AAD-design/sardines/SARDINE_optimization7_out/IPOPT.out  yes
                             print_level = 5                     yes
                      print_user_options = yes                   yes
                                      sb = yes                   yes
                                     tol = 0.001                 yes
This is Ipopt version 3.11.9, running with linear solver mumps.
NOTE: Other linear solvers might be more efficient (see Ipopt documentation).

Number of nonzeros in equality constraint Jacobian...:     4707
Number of nonzeros in inequality constraint Jacobian.:     1910
Number of nonzeros in Lagrangian Hessian.............:        0

Total number of variables............................:      126
                     variables with only lower bounds:        2
                variables with lower and upper bounds:      124
                     variables with only upper bounds:        0
Total number of equality constraints.................:      120
Total number of inequality constraints...............:       82
        inequality constraints with only lower bounds:       20
   inequality constraints with lower and upper bounds:       42
        inequality constraints with only upper bounds:       20

iter    objective    inf_pr   inf_du lg(mu)  ||d||  lg(rg) alpha_du alpha_pr  ls
   0  5.3995626e-06 1.96e+01 1.00e+00  -5.0 0.00e+00    -  0.00e+00 0.00e+00   0
   1  1.0624384e-05 1.87e+01 9.81e-01  -5.0 6.08e+00    -  4.21e-02 4.63e-02h  1
   2  1.2034654e-05 1.86e+01 1.23e+00  -5.0 1.16e+01    -  2.54e-02 3.46e-03h  1
   3  2.1234031e-05 1.85e+01 1.25e+00  -5.0 1.12e+02    -  3.04e-03 3.61e-03h  1
   4  3.0213398e-04 1.67e+01 9.08e+00  -5.0 6.19e+01    -  1.90e-03 9.87e-02h  1
   5  1.4145222e-03 9.82e+00 1.21e+01  -5.0 5.00e+00    -  6.27e-02 4.12e-01h  2
   6  2.9859395e-03 2.13e-03 3.56e+01  -5.0 2.91e+00    -  4.32e-01 1.00e+00h  1
   7  2.9657192e-03 1.56e-03 2.03e+01  -5.0 1.71e+00    -  4.36e-01 2.75e-01h  1
   8  2.9188334e-03 4.42e-05 7.20e+00  -5.0 1.85e+00    -  6.09e-01 1.00e+00h  1
   9  2.9189984e-03 8.79e-07 8.95e-02  -5.0 9.98e-03    -  9.88e-01 1.00e+00h  1
iter    objective    inf_pr   inf_du lg(mu)  ||d||  lg(rg) alpha_du alpha_pr  ls
  10  2.9189302e-03 7.94e-07 3.47e-04  -5.0 7.34e-03    -  1.00e+00 1.00e+00h  1
  11  2.9057533e-03 9.03e-05 4.67e-05  -5.0 1.04e+01    -  8.93e-01 1.00e+00h  1
  12  2.8951082e-03 1.04e-03 1.94e-03  -5.0 1.12e+01    -  1.00e+00 4.76e-01h  2
  13  2.9290333e-03 8.16e-05 1.34e-04  -5.0 1.70e+00    -  9.93e-01 1.00e+00h  1

Number of Iterations....: 13

                                   (scaled)                 (unscaled)
Objective...............:   2.9290333358029290e-03    2.9290333358029290e-03
Dual infeasibility......:   1.3379333737271323e-04    1.3379333737271323e-04
Constraint violation....:   8.1610094839535598e-05    8.1610094839535598e-05
Complementarity.........:   1.0316662330240484e-05    1.0316662330240484e-05
Overall NLP error.......:   1.3379333737271323e-04    1.3379333737271323e-04


Number of objective function evaluations             = 18
Number of objective gradient evaluations             = 14
Number of equality constraint evaluations            = 18
Number of inequality constraint evaluations          = 18
Number of equality constraint Jacobian evaluations   = 14
Number of inequality constraint Jacobian evaluations = 14
Number of Lagrangian Hessian evaluations             = 0
Total CPU secs in IPOPT (w/o function evaluations)   =      0.554
Total CPU secs in NLP function evaluations           =      5.786

EXIT: Optimal Solution Found.
