
List of user-set options:

                                    Name   Value                used
              acceptable_constr_viol_tol = 0.0001                yes
                          acceptable_tol = 0.001                 yes
                             alpha_for_y = safer-min-dual-infeas  yes
                         constr_viol_tol = 0.0001                yes
                        file_print_level = 5                     yes
                   hessian_approximation = limited-memory        yes
                           linear_solver = mumps                 yes
                                max_iter = 200                   yes
                                 mu_init = 1e-05                 yes
                             mu_strategy = monotone              yes
                      nlp_scaling_method = gradient-based        yes
                             output_file = /home/kaleb/projects/learning/AAD-design/sardines/SARDINE_optimization27_out/IPOPT.out  yes
                             print_level = 5                     yes
                      print_user_options = yes                   yes
                                      sb = yes                   yes
                                     tol = 0.0001                yes
This is Ipopt version 3.11.9, running with linear solver mumps.
NOTE: Other linear solvers might be more efficient (see Ipopt documentation).

Number of nonzeros in equality constraint Jacobian...:    11716
Number of nonzeros in inequality constraint Jacobian.:     4156
Number of nonzeros in Lagrangian Hessian.............:        0

Total number of variables............................:      213
                     variables with only lower bounds:        2
                variables with lower and upper bounds:      211
                     variables with only upper bounds:        0
Total number of equality constraints.................:      200
Total number of inequality constraints...............:      124
        inequality constraints with only lower bounds:       20
   inequality constraints with lower and upper bounds:       64
        inequality constraints with only upper bounds:       40

iter    objective    inf_pr   inf_du lg(mu)  ||d||  lg(rg) alpha_du alpha_pr  ls
   0  1.5427322e-03 1.08e+01 1.00e+00  -5.0 0.00e+00    -  0.00e+00 0.00e+00   0
   1  1.9835920e-03 1.04e+01 2.81e+00  -5.0 4.06e+00    -  2.46e-03 3.11e-02h  1
   2  2.0189866e-03 1.04e+01 2.81e+00  -5.0 4.55e+00    -  2.94e-02 8.41e-04h  1
   3  9.8701873e-03 9.80e+00 7.91e+00  -5.0 4.47e+00    -  1.53e-02 6.04e-02h  1
   4  1.1742343e-02 9.72e+00 8.28e+00  -5.0 3.92e+00    -  3.94e-02 8.36e-03h  1
   5  1.9402945e-02 9.55e+00 8.03e+00  -5.0 1.26e+01    -  1.85e-02 1.71e-02h  1
   6  3.4442541e-02 9.28e+00 9.78e+00  -5.0 1.54e+01    -  3.32e-02 2.90e-02h  1
   7  3.9386000e-02 9.19e+00 1.12e+01  -5.0 1.53e+01    -  2.21e-02 9.59e-03h  1
   8  4.4954632e-02 9.07e+00 1.90e+01  -5.0 1.23e+01    -  1.52e-02 1.28e-02h  1
   9  4.5014869e-02 9.07e+00 1.66e+01  -5.0 3.10e+01    -  1.64e-03 4.13e-04h  1
iter    objective    inf_pr   inf_du lg(mu)  ||d||  lg(rg) alpha_du alpha_pr  ls
  10  4.5020195e-02 9.07e+00 1.66e+01  -5.0 3.33e+01    -  1.69e-05 3.46e-05h  1
  11  4.5028365e-02 9.07e+00 1.66e+01  -5.0 3.25e+01    -  5.61e-06 4.77e-05h  1
  12  4.5035574e-02 9.07e+00 1.66e+01  -5.0 3.21e+01    -  6.89e-06 3.92e-05h  1
  13  4.5051263e-02 9.07e+00 1.66e+01  -5.0 3.17e+01    -  9.00e-06 8.01e-05h  1
  14  4.5075547e-02 9.06e+00 1.66e+01  -5.0 2.91e+01    -  1.39e-05 1.01e-04h  1
  15  4.5093183e-02 9.06e+00 1.66e+01  -5.0 2.70e+01    -  1.39e-05 6.38e-05h  1
  16  4.5120709e-02 9.06e+00 1.66e+01  -5.0 2.60e+01    -  1.70e-05 9.33e-05h  1
  17  4.5163220e-02 9.06e+00 1.67e+01  -5.0 2.30e+01    -  2.14e-05 1.19e-04h  1
  18  4.5163357e-02 9.06e+00 1.67e+01  -5.0 3.25e+01    -  1.06e-07 7.05e-07h  2
  19  4.5191416e-02 9.06e+00 1.67e+01  -5.0 2.25e+01    -  2.49e-05 7.25e-05h  1
iter    objective    inf_pr   inf_du lg(mu)  ||d||  lg(rg) alpha_du alpha_pr  ls
  20  4.5223763e-02 9.06e+00 1.67e+01  -5.0 2.11e+01    -  2.24e-05 7.87e-05h  1
  21  4.5269799e-02 9.06e+00 1.67e+01  -5.0 1.90e+01    -  1.88e-05 9.95e-05h  1
  22  4.5269836e-02 9.06e+00 1.67e+01  -5.0 6.43e+01    -  1.99e-07 2.51e-07h  2
  23  4.5294650e-02 9.06e+00 1.67e+01  -5.0 1.81e+01    -  3.39e-05 5.03e-05h  1
  24  4.5312667e-02 9.06e+00 1.67e+01  -5.0 1.79e+01    -  2.14e-05 3.63e-05h  1
  25  4.5339063e-02 9.06e+00 1.68e+01  -5.0 2.58e+01    -  1.17e-05 6.19e-05f  1
  26  4.5339541e-02 9.06e+00 1.68e+01  -5.0 4.54e+01    -  2.30e-06 3.18e-06h  2
  27  5.2001818e-02 8.96e+00 2.07e+01  -5.0 1.20e+01    -  2.40e-05 1.14e-02h  1
  28  6.2359081e-02 8.81e+00 1.68e+01  -5.0 1.38e+01    -  9.84e-03 1.60e-02h  3
  29  7.8106586e-02 8.59e+00 1.41e+01  -5.0 1.30e+01    -  7.78e-03 2.54e-02h  2
iter    objective    inf_pr   inf_du lg(mu)  ||d||  lg(rg) alpha_du alpha_pr  ls
  30  9.5140534e-02 8.32e+00 2.03e+01  -5.0 1.80e+01    -  2.42e-02 3.14e-02h  1
  31  9.6004874e-02 8.28e+00 2.16e+01  -5.0 4.73e+01    -  2.07e-03 4.21e-03h  1
  32  9.6320415e-02 8.28e+00 2.16e+01  -5.0 1.30e+01    -  2.70e-07 4.23e-04h  1
  33  1.0249128e-01 8.22e+00 2.15e+01  -5.0 9.98e+00    -  7.19e-04 7.78e-03h  1
  34  1.1416635e-01 8.11e+00 2.13e+01  -5.0 5.68e+00    -  7.61e-03 1.33e-02h  1
  35  2.0357431e-01 7.33e+00 1.85e+01  -5.0 6.05e+00    -  2.02e-02 9.58e-02h  1
  36  2.1747168e-01 7.21e+00 1.82e+01  -5.0 5.41e+00    -  3.85e-03 1.66e-02h  1
  37  2.3389873e-01 7.06e+00 1.75e+01  -5.0 5.32e+00    -  3.10e-02 2.00e-02h  1
  38  2.3982258e-01 7.01e+00 1.75e+01  -5.0 4.99e+00    -  8.23e-03 7.70e-03h  1
  39  2.3984752e-01 7.01e+00 1.98e+01  -5.0 5.28e+00    -  3.90e-02 3.06e-05h  1
iter    objective    inf_pr   inf_du lg(mu)  ||d||  lg(rg) alpha_du alpha_pr  ls
  40  3.6026103e-01 5.98e+00 2.78e+01  -5.0 5.31e+00    -  8.14e-03 1.47e-01h  1
  41  7.3383207e-01 2.68e+00 4.78e+01  -5.0 4.39e+00    -  1.02e-01 5.52e-01h  1
  42  7.3927460e-01 2.62e+00 4.76e+01  -5.0 2.43e+00    -  3.46e-03 2.18e-02h  1
  43  7.5660154e-01 2.44e+00 4.73e+01  -5.0 1.68e+00    -  1.36e-02 6.70e-02h  1
  44  9.0165775e-01 9.99e-01 4.31e+01  -5.0 1.59e+00    -  1.60e-01 5.91e-01h  1
  45  9.1620078e-01 8.48e-01 2.99e+01  -5.0 6.22e-01    -  3.15e-01 1.52e-01h  1
  46  9.1733053e-01 8.33e-01 2.96e+01  -5.0 2.62e+00    -  1.01e-02 1.74e-02h  1
  47  9.2195970e-01 7.85e-01 2.02e+01  -5.0 5.15e-01    -  3.19e-01 5.83e-02h  1
  48  9.2533045e-01 7.45e-01 2.00e+01  -5.0 2.10e+00    -  9.62e-03 5.01e-02h  1
  49  9.9618616e-01 2.18e-04 1.54e+01  -5.0 4.59e-01    -  3.27e-01 1.00e+00h  1
iter    objective    inf_pr   inf_du lg(mu)  ||d||  lg(rg) alpha_du alpha_pr  ls
  50  9.9533550e-01 1.50e-06 1.44e+00  -5.0 2.54e-02    -  9.07e-01 1.00e+00h  1
  51  9.9522918e-01 1.61e-06 2.33e-01  -5.0 2.46e-02    -  8.39e-01 1.00e+00h  1
  52  9.9489925e-01 7.86e-07 1.20e-01  -5.0 2.83e-02    -  4.98e-01 1.00e+00h  1
  53  9.9456742e-01 3.33e-05 5.86e-02  -5.0 3.29e-02    -  5.00e-01 1.00e+00h  1
  54  9.8936515e-01 3.90e-05 6.30e-02  -5.0 6.43e-01    -  1.31e-01 9.11e-01h  1
  55  9.8146097e-01 2.06e-04 5.66e-02  -5.0 8.13e-01    -  1.37e-01 2.29e-01f  1
  56  9.6097907e-01 2.15e-03 2.33e-02  -5.0 9.08e-01    -  5.27e-02 5.43e-01f  1
  57  9.6121314e-01 1.96e-03 6.69e-02  -5.0 6.91e-01    -  3.45e-01 8.85e-02h  1
  58  9.6224298e-01 1.08e-03 2.96e-02  -5.0 1.31e+00    -  5.17e-01 4.50e-01h  1
  59  9.6323878e-01 7.79e-04 1.64e-02  -5.0 5.66e-01    -  3.53e-01 2.77e-01h  1
iter    objective    inf_pr   inf_du lg(mu)  ||d||  lg(rg) alpha_du alpha_pr  ls
  60  9.6381614e-01 6.54e-04 1.37e-02  -5.0 5.87e-01    -  1.36e-01 1.60e-01h  1
  61  9.6455327e-01 4.88e-04 1.41e-02  -5.0 5.83e-01    -  2.23e-01 2.53e-01h  1
  62  9.6475161e-01 4.39e-04 6.51e-02  -5.0 1.96e-01    -  1.00e+00 1.01e-01h  1
  63  9.6669381e-01 8.69e-05 6.78e-02  -5.0 6.97e-02    -  1.00e+00 9.68e-01h  1
  64  9.6628449e-01 6.13e-05 1.01e-01  -5.0 8.59e-02    -  1.00e+00 5.16e-01f  1
  65  9.6663278e-01 2.40e-05 2.47e-02  -5.0 1.67e-02    -  7.37e-01 1.00e+00f  1
  66  9.6643870e-01 5.11e-05 3.10e-03  -5.0 1.79e-02    -  1.00e+00 9.32e-01h  1
  67  9.6648400e-01 3.06e-07 2.85e-03  -5.0 1.53e-03    -  1.00e+00 1.00e+00f  1
  68  9.6648208e-01 2.03e-08 7.44e-04  -5.0 6.99e-04    -  1.00e+00 1.00e+00h  1
  69  9.6648298e-01 5.13e-09 3.11e-04  -5.0 7.96e-05    -  1.00e+00 1.00e+00h  1
iter    objective    inf_pr   inf_du lg(mu)  ||d||  lg(rg) alpha_du alpha_pr  ls
  70  9.6648323e-01 2.31e-09 2.50e-05  -5.0 3.97e-05    -  1.00e+00 1.00e+00h  1

Number of Iterations....: 70

                                   (scaled)                 (unscaled)
Objective...............:   9.6648323342273323e-01    9.6648323342273323e-01
Dual infeasibility......:   2.4971169741560212e-05    2.4971169741560212e-05
Constraint violation....:   2.3092409141880699e-09    2.3092409141880699e-09
Complementarity.........:   1.0000000000000003e-05    1.0000000000000003e-05
Overall NLP error.......:   2.4971169741560212e-05    2.4971169741560212e-05


Number of objective function evaluations             = 79
Number of objective gradient evaluations             = 71
Number of equality constraint evaluations            = 79
Number of inequality constraint evaluations          = 79
Number of equality constraint Jacobian evaluations   = 71
Number of inequality constraint Jacobian evaluations = 71
Number of Lagrangian Hessian evaluations             = 0
Total CPU secs in IPOPT (w/o function evaluations)   =      0.727
Total CPU secs in NLP function evaluations           =     35.924

EXIT: Optimal Solution Found.
