
List of user-set options:

                                    Name   Value                used
              acceptable_constr_viol_tol = 0.0001                yes
                          acceptable_tol = 0.001                 yes
                             alpha_for_y = safer-min-dual-infeas  yes
                         constr_viol_tol = 0.0001                yes
                        file_print_level = 5                     yes
                   hessian_approximation = limited-memory        yes
                           linear_solver = mumps                 yes
                                max_iter = 200                   yes
                                 mu_init = 1e-05                 yes
                             mu_strategy = monotone              yes
                      nlp_scaling_method = gradient-based        yes
                             output_file = /home/kaleb/projects/learning/AAD-design/sardines/SARDINE_optimization8_out/IPOPT.out  yes
                             print_level = 5                     yes
                      print_user_options = yes                   yes
                                      sb = yes                   yes
                                     tol = 0.0001                yes
This is Ipopt version 3.11.9, running with linear solver mumps.
NOTE: Other linear solvers might be more efficient (see Ipopt documentation).

Number of nonzeros in equality constraint Jacobian...:    11716
Number of nonzeros in inequality constraint Jacobian.:     4156
Number of nonzeros in Lagrangian Hessian.............:        0

Total number of variables............................:      213
                     variables with only lower bounds:        2
                variables with lower and upper bounds:      211
                     variables with only upper bounds:        0
Total number of equality constraints.................:      200
Total number of inequality constraints...............:      124
        inequality constraints with only lower bounds:       20
   inequality constraints with lower and upper bounds:       64
        inequality constraints with only upper bounds:       40

iter    objective    inf_pr   inf_du lg(mu)  ||d||  lg(rg) alpha_du alpha_pr  ls
   0  1.5427322e-03 1.08e+01 1.00e+00  -5.0 0.00e+00    -  0.00e+00 0.00e+00   0
   1  3.1965012e-03 1.04e+01 3.26e+00  -5.0 5.69e+00    -  2.46e-03 3.55e-02h  1
   2  3.3341099e-03 1.04e+01 3.30e+00  -5.0 4.39e+00    -  2.70e-02 1.34e-03h  1
   3  9.5736518e-03 1.01e+01 5.11e+00  -5.0 4.14e+00    -  2.54e-03 2.74e-02h  1
   4  1.3871254e-02 9.95e+00 6.76e+00  -5.0 6.72e+00    -  6.83e-03 1.48e-02h  1
   5  1.7614429e-02 9.84e+00 7.51e+00  -5.0 9.66e+00    -  2.41e-02 1.08e-02h  1
   6  2.2580956e-02 9.74e+00 6.80e+00  -5.0 1.60e+01    -  1.66e-02 1.06e-02h  1
   7  3.1952670e-02 9.54e+00 7.99e+00  -5.0 1.59e+01    -  5.37e-03 2.01e-02h  1
   8  3.3968575e-02 9.50e+00 8.76e+00  -5.0 1.46e+01    -  6.59e-03 4.63e-03h  1
   9  3.4006345e-02 9.49e+00 7.89e+00  -5.0 1.61e+01    -  2.01e-04 3.07e-04h  1
iter    objective    inf_pr   inf_du lg(mu)  ||d||  lg(rg) alpha_du alpha_pr  ls
  10  3.4037058e-02 9.49e+00 7.99e+00  -5.0 5.70e+01    -  3.93e-07 1.85e-04h  1
  11r 3.4037058e-02 9.49e+00 9.99e+02   1.0 0.00e+00    -  0.00e+00 1.50e-09R  2
  12r 3.4033434e-02 9.50e+00 9.99e+02   1.0 6.38e+05    -  3.08e-10 2.04e-08f  1
  13r 4.2898148e-02 7.95e+00 9.99e+02   1.0 4.71e+02    -  3.38e-05 3.30e-03f  1
  14  4.2997954e-02 7.94e+00 4.14e+01  -5.0 1.59e+01    -  2.48e-02 2.19e-04h  1
  15r 4.2997954e-02 7.94e+00 9.99e+02   0.9 0.00e+00    -  0.00e+00 3.11e-07R  5
  16r 2.5111059e-02 7.45e+00 9.98e+02   0.9 7.66e+02    -  1.07e-03 1.57e-03f  1
  17r 4.5502313e-02 3.51e+00 9.97e+02   0.9 5.99e+02    -  7.69e-04 6.58e-03f  1
  18  5.4122256e-02 3.45e+00 3.68e+01  -5.0 1.51e+01    -  5.69e-03 1.66e-02h  2
  19  7.5458649e-02 3.29e+00 3.44e+01  -5.0 1.61e+01    -  1.00e-06 4.70e-02h  1
iter    objective    inf_pr   inf_du lg(mu)  ||d||  lg(rg) alpha_du alpha_pr  ls
  20r 7.5458649e-02 3.29e+00 9.99e+02   0.5 0.00e+00    -  0.00e+00 2.65e-07R  2
  21r 7.4849608e-02 3.30e+00 9.99e+02   0.5 2.66e+05    -  5.51e-06 1.33e-07f  6
  22r 8.6841443e-02 4.60e-01 9.93e+02   0.5 7.05e+02    -  1.09e-02 4.68e-03f  1
  23  8.9883640e-02 4.58e-01 2.31e+01  -5.0 8.08e+00    -  2.29e-02 6.12e-03h  1
  24  1.1129503e-01 4.41e-01 2.41e+01  -5.0 9.50e+00    -  3.83e-02 3.69e-02h  1
  25  1.1967826e-01 4.36e-01 2.40e+01  -5.0 9.76e+00    -  3.29e-02 1.10e-02h  1
  26  1.6499298e-01 4.09e-01 1.05e+01  -5.0 1.17e+01    -  2.39e-02 6.19e-02h  1
  27  1.7437877e-01 4.04e-01 1.07e+01  -5.0 1.02e+01    -  8.94e-02 1.15e-02h  1
  28  2.5511331e-01 3.66e-01 2.39e+01  -5.0 8.05e+00    -  9.06e-02 9.56e-02h  1
  29  3.5813526e-01 3.20e-01 4.00e+01  -5.0 5.37e+00    -  9.45e-02 1.24e-01h  1
iter    objective    inf_pr   inf_du lg(mu)  ||d||  lg(rg) alpha_du alpha_pr  ls
  30  5.3036993e-01 2.52e-01 3.88e+01  -5.0 5.24e+00    -  1.71e-01 2.13e-01h  1
  31  5.3062176e-01 2.52e-01 2.29e+01  -5.0 4.19e+00    -  7.47e-02 3.89e-04h  1
  32  8.1163616e-01 1.43e-01 6.61e+01  -5.0 4.22e+00    -  4.33e-03 4.32e-01h  1
  33  9.3714585e-01 8.77e-02 3.26e+01  -5.0 2.10e+00    -  5.99e-01 3.87e-01h  1
  34  9.3715278e-01 8.76e-02 3.26e+01  -5.0 1.51e+00    -  5.03e-04 2.83e-04h  1
  35  9.4229924e-01 6.92e-02 3.06e+01  -5.0 1.51e+00    -  1.28e-01 2.10e-01h  1
  36  9.4245401e-01 6.91e-02 2.89e+01  -5.0 3.14e+00    -  5.97e-02 1.27e-03h  1
  37  9.8580088e-01 4.44e-02 3.26e+01  -5.0 7.86e-01    -  4.19e-03 3.57e-01h  1
  38  9.8658356e-01 4.40e-02 3.25e+01  -5.0 4.82e-01    -  4.24e-03 1.05e-02h  1
  39  9.9539769e-01 3.87e-02 3.33e+01  -5.0 4.76e-01    -  9.11e-04 1.20e-01h  1
iter    objective    inf_pr   inf_du lg(mu)  ||d||  lg(rg) alpha_du alpha_pr  ls
  40  9.9575885e-01 3.73e-02 2.87e+01  -5.0 6.48e-01    -  1.39e-01 3.52e-02h  1
  41  9.9736247e-01 3.11e-02 2.83e+01  -5.0 6.11e-01    -  5.09e-02 1.66e-01h  1
  42  1.0002757e+00 2.53e-02 2.72e+01  -5.0 4.34e-01    -  9.72e-02 1.86e-01h  1
  43  1.0102789e+00 1.34e-02 1.79e+01  -5.0 5.18e-01    -  3.63e-01 4.72e-01h  1
  44  1.0170375e+00 8.81e-03 1.75e+01  -5.0 1.50e-01    -  1.26e-01 3.41e-01h  1
  45  1.0289410e+00 2.46e-03 6.99e+00  -5.0 1.07e-01    -  6.56e-01 7.21e-01h  1
  46  1.0298566e+00 1.92e-03 6.24e+00  -5.0 2.01e-01    -  1.15e-01 2.18e-01h  1
  47  1.0309234e+00 1.35e-03 1.09e+00  -5.0 2.33e-02    -  9.04e-01 2.96e-01h  1
  48  1.0333730e+00 3.02e-06 1.14e+00  -5.0 2.86e-02    -  3.08e-01 1.00e+00h  1
  49  1.0334252e+00 1.02e-06 4.33e-02  -5.0 1.87e-02    -  9.21e-01 1.00e+00h  1
iter    objective    inf_pr   inf_du lg(mu)  ||d||  lg(rg) alpha_du alpha_pr  ls
  50  1.0333977e+00 7.36e-07 2.38e-01  -5.0 3.92e-02    -  4.62e-01 3.91e-01h  2
  51  1.0333116e+00 1.06e-06 4.82e-02  -5.0 2.81e-02    -  9.78e-01 4.24e-01h  1
  52  1.0333065e+00 5.52e-07 6.27e-02  -5.0 1.08e-02    -  8.57e-01 1.00e+00f  1
  53  1.0331266e+00 2.54e-06 7.87e-02  -5.0 4.25e-02    -  3.27e-01 1.00e+00h  1
  54  1.0329076e+00 1.75e-05 6.67e-02  -5.0 2.33e-01    -  4.53e-01 1.67e-01h  1
  55  1.0329183e+00 2.02e-05 3.05e-02  -5.0 1.41e-02    -  8.84e-01 1.00e+00f  1
  56  1.0325630e+00 7.04e-05 5.62e-02  -5.0 7.46e-02    -  7.73e-01 1.00e+00h  1
  57  1.0320639e+00 2.17e-05 5.62e-02  -5.0 7.81e-02    -  1.00e+00 1.00e+00h  1
  58  1.0314167e+00 1.09e-04 5.75e-02  -5.0 1.13e-01    -  1.00e+00 7.30e-01h  1
  59  1.0313389e+00 6.77e-05 3.35e-03  -5.0 7.40e-02    -  7.30e-01 3.80e-01f  1
iter    objective    inf_pr   inf_du lg(mu)  ||d||  lg(rg) alpha_du alpha_pr  ls
  60  1.0313910e+00 2.27e-06 1.58e-02  -5.0 2.21e-02    -  9.29e-01 1.00e+00f  1
  61  1.0313479e+00 6.42e-06 1.37e-03  -5.0 3.99e-02    -  7.90e-01 8.85e-01h  1
  62  1.0312424e+00 1.24e-04 1.22e-02  -5.0 1.24e-01    -  6.02e-01 1.00e+00f  1
  63  1.0312387e+00 3.37e-05 1.44e-02  -5.0 2.20e-02    -  1.00e+00 1.00e+00h  1
  64  1.0310297e+00 2.26e-04 9.38e-03  -5.0 1.31e-01    -  1.00e+00 8.97e-01h  1
  65  1.0311022e+00 2.12e-04 4.24e-03  -5.0 7.33e-02    -  8.37e-01 1.00e+00f  1
  66  1.0311424e+00 1.81e-04 1.40e-02  -5.0 9.54e-02    -  5.69e-01 1.00e+00h  1
  67  1.0311925e+00 9.00e-05 1.20e-02  -5.0 4.40e-02    -  1.00e+00 5.00e-01h  2
  68  1.0312397e+00 8.15e-05 9.39e-03  -5.0 3.69e-02    -  1.00e+00 1.00e+00h  1
  69  1.0311956e+00 5.51e-05 9.47e-03  -5.0 2.45e-02    -  1.00e+00 1.00e+00h  1
iter    objective    inf_pr   inf_du lg(mu)  ||d||  lg(rg) alpha_du alpha_pr  ls
  70  1.0312792e+00 1.71e-06 2.09e-02  -5.0 7.45e-03    -  1.00e+00 1.00e+00h  1
  71  1.0312811e+00 3.68e-06 3.10e-03  -5.0 2.32e-03    -  1.00e+00 1.00e+00h  1
  72  1.0312626e+00 1.89e-05 1.29e-02  -5.0 8.97e-03    -  1.00e+00 1.00e+00h  1
  73  1.0312733e+00 9.55e-06 9.51e-03  -5.0 3.04e-03    -  1.00e+00 5.00e-01h  2
  74  1.0312787e+00 4.85e-06 9.71e-03  -5.0 3.25e-03    -  1.00e+00 5.00e-01h  2
  75  1.0312815e+00 1.73e-07 8.78e-03  -5.0 2.63e-03    -  1.00e+00 1.00e+00h  1
  76  1.0312841e+00 7.52e-08 9.86e-03  -5.0 1.43e-03    -  1.00e+00 1.00e+00h  1
  77  1.0312845e+00 1.02e-07 1.02e-02  -5.0 1.81e-03    -  1.00e+00 1.00e+00h  1
  78  1.0313064e+00 4.29e-07 1.52e-02  -5.0 1.53e-02    -  1.00e+00 1.00e+00H  1
  79  1.0312893e+00 8.24e-10 2.09e-02  -5.0 1.25e-02    -  1.00e+00 1.00e+00H  1
iter    objective    inf_pr   inf_du lg(mu)  ||d||  lg(rg) alpha_du alpha_pr  ls
  80  1.0312584e+00 3.93e-05 1.53e-02  -5.0 1.72e-02    -  1.00e+00 1.00e+00h  1
  81  1.0312689e+00 1.97e-05 1.04e-02  -5.0 7.37e-03    -  1.00e+00 5.00e-01h  2
  82  1.0311993e+00 1.56e-04 9.32e-03  -5.0 1.13e-01    -  1.00e+00 1.00e+00h  1
  83  1.0312170e+00 1.37e-04 1.00e-02  -5.0 6.86e-02    -  1.00e+00 1.25e-01h  4
  84  1.0312189e+00 1.34e-04 9.81e-03  -5.0 6.66e-02    -  1.00e+00 1.56e-02h  7
  85  1.0312190e+00 1.34e-04 9.73e-03  -5.0 6.61e-02    -  1.00e+00 9.77e-04h 11
  86  1.0312190e+00 1.34e-04 1.06e-02  -5.0 8.53e-02    -  1.00e+00 4.88e-04h 12
  87  1.0312190e+00 1.34e-04 1.07e-02  -5.0 8.57e-02    -  1.00e+00 2.44e-04h 13
  88  1.0312942e+00 1.21e-04 2.52e-02  -5.0 8.56e-02    -  1.00e+00 1.00e+00h  1
  89  1.0311253e+00 2.09e-04 1.27e-02  -5.0 8.57e-02    -  1.00e+00 1.00e+00h  1
iter    objective    inf_pr   inf_du lg(mu)  ||d||  lg(rg) alpha_du alpha_pr  ls
  90  1.0312440e+00 9.74e-05 1.02e-02  -5.0 5.60e-02    -  1.00e+00 1.00e+00h  1
  91  1.0314506e+00 6.86e-06 8.12e-03  -5.0 1.18e-01    -  1.00e+00 1.00e+00H  1
  92  1.0314011e+00 9.84e-05 1.07e-02  -5.0 5.58e-02    -  1.00e+00 1.00e+00h  1
  93  1.0313018e+00 1.11e-06 1.06e-02  -5.0 8.16e-02    -  1.00e+00 1.00e+00H  1
  94  1.0312889e+00 1.87e-05 1.35e-02  -5.0 3.60e-02    -  1.00e+00 1.00e+00h  1
  95  1.0312849e+00 1.14e-05 9.45e-03  -5.0 1.95e-02    -  1.00e+00 1.00e+00h  1
  96  1.0312879e+00 4.51e-06 8.18e-03  -5.0 8.62e-03    -  1.00e+00 1.00e+00h  1
  97  1.0312879e+00 5.20e-06 2.02e-02  -5.0 3.47e-03    -  1.00e+00 1.00e+00h  1
  98  1.0312875e+00 2.42e-06 2.05e-03  -5.0 3.02e-03    -  1.00e+00 1.00e+00h  1
  99  1.0312885e+00 1.13e-08 2.09e-03  -5.0 3.08e-04    -  1.00e+00 1.00e+00h  1
iter    objective    inf_pr   inf_du lg(mu)  ||d||  lg(rg) alpha_du alpha_pr  ls
 100  1.0312824e+00 4.83e-05 1.29e-02  -5.0 3.00e-02    -  1.00e+00 1.00e+00h  1
 101  1.0312941e+00 5.08e-09 2.07e-02  -5.0 2.55e-02    -  1.00e+00 1.00e+00H  1
 102  1.0312079e+00 8.95e-05 3.51e-03  -5.0 3.75e-02    -  1.00e+00 1.00e+00h  1
 103  1.0312499e+00 4.48e-05 1.42e-02  -5.0 8.51e-03    -  1.00e+00 5.00e-01h  2
 104  1.0312691e+00 2.26e-05 1.03e-02  -5.0 1.83e-02    -  1.00e+00 5.00e-01h  2
 105  1.0312485e+00 3.97e-05 1.49e-02  -5.0 1.37e-01    -  1.00e+00 2.50e-01h  3
 106  1.0312681e+00 1.13e-05 9.55e-03  -5.0 2.24e-02    -  1.00e+00 1.00e+00h  1
 107  1.0312824e+00 4.81e-06 9.08e-03  -5.0 8.73e-03    -  1.00e+00 1.00e+00h  1
 108  1.0312836e+00 6.39e-06 2.05e-02  -5.0 3.72e-03    -  1.00e+00 1.00e+00h  1
 109  1.0312845e+00 6.98e-09 2.05e-03  -5.0 3.21e-03    -  1.00e+00 1.00e+00H  1
iter    objective    inf_pr   inf_du lg(mu)  ||d||  lg(rg) alpha_du alpha_pr  ls
 110  1.0312846e+00 5.57e-09 2.09e-03  -5.0 3.39e-04    -  1.00e+00 1.00e+00h  1
 111  1.0314976e+00 4.63e-10 1.11e-02  -5.0 7.95e-02    -  1.00e+00 1.00e+00H  1
 112  1.0313313e+00 4.20e-11 9.90e-04  -5.0 6.62e-02    -  1.00e+00 1.00e+00H  1
 113  1.0310378e+00 1.35e-04 3.32e-02  -5.0 9.55e-02    -  1.00e+00 1.00e+00h  1
 114  1.0310605e+00 1.18e-04 1.37e-02  -5.0 4.80e-02    -  1.00e+00 1.25e-01h  4
 115  1.0302272e+00 4.95e-04 1.06e-02  -5.0 7.47e-01    -  1.46e-01 5.54e-01h  1
 116  1.0310012e+00 2.36e-04 1.12e-02  -5.0 2.29e-01    -  9.24e-01 5.00e-01h  2
 117  1.0310322e+00 2.26e-04 6.72e-03  -5.0 3.04e-01    -  5.53e-01 4.21e-02h  4
 118  1.0310420e+00 2.19e-04 1.05e-02  -5.0 1.06e-01    -  1.00e+00 3.12e-02h  6
 119  1.0310459e+00 2.17e-04 2.39e-03  -5.0 7.41e-02    -  1.00e+00 9.28e-03h  7
iter    objective    inf_pr   inf_du lg(mu)  ||d||  lg(rg) alpha_du alpha_pr  ls
 120  1.0310476e+00 2.16e-04 3.08e-03  -5.0 7.60e-02    -  1.00e+00 3.89e-03h  9
 121  1.0315030e+00 1.14e-06 5.27e-03  -5.0 7.59e-02    -  1.00e+00 1.00e+00h  1
 122  1.0314987e+00 9.13e-07 2.41e-03  -5.0 2.36e-02    -  1.00e+00 1.00e+00h  1
 123  1.0314267e+00 3.03e-05 7.69e-03  -5.0 5.98e-02    -  1.00e+00 1.00e+00h  1
 124  1.0313624e+00 8.97e-06 1.71e-02  -5.0 2.27e-02    -  1.00e+00 1.00e+00h  1
 125  1.0313198e+00 4.77e-06 1.37e-02  -5.0 5.86e-02    -  1.00e+00 4.66e-01h  1
 126  1.0313347e+00 8.29e-07 8.64e-03  -5.0 6.39e-02    -  1.00e+00 1.00e+00f  1
 127  1.0313308e+00 2.86e-07 2.47e-03  -5.0 1.91e-02    -  1.00e+00 1.00e+00h  1
 128  1.0313226e+00 2.27e-05 2.58e-03  -5.0 3.17e-02    -  1.00e+00 1.00e+00h  1
 129  1.0313291e+00 2.81e-07 3.15e-03  -5.0 1.42e-02    -  1.00e+00 1.00e+00h  1
iter    objective    inf_pr   inf_du lg(mu)  ||d||  lg(rg) alpha_du alpha_pr  ls
 130  1.0313252e+00 2.89e-07 2.79e-03  -5.0 1.46e-02    -  1.00e+00 1.00e+00h  1
 131  1.0313198e+00 3.03e-07 2.59e-03  -5.0 1.53e-02    -  1.00e+00 1.00e+00h  1
 132  1.0313105e+00 2.93e-07 2.59e-03  -5.0 1.38e-02    -  1.00e+00 1.00e+00h  1
 133  1.0312589e+00 1.47e-05 6.55e-03  -5.0 2.25e-01    -  9.90e-01 3.81e-01h  2
 134  1.0310898e+00 2.24e-05 8.65e-03  -5.0 2.72e-01    -  1.00e+00 1.00e+00h  1
 135  1.0310389e+00 3.33e-06 4.84e-03  -5.0 2.49e-02    -  9.80e-01 1.00e+00h  1
 136  1.0310302e+00 3.98e-06 4.66e-03  -5.0 9.91e-03    -  1.00e+00 1.00e+00h  1
 137  1.0310271e+00 1.16e-07 1.21e-03  -5.0 5.53e-03    -  1.00e+00 1.00e+00h  1
 138  1.0310232e+00 2.10e-07 4.98e-03  -5.0 2.79e-03    -  1.00e+00 1.00e+00h  1
 139  1.0310220e+00 1.26e-08 9.98e-04  -5.0 3.10e-04    -  1.00e+00 1.00e+00h  1
iter    objective    inf_pr   inf_du lg(mu)  ||d||  lg(rg) alpha_du alpha_pr  ls
 140  1.0310218e+00 1.37e-10 1.16e-04  -5.0 8.35e-05    -  1.00e+00 1.00e+00H  1
 141  1.0310217e+00 7.33e-10 2.40e-05  -5.0 3.04e-05    -  1.00e+00 1.00e+00h  1

Number of Iterations....: 141

                                   (scaled)                 (unscaled)
Objective...............:   1.0310216965666819e+00    1.0310216965666819e+00
Dual infeasibility......:   2.4006372783529692e-05    2.4006372783529692e-05
Constraint violation....:   7.3280910114574782e-10    7.3280910114574782e-10
Complementarity.........:   1.0000000000000004e-05    1.0000000000000004e-05
Overall NLP error.......:   2.4006372783529692e-05    2.4006372783529692e-05


Number of objective function evaluations             = 261
Number of objective gradient evaluations             = 139
Number of equality constraint evaluations            = 261
Number of inequality constraint evaluations          = 261
Number of equality constraint Jacobian evaluations   = 145
Number of inequality constraint Jacobian evaluations = 145
Number of Lagrangian Hessian evaluations             = 0
Total CPU secs in IPOPT (w/o function evaluations)   =      1.000
Total CPU secs in NLP function evaluations           =    110.248

EXIT: Optimal Solution Found.
