
List of user-set options:

                                    Name   Value                used
              acceptable_constr_viol_tol = 0.001                 yes
                          acceptable_tol = 0.01                  yes
                             alpha_for_y = safer-min-dual-infeas  yes
                         constr_viol_tol = 0.001                 yes
                        file_print_level = 5                     yes
                   hessian_approximation = limited-memory        yes
                           linear_solver = mumps                 yes
                                max_iter = 66                    yes
                                 mu_init = 1e-05                 yes
                             mu_strategy = monotone              yes
                      nlp_scaling_method = gradient-based        yes
                             output_file = /home/kaleb/projects/learning/AAD-design/sardines/SARDINE_optimization11_out/IPOPT.out  yes
                             print_level = 5                     yes
                      print_user_options = yes                   yes
                                      sb = yes                   yes
                                     tol = 0.001                 yes
This is Ipopt version 3.11.9, running with linear solver mumps.
NOTE: Other linear solvers might be more efficient (see Ipopt documentation).

Number of nonzeros in equality constraint Jacobian...:     4707
Number of nonzeros in inequality constraint Jacobian.:     1910
Number of nonzeros in Lagrangian Hessian.............:        0

Total number of variables............................:      126
                     variables with only lower bounds:        2
                variables with lower and upper bounds:      124
                     variables with only upper bounds:        0
Total number of equality constraints.................:      120
Total number of inequality constraints...............:       82
        inequality constraints with only lower bounds:       20
   inequality constraints with lower and upper bounds:       42
        inequality constraints with only upper bounds:       20

iter    objective    inf_pr   inf_du lg(mu)  ||d||  lg(rg) alpha_du alpha_pr  ls
   0  5.3995626e-06 1.96e+01 1.00e+00  -5.0 0.00e+00    -  0.00e+00 0.00e+00   0
   1  1.2021310e-05 1.83e+01 9.65e-01  -5.0 5.85e+00    -  4.79e-02 6.45e-02h  1
   2  1.4464501e-05 1.81e+01 1.68e+00  -5.0 3.76e+00    -  4.46e-02 9.49e-03h  1
   3  2.0070015e-05 1.80e+01 1.37e+00  -5.0 4.76e+01    -  1.17e-02 4.70e-03h  1
   4  3.9042857e-05 1.79e+01 1.71e+00  -5.0 9.88e+01    -  5.87e-08 7.91e-03f  1
   5  7.4336689e-05 1.76e+01 3.13e+00  -5.0 5.77e+01    -  1.05e-03 1.44e-02h  1
   6  1.2245649e-03 9.54e+00 9.77e+00  -5.0 1.44e+01    -  7.18e-03 4.59e-01h  1
   7  1.3068551e-03 8.96e+00 6.97e+00  -5.0 2.50e+00    -  4.11e-01 6.09e-02h  4
   8  2.3056950e-03 1.90e+00 2.10e+01  -5.0 2.35e+00    -  4.63e-01 7.88e-01h  1
   9  2.3241970e-03 1.71e+00 1.45e+01  -5.0 4.27e+00    -  3.31e-01 9.65e-02h  1
iter    objective    inf_pr   inf_du lg(mu)  ||d||  lg(rg) alpha_du alpha_pr  ls
  10  2.4847221e-03 8.12e-04 7.83e+00  -5.0 3.79e+00    -  4.17e-01 1.00e+00h  1
  11  2.4835855e-03 7.17e-07 7.76e-01  -5.0 7.86e-02    -  9.01e-01 1.00e+00h  1
  12  2.4835959e-03 9.31e-08 2.12e-03  -5.0 1.20e-03    -  9.97e-01 1.00e+00h  1
  13  2.4826416e-03 1.06e-05 5.50e-03  -5.0 1.52e-01    -  1.00e+00 1.00e+00f  1
  14  2.4838525e-03 5.59e-05 2.76e-04  -5.0 7.55e+00    -  9.49e-01 1.00e+00h  1

Number of Iterations....: 14

                                   (scaled)                 (unscaled)
Objective...............:   2.4838525187570221e-03    2.4838525187570221e-03
Dual infeasibility......:   2.7628839354920356e-04    2.7628839354920356e-04
Constraint violation....:   5.5931668253493506e-05    5.5931668253493506e-05
Complementarity.........:   1.1146209323131075e-05    1.1146209323131075e-05
Overall NLP error.......:   2.7628839354920356e-04    2.7628839354920356e-04


Number of objective function evaluations             = 18
Number of objective gradient evaluations             = 15
Number of equality constraint evaluations            = 18
Number of inequality constraint evaluations          = 18
Number of equality constraint Jacobian evaluations   = 15
Number of inequality constraint Jacobian evaluations = 15
Number of Lagrangian Hessian evaluations             = 0
Total CPU secs in IPOPT (w/o function evaluations)   =      0.539
Total CPU secs in NLP function evaluations           =      5.672

EXIT: Optimal Solution Found.
