
List of user-set options:

                                    Name   Value                used
              acceptable_constr_viol_tol = 0.0001                yes
                          acceptable_tol = 0.001                 yes
                             alpha_for_y = safer-min-dual-infeas  yes
                         constr_viol_tol = 0.0001                yes
                        file_print_level = 5                     yes
                   hessian_approximation = limited-memory        yes
                           linear_solver = mumps                 yes
                                max_iter = 200                   yes
                                 mu_init = 1e-05                 yes
                             mu_strategy = monotone              yes
                      nlp_scaling_method = gradient-based        yes
                             output_file = /home/kaleb/projects/learning/AAD-design/sardines/SARDINE_optimization17_out/IPOPT.out  yes
                             print_level = 5                     yes
                      print_user_options = yes                   yes
                                      sb = yes                   yes
                                     tol = 0.0001                yes
This is Ipopt version 3.11.9, running with linear solver mumps.
NOTE: Other linear solvers might be more efficient (see Ipopt documentation).

Number of nonzeros in equality constraint Jacobian...:    11716
Number of nonzeros in inequality constraint Jacobian.:     4156
Number of nonzeros in Lagrangian Hessian.............:        0

Total number of variables............................:      213
                     variables with only lower bounds:        2
                variables with lower and upper bounds:      211
                     variables with only upper bounds:        0
Total number of equality constraints.................:      200
Total number of inequality constraints...............:      124
        inequality constraints with only lower bounds:       20
   inequality constraints with lower and upper bounds:       64
        inequality constraints with only upper bounds:       40

iter    objective    inf_pr   inf_du lg(mu)  ||d||  lg(rg) alpha_du alpha_pr  ls
   0  1.5427322e-03 1.08e+01 1.23e+00  -5.0 0.00e+00    -  0.00e+00 0.00e+00   0
   1  3.1989749e-03 1.04e+01 1.23e+00  -5.0 6.67e+00    -  2.46e-03 3.75e-02h  1
   2  3.4421265e-03 1.04e+01 1.20e+00  -5.0 4.20e+00    -  2.07e-02 2.31e-03h  1
   3  8.8957215e-03 1.01e+01 1.20e+00  -5.0 4.21e+00    -  1.25e-02 2.00e-02h  1
   4  1.8087609e-02 9.99e+00 1.18e+00  -5.0 1.78e+01    -  1.50e-02 1.55e-02h  1
   5  2.1822404e-02 9.92e+00 1.52e+00  -5.0 1.80e+01    -  3.01e-02 6.31e-03h  1
   6  3.4290552e-02 9.71e+00 3.72e+00  -5.0 1.72e+01    -  1.61e-02 2.18e-02h  1
   7  3.4668186e-02 9.68e+00 3.72e+00  -5.0 6.01e+01    -  2.97e-03 2.32e-03h  1
   8  3.4800000e-02 9.68e+00 3.72e+00  -5.0 6.20e+01    -  5.91e-05 8.11e-04h  1
   9  3.5239864e-02 9.65e+00 3.73e+00  -5.0 6.26e+01    -  1.70e-04 2.71e-03h  3
iter    objective    inf_pr   inf_du lg(mu)  ||d||  lg(rg) alpha_du alpha_pr  ls
  10  3.5362621e-02 9.64e+00 3.73e+00  -5.0 6.19e+01    -  6.16e-04 7.54e-04h  1
  11  3.5826754e-02 9.62e+00 3.74e+00  -5.0 6.27e+01    -  8.06e-05 2.87e-03h  3
  12  3.5906237e-02 9.61e+00 3.74e+00  -5.0 6.19e+01    -  5.22e-04 4.88e-04h  1
  13  3.7218077e-02 9.53e+00 5.88e+00  -5.0 6.27e+01    -  3.96e-05 8.13e-03h  1
  14  3.7223100e-02 9.53e+00 5.88e+00  -5.0 9.68e+01    -  1.94e-05 2.02e-05h  1
  15r 3.7223100e-02 9.53e+00 9.99e+02   1.0 0.00e+00    -  0.00e+00 1.59e-08R  9
  16r 3.7653006e-02 9.51e+00 9.99e+02   1.0 6.97e+02    -  9.77e-07 3.17e-05f  1
  17r 4.9026727e-02 8.19e+00 9.99e+02   1.0 5.27e+02    -  3.35e-05 3.55e-03f  1
  18  5.1527615e-02 8.16e+00 4.69e+01  -5.0 2.36e+01    -  3.86e-03 3.30e-03h  3
  19  6.1607500e-02 8.07e+00 4.15e+01  -5.0 1.91e+01    -  6.05e-03 1.19e-02h  2
iter    objective    inf_pr   inf_du lg(mu)  ||d||  lg(rg) alpha_du alpha_pr  ls
  20  9.7846498e-02 7.73e+00 3.07e+01  -5.0 1.76e+01    -  1.69e-02 4.20e-02h  1
  21  1.1931788e-01 7.55e+00 2.96e+01  -5.0 6.27e+00    -  2.78e-02 2.25e-02h  1
  22  1.8432210e-01 7.05e+00 2.20e+01  -5.0 7.17e+00    -  3.68e-02 6.64e-02h  1
  23  1.9831364e-01 6.95e+00 1.16e+01  -5.0 6.21e+00    -  9.68e-02 1.46e-02h  1
  24  3.3409793e-01 5.96e+00 1.33e+01  -5.0 6.16e+00    -  5.58e-02 1.43e-01h  1
  25  4.8279634e-01 4.89e+00 1.47e+01  -5.0 5.40e+00    -  7.33e-02 1.79e-01h  1
  26  5.6481579e-01 4.30e+00 2.58e+01  -5.0 4.43e+00    -  1.22e-03 1.20e-01h  1
  27  5.7003300e-01 4.26e+00 2.53e+01  -5.0 4.03e+00    -  4.43e-02 1.01e-02h  1
  28  5.9665376e-01 4.03e+00 2.50e+01  -5.0 3.24e+00    -  7.17e-02 5.32e-02h  1
  29  6.5809317e-01 3.55e+00 2.87e+01  -5.0 3.30e+00    -  2.44e-02 1.21e-01h  1
iter    objective    inf_pr   inf_du lg(mu)  ||d||  lg(rg) alpha_du alpha_pr  ls
  30  6.7345840e-01 3.43e+00 2.47e+01  -5.0 2.91e+00    -  1.57e-01 3.42e-02h  1
  31  6.8668585e-01 3.16e+00 1.13e+01  -5.0 6.42e+00    -  3.26e-04 7.76e-02h  1
  32  7.3322495e-01 2.77e+00 9.01e+00  -5.0 2.45e+00    -  2.15e-01 1.23e-01h  1
  33  7.7417644e-01 2.43e+00 2.38e+01  -5.0 2.15e+00    -  6.00e-01 1.23e-01h  1
  34  8.0179310e-01 2.20e+00 1.70e+01  -5.0 1.89e+00    -  8.04e-02 9.46e-02h  1
  35  1.0663160e+00 1.65e-03 4.31e+01  -5.0 1.71e+00    -  5.78e-01 1.00e+00h  1
  36  1.0617202e+00 1.27e-06 4.12e+01  -5.0 5.60e-02    -  3.53e-02 1.00e+00h  1
  37  1.0616405e+00 1.27e-06 1.18e+00  -5.0 4.44e-02    -  9.71e-01 1.00e+00h  1
  38  1.0615431e+00 1.59e-06 3.63e-01  -5.0 6.14e-02    -  6.93e-01 1.00e+00h  1
  39  1.0609480e+00 2.47e-05 2.77e-01  -5.0 4.20e-01    -  2.35e-01 7.69e-01h  1
iter    objective    inf_pr   inf_du lg(mu)  ||d||  lg(rg) alpha_du alpha_pr  ls
  40  1.0599874e+00 7.35e-05 3.58e-02  -5.0 5.09e-01    -  7.98e-01 1.00e+00f  1
  41  1.0575615e+00 1.53e-04 2.10e-02  -5.0 7.68e-01    -  1.00e+00 1.00e+00h  1
  42  1.0571354e+00 7.74e-07 1.46e-02  -5.0 3.58e-02    -  3.87e-01 1.00e+00h  1
  43  1.0568164e+00 5.26e-06 1.43e-02  -5.0 1.05e-01    -  1.00e+00 1.00e+00h  1
  44  1.0564954e+00 1.57e-05 1.33e-02  -5.0 9.92e-02    -  9.64e-01 1.00e+00h  1
  45  1.0561519e+00 3.90e-06 1.34e-02  -5.0 1.01e-01    -  1.00e+00 1.00e+00h  1
  46  1.0558001e+00 2.98e-06 1.31e-02  -5.0 9.93e-02    -  1.00e+00 1.00e+00h  1
  47  1.0554395e+00 1.03e-05 1.36e-02  -5.0 9.86e-02    -  1.00e+00 1.00e+00h  1
  48  1.0550595e+00 6.02e-06 1.32e-02  -5.0 9.86e-02    -  1.00e+00 1.00e+00h  1
  49  1.0546698e+00 1.27e-05 1.34e-02  -5.0 9.80e-02    -  1.00e+00 1.00e+00h  1
iter    objective    inf_pr   inf_du lg(mu)  ||d||  lg(rg) alpha_du alpha_pr  ls
  50  1.0542642e+00 8.42e-06 1.31e-02  -5.0 9.69e-02    -  1.00e+00 1.00e+00h  1
  51  1.0538480e+00 1.46e-05 1.26e-02  -5.0 9.52e-02    -  1.00e+00 1.00e+00h  1
  52  1.0534315e+00 9.66e-06 1.27e-02  -5.0 9.27e-02    -  1.00e+00 1.00e+00h  1
  53  1.0530111e+00 5.92e-06 1.19e-02  -5.0 8.74e-02    -  1.00e+00 1.00e+00h  1
  54  1.0526528e+00 8.48e-06 1.04e-02  -5.0 6.97e-02    -  1.00e+00 9.09e-01h  1
  55  1.0524369e+00 8.52e-06 1.14e-02  -5.0 8.53e-02    -  1.00e+00 1.00e+00f  1
  56  1.0521847e+00 3.35e-06 6.62e-03  -5.0 4.19e-02    -  1.00e+00 1.00e+00h  1
  57  1.0519673e+00 1.72e-05 8.28e-03  -5.0 4.01e-02    -  1.00e+00 1.00e+00h  1
  58  1.0518888e+00 9.34e-06 5.04e-03  -5.0 3.35e-02    -  1.00e+00 4.60e-01h  1
  59  1.0518044e+00 9.97e-07 2.86e-03  -5.0 1.40e-02    -  1.00e+00 1.00e+00f  1
iter    objective    inf_pr   inf_du lg(mu)  ||d||  lg(rg) alpha_du alpha_pr  ls
  60  1.0517316e+00 3.89e-07 3.30e-03  -5.0 1.94e-02    -  1.00e+00 1.00e+00h  1
  61  1.0516653e+00 2.39e-07 3.50e-03  -5.0 1.29e-02    -  1.00e+00 1.00e+00h  1
  62  1.0516018e+00 2.07e-07 3.58e-03  -5.0 1.14e-02    -  1.00e+00 1.00e+00h  1
  63  1.0515388e+00 1.75e-07 3.59e-03  -5.0 9.74e-03    -  1.00e+00 1.00e+00h  1
  64  1.0514762e+00 1.53e-07 3.60e-03  -5.0 8.56e-03    -  1.00e+00 1.00e+00h  1
  65  1.0514136e+00 1.36e-07 3.60e-03  -5.0 7.62e-03    -  1.00e+00 1.00e+00h  1
  66  1.0513511e+00 1.22e-07 3.59e-03  -5.0 6.86e-03    -  1.00e+00 1.00e+00h  1
  67  1.0512887e+00 1.11e-07 3.59e-03  -5.0 6.23e-03    -  1.00e+00 1.00e+00h  1
  68  1.0512264e+00 1.01e-07 3.59e-03  -5.0 5.69e-03    -  1.00e+00 1.00e+00h  1
  69  1.0511642e+00 3.16e-07 3.58e-03  -5.0 5.23e-03    -  1.00e+00 1.00e+00h  1
iter    objective    inf_pr   inf_du lg(mu)  ||d||  lg(rg) alpha_du alpha_pr  ls
  70  1.0504602e+00 3.09e-07 3.24e-03  -5.0 2.45e+00    -  9.08e-02 1.60e-02h  1
  71  1.0502877e+00 2.60e-07 9.30e-04  -5.0 3.33e-01    -  7.78e-01 1.50e-01f  1
  72  1.0502237e+00 3.30e-07 2.54e-04  -5.0 7.30e-03    -  1.00e+00 1.00e+00f  1
  73  1.0502333e+00 4.60e-08 1.07e-03  -5.0 1.70e-03    -  1.00e+00 1.00e+00h  1
  74  1.0502188e+00 1.04e-10 4.92e-04  -5.0 1.89e-02    -  1.00e+00 1.00e+00H  1
  75  1.0502248e+00 9.63e-08 4.97e-04  -5.0 5.46e-03    -  1.00e+00 1.00e+00h  1
  76  1.0502246e+00 4.59e-08 1.10e-05  -5.0 2.61e-03    -  1.00e+00 1.00e+00h  1

Number of Iterations....: 76

                                   (scaled)                 (unscaled)
Objective...............:   1.0502245547558036e+00    1.0502245547558036e+00
Dual infeasibility......:   1.0992601376505599e-05    1.0992601376505599e-05
Constraint violation....:   4.5887064110136233e-08    4.5887064110136233e-08
Complementarity.........:   1.0000014195781409e-05    1.0000014195781409e-05
Overall NLP error.......:   1.0992601376505599e-05    1.0992601376505599e-05


Number of objective function evaluations             = 98
Number of objective gradient evaluations             = 76
Number of equality constraint evaluations            = 98
Number of inequality constraint evaluations          = 98
Number of equality constraint Jacobian evaluations   = 78
Number of inequality constraint Jacobian evaluations = 78
Number of Lagrangian Hessian evaluations             = 0
Total CPU secs in IPOPT (w/o function evaluations)   =      0.706
Total CPU secs in NLP function evaluations           =     45.007

EXIT: Optimal Solution Found.
