
List of user-set options:

                                    Name   Value                used
              acceptable_constr_viol_tol = 0.001                 yes
                          acceptable_tol = 0.01                  yes
                             alpha_for_y = safer-min-dual-infeas  yes
                         constr_viol_tol = 0.001                 yes
                        file_print_level = 5                     yes
                   hessian_approximation = limited-memory        yes
                           linear_solver = mumps                 yes
                                max_iter = 66                    yes
                                 mu_init = 1e-05                 yes
                             mu_strategy = monotone              yes
                      nlp_scaling_method = gradient-based        yes
                             output_file = /home/kaleb/projects/learning/AAD-design/sardines/SARDINE_optimization26_out/IPOPT.out  yes
                             print_level = 5                     yes
                      print_user_options = yes                   yes
                                      sb = yes                   yes
                                     tol = 0.001                 yes
This is Ipopt version 3.11.9, running with linear solver mumps.
NOTE: Other linear solvers might be more efficient (see Ipopt documentation).

Number of nonzeros in equality constraint Jacobian...:     8831
Number of nonzeros in inequality constraint Jacobian.:     2080
Number of nonzeros in Lagrangian Hessian.............:        0

Total number of variables............................:      180
                     variables with only lower bounds:        2
                variables with lower and upper bounds:      178
                     variables with only upper bounds:        0
Total number of equality constraints.................:      174
Total number of inequality constraints...............:       84
        inequality constraints with only lower bounds:       20
   inequality constraints with lower and upper bounds:       44
        inequality constraints with only upper bounds:       20

iter    objective    inf_pr   inf_du lg(mu)  ||d||  lg(rg) alpha_du alpha_pr  ls
   0  5.3995626e-06 1.96e+01 1.00e+00  -5.0 0.00e+00    -  0.00e+00 0.00e+00   0
   1  1.3885350e-05 1.91e+01 9.94e-01  -5.0 5.48e+00    -  1.57e-02 2.51e-02h  1
   2  1.5591295e-05 1.90e+01 1.25e+00  -5.0 4.68e+00    -  2.39e-02 3.01e-03h  1
   3  7.1584469e-05 1.72e+01 1.22e+00  -5.0 4.00e+00    -  2.57e-02 9.58e-02h  1
   4  7.7849326e-05 1.70e+01 9.07e-01  -5.0 2.91e+00    -  6.66e-02 1.10e-02h  1
   5  8.4588338e-05 1.69e+01 9.06e-01  -5.0 1.38e+01    -  3.05e-03 7.44e-03h  1
   6  8.7934322e-05 1.68e+01 9.08e-01  -5.0 2.00e+01    -  6.99e-04 3.93e-03h  1
   7  9.1419860e-05 1.68e+01 1.13e+00  -5.0 3.79e+01    -  9.02e-04 2.75e-03h  1
   8  1.1095435e-04 1.66e+01 1.13e+00  -5.0 2.14e+01    -  1.25e-03 7.60e-03h  1
   9  2.0736713e-04 1.60e+01 3.15e+00  -5.0 7.82e+00    -  8.44e-03 3.63e-02h  1
iter    objective    inf_pr   inf_du lg(mu)  ||d||  lg(rg) alpha_du alpha_pr  ls
  10  3.6619718e-04 1.51e+01 2.75e+00  -5.0 4.82e+00    -  4.38e-02 6.10e-02h  1
  11  3.7249710e-04 1.50e+01 2.72e+00  -5.0 4.08e+00    -  4.13e-03 3.05e-03h  1
  12  2.4582849e-03 2.86e-04 5.98e+00  -5.0 3.86e+00    -  7.35e-03 1.00e+00h  1
  13  2.4548537e-03 4.82e-07 1.59e+00  -5.0 4.47e-02    -  9.30e-01 1.00e+00h  1
  14  2.4370522e-03 1.02e-04 1.03e+00  -5.0 2.50e-01    -  3.81e-01 1.00e+00f  1
  15  2.4178267e-03 1.22e-03 6.05e-01  -5.0 7.25e-01    -  6.90e-01 8.25e-01h  1
  16  2.4251021e-03 4.02e-07 3.91e-02  -5.0 7.65e-02    -  9.60e-01 1.00e+00h  1
  17  2.4376431e-03 7.07e-04 8.63e-02  -5.0 2.65e+00    -  1.37e-01 3.49e-01h  1
  18  2.4587350e-03 2.49e-03 7.81e-02  -5.0 2.54e-01    -  2.87e-03 1.00e+00h  1
  19  2.4754030e-03 3.59e-06 1.00e-03  -5.0 5.01e-02    -  9.92e-01 1.00e+00h  1
iter    objective    inf_pr   inf_du lg(mu)  ||d||  lg(rg) alpha_du alpha_pr  ls
  20  2.4730192e-03 1.99e-04 6.61e-03  -5.0 1.59e+00    -  9.79e-01 1.00e+00h  1
  21  2.4661110e-03 1.91e-04 3.13e-03  -5.0 2.12e+00    -  1.00e+00 1.00e+00h  1
  22  2.4661275e-03 8.84e-07 9.38e-04  -5.0 2.47e-02    -  1.00e+00 1.00e+00h  1

Number of Iterations....: 22

                                   (scaled)                 (unscaled)
Objective...............:   2.4661275061138104e-03    2.4661275061138104e-03
Dual infeasibility......:   9.3837821961866941e-04    9.3837821961866941e-04
Constraint violation....:   8.8375054549393739e-07    8.8375054549393739e-07
Complementarity.........:   1.0068775371108076e-05    1.0068775371108076e-05
Overall NLP error.......:   9.3837821961866941e-04    9.3837821961866941e-04


Number of objective function evaluations             = 23
Number of objective gradient evaluations             = 23
Number of equality constraint evaluations            = 23
Number of inequality constraint evaluations          = 23
Number of equality constraint Jacobian evaluations   = 23
Number of inequality constraint Jacobian evaluations = 23
Number of Lagrangian Hessian evaluations             = 0
Total CPU secs in IPOPT (w/o function evaluations)   =      0.786
Total CPU secs in NLP function evaluations           =      9.912

EXIT: Optimal Solution Found.
