
List of user-set options:

                                    Name   Value                used
              acceptable_constr_viol_tol = 0.001                 yes
                          acceptable_tol = 0.01                  yes
                             alpha_for_y = safer-min-dual-infeas  yes
                         constr_viol_tol = 0.001                 yes
                        file_print_level = 5                     yes
                   hessian_approximation = limited-memory        yes
                           linear_solver = mumps                 yes
                                max_iter = 66                    yes
                                 mu_init = 1e-05                 yes
                             mu_strategy = monotone              yes
                      nlp_scaling_method = gradient-based        yes
                             output_file = /home/kaleb/projects/learning/AAD-design/sardines/SARDINE_optimization27_out/IPOPT.out  yes
                             print_level = 5                     yes
                      print_user_options = yes                   yes
                                      sb = yes                   yes
                                     tol = 0.001                 yes
This is Ipopt version 3.11.9, running with linear solver mumps.
NOTE: Other linear solvers might be more efficient (see Ipopt documentation).

Number of nonzeros in equality constraint Jacobian...:     8831
Number of nonzeros in inequality constraint Jacobian.:     2080
Number of nonzeros in Lagrangian Hessian.............:        0

Total number of variables............................:      180
                     variables with only lower bounds:        2
                variables with lower and upper bounds:      178
                     variables with only upper bounds:        0
Total number of equality constraints.................:      174
Total number of inequality constraints...............:       84
        inequality constraints with only lower bounds:       20
   inequality constraints with lower and upper bounds:       44
        inequality constraints with only upper bounds:       20

iter    objective    inf_pr   inf_du lg(mu)  ||d||  lg(rg) alpha_du alpha_pr  ls
   0  5.3995626e-06 1.96e+01 1.00e+00  -5.0 0.00e+00    -  0.00e+00 0.00e+00   0
   1  1.3873485e-05 1.91e+01 9.94e-01  -5.0 5.48e+00    -  1.58e-02 2.53e-02h  1
   2  1.5629127e-05 1.90e+01 1.30e+00  -5.0 4.47e+00    -  2.44e-02 3.17e-03h  1
   3  7.2285811e-05 1.71e+01 1.27e+00  -5.0 3.79e+00    -  2.60e-02 9.79e-02h  1
   4  7.8932041e-05 1.70e+01 2.45e+00  -5.0 3.89e+00    -  6.89e-02 1.11e-02h  1
   5  8.3265193e-05 1.69e+01 1.87e+00  -5.0 1.44e+01    -  1.66e-03 4.81e-03h  1
   6  8.9468669e-05 1.68e+01 1.74e+00  -5.0 1.44e+01    -  8.01e-04 7.04e-03h  1
   7  9.4216677e-05 1.67e+01 1.81e+00  -5.0 2.85e+01    -  1.34e-03 3.51e-03h  1
   8  1.3463965e-04 1.64e+01 2.36e+00  -5.0 1.18e+01    -  1.78e-03 1.55e-02h  1
   9  2.1451677e-04 1.59e+01 2.51e+00  -5.0 4.84e+00    -  1.66e-02 3.06e-02h  1
iter    objective    inf_pr   inf_du lg(mu)  ||d||  lg(rg) alpha_du alpha_pr  ls
  10  3.6391616e-04 1.50e+01 2.93e+00  -5.0 4.71e+00    -  4.66e-02 5.87e-02f  1
  11  3.6400819e-04 1.50e+01 2.93e+00  -5.0 1.21e+02    -  5.85e-05 9.76e-05h  1
  12  3.8816854e-04 1.48e+01 2.93e+00  -5.0 1.70e+01    -  3.78e-07 1.32e-02f  1
  13  5.1557901e-04 1.39e+01 2.87e+00  -5.0 3.71e+00    -  1.12e-02 6.36e-02h  1
  14  2.4094665e-03 1.16e-04 9.04e+00  -5.0 3.51e+00    -  7.38e-02 1.00e+00h  1
  15  2.4079365e-03 1.17e-07 1.73e-01  -5.0 5.09e-03    -  9.92e-01 1.00e+00h  1
  16  2.3992533e-03 1.77e-05 6.53e-02  -5.0 3.96e-01    -  4.19e-01 3.59e-01f  1
  17  2.4172297e-03 6.01e-04 5.65e-02  -5.0 3.27e-01    -  3.58e-01 1.00e+00h  1
  18  2.4241806e-03 2.76e-04 1.26e-02  -5.0 1.39e-01    -  6.98e-01 1.00e+00h  1
  19  2.4292818e-03 2.25e-04 9.84e-03  -5.0 4.23e-01    -  8.08e-01 1.00e+00h  1
iter    objective    inf_pr   inf_du lg(mu)  ||d||  lg(rg) alpha_du alpha_pr  ls
  20  2.4291500e-03 2.08e-05 9.79e-04  -5.0 5.78e-02    -  9.13e-01 1.00e+00h  1
  21  2.3360185e-03 7.49e-04 1.33e-03  -5.0 1.89e+00    -  6.54e-01 7.54e-01h  1
  22  2.3445312e-03 5.29e-04 8.74e-04  -5.0 2.50e+00    -  1.00e+00 2.95e-01h  2
  23  2.3434663e-03 6.58e-04 2.86e-04  -5.0 1.29e+01    -  6.90e-01 1.00e+00h  1

Number of Iterations....: 23

                                   (scaled)                 (unscaled)
Objective...............:   2.3434662815901594e-03    2.3434662815901594e-03
Dual infeasibility......:   2.8639848717200141e-04    2.8639848717200141e-04
Constraint violation....:   6.5823020925623581e-04    6.5823020925623581e-04
Complementarity.........:   4.2549260788731385e-05    4.2549260788731385e-05
Overall NLP error.......:   6.5823020925623581e-04    6.5823020925623581e-04


Number of objective function evaluations             = 25
Number of objective gradient evaluations             = 24
Number of equality constraint evaluations            = 25
Number of inequality constraint evaluations          = 25
Number of equality constraint Jacobian evaluations   = 24
Number of inequality constraint Jacobian evaluations = 24
Number of Lagrangian Hessian evaluations             = 0
Total CPU secs in IPOPT (w/o function evaluations)   =      0.791
Total CPU secs in NLP function evaluations           =     10.558

EXIT: Optimal Solution Found.
