
List of user-set options:

                                    Name   Value                used
              acceptable_constr_viol_tol = 0.001                 yes
                          acceptable_tol = 0.01                  yes
                             alpha_for_y = safer-min-dual-infeas  yes
                         constr_viol_tol = 0.001                 yes
                        file_print_level = 5                     yes
                   hessian_approximation = limited-memory        yes
                           linear_solver = mumps                 yes
                                max_iter = 66                    yes
                                 mu_init = 1e-05                 yes
                             mu_strategy = monotone              yes
                      nlp_scaling_method = gradient-based        yes
                             output_file = /home/kaleb/projects/learning/AAD-design/sardines/SARDINE_optimization5_out/IPOPT.out  yes
                             print_level = 5                     yes
                      print_user_options = yes                   yes
                                      sb = yes                   yes
                                     tol = 0.001                 yes
This is Ipopt version 3.11.9, running with linear solver mumps.
NOTE: Other linear solvers might be more efficient (see Ipopt documentation).

Number of nonzeros in equality constraint Jacobian...:     4707
Number of nonzeros in inequality constraint Jacobian.:     1910
Number of nonzeros in Lagrangian Hessian.............:        0

Total number of variables............................:      126
                     variables with only lower bounds:        2
                variables with lower and upper bounds:      124
                     variables with only upper bounds:        0
Total number of equality constraints.................:      120
Total number of inequality constraints...............:       82
        inequality constraints with only lower bounds:       20
   inequality constraints with lower and upper bounds:       42
        inequality constraints with only upper bounds:       20

iter    objective    inf_pr   inf_du lg(mu)  ||d||  lg(rg) alpha_du alpha_pr  ls
   0  5.3995626e-06 1.96e+01 1.00e+00  -5.0 0.00e+00    -  0.00e+00 0.00e+00   0
   1  9.4291693e-06 1.92e+01 1.48e+00  -5.0 8.87e+00    -  1.84e-02 1.88e-02h  1
   2  1.2095396e-05 1.92e+01 1.49e+00  -5.0 5.21e+01    -  6.45e-03 1.84e-03h  1
   3  3.6173904e-05 1.90e+01 1.50e+00  -5.0 5.89e+01    -  3.01e-03 8.38e-03h  1
   4  1.0467472e-03 1.29e+01 6.53e+00  -5.0 1.18e+01    -  6.90e-03 3.21e-01h  2
   5  1.4247890e-03 1.06e+01 7.28e+00  -5.0 3.97e+00    -  2.40e-01 1.76e-01h  2
   6  3.1812029e-03 9.61e-04 2.85e+01  -5.0 3.25e+00    -  3.69e-01 1.00e+00h  1
   7  3.1577600e-03 1.87e-04 4.73e+00  -5.0 3.21e-01    -  7.52e-01 1.00e+00h  1
   8  3.1552222e-03 4.44e-06 3.48e-01  -5.0 9.10e-02    -  9.26e-01 1.00e+00h  1
   9  3.1552814e-03 1.13e-07 2.19e-04  -5.0 2.65e-03    -  1.00e+00 1.00e+00h  1
iter    objective    inf_pr   inf_du lg(mu)  ||d||  lg(rg) alpha_du alpha_pr  ls
  10  3.1400490e-03 2.56e-03 1.14e-04  -5.0 3.36e+00    -  1.00e+00 1.00e+00f  1
  11  3.1453144e-03 4.02e-05 1.22e-04  -5.0 5.02e+00    -  1.00e+00 1.00e+00h  1

Number of Iterations....: 11

                                   (scaled)                 (unscaled)
Objective...............:   3.1453143540454442e-03    3.1453143540454442e-03
Dual infeasibility......:   1.2166411794297045e-04    1.2166411794297045e-04
Constraint violation....:   4.0195220153562627e-05    4.0195220153562627e-05
Complementarity.........:   1.1019113072816473e-05    1.1019113072816473e-05
Overall NLP error.......:   1.2166411794297045e-04    1.2166411794297045e-04


Number of objective function evaluations             = 16
Number of objective gradient evaluations             = 12
Number of equality constraint evaluations            = 16
Number of inequality constraint evaluations          = 16
Number of equality constraint Jacobian evaluations   = 12
Number of inequality constraint Jacobian evaluations = 12
Number of Lagrangian Hessian evaluations             = 0
Total CPU secs in IPOPT (w/o function evaluations)   =      0.516
Total CPU secs in NLP function evaluations           =      4.538

EXIT: Optimal Solution Found.
