
List of user-set options:

                                    Name   Value                used
              acceptable_constr_viol_tol = 0.0001                yes
                          acceptable_tol = 0.001                 yes
                             alpha_for_y = safer-min-dual-infeas  yes
                         constr_viol_tol = 0.0001                yes
                        file_print_level = 5                     yes
                   hessian_approximation = limited-memory        yes
                           linear_solver = mumps                 yes
                                max_iter = 200                   yes
                                 mu_init = 1e-05                 yes
                             mu_strategy = monotone              yes
                      nlp_scaling_method = gradient-based        yes
                             output_file = /home/kaleb/projects/learning/AAD-design/sardines/SARDINE_optimization15_out/IPOPT.out  yes
                             print_level = 5                     yes
                      print_user_options = yes                   yes
                                      sb = yes                   yes
                                     tol = 0.0001                yes
This is Ipopt version 3.11.9, running with linear solver mumps.
NOTE: Other linear solvers might be more efficient (see Ipopt documentation).

Number of nonzeros in equality constraint Jacobian...:    11716
Number of nonzeros in inequality constraint Jacobian.:     4156
Number of nonzeros in Lagrangian Hessian.............:        0

Total number of variables............................:      213
                     variables with only lower bounds:        2
                variables with lower and upper bounds:      211
                     variables with only upper bounds:        0
Total number of equality constraints.................:      200
Total number of inequality constraints...............:      124
        inequality constraints with only lower bounds:       20
   inequality constraints with lower and upper bounds:       64
        inequality constraints with only upper bounds:       40

iter    objective    inf_pr   inf_du lg(mu)  ||d||  lg(rg) alpha_du alpha_pr  ls
   0  1.5427322e-03 1.08e+01 1.00e+00  -5.0 0.00e+00    -  0.00e+00 0.00e+00   0
   1  2.0629198e-03 1.04e+01 2.27e+00  -5.0 4.13e+00    -  2.95e-03 3.05e-02h  1
   2  2.1124278e-03 1.04e+01 2.29e+00  -5.0 3.97e+00    -  2.94e-02 1.04e-03h  1
   3  1.0312832e-02 9.86e+00 6.09e+00  -5.0 3.69e+00    -  1.40e-02 5.49e-02h  1
   4  1.2793349e-02 9.79e+00 6.37e+00  -5.0 7.01e+00    -  3.22e-02 7.89e-03h  1
   5  2.8265036e-02 9.51e+00 7.86e+00  -5.0 1.60e+01    -  1.94e-02 2.85e-02h  1
   6  2.9490242e-02 9.49e+00 8.08e+00  -5.0 1.53e+01    -  1.63e-02 2.35e-03h  1
   7  4.2756482e-02 9.25e+00 9.27e+00  -5.0 1.54e+01    -  1.70e-02 2.53e-02h  1
   8  4.3089054e-02 9.23e+00 9.42e+00  -5.0 2.97e+01    -  3.98e-03 2.03e-03h  1
   9  4.4048739e-02 9.20e+00 1.08e+01  -5.0 2.84e+01    -  1.65e-03 3.20e-03h  1
iter    objective    inf_pr   inf_du lg(mu)  ||d||  lg(rg) alpha_du alpha_pr  ls
  10  4.7641498e-02 9.14e+00 1.46e+01  -5.0 1.75e+01    -  2.32e-07 6.02e-03h  1
  11  5.5112748e-02 9.04e+00 1.80e+01  -5.0 1.21e+01    -  3.19e-03 1.09e-02h  1
  12  8.2238518e-02 8.70e+00 2.44e+01  -5.0 1.07e+01    -  1.10e-02 3.79e-02h  2
  13  1.1363210e-01 8.32e+00 2.84e+01  -5.0 9.32e+00    -  4.13e-02 4.35e-02h  1
  14  1.5453250e-01 7.89e+00 2.73e+01  -5.0 6.80e+00    -  2.14e-02 5.13e-02h  1
  15  1.8335892e-01 7.58e+00 2.63e+01  -5.0 1.38e+01    -  4.16e-02 4.00e-02h  1
  16  1.8428265e-01 7.57e+00 2.62e+01  -5.0 5.28e+00    -  3.09e-03 1.13e-03h  1
  17  1.9266107e-01 7.49e+00 2.62e+01  -5.0 5.04e+00    -  3.26e-03 1.08e-02h  1
  18  2.3908133e-01 7.05e+00 2.57e+01  -5.0 5.20e+00    -  1.71e-02 5.79e-02h  1
  19  2.3917258e-01 7.05e+00 2.56e+01  -5.0 4.92e+00    -  5.85e-03 1.20e-04h  1
iter    objective    inf_pr   inf_du lg(mu)  ||d||  lg(rg) alpha_du alpha_pr  ls
  20  3.4405903e-01 6.08e+00 2.24e+01  -5.0 4.92e+00    -  2.71e-02 1.38e-01h  1
  21  3.6906440e-01 5.85e+00 2.11e+01  -5.0 4.20e+00    -  8.03e-02 3.86e-02h  1
  22r 3.6906440e-01 5.85e+00 9.99e+02   0.8 0.00e+00    -  0.00e+00 2.99e-07R  6
  23r 3.6898359e-01 5.89e+00 9.99e+02   0.8 7.58e+04    -  9.62e-08 1.79e-05f  1
  24r 3.7524473e-01 4.83e+00 9.98e+02   0.8 2.95e+02    -  5.29e-04 3.58e-03f  1
  25  3.7922759e-01 4.80e+00 9.01e+01  -5.0 3.88e+00    -  7.56e-03 6.65e-03h  1
  26  3.8208364e-01 4.78e+00 7.46e+01  -5.0 3.86e+00    -  1.72e-01 4.79e-03h  1
  27  4.1171877e-01 4.54e+00 6.45e+01  -5.0 3.87e+00    -  1.20e-02 4.96e-02h  1
  28  4.4165674e-01 4.30e+00 4.78e+01  -5.0 3.69e+00    -  2.39e-01 5.26e-02h  1
  29  5.2720383e-01 3.62e+00 2.90e+01  -5.0 3.48e+00    -  1.85e-02 1.60e-01h  1
iter    objective    inf_pr   inf_du lg(mu)  ||d||  lg(rg) alpha_du alpha_pr  ls
  30  6.2831833e-01 2.80e+00 3.50e+01  -5.0 3.24e+00    -  1.30e-01 2.25e-01h  1
  31r 6.2831833e-01 2.80e+00 9.99e+02   0.4 0.00e+00    -  0.00e+00 3.62e-07R  5
  32r 6.4398634e-01 1.76e+00 9.95e+02   0.4 2.45e+02    -  5.42e-03 4.28e-03f  1
  33  6.8701088e-01 1.52e+00 1.45e+02  -5.0 5.79e+00    -  7.05e-02 1.33e-01h  1
  34r 6.8701088e-01 1.52e+00 9.99e+02   0.2 0.00e+00    -  0.00e+00 3.96e-07R  3
  35r 6.8700929e-01 1.53e+00 9.99e+02   0.2 4.64e+04    -  1.05e-06 1.04e-06f  2
  36r 7.0726055e-01 2.55e-01 9.92e+02   0.2 2.18e+02    -  1.70e-02 5.82e-03f  1
  37  7.2844585e-01 2.35e-01 6.90e+01  -5.0 6.09e+00    -  1.07e-02 8.12e-02h  1
  38  7.2860305e-01 2.35e-01 6.71e+01  -5.0 1.66e+00    -  2.71e-02 6.15e-04h  1
  39  7.3614015e-01 2.28e-01 5.81e+01  -5.0 1.64e+00    -  1.33e-01 2.99e-02h  1
iter    objective    inf_pr   inf_du lg(mu)  ||d||  lg(rg) alpha_du alpha_pr  ls
  40  7.9734902e-01 1.71e-01 4.09e+01  -5.0 1.84e+00    -  2.14e-01 2.48e-01h  1
  41  8.3273190e-01 1.38e-01 2.31e+01  -5.0 1.69e+00    -  4.17e-01 1.95e-01h  1
  42  8.8575019e-01 8.79e-02 1.71e+01  -5.0 9.50e-01    -  1.46e-01 3.62e-01h  1
  43  8.9550290e-01 6.27e-02 1.88e+01  -5.0 1.72e+00    -  5.69e-03 2.87e-01h  1
  44  8.9562609e-01 6.25e-02 1.79e+01  -5.0 3.54e-01    -  5.15e-01 2.26e-03h  1
  45  9.2337450e-01 2.88e-02 1.82e+01  -5.0 1.53e+00    -  4.18e-01 5.39e-01H  1
  46  9.4823831e-01 5.08e-05 1.49e+01  -5.0 1.99e-01    -  3.66e-01 1.00e+00h  1
  47  9.4799381e-01 6.44e-08 3.08e-01  -5.0 6.20e-03    -  9.79e-01 1.00e+00h  1
  48  9.4788267e-01 1.69e-06 1.46e-01  -5.0 2.26e-02    -  5.27e-01 1.00e+00h  1
  49  9.4753347e-01 1.15e-06 3.92e-02  -5.0 7.34e-03    -  7.75e-01 1.00e+00h  1
iter    objective    inf_pr   inf_du lg(mu)  ||d||  lg(rg) alpha_du alpha_pr  ls
  50  9.4718716e-01 2.17e-06 2.41e-02  -5.0 1.45e-02    -  5.08e-01 1.00e+00h  1
  51  9.4665849e-01 2.29e-06 1.54e-02  -5.0 1.45e-02    -  9.53e-01 1.00e+00h  1
  52  9.4620212e-01 3.78e-06 1.33e-02  -5.0 1.22e-02    -  7.10e-01 1.00e+00h  1
  53  9.4570804e-01 2.05e-06 1.28e-02  -5.0 1.24e-02    -  1.00e+00 1.00e+00h  1
  54  9.4520822e-01 2.10e-06 1.25e-02  -5.0 1.22e-02    -  1.00e+00 1.00e+00h  1
  55  9.4470085e-01 2.15e-06 1.23e-02  -5.0 1.20e-02    -  1.00e+00 1.00e+00h  1
  56  9.4418733e-01 2.20e-06 1.21e-02  -5.0 1.19e-02    -  1.00e+00 1.00e+00h  1
  57  9.4366846e-01 2.25e-06 1.19e-02  -5.0 1.17e-02    -  1.00e+00 1.00e+00h  1
  58  9.4314491e-01 2.32e-06 1.18e-02  -5.0 1.16e-02    -  1.00e+00 1.00e+00h  1
  59  9.4261746e-01 6.36e-05 1.13e-02  -5.0 1.15e-02    -  1.00e+00 1.00e+00h  1
iter    objective    inf_pr   inf_du lg(mu)  ||d||  lg(rg) alpha_du alpha_pr  ls
  60  9.4023084e-01 5.43e-05 1.30e-02  -5.0 1.22e+00    -  7.42e-02 1.18e-01h  1
  61  9.2940576e-01 1.80e-03 8.44e-03  -5.0 2.60e+00    -  7.11e-02 1.14e-01f  1
  62  9.2976531e-01 1.04e-03 3.01e-02  -5.0 4.19e-01    -  1.00e+00 4.18e-01h  1
  63  9.2775519e-01 1.02e-03 3.06e-02  -5.0 6.16e+00    -  2.33e-02 2.34e-02h  1
  64  9.2758899e-01 1.01e-03 3.28e-02  -5.0 1.46e+00    -  5.37e-01 1.05e-02h  1
  65  9.3024469e-01 1.57e-04 3.26e-02  -5.0 1.90e-01    -  1.00e+00 8.45e-01h  1
  66  9.3020759e-01 2.78e-04 5.39e-03  -5.0 2.30e-02    -  1.00e+00 1.00e+00h  1
  67  9.3028835e-01 1.57e-04 1.13e-02  -5.0 1.28e-02    -  1.00e+00 4.35e-01h  1
  68  9.3033887e-01 7.91e-05 1.37e-02  -5.0 1.47e-02    -  1.00e+00 5.00e-01f  2
  69  9.3033203e-01 4.77e-06 1.33e-02  -5.0 1.43e-02    -  1.00e+00 1.00e+00h  1
iter    objective    inf_pr   inf_du lg(mu)  ||d||  lg(rg) alpha_du alpha_pr  ls
  70  9.3025578e-01 6.91e-07 1.02e-02  -5.0 9.11e-03    -  1.00e+00 1.00e+00h  1
  71  9.3015800e-01 7.08e-07 1.06e-02  -5.0 9.50e-03    -  1.00e+00 1.00e+00h  1
  72  9.3003984e-01 1.14e-06 9.81e-03  -5.0 9.58e-03    -  1.00e+00 1.00e+00h  1
  73  9.2991460e-01 7.23e-07 1.04e-02  -5.0 9.50e-03    -  1.00e+00 1.00e+00h  1
  74  9.2977377e-01 7.40e-07 1.07e-02  -5.0 9.81e-03    -  1.00e+00 1.00e+00h  1
  75  9.2961661e-01 7.57e-07 1.11e-02  -5.0 1.01e-02    -  1.00e+00 1.00e+00h  1
  76  9.2944303e-01 4.62e-06 1.04e-02  -5.0 1.05e-02    -  1.00e+00 1.00e+00h  1
  77  9.2830109e-01 1.01e-04 1.02e-02  -5.0 2.64e+00    -  3.01e-02 2.12e-02h  1
  78  9.2815688e-01 8.88e-05 3.59e-03  -5.0 4.97e-01    -  1.00e+00 1.18e-01f  1
  79  9.2802841e-01 2.75e-05 4.96e-04  -5.0 5.49e-02    -  1.00e+00 6.92e-01h  1
iter    objective    inf_pr   inf_du lg(mu)  ||d||  lg(rg) alpha_du alpha_pr  ls
  80  9.2800923e-01 1.85e-07 4.13e-04  -5.0 8.85e-03    -  1.00e+00 1.00e+00f  1
  81  9.2801081e-01 1.37e-08 3.43e-04  -5.0 2.57e-04    -  1.00e+00 1.00e+00h  1
  82  9.2801109e-01 3.41e-09 6.09e-05  -5.0 6.11e-05    -  1.00e+00 1.00e+00h  1

Number of Iterations....: 82

                                   (scaled)                 (unscaled)
Objective...............:   9.2801108724165504e-01    9.2801108724165504e-01
Dual infeasibility......:   6.0930687849965410e-05    6.0930687849965410e-05
Constraint violation....:   3.4066100353340312e-09    3.4066100353340312e-09
Complementarity.........:   1.0000000065464353e-05    1.0000000065464353e-05
Overall NLP error.......:   6.0930687849965410e-05    6.0930687849965410e-05


Number of objective function evaluations             = 103
Number of objective gradient evaluations             = 81
Number of equality constraint evaluations            = 103
Number of inequality constraint evaluations          = 103
Number of equality constraint Jacobian evaluations   = 86
Number of inequality constraint Jacobian evaluations = 86
Number of Lagrangian Hessian evaluations             = 0
Total CPU secs in IPOPT (w/o function evaluations)   =      0.697
Total CPU secs in NLP function evaluations           =     42.973

EXIT: Optimal Solution Found.
