
List of user-set options:

                                    Name   Value                used
              acceptable_constr_viol_tol = 0.001                 yes
                          acceptable_tol = 0.01                  yes
                             alpha_for_y = safer-min-dual-infeas  yes
                         constr_viol_tol = 0.001                 yes
                        file_print_level = 5                     yes
                   hessian_approximation = limited-memory        yes
                           linear_solver = mumps                 yes
                                max_iter = 66                    yes
                                 mu_init = 1e-05                 yes
                             mu_strategy = monotone              yes
                      nlp_scaling_method = gradient-based        yes
                             output_file = /home/kaleb/projects/learning/AAD-design/sardines/SARDINE_optimization5_out/IPOPT.out  yes
                             print_level = 5                     yes
                      print_user_options = yes                   yes
                                      sb = yes                   yes
                                     tol = 0.001                 yes
This is Ipopt version 3.11.9, running with linear solver mumps.
NOTE: Other linear solvers might be more efficient (see Ipopt documentation).

Number of nonzeros in equality constraint Jacobian...:    11828
Number of nonzeros in inequality constraint Jacobian.:     4160
Number of nonzeros in Lagrangian Hessian.............:        0

Total number of variables............................:      215
                     variables with only lower bounds:        2
                variables with lower and upper bounds:      213
                     variables with only upper bounds:        0
Total number of equality constraints.................:      206
Total number of inequality constraints...............:      124
        inequality constraints with only lower bounds:       20
   inequality constraints with lower and upper bounds:       64
        inequality constraints with only upper bounds:       40

iter    objective    inf_pr   inf_du lg(mu)  ||d||  lg(rg) alpha_du alpha_pr  ls
   0  5.3995626e-06 1.96e+01 1.00e+00  -5.0 0.00e+00    -  0.00e+00 0.00e+00   0
   1  8.6520801e-06 1.93e+01 9.97e-01  -5.0 4.55e+00    -  7.04e-03 1.44e-02h  1
   2  8.8772651e-06 1.93e+01 1.13e+00  -5.0 4.28e+00    -  1.45e-02 8.64e-04h  1
   3  3.4833051e-05 1.86e+01 1.42e+00  -5.0 3.94e+00    -  1.08e-02 3.20e-02h  1
   4  1.2592659e-04 1.77e+01 1.40e+00  -5.0 3.27e+00    -  1.95e-02 5.15e-02h  1
   5r 1.2592659e-04 1.77e+01 9.99e+02   1.2 0.00e+00    -  0.00e+00 2.83e-07R  2
   6r 1.1018592e-04 1.79e+01 9.99e+02   1.2 4.44e+06    -  6.84e-07 3.89e-08f  4
   7r 1.5134414e-04 1.51e+01 9.99e+02   1.2 1.45e+03    -  1.24e-04 1.88e-03f  1
   8r 1.5134414e-04 1.51e+01 9.99e+02   1.2 0.00e+00    -  0.00e+00 3.94e-07R  2
   9r 1.4188522e-04 1.52e+01 9.99e+02   1.2 2.20e+05    -  1.50e-05 4.74e-07f  5
iter    objective    inf_pr   inf_du lg(mu)  ||d||  lg(rg) alpha_du alpha_pr  ls
  10r 2.1528387e-04 1.17e+01 9.99e+02   1.2 1.37e+03    -  5.10e-04 2.61e-03f  1
  11  2.1915986e-04 1.16e+01 1.92e+00  -5.0 3.44e+00    -  8.24e-02 2.09e-03h  1
  12  3.2920060e-04 1.10e+01 2.45e+00  -5.0 3.50e+00    -  8.65e-02 5.83e-02h  1
  13  4.5680427e-04 1.03e+01 3.30e+00  -5.0 3.69e+00    -  1.07e-01 6.40e-02h  1
  14  4.6750306e-04 1.02e+01 3.30e+00  -5.0 3.83e+00    -  3.40e-02 5.17e-03h  1
  15  7.2363376e-04 8.91e+00 4.83e+00  -5.0 4.40e+00    -  2.79e-02 1.27e-01h  1
  16  9.4240562e-04 7.80e+00 5.06e+00  -5.0 4.44e+00    -  1.36e-01 1.25e-01h  1
  17  1.6395855e-03 4.30e+00 6.36e+00  -5.0 3.17e+00    -  2.24e-01 4.49e-01h  1
  18  2.4875599e-03 3.87e-04 6.70e+00  -5.0 1.76e+00    -  5.93e-01 1.00e+00h  1
  19  2.4824374e-03 7.02e-07 1.05e-01  -5.0 3.12e-02    -  9.85e-01 1.00e+00h  1
iter    objective    inf_pr   inf_du lg(mu)  ||d||  lg(rg) alpha_du alpha_pr  ls
  20  2.4824546e-03 6.81e-08 2.23e-03  -5.0 2.23e-03    -  9.80e-01 1.00e+00h  1
  21  2.4899442e-03 4.26e-05 2.17e-03  -5.0 4.15e+00    -  2.06e-02 1.69e-01f  1
  22  2.4887157e-03 1.29e-05 1.83e-03  -5.0 4.74e-01    -  2.52e-01 1.00e+00f  1
  23  2.4886539e-03 1.22e-06 1.05e-03  -5.0 3.61e-02    -  1.00e+00 1.00e+00h  1
  24  2.4886713e-03 7.68e-07 7.67e-04  -5.0 3.91e-02    -  1.00e+00 1.00e+00h  1

Number of Iterations....: 24

                                   (scaled)                 (unscaled)
Objective...............:   2.4886713383056834e-03    2.4886713383056834e-03
Dual infeasibility......:   7.6733205620335167e-04    7.6733205620335167e-04
Constraint violation....:   7.6754298268290149e-07    7.6754298268290149e-07
Complementarity.........:   1.0091423378448262e-05    1.0091423378448262e-05
Overall NLP error.......:   7.6733205620335167e-04    7.6733205620335167e-04


Number of objective function evaluations             = 38
Number of objective gradient evaluations             = 23
Number of equality constraint evaluations            = 38
Number of inequality constraint evaluations          = 38
Number of equality constraint Jacobian evaluations   = 27
Number of inequality constraint Jacobian evaluations = 27
Number of Lagrangian Hessian evaluations             = 0
Total CPU secs in IPOPT (w/o function evaluations)   =      1.010
Total CPU secs in NLP function evaluations           =     16.734

EXIT: Optimal Solution Found.
