
List of user-set options:

                                    Name   Value                used
              acceptable_constr_viol_tol = 0.0001                yes
                          acceptable_tol = 0.001                 yes
                             alpha_for_y = safer-min-dual-infeas  yes
                         constr_viol_tol = 0.0001                yes
                        file_print_level = 5                     yes
                   hessian_approximation = limited-memory        yes
                           linear_solver = mumps                 yes
                                max_iter = 200                   yes
                                 mu_init = 1e-05                 yes
                             mu_strategy = monotone              yes
                      nlp_scaling_method = gradient-based        yes
                             output_file = /home/kaleb/projects/learning/AAD-design/sardines/SARDINE_optimization5_out/IPOPT.out  yes
                             print_level = 5                     yes
                      print_user_options = yes                   yes
                                      sb = yes                   yes
                                     tol = 0.0001                yes
This is Ipopt version 3.11.9, running with linear solver mumps.
NOTE: Other linear solvers might be more efficient (see Ipopt documentation).

Number of nonzeros in equality constraint Jacobian...:    11716
Number of nonzeros in inequality constraint Jacobian.:     4156
Number of nonzeros in Lagrangian Hessian.............:        0

Total number of variables............................:      213
                     variables with only lower bounds:        2
                variables with lower and upper bounds:      211
                     variables with only upper bounds:        0
Total number of equality constraints.................:      200
Total number of inequality constraints...............:      124
        inequality constraints with only lower bounds:       20
   inequality constraints with lower and upper bounds:       64
        inequality constraints with only upper bounds:       40

iter    objective    inf_pr   inf_du lg(mu)  ||d||  lg(rg) alpha_du alpha_pr  ls
   0  1.5427322e-03 1.08e+01 1.00e+00  -5.0 0.00e+00    -  0.00e+00 0.00e+00   0
   1  3.3136098e-03 1.05e+01 2.18e+00  -5.0 8.27e+00    -  2.95e-03 3.02e-02h  1
   2  4.3263873e-03 1.04e+01 2.31e+00  -5.0 7.30e+00    -  1.04e-02 3.22e-03h  1
   3  1.4226787e-02 1.02e+01 4.65e+00  -5.0 1.41e+01    -  8.60e-03 1.97e-02h  1
   4  1.6080339e-02 1.02e+01 5.02e+00  -5.0 1.35e+01    -  1.78e-02 3.78e-03h  1
   5  3.2224601e-02 9.86e+00 8.34e+00  -5.0 1.47e+01    -  1.87e-02 3.10e-02h  1
   6  3.2605391e-02 9.84e+00 1.10e+01  -5.0 2.42e+01    -  6.31e-03 1.94e-03h  1
   7  3.3331554e-02 9.81e+00 1.86e+01  -5.0 6.72e+01    -  2.50e-03 2.89e-03h  2
   8  3.6745498e-02 9.74e+00 2.16e+01  -5.0 4.48e+01    -  1.01e-03 7.30e-03h  1
   9  4.5783368e-02 9.61e+00 2.39e+01  -5.0 2.51e+01    -  3.99e-03 1.33e-02h  1
iter    objective    inf_pr   inf_du lg(mu)  ||d||  lg(rg) alpha_du alpha_pr  ls
  10  6.5872575e-02 9.38e+00 2.64e+01  -5.0 1.03e+01    -  1.17e-02 2.39e-02h  1
  11  8.7555741e-02 9.17e+00 3.46e+01  -5.0 6.33e+00    -  2.87e-02 2.27e-02h  1
  12  1.4755435e-01 8.56e+00 3.26e+01  -5.0 7.88e+00    -  3.43e-02 6.60e-02h  1
  13  1.9355295e-01 8.11e+00 3.21e+01  -5.0 1.39e+01    -  1.77e-02 5.31e-02h  1
  14  2.0586477e-01 7.99e+00 3.15e+01  -5.0 1.29e+01    -  1.27e-02 1.52e-02h  1
  15  2.0689840e-01 7.98e+00 3.14e+01  -5.0 5.78e+00    -  4.46e-03 1.16e-03h  1
  16  2.1260095e-01 7.92e+00 3.14e+01  -5.0 6.19e+00    -  1.35e-03 6.76e-03h  1
  17  3.0541276e-01 7.09e+00 3.49e+01  -5.0 5.73e+00    -  2.31e-02 1.05e-01h  1
  18  3.1305132e-01 7.02e+00 3.57e+01  -5.0 5.17e+00    -  1.36e-06 1.02e-02h  1
  19  3.1455646e-01 7.00e+00 3.82e+01  -5.0 5.03e+00    -  2.59e-02 1.94e-03h  1
iter    objective    inf_pr   inf_du lg(mu)  ||d||  lg(rg) alpha_du alpha_pr  ls
  20  3.2125703e-01 6.94e+00 3.58e+01  -5.0 5.04e+00    -  2.45e-03 8.61e-03h  1
  21  3.5093485e-01 6.68e+00 4.86e+01  -5.0 5.00e+00    -  2.29e-02 3.85e-02h  1
  22  5.7666964e-01 4.64e+00 8.22e+01  -5.0 4.79e+00    -  7.85e-03 3.06e-01h  1
  23  6.0218572e-01 4.38e+00 9.48e+01  -5.0 3.17e+00    -  1.11e-05 5.55e-02h  1
  24  6.1477051e-01 4.14e+00 9.76e+01  -5.0 6.06e+00    -  4.71e-02 5.34e-02h  1
  25  6.1590015e-01 4.13e+00 9.78e+01  -5.0 1.25e+01    -  1.25e-05 3.17e-03h  1
  26  6.1679184e-01 4.12e+00 9.08e+01  -5.0 3.48e+00    -  2.49e-02 2.12e-03h  1
  27  6.1917486e-01 4.10e+00 9.11e+01  -5.0 7.25e+00    -  7.35e-07 6.19e-03h  1
  28  6.2498078e-01 4.04e+00 8.96e+01  -5.0 3.14e+00    -  2.36e-02 1.43e-02h  1
  29  7.9152652e-01 2.42e+00 8.78e+01  -5.0 2.69e+00    -  3.06e-01 4.01e-01h  1
iter    objective    inf_pr   inf_du lg(mu)  ||d||  lg(rg) alpha_du alpha_pr  ls
  30  7.9163198e-01 2.42e+00 8.78e+01  -5.0 1.85e+00    -  2.92e-05 4.36e-04h  1
  31  9.6084071e-01 7.29e-01 6.67e+01  -5.0 1.86e+00    -  3.20e-01 6.99e-01h  1
  32  9.6133856e-01 7.24e-01 6.68e+01  -5.0 9.13e-01    -  3.04e-05 7.34e-03h  1
  33  9.7441229e-01 1.12e-01 2.15e+01  -5.0 5.91e-01    -  4.64e-04 8.45e-01h  1
  34  9.9215557e-01 2.03e-05 3.25e+00  -5.0 2.58e-01    -  8.36e-01 1.00e+00h  1
  35  9.9208820e-01 5.31e-07 2.27e-02  -5.0 1.71e-02    -  9.93e-01 1.00e+00h  1
  36  9.9202641e-01 3.16e-06 7.56e-03  -5.0 5.82e-02    -  1.00e+00 6.71e-01h  1
  37  9.9212797e-01 2.23e-06 8.95e-03  -5.0 2.92e-02    -  1.00e+00 1.00e+00f  1
  38  9.9171222e-01 9.58e-05 8.32e-03  -5.0 3.73e-01    -  1.00e+00 1.00e+00h  1
  39  9.9084701e-01 1.46e-04 1.66e-02  -5.0 6.40e-01    -  1.00e+00 6.14e-01h  1
iter    objective    inf_pr   inf_du lg(mu)  ||d||  lg(rg) alpha_du alpha_pr  ls
  40  9.9083045e-01 8.34e-05 7.95e-03  -5.0 1.67e-01    -  3.34e-01 4.28e-01h  1
  41  9.9037220e-01 3.28e-06 5.07e-02  -5.0 5.07e-02    -  1.00e+00 1.00e+00f  1
  42  9.9023194e-01 1.81e-06 7.91e-03  -5.0 3.59e-02    -  9.90e-01 1.00e+00h  1
  43  9.9009735e-01 1.51e-06 6.05e-03  -5.0 2.66e-02    -  1.00e+00 1.00e+00h  1
  44  9.8999516e-01 1.31e-05 9.50e-03  -5.0 3.86e-02    -  1.00e+00 1.00e+00h  1
  45  9.8989188e-01 2.20e-06 7.67e-03  -5.0 3.78e-02    -  1.00e+00 1.00e+00h  1
  46  9.8977973e-01 2.17e-06 7.68e-03  -5.0 3.73e-02    -  1.00e+00 1.00e+00h  1
  47  9.8966236e-01 1.10e-06 7.82e-03  -5.0 3.80e-02    -  1.00e+00 1.00e+00h  1
  48  9.8866025e-01 4.10e-05 1.02e-02  -5.0 5.84e+00    -  3.56e-02 5.41e-02h  1
  49  9.8719934e-01 9.18e-05 2.94e-02  -5.0 6.54e+00    -  1.81e-01 5.71e-02h  1
iter    objective    inf_pr   inf_du lg(mu)  ||d||  lg(rg) alpha_du alpha_pr  ls
  50  9.8723045e-01 2.26e-05 1.31e-02  -5.0 1.24e-01    -  4.59e-01 7.64e-01f  1
  51  9.8701820e-01 5.41e-06 1.58e-02  -5.0 1.04e-01    -  5.50e-01 1.00e+00f  1
  52  9.8680976e-01 1.53e-06 8.43e-03  -5.0 3.81e-02    -  1.00e+00 1.00e+00h  1
  53  9.8659751e-01 1.41e-06 8.01e-03  -5.0 3.50e-02    -  1.00e+00 1.00e+00h  1
  54  9.8643068e-01 5.38e-06 9.54e-03  -5.0 5.29e-02    -  9.25e-01 1.00e+00h  1
  55  9.8624606e-01 1.49e-06 9.60e-03  -5.0 5.09e-02    -  1.00e+00 1.00e+00h  1
  56  9.8605867e-01 1.46e-06 9.44e-03  -5.0 5.10e-02    -  1.00e+00 1.00e+00h  1
  57  9.8586745e-01 1.44e-06 9.59e-03  -5.0 5.16e-02    -  1.00e+00 1.00e+00h  1
  58  9.8567395e-01 1.41e-06 9.53e-03  -5.0 5.14e-02    -  1.00e+00 1.00e+00h  1
  59  9.8547944e-01 3.09e-06 9.36e-03  -5.0 5.07e-02    -  1.00e+00 1.00e+00h  1
iter    objective    inf_pr   inf_du lg(mu)  ||d||  lg(rg) alpha_du alpha_pr  ls
  60  9.8528537e-01 1.29e-06 9.31e-03  -5.0 4.89e-02    -  1.00e+00 1.00e+00h  1
  61  9.8520219e-01 1.00e-06 6.10e-03  -5.0 3.68e-02    -  1.00e+00 5.27e-01h  1
  62  9.8502462e-01 8.71e-07 2.04e-03  -5.0 6.43e-02    -  6.23e-01 1.69e-01f  1
  63  9.8486569e-01 8.64e-05 4.69e-03  -5.0 2.65e-01    -  6.59e-01 1.00e+00f  1
  64  9.8483811e-01 4.48e-07 6.75e-04  -5.0 2.77e-02    -  1.00e+00 1.00e+00h  1
  65  9.8483308e-01 4.58e-08 5.01e-04  -5.0 3.43e-03    -  1.00e+00 1.00e+00h  1
  66  9.8483236e-01 3.77e-08 4.17e-04  -5.0 2.81e-03    -  1.00e+00 1.00e+00h  1
  67  9.8483130e-01 3.22e-08 3.58e-04  -5.0 2.41e-03    -  1.00e+00 1.00e+00h  1
  68  9.8483021e-01 2.76e-08 3.07e-04  -5.0 2.07e-03    -  1.00e+00 1.00e+00h  1
  69  9.8482919e-01 2.35e-08 2.75e-04  -5.0 1.77e-03    -  1.00e+00 1.00e+00h  1
iter    objective    inf_pr   inf_du lg(mu)  ||d||  lg(rg) alpha_du alpha_pr  ls
  70  9.8482826e-01 2.00e-08 2.73e-04  -5.0 1.51e-03    -  1.00e+00 1.00e+00h  1
  71  9.8482742e-01 1.70e-08 2.71e-04  -5.0 1.28e-03    -  1.00e+00 1.00e+00h  1
  72  9.8482667e-01 1.43e-08 2.69e-04  -5.0 1.08e-03    -  1.00e+00 1.00e+00h  1
  73  9.8482600e-01 1.21e-08 2.66e-04  -5.0 9.14e-04    -  1.00e+00 1.00e+00h  1
  74  9.8482539e-01 1.01e-08 2.64e-04  -5.0 7.69e-04    -  1.00e+00 1.00e+00h  1
  75  9.8482485e-01 8.51e-09 2.61e-04  -5.0 6.46e-04    -  1.00e+00 1.00e+00h  1
  76  9.8482435e-01 7.13e-09 2.58e-04  -5.0 5.41e-04    -  1.00e+00 1.00e+00h  1
  77  9.8482390e-01 5.96e-09 2.55e-04  -5.0 4.53e-04    -  1.00e+00 1.00e+00h  1
  78  9.8482348e-01 4.98e-09 2.51e-04  -5.0 3.79e-04    -  1.00e+00 1.00e+00h  1

Number of Iterations....: 78

                                   (scaled)                 (unscaled)
Objective...............:   9.8482347902724976e-01    9.8482347902724976e-01
Dual infeasibility......:   2.5146506681329999e-04    2.5146506681329999e-04
Constraint violation....:   4.9828267733308459e-09    4.9828267733308459e-09
Complementarity.........:   1.0000000000000004e-05    1.0000000000000004e-05
Overall NLP error.......:   2.5146506681329999e-04    2.5146506681329999e-04


Number of objective function evaluations             = 81
Number of objective gradient evaluations             = 79
Number of equality constraint evaluations            = 81
Number of inequality constraint evaluations          = 81
Number of equality constraint Jacobian evaluations   = 79
Number of inequality constraint Jacobian evaluations = 79
Number of Lagrangian Hessian evaluations             = 0
Total CPU secs in IPOPT (w/o function evaluations)   =      0.742
Total CPU secs in NLP function evaluations           =     36.823

EXIT: Solved To Acceptable Level.
