This is Ipopt version 3.11.9, running with linear solver mumps.
NOTE: Other linear solvers might be more efficient (see Ipopt documentation).

Number of nonzeros in equality constraint Jacobian...:     8569
Number of nonzeros in inequality constraint Jacobian.:     1841
Number of nonzeros in Lagrangian Hessian.............:        0

Total number of variables............................:      172
                     variables with only lower bounds:        2
                variables with lower and upper bounds:      170
                     variables with only upper bounds:        0
Total number of equality constraints.................:      168
Total number of inequality constraints...............:       45
        inequality constraints with only lower bounds:        1
   inequality constraints with lower and upper bounds:       44
        inequality constraints with only upper bounds:        0

iter    objective    inf_pr   inf_du lg(mu)  ||d||  lg(rg) alpha_du alpha_pr  ls
   0  3.0000000e-01 2.07e+02 2.20e+00  -5.0 0.00e+00    -  0.00e+00 0.00e+00   0
  10r 3.2520460e-01 1.26e+02 9.98e+02   2.2 1.49e+04    -  1.18e-05 2.86e-03f  1
  20  3.0329519e+00 6.90e-05 5.55e-02  -5.0 6.27e-02    -  7.62e-01 1.00e+00h  1
  30  2.9387426e+00 5.08e-03 1.34e-01  -5.0 4.18e-01    -  1.00e+00 6.57e-02h  2
  40  2.9879913e+00 2.21e-07 5.98e-04  -5.0 2.01e-04    -  1.00e+00 1.00e+00h  1
  50r 2.9879918e+00 1.46e-07 9.34e+02  -5.0 0.00e+00    -  0.00e+00 0.00e+00R  1
  60r 3.0291302e+00 1.25e-04 1.28e-04  -7.0 4.57e-01    -  9.11e-01 1.00e+00h  1
  70r 2.9989789e+00 7.14e-06 1.31e-07  -9.0 6.31e-03    -  1.00e+00 1.00e+00h  1
Restoration phase converged to a feasible point that is
unacceptable to the filter for the original problem.
Restoration phase in the restoration phase failed.

Number of Iterations....: 77

                                   (scaled)                 (unscaled)
Objective...............:   2.9947581364529556e+00    2.9947581364529556e+00
Dual infeasibility......:   2.2046226241545877e+00    2.2046226241545877e+00
Constraint violation....:   5.5635161995452730e-09    5.5635161995452730e-09
Complementarity.........:   9.0909090909090920e-10    9.0909090909090920e-10
Overall NLP error.......:   2.2046226241545877e+00    2.2046226241545877e+00


Number of objective function evaluations             = 138
Number of objective gradient evaluations             = 52
Number of equality constraint evaluations            = 138
Number of inequality constraint evaluations          = 138
Number of equality constraint Jacobian evaluations   = 81
Number of inequality constraint Jacobian evaluations = 81
Number of Lagrangian Hessian evaluations             = 0
Total CPU secs in IPOPT (w/o function evaluations)   =      0.602
Total CPU secs in NLP function evaluations           =     37.767

EXIT: Restoration Failed!
