
List of user-set options:

                                    Name   Value                used
              acceptable_constr_viol_tol = 0.001                 yes
                          acceptable_tol = 0.01                  yes
                             alpha_for_y = safer-min-dual-infeas  yes
                         constr_viol_tol = 0.001                 yes
                        file_print_level = 5                     yes
                   hessian_approximation = limited-memory        yes
                           linear_solver = mumps                 yes
                                max_iter = 66                    yes
                                 mu_init = 1e-05                 yes
                             mu_strategy = monotone              yes
                      nlp_scaling_method = gradient-based        yes
                             output_file = /home/kaleb/projects/learning/AAD-design/sardines/SARDINE_optimization15_out/IPOPT.out  yes
                             print_level = 5                     yes
                      print_user_options = yes                   yes
                                      sb = yes                   yes
                                     tol = 0.001                 yes
This is Ipopt version 3.11.9, running with linear solver mumps.
NOTE: Other linear solvers might be more efficient (see Ipopt documentation).

Number of nonzeros in equality constraint Jacobian...:     8831
Number of nonzeros in inequality constraint Jacobian.:     2080
Number of nonzeros in Lagrangian Hessian.............:        0

Total number of variables............................:      180
                     variables with only lower bounds:        2
                variables with lower and upper bounds:      178
                     variables with only upper bounds:        0
Total number of equality constraints.................:      174
Total number of inequality constraints...............:       84
        inequality constraints with only lower bounds:       20
   inequality constraints with lower and upper bounds:       44
        inequality constraints with only upper bounds:       20

iter    objective    inf_pr   inf_du lg(mu)  ||d||  lg(rg) alpha_du alpha_pr  ls
   0  5.3995626e-06 1.96e+01 1.00e+00  -5.0 0.00e+00    -  0.00e+00 0.00e+00   0
   1  1.4396174e-05 1.91e+01 9.96e-01  -5.0 5.39e+00    -  1.40e-02 2.37e-02h  1
   2  1.6323427e-05 1.90e+01 1.37e+00  -5.0 4.31e+00    -  2.32e-02 3.18e-03h  1
   3  6.3300190e-05 1.76e+01 1.33e+00  -5.0 3.47e+00    -  2.52e-02 7.56e-02h  1
   4  6.6448873e-05 1.75e+01 9.55e-01  -5.0 3.69e+00    -  1.71e-02 5.10e-03h  1
   5  6.8281197e-05 1.75e+01 9.54e-01  -5.0 1.76e+01    -  8.26e-04 2.39e-03h  1
   6  7.1330443e-05 1.74e+01 1.10e+00  -5.0 2.68e+01    -  3.64e-04 3.37e-03h  1
   7  7.4664712e-05 1.74e+01 1.09e+00  -5.0 5.06e+01    -  7.05e-04 1.68e-03h  1
   8  8.3637989e-05 1.73e+01 1.08e+00  -5.0 1.45e+01    -  1.64e-03 3.38e-03h  1
   9  9.4595905e-05 1.72e+01 1.08e+00  -5.0 1.13e+01    -  4.62e-03 3.98e-03h  1
iter    objective    inf_pr   inf_du lg(mu)  ||d||  lg(rg) alpha_du alpha_pr  ls
  10  2.8273557e-04 1.61e+01 2.78e+00  -5.0 1.06e+01    -  8.50e-03 6.77e-02f  1
  11  2.8281818e-04 1.61e+01 3.01e+00  -5.0 1.01e+02    -  4.68e-04 8.09e-05h  1
  12  2.9300280e-04 1.60e+01 2.90e+00  -5.0 4.91e+01    -  5.77e-08 5.49e-03f  1
  13  3.5363150e-04 1.56e+01 3.20e+00  -5.0 1.32e+01    -  3.61e-03 2.53e-02h  1
  14  9.5999525e-04 1.18e+01 4.42e+00  -5.0 4.57e+00    -  2.71e-02 2.46e-01h  1
  15  2.8215656e-03 3.36e-04 2.27e+01  -5.0 3.45e+00    -  2.67e-01 1.00e+00h  1
  16  2.8160068e-03 4.94e-07 1.06e+00  -5.0 1.03e-02    -  9.37e-01 1.00e+00h  1
  17  2.8159774e-03 5.10e-08 7.48e-04  -5.0 6.81e-04    -  9.99e-01 1.00e+00h  1
  18  2.8164877e-03 2.02e-03 1.38e-01  -5.0 1.15e+01    -  2.84e-01 7.79e-02f  1
  19  2.8167125e-03 7.00e-06 3.52e-02  -5.0 2.39e-01    -  7.28e-01 1.00e+00h  1
iter    objective    inf_pr   inf_du lg(mu)  ||d||  lg(rg) alpha_du alpha_pr  ls
  20  2.8167404e-03 1.61e-06 1.74e-03  -5.0 6.30e-02    -  9.31e-01 1.00e+00h  1
  21  2.8167422e-03 4.25e-06 2.41e-03  -5.0 5.90e-02    -  1.00e+00 1.00e+00h  1
  22  2.8167320e-03 2.80e-06 1.80e-03  -5.0 4.65e-02    -  1.00e+00 1.00e+00h  1
  23  2.8167221e-03 2.52e-06 1.58e-03  -5.0 4.59e-02    -  1.00e+00 1.00e+00h  1
  24  2.8167133e-03 2.23e-06 1.36e-03  -5.0 4.66e-02    -  1.00e+00 1.00e+00h  1
  25  2.8167063e-03 2.00e-06 1.19e-03  -5.0 4.69e-02    -  1.00e+00 1.00e+00h  1
  26  2.8167013e-03 1.80e-06 1.05e-03  -5.0 4.73e-02    -  1.00e+00 1.00e+00h  1
  27  2.8166984e-03 1.62e-06 9.21e-04  -5.0 4.79e-02    -  1.00e+00 1.00e+00h  1

Number of Iterations....: 27

                                   (scaled)                 (unscaled)
Objective...............:   2.8166983836834828e-03    2.8166983836834828e-03
Dual infeasibility......:   9.2107726168823929e-04    9.2107726168823929e-04
Constraint violation....:   1.6215796680442954e-06    1.6215796680442954e-06
Complementarity.........:   1.0000000000000004e-05    1.0000000000000004e-05
Overall NLP error.......:   9.2107726168823929e-04    9.2107726168823929e-04


Number of objective function evaluations             = 28
Number of objective gradient evaluations             = 28
Number of equality constraint evaluations            = 28
Number of inequality constraint evaluations          = 28
Number of equality constraint Jacobian evaluations   = 28
Number of inequality constraint Jacobian evaluations = 28
Number of Lagrangian Hessian evaluations             = 0
Total CPU secs in IPOPT (w/o function evaluations)   =      0.757
Total CPU secs in NLP function evaluations           =     11.446

EXIT: Optimal Solution Found.
