This is Ipopt version 3.14.19, running with linear solver MUMPS 5.7.3.

Number of nonzeros in equality constraint Jacobian...:      563
Number of nonzeros in inequality constraint Jacobian.:      356
Number of nonzeros in Lagrangian Hessian.............:        0

Total number of variables............................:       35
                     variables with only lower bounds:        2
                variables with lower and upper bounds:       33
                     variables with only upper bounds:        0
Total number of equality constraints.................:       34
Total number of inequality constraints...............:       21
        inequality constraints with only lower bounds:        1
   inequality constraints with lower and upper bounds:       20
        inequality constraints with only upper bounds:        0

iter    objective    inf_pr   inf_du lg(mu)  ||d||  lg(rg) alpha_du alpha_pr  ls
   0  0.0000000e+00 1.90e+00 5.37e-02  -5.0 0.00e+00    -  0.00e+00 0.00e+00   0
  10  2.0512689e-01 3.04e-13 3.01e-12  -5.0 3.59e-05    -  1.00e+00 1.00e+00f  1

Number of Iterations....: 11

                                   (scaled)                 (unscaled)
Objective...............:   2.0511698016325974e-01    2.0511698016325974e-01
Dual infeasibility......:   3.0687703249723008e-11    3.0687703249723008e-11
Constraint violation....:   3.0135605965434268e-13    3.0135605965434268e-13
Variable bound violation:   0.0000000000000000e+00    0.0000000000000000e+00
Complementarity.........:   9.1910551692925435e-08    9.1910551692925435e-08
Overall NLP error.......:   9.1910551692925435e-08    9.1910551692925435e-08


Number of objective function evaluations             = 12
Number of objective gradient evaluations             = 12
Number of equality constraint evaluations            = 12
Number of inequality constraint evaluations          = 12
Number of equality constraint Jacobian evaluations   = 12
Number of inequality constraint Jacobian evaluations = 12
Number of Lagrangian Hessian evaluations             = 0
Total seconds in IPOPT                               = 1.011

EXIT: Optimal Solution Found.
