
List of user-set options:

                                    Name   Value                used
              acceptable_constr_viol_tol = 0.0001                yes
                          acceptable_tol = 0.001                 yes
                             alpha_for_y = safer-min-dual-infeas  yes
                         constr_viol_tol = 0.0001                yes
                        file_print_level = 5                     yes
                   hessian_approximation = limited-memory        yes
                           linear_solver = mumps                 yes
                                max_iter = 200                   yes
                                 mu_init = 1e-05                 yes
                             mu_strategy = monotone              yes
                      nlp_scaling_method = gradient-based        yes
                             output_file = /home/kaleb/projects/learning/AAD-design/sardines/SARDINE_optimization18_out/IPOPT.out  yes
                             print_level = 5                     yes
                      print_user_options = yes                   yes
                                      sb = yes                   yes
                                     tol = 0.0001                yes
This is Ipopt version 3.11.9, running with linear solver mumps.
NOTE: Other linear solvers might be more efficient (see Ipopt documentation).

Number of nonzeros in equality constraint Jacobian...:    11716
Number of nonzeros in inequality constraint Jacobian.:     4156
Number of nonzeros in Lagrangian Hessian.............:        0

Total number of variables............................:      213
                     variables with only lower bounds:        2
                variables with lower and upper bounds:      211
                     variables with only upper bounds:        0
Total number of equality constraints.................:      200
Total number of inequality constraints...............:      124
        inequality constraints with only lower bounds:       20
   inequality constraints with lower and upper bounds:       64
        inequality constraints with only upper bounds:       40

iter    objective    inf_pr   inf_du lg(mu)  ||d||  lg(rg) alpha_du alpha_pr  ls
   0  1.5427322e-03 1.08e+01 1.23e+00  -5.0 0.00e+00    -  0.00e+00 0.00e+00   0
   1  3.0411061e-03 1.04e+01 1.23e+00  -5.0 6.34e+00    -  2.46e-03 3.69e-02h  1
   2  3.0977839e-03 1.04e+01 1.20e+00  -5.0 4.29e+00    -  2.27e-02 7.28e-04h  1
   3  8.2190110e-03 1.01e+01 1.19e+00  -5.0 4.22e+00    -  1.60e-02 2.68e-02h  1
   4  1.3211882e-02 1.00e+01 2.63e+00  -5.0 1.61e+01    -  1.49e-02 9.06e-03h  1
   5  2.3221345e-02 9.83e+00 6.31e+00  -5.0 1.73e+01    -  2.32e-02 1.73e-02h  1
   6  3.0175230e-02 9.71e+00 8.57e+00  -5.0 1.63e+01    -  1.84e-02 1.27e-02h  1
   7  3.0571659e-02 9.69e+00 8.20e+00  -5.0 6.44e+00    -  4.86e-02 1.79e-03h  1
   8  3.2199953e-02 9.65e+00 8.34e+00  -5.0 1.25e+01    -  1.07e-02 3.61e-03h  1
   9  3.3061597e-02 9.63e+00 6.04e+00  -5.0 2.52e+01    -  7.96e-07 2.40e-03h  1
iter    objective    inf_pr   inf_du lg(mu)  ||d||  lg(rg) alpha_du alpha_pr  ls
  10  3.3073548e-02 9.63e+00 6.04e+00  -5.0 3.71e+01    -  1.32e-04 4.10e-05h  1
  11  3.3129838e-02 9.63e+00 5.88e+00  -5.0 3.68e+01    -  5.32e-03 1.99e-04h  1
  12  3.3186544e-02 9.63e+00 5.88e+00  -5.0 4.13e+01    -  4.01e-05 2.25e-04h  1
  13  3.3367829e-02 9.62e+00 5.91e+00  -5.0 4.30e+01    -  9.09e-07 7.23e-04h  1
  14  3.4513736e-02 9.57e+00 6.08e+00  -5.0 4.45e+01    -  2.02e-05 4.70e-03h  2
  15  3.4589251e-02 9.57e+00 6.09e+00  -5.0 4.32e+01    -  7.14e-04 3.09e-04h  1
  16  3.5564749e-02 9.53e+00 6.68e+00  -5.0 4.46e+01    -  4.47e-05 4.04e-03h  2
  17  3.5627979e-02 9.53e+00 6.70e+00  -5.0 4.36e+01    -  2.47e-04 2.63e-04h  1
  18  3.5694835e-02 9.53e+00 6.53e+00  -5.0 4.27e+01    -  1.52e-04 2.71e-04h  1
  19  3.5788361e-02 9.52e+00 6.35e+00  -5.0 4.24e+01    -  1.28e-04 3.73e-04h  1
iter    objective    inf_pr   inf_du lg(mu)  ||d||  lg(rg) alpha_du alpha_pr  ls
  20  3.5916823e-02 9.52e+00 6.29e+00  -5.0 4.20e+01    -  8.95e-05 4.96e-04h  1
  21  3.8784452e-02 9.40e+00 8.03e+00  -5.0 4.60e+01    -  2.23e-05 1.24e-02h  1
  22  3.8803733e-02 9.40e+00 8.04e+00  -5.0 1.46e+01    -  3.02e-05 3.59e-05h  1
  23  3.8832871e-02 9.40e+00 8.06e+00  -5.0 1.41e+01    -  2.89e-05 5.34e-05h  1
  24  3.8870582e-02 9.40e+00 8.06e+00  -5.0 1.58e+01    -  1.18e-05 6.22e-05h  1
  25  3.8871366e-02 9.40e+00 8.06e+00  -5.0 2.25e+01    -  1.40e-06 1.84e-06h  2
  26  3.8891762e-02 9.40e+00 8.06e+00  -5.0 1.51e+01    -  2.46e-05 3.22e-05h  1
  27  3.8907292e-02 9.40e+00 8.06e+00  -5.0 1.40e+01    -  1.64e-05 2.48e-05h  1
  28  3.8927976e-02 9.40e+00 8.06e+00  -5.0 1.37e+01    -  5.97e-06 3.20e-05f  1
  29  3.8928171e-02 9.40e+00 8.06e+00  -5.0 2.30e+01    -  2.28e-06 4.59e-07h  4
iter    objective    inf_pr   inf_du lg(mu)  ||d||  lg(rg) alpha_du alpha_pr  ls
  30  4.2799503e-02 9.35e+00 8.05e+00  -5.0 1.56e+01    -  1.62e-05 5.57e-03h  1
  31  5.1636974e-02 9.23e+00 7.83e+00  -5.0 1.71e+01    -  5.08e-03 1.23e-02h  2
  32  6.6001014e-02 9.04e+00 1.17e+01  -5.0 1.73e+01    -  4.29e-04 2.01e-02h  2
  33  8.3497091e-02 8.83e+00 1.50e+01  -5.0 1.45e+01    -  3.04e-03 2.40e-02h  1
  34  9.3359107e-02 8.72e+00 1.57e+01  -5.0 1.72e+01    -  3.87e-03 1.20e-02h  1
  35  1.2204390e-01 8.41e+00 1.60e+01  -5.0 1.73e+01    -  1.79e-02 3.55e-02h  1
  36  1.2254547e-01 8.41e+00 1.58e+01  -5.0 6.43e+00    -  1.94e-03 5.05e-04h  1
  37  1.2780767e-01 8.36e+00 1.55e+01  -5.0 8.01e+00    -  5.84e-03 5.87e-03h  1
  38  1.3072034e-01 8.33e+00 1.52e+01  -5.0 6.39e+00    -  6.24e-03 2.96e-03h  1
  39  1.5244926e-01 8.14e+00 1.48e+01  -5.0 6.14e+00    -  7.35e-03 2.29e-02h  1
iter    objective    inf_pr   inf_du lg(mu)  ||d||  lg(rg) alpha_du alpha_pr  ls
  40  2.1759517e-01 7.57e+00 1.35e+01  -5.0 6.05e+00    -  1.07e-02 6.98e-02h  1
  41  2.7796094e-01 7.05e+00 1.31e+01  -5.0 5.61e+00    -  4.01e-02 6.97e-02h  1
  42  3.1168167e-01 6.75e+00 1.29e+01  -5.0 5.27e+00    -  2.44e-02 4.15e-02h  1
  43  3.1901761e-01 6.69e+00 1.24e+01  -5.0 4.76e+00    -  5.26e-03 9.98e-03h  1
  44  4.1750101e-01 5.82e+00 1.11e+01  -5.0 4.91e+00    -  3.95e-02 1.30e-01h  1
  45  4.2069888e-01 5.79e+00 1.16e+01  -5.0 9.42e+00    -  2.44e-06 5.38e-03h  1
  46  5.9626207e-01 4.23e+00 2.35e+01  -5.0 4.22e+00    -  8.64e-02 2.70e-01h  1
  47  6.0505072e-01 4.14e+00 2.34e+01  -5.0 5.63e+00    -  7.18e-05 2.03e-02h  1
  48  6.0558395e-01 4.13e+00 3.22e+01  -5.0 3.02e+00    -  3.33e-01 1.14e-03h  1
  49  6.8655414e-01 3.42e+00 3.88e+01  -5.0 3.02e+00    -  1.10e-01 1.74e-01h  1
iter    objective    inf_pr   inf_du lg(mu)  ||d||  lg(rg) alpha_du alpha_pr  ls
  50  9.6106110e-01 9.72e-01 5.28e+01  -5.0 2.49e+00    -  9.41e-02 7.16e-01h  1
  51  9.6109663e-01 9.71e-01 5.22e+01  -5.0 2.67e+00    -  1.19e-02 4.84e-04h  1
  52  1.0655450e+00 7.96e-04 3.26e+01  -5.0 6.77e-01    -  2.26e-01 1.00e+00h  1
  53  1.0629361e+00 7.15e-07 9.48e+00  -5.0 2.32e-02    -  7.09e-01 1.00e+00h  1
  54  1.0629228e+00 9.81e-08 2.95e-01  -5.0 2.28e-03    -  9.69e-01 1.00e+00h  1
  55  1.0627561e+00 1.00e-06 2.46e-01  -5.0 5.93e-02    -  1.64e-01 8.30e-01h  1
  56  1.0617272e+00 1.92e-06 1.56e-01  -5.0 2.76e-01    -  5.20e-01 1.83e-01f  1
  57  1.0614267e+00 8.40e-07 3.95e-02  -5.0 2.89e-02    -  7.49e-01 1.00e+00h  1
  58  1.0610549e+00 3.72e-06 2.36e-02  -5.0 2.52e-02    -  4.13e-01 1.00e+00h  1
  59  1.0605139e+00 1.51e-06 1.74e-02  -5.0 2.72e-02    -  5.42e-01 1.00e+00h  1
iter    objective    inf_pr   inf_du lg(mu)  ||d||  lg(rg) alpha_du alpha_pr  ls
  60  1.0599774e+00 1.05e-06 1.11e-02  -5.0 2.10e-02    -  6.76e-01 1.00e+00h  1
  61  1.0594340e+00 1.23e-06 1.17e-02  -5.0 2.19e-02    -  8.37e-01 1.00e+00h  1
  62  1.0588799e+00 1.19e-06 1.22e-02  -5.0 2.07e-02    -  1.00e+00 1.00e+00h  1
  63  1.0583191e+00 1.16e-06 1.24e-02  -5.0 1.99e-02    -  1.00e+00 1.00e+00h  1
  64  1.0577521e+00 1.22e-06 1.26e-02  -5.0 1.93e-02    -  1.00e+00 1.00e+00h  1
  65  1.0571796e+00 1.16e-06 1.28e-02  -5.0 1.89e-02    -  1.00e+00 1.00e+00h  1
  66  1.0566022e+00 1.16e-06 1.29e-02  -5.0 1.83e-02    -  1.00e+00 1.00e+00h  1
  67  1.0560203e+00 9.36e-06 1.31e-02  -5.0 1.78e-02    -  1.00e+00 1.00e+00h  1
  68  1.0554353e+00 1.18e-06 1.32e-02  -5.0 1.74e-02    -  1.00e+00 1.00e+00h  1
  69  1.0548460e+00 1.18e-06 1.33e-02  -5.0 1.70e-02    -  1.00e+00 1.00e+00h  1
iter    objective    inf_pr   inf_du lg(mu)  ||d||  lg(rg) alpha_du alpha_pr  ls
  70  1.0542527e+00 1.18e-06 1.34e-02  -5.0 1.73e-02    -  1.00e+00 1.00e+00h  1
  71  1.0536560e+00 1.19e-06 1.35e-02  -5.0 1.69e-02    -  1.00e+00 1.00e+00h  1
  72  1.0530560e+00 1.19e-06 1.36e-02  -5.0 1.70e-02    -  1.00e+00 1.00e+00h  1
  73  1.0524530e+00 1.20e-06 1.37e-02  -5.0 1.67e-02    -  1.00e+00 1.00e+00h  1
  74  1.0518473e+00 4.65e-06 1.38e-02  -5.0 1.64e-02    -  1.00e+00 1.00e+00h  1
  75  1.0512441e+00 1.21e-06 1.37e-02  -5.0 1.67e-02    -  1.00e+00 1.00e+00h  1
  76  1.0506381e+00 1.23e-06 1.38e-02  -5.0 1.67e-02    -  1.00e+00 1.00e+00h  1
  77  1.0500296e+00 1.25e-06 1.39e-02  -5.0 1.64e-02    -  1.00e+00 1.00e+00h  1
  78  1.0494187e+00 1.27e-06 1.39e-02  -5.0 1.61e-02    -  1.00e+00 1.00e+00h  1
  79  1.0488055e+00 1.30e-06 1.40e-02  -5.0 1.59e-02    -  1.00e+00 1.00e+00h  1
iter    objective    inf_pr   inf_du lg(mu)  ||d||  lg(rg) alpha_du alpha_pr  ls
  80  1.0481902e+00 1.33e-06 1.41e-02  -5.0 1.57e-02    -  1.00e+00 1.00e+00h  1
  81  1.0475730e+00 1.35e-06 1.41e-02  -5.0 1.55e-02    -  1.00e+00 1.00e+00h  1
  82  1.0469540e+00 1.37e-06 1.42e-02  -5.0 1.53e-02    -  1.00e+00 1.00e+00h  1
  83  1.0463333e+00 1.39e-06 1.42e-02  -5.0 1.51e-02    -  1.00e+00 1.00e+00h  1
  84  1.0457111e+00 1.41e-06 1.43e-02  -5.0 1.49e-02    -  1.00e+00 1.00e+00h  1
  85  1.0450875e+00 1.43e-06 1.43e-02  -5.0 1.47e-02    -  1.00e+00 1.00e+00h  1
  86  1.0444625e+00 1.46e-06 1.43e-02  -5.0 1.45e-02    -  1.00e+00 1.00e+00h  1
  87  1.0438364e+00 1.50e-06 1.44e-02  -5.0 1.44e-02    -  1.00e+00 1.00e+00h  1
  88  1.0432093e+00 1.53e-06 1.44e-02  -5.0 1.44e-02    -  1.00e+00 1.00e+00h  1
  89  1.0425809e+00 1.55e-06 1.44e-02  -5.0 1.48e-02    -  1.00e+00 1.00e+00h  1
iter    objective    inf_pr   inf_du lg(mu)  ||d||  lg(rg) alpha_du alpha_pr  ls
  90  1.0419518e+00 1.57e-06 1.45e-02  -5.0 1.47e-02    -  1.00e+00 1.00e+00h  1
  91  1.0413219e+00 2.64e-05 1.45e-02  -5.0 1.46e-02    -  1.00e+00 1.00e+00h  1
  92  1.0193165e+00 2.19e-03 1.41e-02  -5.0 3.78e+01    -  8.47e-03 1.29e-02f  1
  93  1.0145659e+00 1.90e-03 1.23e-02  -5.0 1.22e+01    -  7.89e-02 1.70e-01h  1
  94  1.0087974e+00 1.57e-03 1.19e-02  -5.0 8.35e+00    -  1.79e-02 1.74e-01h  1
  95  1.0079485e+00 1.41e-03 9.46e-03  -5.0 1.91e+00    -  1.38e-01 9.75e-02h  1
  96  1.0082259e+00 7.47e-04 2.92e-02  -5.0 4.30e-01    -  6.85e-01 4.72e-01h  1
  97  1.0083487e+00 4.61e-04 1.66e-02  -5.0 2.50e-01    -  1.00e+00 3.83e-01h  1
  98  1.0078254e+00 1.05e-04 1.23e-02  -5.0 1.61e-01    -  1.00e+00 8.75e-01h  1
  99  1.0067556e+00 8.16e-05 8.63e-03  -5.0 1.36e-01    -  1.00e+00 6.64e-01h  1
iter    objective    inf_pr   inf_du lg(mu)  ||d||  lg(rg) alpha_du alpha_pr  ls
 100  1.0025379e+00 5.72e-05 3.89e-03  -5.0 8.14e-01    -  2.57e-01 2.77e-01f  1
 101  9.9838682e-01 4.20e-05 3.43e-03  -5.0 7.64e-01    -  8.49e-02 2.85e-01h  1
 102  9.9851125e-01 3.71e-05 2.78e-03  -5.0 4.24e-01    -  2.00e-01 1.16e-01h  1
 103  9.9843640e-01 8.67e-06 2.80e-03  -5.0 2.67e-02    -  1.00e+00 1.00e+00f  1
 104  9.9834939e-01 1.45e-06 2.64e-03  -5.0 1.94e-02    -  1.00e+00 1.00e+00h  1
 105  9.9827106e-01 3.70e-07 2.93e-03  -5.0 1.92e-02    -  1.00e+00 1.00e+00h  1
 106  9.9819620e-01 3.45e-07 3.02e-03  -5.0 1.81e-02    -  1.00e+00 1.00e+00h  1
 107  9.9812308e-01 3.17e-07 3.02e-03  -5.0 1.69e-02    -  1.00e+00 1.00e+00h  1
 108  9.9805132e-01 3.90e-07 2.98e-03  -5.0 1.56e-02    -  1.00e+00 1.00e+00h  1
 109  9.9798580e-01 1.96e-06 3.02e-03  -5.0 4.58e-03    -  1.00e+00 1.00e+00h  1
iter    objective    inf_pr   inf_du lg(mu)  ||d||  lg(rg) alpha_du alpha_pr  ls
 110  9.9770789e-01 1.80e-06 2.17e-03  -5.0 3.71e-01    -  2.27e-01 8.46e-02h  1
 111  9.9709590e-01 1.27e-06 4.33e-03  -5.0 3.99e-01    -  9.43e-01 3.05e-01f  1
 112  9.9715508e-01 5.93e-07 7.96e-04  -5.0 2.75e-02    -  1.00e+00 1.00e+00h  1
 113  9.9715789e-01 1.25e-07 2.55e-03  -5.0 3.24e-03    -  1.00e+00 1.00e+00h  1
 114  9.9710108e-01 1.11e-07 4.95e-03  -5.0 1.04e-01    -  1.00e+00 1.09e-01h  2
 115  9.9704017e-01 4.32e-07 1.49e-03  -5.0 2.22e-02    -  1.00e+00 1.00e+00h  1
 116  9.9704056e-01 6.03e-09 5.02e-05  -5.0 3.75e-04    -  1.00e+00 1.00e+00h  1

Number of Iterations....: 116

                                   (scaled)                 (unscaled)
Objective...............:   9.9704056349500114e-01    9.9704056349500114e-01
Dual infeasibility......:   5.0174164298188747e-05    5.0174164298188747e-05
Constraint violation....:   6.0322301260708010e-09    6.0322301260708010e-09
Complementarity.........:   1.0006149939350609e-05    1.0006149939350609e-05
Overall NLP error.......:   5.0174164298188747e-05    5.0174164298188747e-05


Number of objective function evaluations             = 132
Number of objective gradient evaluations             = 117
Number of equality constraint evaluations            = 132
Number of inequality constraint evaluations          = 132
Number of equality constraint Jacobian evaluations   = 117
Number of inequality constraint Jacobian evaluations = 117
Number of Lagrangian Hessian evaluations             = 0
Total CPU secs in IPOPT (w/o function evaluations)   =      0.856
Total CPU secs in NLP function evaluations           =     58.719

EXIT: Optimal Solution Found.
