
List of user-set options:

                                    Name   Value                used
              acceptable_constr_viol_tol = 0.001                 yes
                          acceptable_tol = 0.01                  yes
                             alpha_for_y = safer-min-dual-infeas  yes
                         constr_viol_tol = 0.001                 yes
                        file_print_level = 5                     yes
                   hessian_approximation = limited-memory        yes
                           linear_solver = mumps                 yes
                                max_iter = 66                    yes
                                 mu_init = 1e-05                 yes
                             mu_strategy = monotone              yes
                      nlp_scaling_method = gradient-based        yes
                             output_file = /home/kaleb/projects/learning/AAD-design/sardines/SARDINE_optimization7_out/IPOPT.out  yes
                             print_level = 5                     yes
                      print_user_options = yes                   yes
                                      sb = yes                   yes
                                     tol = 0.001                 yes
This is Ipopt version 3.11.9, running with linear solver mumps.
NOTE: Other linear solvers might be more efficient (see Ipopt documentation).

Number of nonzeros in equality constraint Jacobian...:     8831
Number of nonzeros in inequality constraint Jacobian.:     2080
Number of nonzeros in Lagrangian Hessian.............:        0

Total number of variables............................:      180
                     variables with only lower bounds:        2
                variables with lower and upper bounds:      178
                     variables with only upper bounds:        0
Total number of equality constraints.................:      174
Total number of inequality constraints...............:       84
        inequality constraints with only lower bounds:       20
   inequality constraints with lower and upper bounds:       44
        inequality constraints with only upper bounds:       20

iter    objective    inf_pr   inf_du lg(mu)  ||d||  lg(rg) alpha_du alpha_pr  ls
   0  5.3995626e-06 1.96e+01 1.00e+00  -5.0 0.00e+00    -  0.00e+00 0.00e+00   0
   1  1.4244713e-05 1.91e+01 9.97e-01  -5.0 4.34e+00    -  1.30e-02 2.16e-02h  1
   2  1.6128510e-05 1.91e+01 1.36e+00  -5.0 4.12e+00    -  2.17e-02 3.03e-03h  1
   3  3.9172943e-05 1.84e+01 1.81e+00  -5.0 3.68e+00    -  2.27e-02 3.63e-02h  1
   4  4.3097276e-05 1.83e+01 1.34e+00  -5.0 9.30e+00    -  7.73e-03 4.81e-03h  1
   5  4.8046323e-05 1.82e+01 1.52e+00  -5.0 1.25e+01    -  1.07e-03 5.96e-03h  1
   6  5.0729930e-05 1.82e+01 1.50e+00  -5.0 3.41e+01    -  3.63e-04 1.74e-03h  1
   7  5.7541999e-05 1.81e+01 1.48e+00  -5.0 2.75e+01    -  9.29e-04 2.51e-03h  1
   8  7.8298224e-05 1.80e+01 1.49e+00  -5.0 7.35e+00    -  3.19e-03 7.16e-03h  1
   9  2.1046521e-04 1.72e+01 2.11e+00  -5.0 6.77e+00    -  1.00e-02 4.51e-02h  1
iter    objective    inf_pr   inf_du lg(mu)  ||d||  lg(rg) alpha_du alpha_pr  ls
  10  2.1050930e-04 1.72e+01 2.25e+00  -5.0 1.73e+02    -  1.89e-04 4.90e-05h  1
  11  2.1437780e-04 1.71e+01 2.30e+00  -5.0 7.71e+01    -  8.18e-09 2.03e-03f  1
  12  2.5976545e-04 1.68e+01 2.65e+00  -5.0 1.14e+01    -  1.40e-03 1.74e-02h  1
  13  7.1492002e-04 1.40e+01 3.37e+00  -5.0 5.00e+00    -  1.80e-02 1.69e-01f  1
  14  2.9573541e-03 5.28e-04 3.19e+01  -5.0 4.15e+00    -  1.84e-01 1.00e+00h  1
  15  2.9531530e-03 3.21e-07 2.93e+00  -5.0 9.82e-03    -  8.86e-01 1.00e+00h  1
  16  2.9531212e-03 3.10e-08 1.82e-03  -5.0 1.46e-04    -  9.99e-01 1.00e+00h  1
  17  2.9535881e-03 9.88e-05 2.70e-03  -5.0 6.26e+00    -  5.02e-03 2.98e-02f  1
  18  2.9523071e-03 2.52e-04 5.50e-03  -5.0 1.70e-01    -  6.02e-01 1.00e+00f  1
  19  2.9528205e-03 1.53e-04 2.64e-03  -5.0 4.65e-01    -  9.81e-01 1.00e+00h  1
iter    objective    inf_pr   inf_du lg(mu)  ||d||  lg(rg) alpha_du alpha_pr  ls
  20  2.9529776e-03 3.73e-06 4.80e-04  -5.0 7.20e-01    -  1.00e+00 1.00e+00h  1

Number of Iterations....: 20

                                   (scaled)                 (unscaled)
Objective...............:   2.9529776465533498e-03    2.9529776465533498e-03
Dual infeasibility......:   4.8023633058352745e-04    4.8023633058352745e-04
Constraint violation....:   3.7278709799680962e-06    3.7278709799680962e-06
Complementarity.........:   1.1659178445072024e-05    1.1659178445072024e-05
Overall NLP error.......:   4.8023633058352745e-04    4.8023633058352745e-04


Number of objective function evaluations             = 21
Number of objective gradient evaluations             = 21
Number of equality constraint evaluations            = 21
Number of inequality constraint evaluations          = 21
Number of equality constraint Jacobian evaluations   = 21
Number of inequality constraint Jacobian evaluations = 21
Number of Lagrangian Hessian evaluations             = 0
Total CPU secs in IPOPT (w/o function evaluations)   =      0.723
Total CPU secs in NLP function evaluations           =      8.910

EXIT: Optimal Solution Found.
