
List of user-set options:

                                    Name   Value                used
              acceptable_constr_viol_tol = 0.0001                yes
                          acceptable_tol = 0.001                 yes
                             alpha_for_y = safer-min-dual-infeas  yes
                         constr_viol_tol = 0.0001                yes
                        file_print_level = 5                     yes
                   hessian_approximation = limited-memory        yes
                           linear_solver = mumps                 yes
                                max_iter = 200                   yes
                                 mu_init = 1e-05                 yes
                             mu_strategy = monotone              yes
                      nlp_scaling_method = gradient-based        yes
                             output_file = /home/kaleb/projects/learning/AAD-design/sardines/SARDINE_optimization11_out/IPOPT.out  yes
                             print_level = 5                     yes
                      print_user_options = yes                   yes
                                      sb = yes                   yes
                                     tol = 0.0001                yes
This is Ipopt version 3.11.9, running with linear solver mumps.
NOTE: Other linear solvers might be more efficient (see Ipopt documentation).

Number of nonzeros in equality constraint Jacobian...:    11716
Number of nonzeros in inequality constraint Jacobian.:     4156
Number of nonzeros in Lagrangian Hessian.............:        0

Total number of variables............................:      213
                     variables with only lower bounds:        2
                variables with lower and upper bounds:      211
                     variables with only upper bounds:        0
Total number of equality constraints.................:      200
Total number of inequality constraints...............:      124
        inequality constraints with only lower bounds:       20
   inequality constraints with lower and upper bounds:       64
        inequality constraints with only upper bounds:       40

iter    objective    inf_pr   inf_du lg(mu)  ||d||  lg(rg) alpha_du alpha_pr  ls
   0  1.5427322e-03 1.08e+01 1.00e+00  -5.0 0.00e+00    -  0.00e+00 0.00e+00   0
   1  1.9706202e-03 1.05e+01 1.62e+00  -5.0 4.06e+00    -  3.69e-03 2.69e-02h  1
   2  2.0044730e-03 1.05e+01 1.63e+00  -5.0 4.40e+00    -  2.63e-02 7.36e-04h  1
   3  1.2831041e-02 9.66e+00 6.32e+00  -5.0 3.04e+00    -  1.42e-02 7.81e-02h  1
   4  1.4432629e-02 9.61e+00 6.44e+00  -5.0 6.14e+00    -  2.81e-02 5.29e-03h  1
   5  3.2695015e-02 9.31e+00 7.40e+00  -5.0 1.77e+01    -  1.22e-02 3.10e-02h  1
   6  3.3378620e-02 9.30e+00 7.29e+00  -5.0 1.63e+01    -  1.42e-02 1.24e-03h  1
   7  4.7561579e-02 9.07e+00 7.45e+00  -5.0 1.66e+01    -  1.35e-02 2.54e-02h  1
   8  4.7767721e-02 9.05e+00 7.03e+00  -5.0 3.02e+01    -  4.52e-03 1.26e-03h  1
   9  4.9013686e-02 9.02e+00 9.98e+00  -5.0 2.68e+01    -  6.63e-04 3.34e-03h  1
iter    objective    inf_pr   inf_du lg(mu)  ||d||  lg(rg) alpha_du alpha_pr  ls
  10  5.4952046e-02 8.95e+00 1.43e+01  -5.0 1.67e+01    -  1.66e-07 8.36e-03h  1
  11  6.3667259e-02 8.85e+00 1.61e+01  -5.0 8.23e+00    -  5.24e-03 1.08e-02h  1
  12  1.5665854e-01 7.84e+00 2.32e+01  -5.0 7.29e+00    -  1.50e-02 1.14e-01h  1
  13  1.6536142e-01 7.76e+00 2.57e+01  -5.0 5.31e+00    -  8.60e-02 1.06e-02h  1
  14  2.0212188e-01 7.38e+00 2.45e+01  -5.0 5.25e+00    -  1.21e-02 4.89e-02h  1
  15  2.2549344e-01 7.14e+00 2.38e+01  -5.0 7.28e+00    -  2.97e-02 3.29e-02h  1
  16  2.3268110e-01 7.06e+00 2.36e+01  -5.0 6.32e+00    -  1.20e-02 1.04e-02h  1
  17  2.7262512e-01 6.65e+00 2.56e+01  -5.0 5.32e+00    -  9.24e-03 5.78e-02h  1
  18  2.7454949e-01 6.64e+00 2.58e+01  -5.0 4.52e+00    -  2.83e-03 2.76e-03h  1
  19  2.8988372e-01 6.49e+00 2.61e+01  -5.0 4.41e+00    -  5.18e-02 2.25e-02h  1
iter    objective    inf_pr   inf_du lg(mu)  ||d||  lg(rg) alpha_du alpha_pr  ls
  20  3.0921394e-01 6.30e+00 3.14e+01  -5.0 4.31e+00    -  4.52e-03 2.90e-02h  1
  21  6.2736133e-01 3.25e+00 6.31e+01  -5.0 4.27e+00    -  1.83e-02 4.83e-01h  1
  22  6.4465929e-01 3.08e+00 6.28e+01  -5.0 2.08e+00    -  3.23e-02 5.40e-02h  1
  23  6.7791364e-01 2.74e+00 5.76e+01  -5.0 1.98e+00    -  1.35e-01 1.09e-01h  1
  24  7.0384230e-01 2.48e+00 5.98e+01  -5.0 1.74e+00    -  1.92e-02 9.66e-02h  1
  25  7.1304949e-01 2.38e+00 4.46e+01  -5.0 1.58e+00    -  2.69e-01 3.78e-02h  1
  26  8.1426996e-01 1.33e+00 4.56e+01  -5.0 2.79e+00    -  1.15e-01 4.41e-01h  1
  27  8.1638487e-01 1.31e+00 3.90e+01  -5.0 8.34e-01    -  1.49e-01 1.64e-02h  1
  28  9.4188218e-01 2.08e-02 3.67e+01  -5.0 8.27e-01    -  4.98e-02 9.84e-01h  1
  29  9.4191360e-01 2.07e-02 3.67e+01  -5.0 2.31e-01    -  1.41e-05 4.02e-03h  1
iter    objective    inf_pr   inf_du lg(mu)  ||d||  lg(rg) alpha_du alpha_pr  ls
  30  9.4309512e-01 1.09e-06 3.39e+01  -5.0 6.72e-02    -  7.81e-02 1.00e+00h  1
  31  9.4306269e-01 3.90e-07 1.14e+01  -5.0 1.56e-03    -  6.64e-01 1.00e+00h  1
  32  9.4279500e-01 1.63e-06 6.82e+00  -5.0 5.94e-02    -  4.08e-01 6.12e-01h  1
  33  9.4279977e-01 5.50e-07 3.05e+00  -5.0 1.59e-02    -  5.58e-01 1.00e+00f  1
  34  9.4249594e-01 2.71e-06 1.98e+00  -5.0 5.71e-02    -  3.55e-01 1.00e+00h  1
  35  9.4216387e-01 5.35e-07 2.43e-01  -5.0 2.40e-03    -  8.79e-01 1.00e+00h  1
  36  9.4182671e-01 5.67e-07 1.06e-01  -5.0 2.31e-02    -  5.69e-01 1.00e+00h  1
  37  9.4147885e-01 6.17e-07 4.52e-02  -5.0 2.20e-02    -  5.93e-01 1.00e+00h  1
  38  9.4103732e-01 8.38e-07 3.31e-02  -5.0 2.18e-02    -  3.01e-01 1.00e+00h  1
  39  9.4034508e-01 9.23e-07 1.78e-02  -5.0 1.96e-02    -  1.00e+00 1.00e+00h  1
iter    objective    inf_pr   inf_du lg(mu)  ||d||  lg(rg) alpha_du alpha_pr  ls
  40  9.3973613e-01 1.40e-06 1.48e-02  -5.0 1.87e-02    -  6.65e-01 1.00e+00h  1
  41  9.3908439e-01 9.39e-07 1.53e-02  -5.0 1.65e-02    -  1.00e+00 1.00e+00h  1
  42  9.3843315e-01 9.37e-07 1.52e-02  -5.0 1.52e-02    -  1.00e+00 1.00e+00h  1
  43  9.3777966e-01 9.36e-07 1.53e-02  -5.0 1.53e-02    -  1.00e+00 1.00e+00h  1
  44  9.3712494e-01 9.41e-07 1.54e-02  -5.0 1.53e-02    -  1.00e+00 1.00e+00h  1
  45  9.3646883e-01 9.46e-07 1.54e-02  -5.0 1.54e-02    -  1.00e+00 1.00e+00h  1
  46  9.3581150e-01 9.51e-07 1.54e-02  -5.0 1.54e-02    -  1.00e+00 1.00e+00h  1
  47  9.3515296e-01 9.56e-07 1.55e-02  -5.0 1.54e-02    -  1.00e+00 1.00e+00h  1
  48  9.3449327e-01 9.61e-07 1.55e-02  -5.0 1.55e-02    -  1.00e+00 1.00e+00h  1
  49  9.3383248e-01 9.67e-07 1.55e-02  -5.0 1.55e-02    -  1.00e+00 1.00e+00h  1
iter    objective    inf_pr   inf_du lg(mu)  ||d||  lg(rg) alpha_du alpha_pr  ls
  50  9.3317065e-01 9.72e-07 1.55e-02  -5.0 1.55e-02    -  1.00e+00 1.00e+00h  1
  51  9.3250781e-01 9.80e-07 1.56e-02  -5.0 1.56e-02    -  1.00e+00 1.00e+00h  1
  52  9.3184401e-01 1.00e-06 1.56e-02  -5.0 1.56e-02    -  1.00e+00 1.00e+00h  1
  53  9.3117924e-01 1.01e-06 1.56e-02  -5.0 1.56e-02    -  1.00e+00 1.00e+00h  1
  54  9.3051361e-01 1.01e-06 1.56e-02  -5.0 1.56e-02    -  1.00e+00 1.00e+00h  1
  55  9.2984715e-01 1.02e-06 1.57e-02  -5.0 1.57e-02    -  1.00e+00 1.00e+00h  1
  56  9.2917988e-01 1.02e-06 1.57e-02  -5.0 1.57e-02    -  1.00e+00 1.00e+00h  1
  57  9.2851186e-01 1.03e-06 1.57e-02  -5.0 1.57e-02    -  1.00e+00 1.00e+00h  1
  58  9.2784312e-01 1.12e-06 1.57e-02  -5.0 1.57e-02    -  1.00e+00 1.00e+00h  1
  59  9.2717434e-01 1.05e-06 1.57e-02  -5.0 1.57e-02    -  1.00e+00 1.00e+00h  1
iter    objective    inf_pr   inf_du lg(mu)  ||d||  lg(rg) alpha_du alpha_pr  ls
  60  9.2650489e-01 1.06e-06 1.57e-02  -5.0 1.57e-02    -  1.00e+00 1.00e+00h  1
  61  9.2583480e-01 1.06e-06 1.58e-02  -5.0 1.57e-02    -  1.00e+00 1.00e+00h  1
  62  9.2516408e-01 1.08e-06 1.58e-02  -5.0 1.58e-02    -  1.00e+00 1.00e+00h  1
  63  9.2449280e-01 1.09e-06 1.58e-02  -5.0 1.58e-02    -  1.00e+00 1.00e+00h  1
  64  9.2382095e-01 1.10e-06 1.58e-02  -5.0 1.58e-02    -  1.00e+00 1.00e+00h  1
  65  9.2314858e-01 1.11e-06 1.58e-02  -5.0 1.58e-02    -  1.00e+00 1.00e+00h  1
  66  9.2247573e-01 1.12e-06 1.58e-02  -5.0 1.58e-02    -  1.00e+00 1.00e+00h  1
  67  9.2180241e-01 1.13e-06 1.58e-02  -5.0 1.58e-02    -  1.00e+00 1.00e+00h  1
  68  9.2112866e-01 1.14e-06 1.58e-02  -5.0 1.58e-02    -  1.00e+00 1.00e+00h  1
  69  9.2045450e-01 1.15e-06 1.59e-02  -5.0 1.58e-02    -  1.00e+00 1.00e+00h  1
iter    objective    inf_pr   inf_du lg(mu)  ||d||  lg(rg) alpha_du alpha_pr  ls
  70  9.1977995e-01 1.16e-06 1.59e-02  -5.0 1.59e-02    -  1.00e+00 1.00e+00h  1
  71  9.1910502e-01 1.17e-06 1.59e-02  -5.0 1.59e-02    -  1.00e+00 1.00e+00h  1
  72  9.1842976e-01 1.18e-06 1.59e-02  -5.0 1.59e-02    -  1.00e+00 1.00e+00h  1
  73  9.1775421e-01 1.20e-06 1.59e-02  -5.0 1.59e-02    -  1.00e+00 1.00e+00h  1
  74  9.1707839e-01 1.21e-06 1.59e-02  -5.0 1.59e-02    -  1.00e+00 1.00e+00h  1
  75  9.1640233e-01 1.22e-06 1.59e-02  -5.0 1.59e-02    -  1.00e+00 1.00e+00h  1
  76  9.1572603e-01 3.92e-06 1.59e-02  -5.0 1.59e-02    -  1.00e+00 1.00e+00h  1
  77  9.1504973e-01 1.25e-06 1.59e-02  -5.0 1.59e-02    -  1.00e+00 1.00e+00h  1
  78  9.1437324e-01 1.26e-06 1.59e-02  -5.0 1.59e-02    -  1.00e+00 1.00e+00h  1
  79  9.1369663e-01 1.27e-06 1.59e-02  -5.0 1.59e-02    -  1.00e+00 1.00e+00h  1
iter    objective    inf_pr   inf_du lg(mu)  ||d||  lg(rg) alpha_du alpha_pr  ls
  80  9.1301992e-01 1.29e-06 1.59e-02  -5.0 1.59e-02    -  1.00e+00 1.00e+00h  1
  81  9.1234310e-01 1.31e-06 1.59e-02  -5.0 1.59e-02    -  1.00e+00 1.00e+00h  1
  82  9.1166625e-01 1.33e-06 1.59e-02  -5.0 1.59e-02    -  1.00e+00 1.00e+00h  1
  83  9.1098950e-01 1.35e-06 1.59e-02  -5.0 1.59e-02    -  1.00e+00 1.00e+00h  1
  84  9.1031279e-01 1.36e-06 1.59e-02  -5.0 1.59e-02    -  1.00e+00 1.00e+00h  1
  85  9.0963615e-01 1.38e-06 1.59e-02  -5.0 1.59e-02    -  1.00e+00 1.00e+00h  1
  86  9.0895962e-01 1.40e-06 1.59e-02  -5.0 1.59e-02    -  1.00e+00 1.00e+00h  1
  87  8.8469807e-01 2.42e-02 1.48e-02  -5.0 5.47e+01    -  7.58e-03 8.10e-03f  1
  88  8.8338407e-01 2.31e-02 1.48e-02  -5.0 3.41e+00    -  5.99e-03 9.38e-03h  1
  89  8.7969436e-01 1.74e-03 1.38e-02  -5.0 2.48e+00    -  6.20e-02 8.59e-02h  1
iter    objective    inf_pr   inf_du lg(mu)  ||d||  lg(rg) alpha_du alpha_pr  ls
  90  8.7758929e-01 1.64e-03 1.28e-02  -5.0 3.90e+00    -  6.43e-02 6.95e-02h  1
  91  8.7629809e-01 1.59e-03 1.05e-02  -5.0 4.49e+00    -  1.37e-01 3.08e-02h  1
  92  8.7515567e-01 1.47e-03 9.44e-03  -5.0 4.03e+00    -  9.21e-02 7.76e-02h  2
  93  8.7551962e-01 1.27e-03 1.49e-02  -5.0 2.86e-01    -  8.56e-02 1.33e-01h  1
  94  8.7534299e-01 1.13e-03 1.31e-02  -5.0 4.03e-01    -  3.92e-01 1.13e-01h  1
  95  8.7537647e-01 1.03e-03 1.01e-02  -5.0 5.70e-01    -  6.45e-01 9.19e-02h  1
  96  8.7505997e-01 1.08e-02 6.03e-03  -5.0 6.60e-01    -  1.67e-01 3.21e-01h  1
  97  8.7344390e-01 1.27e-02 6.57e-03  -5.0 7.84e-01    -  1.24e-01 7.11e-01h  1
  98  8.7313453e-01 3.81e-03 1.66e-02  -5.0 6.84e-01    -  1.00e+00 7.93e-02h  1
  99  8.7328423e-01 1.16e-04 2.44e-02  -5.0 1.80e-01    -  7.62e-01 3.74e-01h  1
iter    objective    inf_pr   inf_du lg(mu)  ||d||  lg(rg) alpha_du alpha_pr  ls
 100  8.7359966e-01 1.40e-06 1.37e-02  -5.0 1.20e-01    -  1.00e+00 1.00e+00h  1
 101  8.7355720e-01 7.22e-07 6.72e-03  -5.0 3.89e-02    -  1.00e+00 1.00e+00h  1
 102  8.7351039e-01 7.20e-07 6.80e-03  -5.0 3.07e-02    -  1.00e+00 1.00e+00h  1
 103  8.7344906e-01 1.78e-06 6.64e-03  -5.0 2.42e-02    -  1.00e+00 1.00e+00h  1
 104  8.7338424e-01 5.74e-07 6.45e-03  -5.0 2.39e-02    -  1.00e+00 1.00e+00h  1
 105  8.7331998e-01 5.08e-07 6.46e-03  -5.0 2.32e-02    -  1.00e+00 1.00e+00h  1
 106  8.7325490e-01 5.05e-07 6.18e-03  -5.0 2.32e-02    -  1.00e+00 1.00e+00h  1
 107  8.7319298e-01 4.87e-07 5.89e-03  -5.0 2.22e-02    -  1.00e+00 1.00e+00h  1
 108  8.7313473e-01 4.61e-07 5.40e-03  -5.0 2.08e-02    -  1.00e+00 1.00e+00h  1
 109  8.7308410e-01 4.13e-07 4.70e-03  -5.0 1.83e-02    -  1.00e+00 1.00e+00h  1
iter    objective    inf_pr   inf_du lg(mu)  ||d||  lg(rg) alpha_du alpha_pr  ls
 110  8.7304354e-01 3.32e-07 3.62e-03  -5.0 1.42e-02    -  1.00e+00 1.00e+00h  1
 111  8.7301619e-01 1.92e-07 1.96e-03  -5.0 7.38e-03    -  1.00e+00 1.00e+00h  1
 112  8.7300108e-01 3.77e-08 1.02e-03  -5.0 2.28e-03    -  1.00e+00 1.00e+00h  1
 113  8.7299063e-01 2.70e-08 6.82e-04  -5.0 3.04e-03    -  1.00e+00 1.00e+00h  1
 114  8.7298347e-01 2.92e-08 3.15e-04  -5.0 3.50e-03    -  1.00e+00 1.00e+00h  1
 115  8.7297940e-01 2.76e-08 3.12e-04  -5.0 3.39e-03    -  1.00e+00 1.00e+00h  1
 116  8.7297730e-01 2.34e-08 3.25e-04  -5.0 2.94e-03    -  1.00e+00 1.00e+00h  1
 117  8.7297627e-01 1.88e-08 3.23e-04  -5.0 2.46e-03    -  1.00e+00 1.00e+00h  1
 118  8.7297583e-01 1.46e-08 3.12e-04  -5.0 2.04e-03    -  1.00e+00 1.00e+00h  1
 119  8.7297572e-01 1.11e-08 2.98e-04  -5.0 1.71e-03    -  1.00e+00 1.00e+00h  1
iter    objective    inf_pr   inf_du lg(mu)  ||d||  lg(rg) alpha_du alpha_pr  ls
 120  8.7297580e-01 9.21e-09 2.83e-04  -5.0 1.45e-03    -  1.00e+00 1.00e+00h  1
 121  8.7297987e-01 9.99e-08 5.14e-05  -5.0 1.68e-02    -  1.00e+00 1.00e+00h  1

Number of Iterations....: 121

                                   (scaled)                 (unscaled)
Objective...............:   8.7297986565607544e-01    8.7297986565607544e-01
Dual infeasibility......:   5.1398671561346610e-05    5.1398671561346610e-05
Constraint violation....:   9.9937326224673724e-08    9.9937326224673724e-08
Complementarity.........:   1.0000000000000004e-05    1.0000000000000004e-05
Overall NLP error.......:   5.1398671561346610e-05    5.1398671561346610e-05


Number of objective function evaluations             = 125
Number of objective gradient evaluations             = 122
Number of equality constraint evaluations            = 125
Number of inequality constraint evaluations          = 125
Number of equality constraint Jacobian evaluations   = 122
Number of inequality constraint Jacobian evaluations = 122
Number of Lagrangian Hessian evaluations             = 0
Total CPU secs in IPOPT (w/o function evaluations)   =      0.812
Total CPU secs in NLP function evaluations           =     59.843

EXIT: Optimal Solution Found.
