
List of user-set options:

                                    Name   Value                used
              acceptable_constr_viol_tol = 0.001                 yes
                          acceptable_tol = 0.01                  yes
                             alpha_for_y = safer-min-dual-infeas  yes
                         constr_viol_tol = 0.001                 yes
                        file_print_level = 5                     yes
                   hessian_approximation = limited-memory        yes
                           linear_solver = mumps                 yes
                                max_iter = 66                    yes
                                 mu_init = 1e-05                 yes
                             mu_strategy = monotone              yes
                      nlp_scaling_method = gradient-based        yes
                             output_file = /home/kaleb/projects/learning/AAD-design/sardines/SARDINE_optimization3_out/IPOPT.out  yes
                             print_level = 5                     yes
                      print_user_options = yes                   yes
                                      sb = yes                   yes
                                     tol = 0.001                 yes
This is Ipopt version 3.11.9, running with linear solver mumps.
NOTE: Other linear solvers might be more efficient (see Ipopt documentation).

Number of nonzeros in equality constraint Jacobian...:     4707
Number of nonzeros in inequality constraint Jacobian.:     1910
Number of nonzeros in Lagrangian Hessian.............:        0

Total number of variables............................:      126
                     variables with only lower bounds:        2
                variables with lower and upper bounds:      124
                     variables with only upper bounds:        0
Total number of equality constraints.................:      120
Total number of inequality constraints...............:       82
        inequality constraints with only lower bounds:       20
   inequality constraints with lower and upper bounds:       42
        inequality constraints with only upper bounds:       20

iter    objective    inf_pr   inf_du lg(mu)  ||d||  lg(rg) alpha_du alpha_pr  ls
   0  5.3995626e-06 1.96e+01 1.00e+00  -5.0 0.00e+00    -  0.00e+00 0.00e+00   0
   1  8.9416490e-06 1.91e+01 1.74e+00  -5.0 6.97e+00    -  2.22e-02 2.27e-02h  1
   2  9.9333562e-06 1.91e+01 1.02e+00  -5.0 8.23e+01    -  5.92e-03 6.60e-04h  1
   3  2.9173120e-05 1.90e+01 1.57e+00  -5.0 1.26e+02    -  2.83e-03 6.08e-03h  1
   4  9.7003946e-04 1.43e+01 1.00e+01  -5.0 2.53e+01    -  3.64e-03 2.46e-01f  2
   5  2.0514689e-03 8.99e+00 3.04e+01  -5.0 5.38e+00    -  2.07e-01 3.72e-01h  1
   6  3.8304797e-03 2.01e-03 7.06e+01  -5.0 3.29e+00    -  4.95e-01 1.00e+00h  1
   7  3.7329617e-03 2.11e-03 2.19e+01  -5.0 7.75e-01    -  5.92e-01 1.00e+00h  1
   8  3.7344347e-03 1.61e-05 5.14e+00  -5.0 6.67e-02    -  7.57e-01 1.00e+00h  1
   9  3.7344894e-03 3.34e-07 5.46e-04  -5.0 1.22e-03    -  1.00e+00 1.00e+00h  1
iter    objective    inf_pr   inf_du lg(mu)  ||d||  lg(rg) alpha_du alpha_pr  ls
  10  3.7349055e-03 2.12e-05 6.05e-03  -5.0 1.76e-01    -  1.00e+00 1.00e+00f  1
  11  3.7349161e-03 1.24e-05 6.38e-04  -5.0 4.69e-02    -  1.00e+00 1.00e+00h  1

Number of Iterations....: 11

                                   (scaled)                 (unscaled)
Objective...............:   3.7349161073313084e-03    3.7349161073313084e-03
Dual infeasibility......:   6.3838649222260058e-04    6.3838649222260058e-04
Constraint violation....:   1.2438426893746488e-05    1.2438426893746488e-05
Complementarity.........:   1.0006524878014250e-05    1.0006524878014250e-05
Overall NLP error.......:   6.3838649222260058e-04    6.3838649222260058e-04


Number of objective function evaluations             = 17
Number of objective gradient evaluations             = 12
Number of equality constraint evaluations            = 17
Number of inequality constraint evaluations          = 17
Number of equality constraint Jacobian evaluations   = 12
Number of inequality constraint Jacobian evaluations = 12
Number of Lagrangian Hessian evaluations             = 0
Total CPU secs in IPOPT (w/o function evaluations)   =      0.560
Total CPU secs in NLP function evaluations           =      5.516

EXIT: Optimal Solution Found.
