
List of user-set options:

                                    Name   Value                used
              acceptable_constr_viol_tol = 0.001                 yes
                          acceptable_tol = 0.01                  yes
                             alpha_for_y = safer-min-dual-infeas  yes
                         constr_viol_tol = 0.001                 yes
                        file_print_level = 5                     yes
                   hessian_approximation = limited-memory        yes
                           linear_solver = mumps                 yes
                                max_iter = 66                    yes
                                 mu_init = 1e-05                 yes
                             mu_strategy = monotone              yes
                      nlp_scaling_method = gradient-based        yes
                             output_file = /home/kaleb/projects/learning/AAD-design/sardines/SARDINE_optimization6_out/IPOPT.out  yes
                             print_level = 5                     yes
                      print_user_options = yes                   yes
                                      sb = yes                   yes
                                     tol = 0.001                 yes
This is Ipopt version 3.11.9, running with linear solver mumps.
NOTE: Other linear solvers might be more efficient (see Ipopt documentation).

Number of nonzeros in equality constraint Jacobian...:     4707
Number of nonzeros in inequality constraint Jacobian.:     1910
Number of nonzeros in Lagrangian Hessian.............:        0

Total number of variables............................:      126
                     variables with only lower bounds:        2
                variables with lower and upper bounds:      124
                     variables with only upper bounds:        0
Total number of equality constraints.................:      120
Total number of inequality constraints...............:       82
        inequality constraints with only lower bounds:       20
   inequality constraints with lower and upper bounds:       42
        inequality constraints with only upper bounds:       20

iter    objective    inf_pr   inf_du lg(mu)  ||d||  lg(rg) alpha_du alpha_pr  ls
   0  5.3995626e-06 1.96e+01 1.00e+00  -5.0 0.00e+00    -  0.00e+00 0.00e+00   0
   1  9.8342686e-06 1.88e+01 9.78e-01  -5.0 6.20e+00    -  3.65e-02 3.79e-02h  1
   2  1.1019699e-05 1.88e+01 1.02e+00  -5.0 2.00e+01    -  1.92e-02 2.35e-03h  1
   3  2.1595992e-05 1.87e+01 1.04e+00  -5.0 1.28e+02    -  2.87e-03 3.92e-03h  1
   4  6.6309887e-04 1.49e+01 1.20e+01  -5.0 5.54e+01    -  2.11e-03 2.01e-01h  1
   5  1.3004402e-03 1.14e+01 1.48e+01  -5.0 5.02e+00    -  1.61e-01 2.35e-01h  1
   6  1.6438411e-03 9.50e+00 3.51e+01  -5.0 3.78e+00    -  3.79e-01 1.68e-01h  3
   7  1.6874938e-03 9.25e+00 1.91e+01  -5.0 3.00e+00    -  5.11e-01 2.69e-02h  5
   8  1.7077256e-03 9.13e+00 1.16e+01  -5.0 3.75e+00    -  4.50e-01 1.29e-02h  6
   9  1.7865465e-03 8.66e+00 1.00e+01  -5.0 3.83e+00    -  5.13e-01 5.16e-02h  4
iter    objective    inf_pr   inf_du lg(mu)  ||d||  lg(rg) alpha_du alpha_pr  ls
  10  1.8213008e-03 8.45e+00 6.83e+00  -5.0 7.39e+00    -  5.03e-01 2.43e-02h  5
  11  2.5391611e-03 3.94e+00 2.06e+01  -5.0 2.00e+01    -  3.97e-01 5.34e-01h  1
  12  2.7171169e-03 2.66e+00 1.61e+01  -5.0 1.65e+01    -  3.08e-01 3.26e-01h  1
  13  2.8608671e-03 1.63e+00 9.09e+00  -5.0 3.27e+00    -  5.82e-01 3.85e-01h  1
  14  3.0676987e-03 5.18e-04 3.21e+00  -5.0 2.33e+00    -  7.27e-01 1.00e+00h  1
  15  3.0617903e-03 4.40e-06 3.29e-01  -5.0 1.78e-01    -  8.97e-01 1.00e+00h  1
  16  3.0618050e-03 3.04e-08 5.87e-05  -5.0 3.95e-03    -  1.00e+00 1.00e+00h  1
  17  3.0776990e-03 6.61e-05 4.90e-05  -5.0 3.54e+00    -  5.28e-01 1.00e+00f  1

Number of Iterations....: 17

                                   (scaled)                 (unscaled)
Objective...............:   3.0776990358490192e-03    3.0776990358490192e-03
Dual infeasibility......:   4.9032115374452851e-05    4.9032115374452851e-05
Constraint violation....:   6.6139575294451872e-05    6.6139575294451872e-05
Complementarity.........:   8.1749669380527752e-05    8.1749669380527752e-05
Overall NLP error.......:   8.1749669380527752e-05    8.1749669380527752e-05


Number of objective function evaluations             = 36
Number of objective gradient evaluations             = 18
Number of equality constraint evaluations            = 36
Number of inequality constraint evaluations          = 36
Number of equality constraint Jacobian evaluations   = 18
Number of inequality constraint Jacobian evaluations = 18
Number of Lagrangian Hessian evaluations             = 0
Total CPU secs in IPOPT (w/o function evaluations)   =      0.551
Total CPU secs in NLP function evaluations           =     10.844

EXIT: Optimal Solution Found.
