
List of user-set options:

                                    Name   Value                used
              acceptable_constr_viol_tol = 0.0001                yes
                          acceptable_tol = 0.001                 yes
                             alpha_for_y = safer-min-dual-infeas  yes
                         constr_viol_tol = 0.0001                yes
                        file_print_level = 5                     yes
                   hessian_approximation = limited-memory        yes
                           linear_solver = mumps                 yes
                                max_iter = 200                   yes
                                 mu_init = 1e-05                 yes
                             mu_strategy = monotone              yes
                      nlp_scaling_method = gradient-based        yes
                             output_file = /home/kaleb/projects/learning/AAD-design/sardines/SARDINE_optimization24_out/IPOPT.out  yes
                             print_level = 5                     yes
                      print_user_options = yes                   yes
                                      sb = yes                   yes
                                     tol = 0.0001                yes
This is Ipopt version 3.11.9, running with linear solver mumps.
NOTE: Other linear solvers might be more efficient (see Ipopt documentation).

Number of nonzeros in equality constraint Jacobian...:    11716
Number of nonzeros in inequality constraint Jacobian.:     4156
Number of nonzeros in Lagrangian Hessian.............:        0

Total number of variables............................:      213
                     variables with only lower bounds:        2
                variables with lower and upper bounds:      211
                     variables with only upper bounds:        0
Total number of equality constraints.................:      200
Total number of inequality constraints...............:      124
        inequality constraints with only lower bounds:       20
   inequality constraints with lower and upper bounds:       64
        inequality constraints with only upper bounds:       40

iter    objective    inf_pr   inf_du lg(mu)  ||d||  lg(rg) alpha_du alpha_pr  ls
   0  1.5427322e-03 1.08e+01 1.00e+00  -5.0 0.00e+00    -  0.00e+00 0.00e+00   0
   1  1.8821089e-03 1.05e+01 2.25e+00  -5.0 3.65e+00    -  2.95e-03 2.96e-02h  1
   2  1.9255397e-03 1.04e+01 2.28e+00  -5.0 4.44e+00    -  2.80e-02 1.08e-03h  1
   3  1.3273827e-02 9.49e+00 9.08e+00  -5.0 3.79e+00    -  1.54e-02 9.20e-02h  1
   4  1.4446986e-02 9.43e+00 9.16e+00  -5.0 3.34e+00    -  3.98e-02 5.92e-03h  1
   5  2.6325244e-02 9.21e+00 9.89e+00  -5.0 1.48e+01    -  8.24e-03 2.37e-02h  1
   6  4.0677030e-02 8.97e+00 1.07e+01  -5.0 1.67e+01    -  3.42e-02 2.62e-02h  1
   7  4.3218352e-02 8.92e+00 1.11e+01  -5.0 1.56e+01    -  2.06e-02 4.93e-03h  1
   8  5.0400628e-02 8.79e+00 9.28e+00  -5.0 1.44e+01    -  2.54e-02 1.48e-02h  1
   9  5.0852732e-02 8.77e+00 9.25e+00  -5.0 2.15e+01    -  7.76e-04 1.67e-03h  1
iter    objective    inf_pr   inf_du lg(mu)  ||d||  lg(rg) alpha_du alpha_pr  ls
  10  5.3947059e-02 8.73e+00 1.22e+01  -5.0 1.69e+01    -  2.54e-07 5.37e-03h  1
  11  5.7173706e-02 8.69e+00 1.33e+01  -5.0 1.00e+01    -  3.42e-03 4.74e-03h  1
  12  1.1439332e-01 8.04e+00 2.27e+01  -5.0 6.10e+00    -  4.56e-03 7.47e-02h  2
  13  1.8484385e-01 7.33e+00 2.34e+01  -5.0 5.20e+00    -  5.49e-02 8.78e-02h  1
  14  1.8484427e-01 7.33e+00 2.34e+01  -5.0 4.81e+00    -  2.37e-06 5.63e-07h  4
  15  2.0177624e-01 7.14e+00 2.34e+01  -5.0 6.01e+00    -  1.48e-02 2.57e-02h  1
  16  2.2605634e-01 6.87e+00 2.33e+01  -5.0 5.68e+00    -  7.70e-03 3.79e-02h  1
  17  2.6541165e-01 6.43e+00 2.25e+01  -5.0 5.68e+00    -  4.97e-02 6.43e-02h  1
  18  2.8192634e-01 6.25e+00 2.14e+01  -5.0 8.08e+00    -  5.73e-02 2.88e-02h  1
  19  2.9654733e-01 6.10e+00 2.11e+01  -5.0 4.04e+00    -  2.02e-02 2.34e-02h  1
iter    objective    inf_pr   inf_du lg(mu)  ||d||  lg(rg) alpha_du alpha_pr  ls
  20  3.1385277e-01 5.93e+00 2.11e+01  -5.0 3.95e+00    -  4.37e-03 2.84e-02h  1
  21  4.0634811e-01 5.03e+00 2.20e+01  -5.0 3.95e+00    -  1.24e-02 1.52e-01h  1
  22  4.1709416e-01 4.92e+00 2.25e+01  -5.0 3.23e+00    -  1.27e-02 2.16e-02h  1
  23  5.7447299e-01 3.37e+00 3.21e+01  -5.0 3.25e+00    -  6.09e-02 3.14e-01h  1
  24  5.9437097e-01 3.17e+00 3.37e+01  -5.0 3.15e+00    -  1.18e-02 6.15e-02h  1
  25  6.7268800e-01 2.36e+00 3.42e+01  -5.0 3.77e+00    -  1.68e-01 2.54e-01h  1
  26  6.7816986e-01 2.31e+00 3.22e+01  -5.0 1.51e+00    -  7.15e-02 2.35e-02h  1
  27  6.9521195e-01 2.14e+00 3.15e+01  -5.0 1.49e+00    -  6.03e-02 7.40e-02h  1
  28  7.2000986e-01 1.88e+00 3.00e+01  -5.0 1.37e+00    -  3.23e-02 1.17e-01h  1
  29  8.3836468e-01 7.03e-01 2.92e+01  -5.0 1.22e+00    -  1.44e-01 6.27e-01h  1
iter    objective    inf_pr   inf_du lg(mu)  ||d||  lg(rg) alpha_du alpha_pr  ls
  30  8.6367633e-01 4.51e-01 1.90e+01  -5.0 4.58e-01    -  3.39e-01 3.58e-01h  1
  31  9.0799184e-01 1.47e-04 9.53e+00  -5.0 2.87e-01    -  6.14e-01 1.00e+00h  1
  32  9.0752081e-01 5.02e-07 2.18e+00  -5.0 3.78e-03    -  7.71e-01 1.00e+00h  1
  33  9.0745445e-01 1.75e-06 1.53e+00  -5.0 3.11e-02    -  2.97e-01 1.00e+00h  1
  34  9.0715796e-01 8.93e-07 2.23e-01  -5.0 5.96e-03    -  8.55e-01 1.00e+00h  1
  35  9.0684266e-01 2.54e-06 1.60e-01  -5.0 5.06e-02    -  2.82e-01 1.00e+00h  1
  36  9.0653798e-01 5.26e-06 5.58e-02  -5.0 1.91e-02    -  6.52e-01 1.00e+00h  1
  37  9.0400750e-01 1.63e-05 5.54e-02  -5.0 2.12e+00    -  3.94e-02 1.09e-01h  1
  38  8.6399929e-01 1.92e-03 6.34e-02  -5.0 4.60e+00    -  1.14e-02 9.73e-02f  1
  39  8.6419732e-01 1.81e-03 4.27e-02  -5.0 5.11e-01    -  3.33e-01 5.93e-02h  1
iter    objective    inf_pr   inf_du lg(mu)  ||d||  lg(rg) alpha_du alpha_pr  ls
  40  8.6432188e-01 1.54e-03 3.83e-02  -5.0 1.31e+00    -  1.13e-01 1.49e-01h  1
  41  8.6722273e-01 2.96e-04 1.61e-02  -5.0 1.13e-01    -  8.31e-01 8.07e-01h  1
  42  8.6742029e-01 1.61e-04 1.44e-02  -5.0 9.59e-02    -  1.00e+00 4.57e-01h  1
  43  8.6767858e-01 2.02e-05 8.75e-03  -5.0 4.88e-02    -  1.00e+00 9.60e-01h  1
  44  8.6778896e-01 1.26e-06 1.89e-03  -5.0 4.99e-03    -  1.00e+00 1.00e+00f  1
  45  8.6780303e-01 3.88e-07 6.32e-04  -5.0 5.56e-03    -  1.00e+00 1.00e+00h  1
  46  8.6779573e-01 2.43e-07 4.05e-04  -5.0 5.98e-03    -  1.00e+00 1.00e+00h  1
  47  8.6779604e-01 1.18e-08 3.73e-04  -5.0 3.73e-04    -  1.00e+00 1.00e+00h  1
  48  8.6779591e-01 2.36e-09 3.74e-04  -5.0 3.74e-04    -  1.00e+00 1.00e+00h  1
  49  8.6779574e-01 5.78e-10 2.72e-04  -5.0 3.74e-04    -  1.00e+00 1.00e+00h  1
iter    objective    inf_pr   inf_du lg(mu)  ||d||  lg(rg) alpha_du alpha_pr  ls
  50  8.6779557e-01 2.02e-10 3.74e-04  -5.0 3.74e-04    -  1.00e+00 1.00e+00h  1
  51  8.6779539e-01 1.50e-10 3.74e-04  -5.0 3.74e-04    -  1.00e+00 1.00e+00h  1
  52  8.6779522e-01 1.35e-10 2.72e-04  -5.0 3.74e-04    -  1.00e+00 1.00e+00h  1
  53  8.6779504e-01 1.32e-10 3.74e-04  -5.0 3.74e-04    -  1.00e+00 1.00e+00h  1
  54  8.6779487e-01 1.31e-10 3.74e-04  -5.0 3.74e-04    -  1.00e+00 1.00e+00h  1
  55  8.6779469e-01 1.31e-10 3.74e-04  -5.0 3.74e-04    -  1.00e+00 1.00e+00h  1
  56  8.6779452e-01 1.47e-10 3.74e-04  -5.0 3.74e-04    -  1.00e+00 1.00e+00h  1
  57  8.6779434e-01 1.44e-10 2.71e-04  -5.0 3.74e-04    -  1.00e+00 1.00e+00h  1
  58  8.6779417e-01 1.30e-10 3.74e-04  -5.0 3.74e-04    -  1.00e+00 1.00e+00h  1
  59  8.6779399e-01 1.30e-10 2.71e-04  -5.0 3.74e-04    -  1.00e+00 1.00e+00h  1

Number of Iterations....: 59

                                   (scaled)                 (unscaled)
Objective...............:   8.6779399182657013e-01    8.6779399182657013e-01
Dual infeasibility......:   2.7097985958441176e-04    2.7097985958441176e-04
Constraint violation....:   1.3043728948451186e-10    1.3043728948451186e-10
Complementarity.........:   1.0000000000000003e-05    1.0000000000000003e-05
Overall NLP error.......:   2.7097985958441176e-04    2.7097985958441176e-04


Number of objective function evaluations             = 66
Number of objective gradient evaluations             = 60
Number of equality constraint evaluations            = 66
Number of inequality constraint evaluations          = 66
Number of equality constraint Jacobian evaluations   = 60
Number of inequality constraint Jacobian evaluations = 60
Number of Lagrangian Hessian evaluations             = 0
Total CPU secs in IPOPT (w/o function evaluations)   =      0.817
Total CPU secs in NLP function evaluations           =     31.049

EXIT: Solved To Acceptable Level.
