
List of user-set options:

                                    Name   Value                used
              acceptable_constr_viol_tol = 0.001                 yes
                          acceptable_tol = 0.01                  yes
                             alpha_for_y = safer-min-dual-infeas  yes
                         constr_viol_tol = 0.001                 yes
                        file_print_level = 5                     yes
                   hessian_approximation = limited-memory        yes
                           linear_solver = mumps                 yes
                                max_iter = 66                    yes
                                 mu_init = 1e-05                 yes
                             mu_strategy = monotone              yes
                      nlp_scaling_method = gradient-based        yes
                             output_file = /home/kaleb/projects/learning/AAD-design/sardines/SARDINE_optimization25_out/IPOPT.out  yes
                             print_level = 5                     yes
                      print_user_options = yes                   yes
                                      sb = yes                   yes
                                     tol = 0.001                 yes
This is Ipopt version 3.11.9, running with linear solver mumps.
NOTE: Other linear solvers might be more efficient (see Ipopt documentation).

Number of nonzeros in equality constraint Jacobian...:     4707
Number of nonzeros in inequality constraint Jacobian.:     1910
Number of nonzeros in Lagrangian Hessian.............:        0

Total number of variables............................:      126
                     variables with only lower bounds:        2
                variables with lower and upper bounds:      124
                     variables with only upper bounds:        0
Total number of equality constraints.................:      120
Total number of inequality constraints...............:       82
        inequality constraints with only lower bounds:       20
   inequality constraints with lower and upper bounds:       42
        inequality constraints with only upper bounds:       20

iter    objective    inf_pr   inf_du lg(mu)  ||d||  lg(rg) alpha_du alpha_pr  ls
   0  5.3995626e-06 1.96e+01 1.00e+00  -5.0 0.00e+00    -  0.00e+00 0.00e+00   0
   1  1.2289683e-05 1.82e+01 9.57e-01  -5.0 5.13e+00    -  5.26e-02 7.08e-02h  1
   2  1.4712386e-05 1.80e+01 1.46e+00  -5.0 3.37e+00    -  4.97e-02 1.03e-02h  1
   3  2.1766660e-05 1.78e+01 9.53e-01  -5.0 1.43e+01    -  2.56e-02 1.20e-02h  1
   4  2.9655024e-05 1.77e+01 1.17e+00  -5.0 7.55e+01    -  2.21e-03 3.54e-03h  2
   5  5.6691036e-05 1.75e+01 1.83e+00  -5.0 6.03e+01    -  6.38e-08 1.18e-02f  1
   6  6.1748913e-04 1.32e+01 8.14e+00  -5.0 2.28e+01    -  3.47e-03 2.47e-01h  1
   7  1.0717875e-03 9.66e+00 8.26e+00  -5.0 3.15e+00    -  1.79e-01 2.67e-01h  1
   8  1.2279199e-03 8.45e+00 7.08e+00  -5.0 2.32e+00    -  4.03e-01 1.25e-01h  3
   9  1.3259080e-03 7.70e+00 5.24e+00  -5.0 2.02e+00    -  5.18e-01 8.96e-02h  3
iter    objective    inf_pr   inf_du lg(mu)  ||d||  lg(rg) alpha_du alpha_pr  ls
  10  1.3354527e-03 7.62e+00 2.73e+00  -5.0 1.82e+00    -  5.24e-01 9.73e-03h  6
  11  1.7834467e-03 3.98e+00 6.69e+00  -5.0 2.58e+00    -  4.75e-01 4.77e-01h  1
  12  1.8731548e-03 3.18e+00 5.87e+00  -5.0 3.05e+00    -  8.53e-02 2.01e-01h  1
  13  2.1347455e-03 7.60e-01 2.71e+00  -5.0 2.55e+00    -  5.91e-01 7.61e-01h  1
  14  2.2195776e-03 3.82e-05 1.24e+00  -5.0 2.05e+00    -  7.02e-01 1.00e+00h  1
  15  2.2142658e-03 2.61e-05 9.01e-01  -5.0 8.29e-01    -  3.42e-01 1.00e+00h  1
  16  2.2143845e-03 3.25e-08 7.70e-04  -5.0 9.85e-03    -  9.99e-01 1.00e+00h  1
  17  2.3127772e-03 1.41e-03 7.13e-04  -5.0 3.19e+01    -  5.38e-02 4.57e-01f  1
  18  2.3110427e-03 2.92e-05 1.80e-02  -5.0 1.33e+01    -  1.96e-01 1.00e+00h  1
  19  2.3109267e-03 1.52e-06 5.59e-04  -5.0 7.23e-02    -  9.99e-01 1.00e+00h  1
iter    objective    inf_pr   inf_du lg(mu)  ||d||  lg(rg) alpha_du alpha_pr  ls
  20  2.3108405e-03 1.65e-08 6.60e-04  -5.0 4.19e-02    -  1.00e+00 1.00e+00H  1

Number of Iterations....: 20

                                   (scaled)                 (unscaled)
Objective...............:   2.3108404868951208e-03    2.3108404868951208e-03
Dual infeasibility......:   6.5969997164617457e-04    6.5969997164617457e-04
Constraint violation....:   1.6535439730248789e-08    1.6535439730248789e-08
Complementarity.........:   1.0031242250098998e-05    1.0031242250098998e-05
Overall NLP error.......:   6.5969997164617457e-04    6.5969997164617457e-04


Number of objective function evaluations             = 33
Number of objective gradient evaluations             = 21
Number of equality constraint evaluations            = 33
Number of inequality constraint evaluations          = 33
Number of equality constraint Jacobian evaluations   = 21
Number of inequality constraint Jacobian evaluations = 21
Number of Lagrangian Hessian evaluations             = 0
Total CPU secs in IPOPT (w/o function evaluations)   =      0.515
Total CPU secs in NLP function evaluations           =      8.675

EXIT: Optimal Solution Found.
