
List of user-set options:

                                    Name   Value                used
              acceptable_constr_viol_tol = 0.001                 yes
                          acceptable_tol = 0.01                  yes
                             alpha_for_y = safer-min-dual-infeas  yes
                         constr_viol_tol = 0.001                 yes
                        file_print_level = 5                     yes
                   hessian_approximation = limited-memory        yes
                           linear_solver = mumps                 yes
                                max_iter = 66                    yes
                                 mu_init = 1e-05                 yes
                             mu_strategy = monotone              yes
                      nlp_scaling_method = gradient-based        yes
                             output_file = /home/kaleb/projects/learning/AAD-design/sardines/SARDINE_optimization8_out/IPOPT.out  yes
                             print_level = 5                     yes
                      print_user_options = yes                   yes
                                      sb = yes                   yes
                                     tol = 0.001                 yes
This is Ipopt version 3.11.9, running with linear solver mumps.
NOTE: Other linear solvers might be more efficient (see Ipopt documentation).

Number of nonzeros in equality constraint Jacobian...:    11828
Number of nonzeros in inequality constraint Jacobian.:     4160
Number of nonzeros in Lagrangian Hessian.............:        0

Total number of variables............................:      215
                     variables with only lower bounds:        2
                variables with lower and upper bounds:      213
                     variables with only upper bounds:        0
Total number of equality constraints.................:      206
Total number of inequality constraints...............:      124
        inequality constraints with only lower bounds:       20
   inequality constraints with lower and upper bounds:       64
        inequality constraints with only upper bounds:       40

iter    objective    inf_pr   inf_du lg(mu)  ||d||  lg(rg) alpha_du alpha_pr  ls
   0  5.3995626e-06 1.96e+01 1.00e+00  -5.0 0.00e+00    -  0.00e+00 0.00e+00   0
   1  8.4805009e-06 1.93e+01 9.97e-01  -5.0 4.26e+00    -  7.04e-03 1.48e-02h  1
   2  8.6487116e-06 1.93e+01 1.13e+00  -5.0 3.80e+00    -  1.49e-02 8.64e-04h  1
   3  2.6464144e-05 1.82e+01 1.11e+00  -5.0 3.31e+00    -  1.51e-02 5.28e-02h  1
   4  1.6264695e-04 1.68e+01 1.24e+00  -5.0 3.20e+00    -  1.51e-02 7.89e-02h  1
   5  2.3020387e-04 1.61e+01 9.98e-01  -5.0 3.07e+00    -  8.97e-02 4.08e-02h  1
   6r 2.3020387e-04 1.61e+01 9.99e+02   1.2 0.00e+00    -  0.00e+00 2.22e-07R  2
   7r 2.1581628e-04 1.63e+01 9.99e+02   1.2 1.79e+06    -  2.31e-06 8.70e-08f  5
   8r 2.5145720e-04 1.30e+01 9.99e+02   1.2 1.31e+03    -  8.34e-05 2.48e-03f  1
   9r 2.5145720e-04 1.30e+01 9.99e+02   1.1 0.00e+00    -  0.00e+00 3.15e-07R  3
iter    objective    inf_pr   inf_du lg(mu)  ||d||  lg(rg) alpha_du alpha_pr  ls
  10r 2.4359925e-04 1.31e+01 9.99e+02   1.1 1.77e+05    -  2.17e-05 4.79e-07f  6
  11r 3.0369840e-04 9.53e+00 9.98e+02   1.1 1.24e+03    -  8.91e-04 2.87e-03f  1
  12  3.2846778e-04 9.40e+00 1.57e+00  -5.0 3.26e+00    -  7.06e-02 1.41e-02h  1
  13  3.5709334e-04 9.27e+00 1.48e+00  -5.0 3.82e+00    -  5.87e-02 1.39e-02h  1
  14  6.2789605e-04 8.08e+00 4.30e+00  -5.0 3.92e+00    -  5.16e-02 1.28e-01h  1
  15  7.5245939e-04 7.50e+00 4.85e+00  -5.0 6.74e+00    -  6.96e-02 7.20e-02h  1
  16  8.8371125e-04 6.89e+00 4.37e+00  -5.0 5.84e+00    -  1.04e-01 8.13e-02h  1
  17  1.1704471e-03 5.61e+00 4.57e+00  -5.0 3.00e+00    -  1.62e-01 1.86e-01h  1
  18  1.6391603e-03 3.51e+00 6.43e+00  -5.0 2.44e+00    -  3.28e-01 3.75e-01h  1
  19  2.4148628e-03 3.15e-04 5.85e+00  -5.0 1.55e+00    -  6.04e-01 1.00e+00h  1
iter    objective    inf_pr   inf_du lg(mu)  ||d||  lg(rg) alpha_du alpha_pr  ls
  20  2.4110748e-03 5.10e-07 1.02e-01  -5.0 2.73e-02    -  9.83e-01 1.00e+00h  1
  21  2.4110726e-03 5.01e-08 1.75e-03  -5.0 7.56e-03    -  9.83e-01 1.00e+00h  1
  22  2.4114235e-03 1.10e-05 3.80e-03  -5.0 1.77e+00    -  5.02e-02 1.44e-01f  1
  23  2.4113635e-03 2.40e-06 2.68e-03  -5.0 1.10e-01    -  1.00e+00 1.00e+00f  1
  24  2.4113905e-03 1.80e-06 1.89e-03  -5.0 9.36e-02    -  1.00e+00 1.00e+00h  1
  25  2.4114236e-03 1.38e-06 1.71e-03  -5.0 8.78e-02    -  1.00e+00 1.00e+00h  1
  26  2.4114757e-03 1.23e-06 1.58e-03  -5.0 8.48e-02    -  1.00e+00 1.00e+00h  1
  27  2.4115297e-03 1.11e-06 1.52e-03  -5.0 8.16e-02    -  1.00e+00 1.00e+00h  1
  28  2.4115824e-03 1.00e-06 1.46e-03  -5.0 7.87e-02    -  1.00e+00 1.00e+00h  1
  29  2.4116335e-03 9.05e-07 1.41e-03  -5.0 7.61e-02    -  1.00e+00 1.00e+00h  1
iter    objective    inf_pr   inf_du lg(mu)  ||d||  lg(rg) alpha_du alpha_pr  ls
  30  2.4116830e-03 8.17e-07 1.34e-03  -5.0 7.38e-02    -  1.00e+00 1.00e+00h  1
  31  2.4117318e-03 7.38e-07 1.30e-03  -5.0 7.05e-02    -  1.00e+00 1.00e+00h  1
  32  2.4117792e-03 6.66e-07 1.27e-03  -5.0 6.86e-02    -  1.00e+00 1.00e+00h  1
  33  2.4118254e-03 5.99e-07 1.24e-03  -5.0 6.69e-02    -  1.00e+00 1.00e+00h  1
  34  2.4118707e-03 5.39e-07 1.19e-03  -5.0 6.54e-02    -  1.00e+00 1.00e+00h  1
  35  2.4145583e-03 3.40e-05 8.49e-04  -5.0 3.20e+00    -  8.91e-01 1.00e+00h  1

Number of Iterations....: 35

                                   (scaled)                 (unscaled)
Objective...............:   2.4145582643345571e-03    2.4145582643345571e-03
Dual infeasibility......:   8.4939405510234896e-04    8.4939405510234896e-04
Constraint violation....:   3.4049814197506588e-05    3.4049814197506588e-05
Complementarity.........:   1.0033408760485822e-05    1.0033408760485822e-05
Overall NLP error.......:   8.4939405510234896e-04    8.4939405510234896e-04


Number of objective function evaluations             = 52
Number of objective gradient evaluations             = 34
Number of equality constraint evaluations            = 52
Number of inequality constraint evaluations          = 52
Number of equality constraint Jacobian evaluations   = 38
Number of inequality constraint Jacobian evaluations = 38
Number of Lagrangian Hessian evaluations             = 0
Total CPU secs in IPOPT (w/o function evaluations)   =      0.804
Total CPU secs in NLP function evaluations           =     24.061

EXIT: Optimal Solution Found.
