
List of user-set options:

                                    Name   Value                used
              acceptable_constr_viol_tol = 0.001                 yes
                          acceptable_tol = 0.01                  yes
                             alpha_for_y = safer-min-dual-infeas  yes
                         constr_viol_tol = 0.001                 yes
                        file_print_level = 5                     yes
                   hessian_approximation = limited-memory        yes
                           linear_solver = mumps                 yes
                                max_iter = 66                    yes
                                 mu_init = 1e-05                 yes
                             mu_strategy = monotone              yes
                      nlp_scaling_method = gradient-based        yes
                             output_file = /home/kaleb/projects/learning/AAD-design/sardines/SARDINE_optimization21_out/IPOPT.out  yes
                             print_level = 5                     yes
                      print_user_options = yes                   yes
                                      sb = yes                   yes
                                     tol = 0.001                 yes
This is Ipopt version 3.11.9, running with linear solver mumps.
NOTE: Other linear solvers might be more efficient (see Ipopt documentation).

Number of nonzeros in equality constraint Jacobian...:     8831
Number of nonzeros in inequality constraint Jacobian.:     2080
Number of nonzeros in Lagrangian Hessian.............:        0

Total number of variables............................:      180
                     variables with only lower bounds:        2
                variables with lower and upper bounds:      178
                     variables with only upper bounds:        0
Total number of equality constraints.................:      174
Total number of inequality constraints...............:       84
        inequality constraints with only lower bounds:       20
   inequality constraints with lower and upper bounds:       44
        inequality constraints with only upper bounds:       20

iter    objective    inf_pr   inf_du lg(mu)  ||d||  lg(rg) alpha_du alpha_pr  ls
   0  5.3995626e-06 1.96e+01 1.00e+00  -5.0 0.00e+00    -  0.00e+00 0.00e+00   0
   1  1.4581601e-05 1.91e+01 9.95e-01  -5.0 6.44e+00    -  1.44e-02 2.48e-02h  1
   2  1.6675981e-05 1.90e+01 1.40e+00  -5.0 5.11e+00    -  2.42e-02 3.57e-03h  1
   3  5.8497922e-05 1.77e+01 1.36e+00  -5.0 4.06e+00    -  2.66e-02 6.95e-02h  1
   4  6.0239793e-05 1.76e+01 9.62e-01  -5.0 7.75e+00    -  1.03e-02 2.24e-03h  1
   5  6.7868215e-05 1.75e+01 1.01e+00  -5.0 1.14e+01    -  2.30e-03 8.73e-03h  1
   6  6.9572285e-05 1.75e+01 1.01e+00  -5.0 5.08e+01    -  4.08e-04 1.83e-03h  1
   7  7.2115580e-05 1.74e+01 1.07e+00  -5.0 5.70e+01    -  7.27e-04 2.08e-03h  1
   8  7.9254503e-05 1.74e+01 1.07e+00  -5.0 2.84e+01    -  1.17e-03 2.87e-03h  1
   9  8.4118965e-05 1.73e+01 1.11e+00  -5.0 1.75e+01    -  3.38e-03 1.79e-03h  1
iter    objective    inf_pr   inf_du lg(mu)  ||d||  lg(rg) alpha_du alpha_pr  ls
  10  1.6647969e-04 1.68e+01 3.21e+00  -5.0 1.63e+01    -  5.03e-03 2.96e-02f  1
  11  3.0564947e-04 1.60e+01 8.98e+00  -5.0 1.16e+01    -  3.38e-02 5.00e-02h  1
  12  3.0590247e-04 1.60e+01 9.01e+00  -5.0 1.13e+02    -  4.37e-04 2.27e-04h  1
  13  3.3022573e-04 1.58e+01 9.68e+00  -5.0 6.19e+01    -  1.43e-07 1.34e-02f  1
  14  3.6231500e-04 1.56e+01 1.09e+01  -5.0 1.45e+01    -  7.47e-03 1.33e-02h  1
  15  1.1198750e-03 1.09e+01 1.33e+01  -5.0 4.65e+00    -  1.99e-02 3.02e-01f  1
  16  2.8771225e-03 1.84e-04 2.33e+01  -5.0 3.25e+00    -  3.15e-01 1.00e+00h  1
  17  2.8727031e-03 4.72e-07 2.50e-01  -5.0 8.19e-03    -  9.87e-01 1.00e+00h  1
  18  2.8727059e-03 6.93e-08 2.36e-04  -5.0 1.91e-03    -  1.00e+00 1.00e+00h  1
  19  2.8723805e-03 3.49e-04 2.23e-02  -5.0 5.51e-01    -  1.00e+00 6.35e-01f  1
iter    objective    inf_pr   inf_du lg(mu)  ||d||  lg(rg) alpha_du alpha_pr  ls
  20  2.8725313e-03 7.40e-06 5.10e-03  -5.0 2.39e-01    -  1.00e+00 1.00e+00f  1
  21  2.8725561e-03 1.65e-06 1.22e-03  -5.0 1.02e-01    -  1.00e+00 1.00e+00h  1
  22  2.8725811e-03 1.31e-06 1.05e-03  -5.0 1.01e-01    -  1.00e+00 1.00e+00h  1
  23  2.8726073e-03 4.37e-06 1.05e-03  -5.0 1.01e-01    -  1.00e+00 1.00e+00h  1
  24  2.8735143e-03 3.53e-05 5.33e-04  -5.0 3.32e+00    -  9.57e-01 1.00e+00h  1

Number of Iterations....: 24

                                   (scaled)                 (unscaled)
Objective...............:   2.8735142707795613e-03    2.8735142707795613e-03
Dual infeasibility......:   5.3335023988567397e-04    5.3335023988567397e-04
Constraint violation....:   3.5349148603213099e-05    3.5349148603213099e-05
Complementarity.........:   1.0004775179094687e-05    1.0004775179094687e-05
Overall NLP error.......:   5.3335023988567397e-04    5.3335023988567397e-04


Number of objective function evaluations             = 25
Number of objective gradient evaluations             = 25
Number of equality constraint evaluations            = 25
Number of inequality constraint evaluations          = 25
Number of equality constraint Jacobian evaluations   = 25
Number of inequality constraint Jacobian evaluations = 25
Number of Lagrangian Hessian evaluations             = 0
Total CPU secs in IPOPT (w/o function evaluations)   =      0.797
Total CPU secs in NLP function evaluations           =     10.435

EXIT: Optimal Solution Found.
