
List of user-set options:

                                    Name   Value                used
              acceptable_constr_viol_tol = 0.001                 yes
                          acceptable_tol = 0.01                  yes
                             alpha_for_y = safer-min-dual-infeas  yes
                         constr_viol_tol = 0.001                 yes
                        file_print_level = 5                     yes
                   hessian_approximation = limited-memory        yes
                           linear_solver = mumps                 yes
                                max_iter = 66                    yes
                                 mu_init = 1e-05                 yes
                             mu_strategy = monotone              yes
                      nlp_scaling_method = gradient-based        yes
                             output_file = /home/kaleb/projects/learning/AAD-design/sardines/SARDINE_optimization21_out/IPOPT.out  yes
                             print_level = 5                     yes
                      print_user_options = yes                   yes
                                      sb = yes                   yes
                                     tol = 0.001                 yes
This is Ipopt version 3.11.9, running with linear solver mumps.
NOTE: Other linear solvers might be more efficient (see Ipopt documentation).

Number of nonzeros in equality constraint Jacobian...:    11828
Number of nonzeros in inequality constraint Jacobian.:     4160
Number of nonzeros in Lagrangian Hessian.............:        0

Total number of variables............................:      215
                     variables with only lower bounds:        2
                variables with lower and upper bounds:      213
                     variables with only upper bounds:        0
Total number of equality constraints.................:      206
Total number of inequality constraints...............:      124
        inequality constraints with only lower bounds:       20
   inequality constraints with lower and upper bounds:       64
        inequality constraints with only upper bounds:       40

iter    objective    inf_pr   inf_du lg(mu)  ||d||  lg(rg) alpha_du alpha_pr  ls
   0  5.3995626e-06 1.96e+01 1.00e+00  -5.0 0.00e+00    -  0.00e+00 0.00e+00   0
   1  8.1599927e-06 1.92e+01 9.97e-01  -5.0 6.29e+00    -  6.81e-03 1.75e-02h  1
   2  8.1966561e-06 1.92e+01 1.16e+00  -5.0 5.31e+00    -  1.74e-02 1.06e-03h  1
   3  1.2266677e-05 1.83e+01 1.14e+00  -5.0 4.92e+00    -  1.64e-02 4.54e-02h  1
   4  2.8475874e-05 1.81e+01 1.13e+00  -5.0 3.37e+00    -  9.29e-03 1.24e-02h  1
   5  2.3611452e-04 1.60e+01 1.20e+00  -5.0 3.50e+00    -  1.62e-02 1.18e-01h  1
   6r 2.3611452e-04 1.60e+01 9.99e+02   1.2 0.00e+00    -  0.00e+00 3.38e-07R  3
   7r 2.2135751e-04 1.61e+01 9.99e+02   1.2 2.78e+06    -  1.45e-06 5.54e-08f  5
   8r 2.6342826e-04 1.20e+01 9.99e+02   1.2 1.36e+03    -  9.56e-05 3.00e-03f  1
   9r 2.6342826e-04 1.20e+01 9.99e+02   1.1 0.00e+00    -  0.00e+00 2.77e-07R  3
iter    objective    inf_pr   inf_du lg(mu)  ||d||  lg(rg) alpha_du alpha_pr  ls
  10r 2.5519621e-04 1.21e+01 9.99e+02   1.1 3.38e+05    -  1.14e-05 2.52e-07f  6
  11r 3.0552097e-04 9.16e+00 9.98e+02   1.1 1.27e+03    -  1.10e-03 2.32e-03f  1
  12  3.1534481e-04 9.11e+00 1.44e+00  -5.0 3.15e+00    -  8.98e-02 5.77e-03h  1
  13  4.0827355e-04 8.70e+00 2.62e+00  -5.0 4.89e+00    -  5.14e-02 4.53e-02h  1
  14  5.8053860e-04 7.98e+00 9.73e+00  -5.0 3.85e+00    -  6.49e-02 8.28e-02h  1
  15  1.2291277e-03 5.21e+00 1.86e+01  -5.0 4.54e+00    -  9.51e-02 3.47e-01h  1
  16  2.4698937e-03 6.36e-04 2.23e+01  -5.0 2.30e+00    -  2.67e-01 1.00e+00h  1
  17  2.4649656e-03 5.50e-07 3.53e+00  -5.0 1.62e-02    -  8.42e-01 1.00e+00h  1
  18  2.4691130e-03 1.51e-05 2.13e+00  -5.0 2.00e-01    -  3.95e-01 1.00e+00h  1
  19  2.4690331e-03 2.71e-07 3.96e-02  -5.0 3.59e-03    -  9.81e-01 1.00e+00h  1
iter    objective    inf_pr   inf_du lg(mu)  ||d||  lg(rg) alpha_du alpha_pr  ls
  20  2.4689744e-03 1.28e-06 4.29e-03  -5.0 2.92e-02    -  8.96e-01 1.00e+00h  1
  21  2.4686970e-03 8.38e-06 2.69e-03  -5.0 1.92e-01    -  7.93e-01 1.00e+00h  1
  22  2.4685827e-03 6.24e-06 2.46e-03  -5.0 1.65e-01    -  1.00e+00 1.00e+00h  1
  23  2.4685098e-03 3.26e-06 1.54e-03  -5.0 8.56e-02    -  1.00e+00 1.00e+00h  1
  24  2.4684841e-03 2.10e-06 1.56e-03  -5.0 8.15e-02    -  1.00e+00 1.00e+00h  1
  25  2.4680551e-03 2.72e-05 5.05e-04  -5.0 3.53e+00    -  7.46e-01 1.00e+00h  1

Number of Iterations....: 25

                                   (scaled)                 (unscaled)
Objective...............:   2.4680551475328386e-03    2.4680551475328386e-03
Dual infeasibility......:   5.0543310462821073e-04    5.0543310462821073e-04
Constraint violation....:   2.7239103543970684e-05    2.7239103543970684e-05
Complementarity.........:   1.0215586209407359e-05    1.0215586209407359e-05
Overall NLP error.......:   5.0543310462821073e-04    5.0543310462821073e-04


Number of objective function evaluations             = 43
Number of objective gradient evaluations             = 24
Number of equality constraint evaluations            = 43
Number of inequality constraint evaluations          = 43
Number of equality constraint Jacobian evaluations   = 28
Number of inequality constraint Jacobian evaluations = 28
Number of Lagrangian Hessian evaluations             = 0
Total CPU secs in IPOPT (w/o function evaluations)   =      0.765
Total CPU secs in NLP function evaluations           =     20.088

EXIT: Optimal Solution Found.
