
List of user-set options:

                                    Name   Value                used
              acceptable_constr_viol_tol = 0.001                 yes
                          acceptable_tol = 0.01                  yes
                             alpha_for_y = safer-min-dual-infeas  yes
                         constr_viol_tol = 0.001                 yes
                        file_print_level = 5                     yes
                   hessian_approximation = limited-memory        yes
                           linear_solver = mumps                 yes
                                max_iter = 66                    yes
                                 mu_init = 1e-05                 yes
                             mu_strategy = monotone              yes
                      nlp_scaling_method = gradient-based        yes
                             output_file = /home/kaleb/projects/learning/AAD-design/sardines/SARDINE_optimization6_out/IPOPT.out  yes
                             print_level = 5                     yes
                      print_user_options = yes                   yes
                                      sb = yes                   yes
                                     tol = 0.001                 yes
This is Ipopt version 3.11.9, running with linear solver mumps.
NOTE: Other linear solvers might be more efficient (see Ipopt documentation).

Number of nonzeros in equality constraint Jacobian...:     8831
Number of nonzeros in inequality constraint Jacobian.:     2080
Number of nonzeros in Lagrangian Hessian.............:        0

Total number of variables............................:      180
                     variables with only lower bounds:        2
                variables with lower and upper bounds:      178
                     variables with only upper bounds:        0
Total number of equality constraints.................:      174
Total number of inequality constraints...............:       84
        inequality constraints with only lower bounds:       20
   inequality constraints with lower and upper bounds:       44
        inequality constraints with only upper bounds:       20

iter    objective    inf_pr   inf_du lg(mu)  ||d||  lg(rg) alpha_du alpha_pr  ls
   0  5.3995626e-06 1.96e+01 1.00e+00  -5.0 0.00e+00    -  0.00e+00 0.00e+00   0
   1  1.4607776e-05 1.91e+01 9.97e-01  -5.0 4.67e+00    -  1.27e-02 2.20e-02h  1
   2  1.6837722e-05 1.91e+01 1.46e+00  -5.0 3.98e+00    -  2.14e-02 3.51e-03h  1
   3  3.2950628e-05 1.86e+01 1.34e+00  -5.0 4.39e+00    -  2.60e-02 2.58e-02h  1
   4  3.6611367e-05 1.85e+01 1.34e+00  -5.0 7.94e+00    -  2.08e-03 4.74e-03h  1
   5  4.2797853e-05 1.83e+01 1.34e+00  -5.0 9.39e+00    -  2.25e-03 7.52e-03h  1
   6  4.5795498e-05 1.83e+01 1.34e+00  -5.0 2.74e+01    -  5.11e-04 2.99e-03h  1
   7  5.0352960e-05 1.82e+01 1.34e+00  -5.0 3.74e+01    -  1.06e-03 2.42e-03h  1
   8  6.1729176e-05 1.82e+01 1.34e+00  -5.0 1.30e+01    -  2.10e-03 4.35e-03h  1
   9  7.4936395e-05 1.81e+01 1.42e+00  -5.0 1.05e+01    -  5.96e-03 4.85e-03h  1
iter    objective    inf_pr   inf_du lg(mu)  ||d||  lg(rg) alpha_du alpha_pr  ls
  10  2.0767645e-04 1.72e+01 3.04e+00  -5.0 1.00e+01    -  1.07e-02 4.86e-02f  1
  11  2.0776956e-04 1.72e+01 2.47e+00  -5.0 1.33e+02    -  4.58e-04 9.38e-05h  1
  12  2.1308561e-04 1.71e+01 2.56e+00  -5.0 7.83e+01    -  3.20e-08 2.67e-03f  1
  13  3.1239731e-04 1.65e+01 3.32e+00  -5.0 1.53e+01    -  1.98e-03 3.88e-02h  1
  14  6.0455707e-04 1.46e+01 9.68e+00  -5.0 4.78e+00    -  3.42e-02 1.13e-01h  1
  15  2.9035161e-03 6.38e-04 3.46e+01  -5.0 4.26e+00    -  1.46e-01 1.00e+00h  1
  16  2.8795941e-03 7.44e-07 1.09e+00  -5.0 4.43e-02    -  9.53e-01 1.00e+00h  1
  17  2.8795529e-03 5.86e-08 7.80e-03  -5.0 7.25e-04    -  9.93e-01 1.00e+00h  1
  18  2.8806856e-03 4.05e-05 3.57e-02  -5.0 1.03e+00    -  7.13e-01 2.58e-01f  1
  19  2.8806912e-03 1.77e-07 1.81e-03  -5.0 2.78e-02    -  9.54e-01 1.00e+00h  1
iter    objective    inf_pr   inf_du lg(mu)  ||d||  lg(rg) alpha_du alpha_pr  ls
  20  2.8806671e-03 8.54e-06 3.14e-03  -5.0 4.73e-01    -  1.69e-01 1.00e+00h  1
  21  2.8806580e-03 1.04e-06 1.09e-03  -5.0 4.91e-02    -  1.00e+00 1.00e+00h  1
  22  2.8806536e-03 9.15e-07 9.08e-04  -5.0 4.63e-02    -  1.00e+00 1.00e+00h  1

Number of Iterations....: 22

                                   (scaled)                 (unscaled)
Objective...............:   2.8806535676947471e-03    2.8806535676947471e-03
Dual infeasibility......:   9.0846356108659025e-04    9.0846356108659025e-04
Constraint violation....:   9.1467417896578955e-07    9.1467417896578955e-07
Complementarity.........:   1.0403820777992569e-05    1.0403820777992569e-05
Overall NLP error.......:   9.0846356108659025e-04    9.0846356108659025e-04


Number of objective function evaluations             = 23
Number of objective gradient evaluations             = 23
Number of equality constraint evaluations            = 23
Number of inequality constraint evaluations          = 23
Number of equality constraint Jacobian evaluations   = 23
Number of inequality constraint Jacobian evaluations = 23
Number of Lagrangian Hessian evaluations             = 0
Total CPU secs in IPOPT (w/o function evaluations)   =      0.773
Total CPU secs in NLP function evaluations           =      9.368

EXIT: Optimal Solution Found.
