
List of user-set options:

                                    Name   Value                used
              acceptable_constr_viol_tol = 0.001                 yes
                          acceptable_tol = 0.01                  yes
                             alpha_for_y = safer-min-dual-infeas  yes
                         constr_viol_tol = 0.001                 yes
                        file_print_level = 5                     yes
                   hessian_approximation = limited-memory        yes
                           linear_solver = mumps                 yes
                                max_iter = 66                    yes
                                 mu_init = 1e-05                 yes
                             mu_strategy = monotone              yes
                      nlp_scaling_method = gradient-based        yes
                             output_file = /home/kaleb/projects/learning/AAD-design/sardines/SARDINE_optimization16_out/IPOPT.out  yes
                             print_level = 5                     yes
                      print_user_options = yes                   yes
                                      sb = yes                   yes
                                     tol = 0.001                 yes
This is Ipopt version 3.11.9, running with linear solver mumps.
NOTE: Other linear solvers might be more efficient (see Ipopt documentation).

Number of nonzeros in equality constraint Jacobian...:     4707
Number of nonzeros in inequality constraint Jacobian.:     1910
Number of nonzeros in Lagrangian Hessian.............:        0

Total number of variables............................:      126
                     variables with only lower bounds:        2
                variables with lower and upper bounds:      124
                     variables with only upper bounds:        0
Total number of equality constraints.................:      120
Total number of inequality constraints...............:       82
        inequality constraints with only lower bounds:       20
   inequality constraints with lower and upper bounds:       42
        inequality constraints with only upper bounds:       20

iter    objective    inf_pr   inf_du lg(mu)  ||d||  lg(rg) alpha_du alpha_pr  ls
   0  5.3995626e-06 1.96e+01 1.00e+00  -5.0 0.00e+00    -  0.00e+00 0.00e+00   0
   1  1.1081159e-05 1.85e+01 1.30e+00  -5.0 4.47e+00    -  4.75e-02 5.24e-02h  1
   2  1.3279133e-05 1.85e+01 1.49e+00  -5.0 2.19e+01    -  1.46e-02 2.94e-03h  1
   3  2.9235175e-05 1.84e+01 1.49e+00  -5.0 6.91e+01    -  2.64e-03 6.46e-03h  1
   4  5.7078173e-04 1.45e+01 7.73e+00  -5.0 2.92e+01    -  3.70e-03 2.12e-01h  1
   5  9.6544681e-04 1.17e+01 8.52e+00  -5.0 3.82e+00    -  1.06e-01 1.91e-01h  1
   6  1.2195567e-03 9.92e+00 8.68e+00  -5.0 3.09e+00    -  2.68e-01 1.52e-01h  3
   7  1.3676853e-03 8.88e+00 7.22e+00  -5.0 2.61e+00    -  3.97e-01 1.05e-01h  3
   8  1.4154507e-03 8.54e+00 4.63e+00  -5.0 2.32e+00    -  5.07e-01 3.81e-02h  4
   9  1.4386106e-03 8.37e+00 2.82e+00  -5.0 2.22e+00    -  5.30e-01 1.93e-02h  5
iter    objective    inf_pr   inf_du lg(mu)  ||d||  lg(rg) alpha_du alpha_pr  ls
  10  1.9814097e-03 4.46e+00 8.45e+00  -5.0 2.15e+00    -  4.66e-01 4.68e-01h  1
  11  2.1027230e-03 3.52e+00 7.83e+00  -5.0 3.33e+00    -  1.45e-01 2.09e-01h  1
  12  2.4021766e-03 1.16e+00 3.55e+00  -5.0 2.71e+00    -  5.65e-01 6.72e-01h  1
  13  2.5540674e-03 3.15e-05 1.51e+00  -5.0 2.94e+00    -  6.03e-01 1.00e+00h  1
  14  2.5510331e-03 1.41e-05 8.38e-01  -5.0 5.31e-01    -  4.48e-01 1.00e+00h  1
  15  2.5511207e-03 2.97e-08 2.12e-04  -5.0 1.06e-02    -  1.00e+00 1.00e+00h  1
  16  2.5517418e-03 1.03e-05 1.63e-02  -5.0 5.23e-01    -  1.00e+00 1.00e+00f  1
  17  2.5518023e-03 3.38e-07 5.50e-04  -5.0 7.60e-02    -  1.00e+00 1.00e+00h  1

Number of Iterations....: 17

                                   (scaled)                 (unscaled)
Objective...............:   2.5518023116139566e-03    2.5518023116139566e-03
Dual infeasibility......:   5.4999733482795495e-04    5.4999733482795495e-04
Constraint violation....:   3.3817859250610325e-07    3.3817859250610325e-07
Complementarity.........:   1.0020265806742409e-05    1.0020265806742409e-05
Overall NLP error.......:   5.4999733482795495e-04    5.4999733482795495e-04


Number of objective function evaluations             = 29
Number of objective gradient evaluations             = 18
Number of equality constraint evaluations            = 29
Number of inequality constraint evaluations          = 29
Number of equality constraint Jacobian evaluations   = 18
Number of inequality constraint Jacobian evaluations = 18
Number of Lagrangian Hessian evaluations             = 0
Total CPU secs in IPOPT (w/o function evaluations)   =      0.515
Total CPU secs in NLP function evaluations           =      7.952

EXIT: Optimal Solution Found.
