
List of user-set options:

                                    Name   Value                used
              acceptable_constr_viol_tol = 0.0001                yes
                          acceptable_tol = 0.001                 yes
                             alpha_for_y = safer-min-dual-infeas  yes
                         constr_viol_tol = 0.0001                yes
                        file_print_level = 5                     yes
                   hessian_approximation = limited-memory        yes
                           linear_solver = mumps                 yes
                                max_iter = 200                   yes
                                 mu_init = 1e-05                 yes
                             mu_strategy = monotone              yes
                      nlp_scaling_method = gradient-based        yes
                             output_file = /home/kaleb/projects/learning/AAD-design/sardines/SARDINE_optimization6_out/IPOPT.out  yes
                             print_level = 5                     yes
                      print_user_options = yes                   yes
                                      sb = yes                   yes
                                     tol = 0.0001                yes
This is Ipopt version 3.11.9, running with linear solver mumps.
NOTE: Other linear solvers might be more efficient (see Ipopt documentation).

Number of nonzeros in equality constraint Jacobian...:    11716
Number of nonzeros in inequality constraint Jacobian.:     4156
Number of nonzeros in Lagrangian Hessian.............:        0

Total number of variables............................:      213
                     variables with only lower bounds:        2
                variables with lower and upper bounds:      211
                     variables with only upper bounds:        0
Total number of equality constraints.................:      200
Total number of inequality constraints...............:      124
        inequality constraints with only lower bounds:       20
   inequality constraints with lower and upper bounds:       64
        inequality constraints with only upper bounds:       40

iter    objective    inf_pr   inf_du lg(mu)  ||d||  lg(rg) alpha_du alpha_pr  ls
   0  1.5427322e-03 1.08e+01 1.00e+00  -5.0 0.00e+00    -  0.00e+00 0.00e+00   0
   1  3.7244710e-03 1.04e+01 2.47e+00  -5.0 7.34e+00    -  2.95e-03 3.41e-02h  1
   2  5.0372961e-03 1.04e+01 2.67e+00  -5.0 7.63e+00    -  1.21e-02 4.33e-03h  1
   3  1.0682255e-02 1.02e+01 3.43e+00  -5.0 1.16e+01    -  1.27e-02 1.43e-02h  1
   4  1.6531902e-02 1.01e+01 4.55e+00  -5.0 1.20e+01    -  2.63e-02 1.45e-02h  1
   5  3.1012145e-02 9.70e+00 7.93e+00  -5.0 1.18e+01    -  2.74e-02 3.64e-02h  1
   6  3.1756004e-02 9.66e+00 1.05e+01  -5.0 9.87e+00    -  1.47e-02 4.37e-03h  1
   7  3.2805438e-02 9.61e+00 2.12e+01  -5.0 6.04e+01    -  3.37e-03 5.05e-03h  1
   8  3.4177854e-02 9.58e+00 2.20e+01  -5.0 4.11e+01    -  9.62e-04 3.83e-03h  2
   9  3.7982598e-02 9.49e+00 2.53e+01  -5.0 2.86e+01    -  5.51e-06 8.85e-03h  1
iter    objective    inf_pr   inf_du lg(mu)  ||d||  lg(rg) alpha_du alpha_pr  ls
  10  4.8871294e-02 9.29e+00 2.82e+01  -5.0 1.83e+01    -  3.92e-03 2.17e-02h  1
  11  5.6554775e-02 9.18e+00 2.82e+01  -5.0 1.18e+01    -  2.69e-05 1.19e-02h  1
  12  8.3197308e-02 8.81e+00 2.79e+01  -5.0 1.12e+01    -  1.07e-02 3.99e-02h  1
  13  1.0667534e-01 8.52e+00 2.75e+01  -5.0 4.63e+00    -  1.90e-02 3.29e-02h  1
  14  1.2546939e-01 8.28e+00 2.65e+01  -5.0 4.40e+00    -  4.64e-02 2.77e-02h  1
  15  1.5462944e-01 7.95e+00 2.53e+01  -5.0 6.70e+00    -  4.81e-02 3.97e-02h  1
  16  2.1438554e-01 7.27e+00 3.85e+01  -5.0 6.19e+00    -  2.66e-02 8.56e-02h  1
  17  2.1787286e-01 7.24e+00 3.68e+01  -5.0 4.74e+00    -  3.80e-03 4.77e-03h  1
  18  2.4263215e-01 6.99e+00 2.18e+01  -5.0 4.66e+00    -  6.33e-02 3.44e-02h  1
  19  2.9753265e-01 6.44e+00 2.06e+01  -5.0 4.54e+00    -  2.79e-03 7.84e-02h  1
iter    objective    inf_pr   inf_du lg(mu)  ||d||  lg(rg) alpha_du alpha_pr  ls
  20  3.0263853e-01 6.39e+00 2.04e+01  -5.0 4.31e+00    -  8.75e-03 7.68e-03h  1
  21  3.5866889e-01 5.85e+00 2.30e+01  -5.0 4.31e+00    -  3.12e-02 8.42e-02h  1
  22  3.6593107e-01 5.79e+00 1.90e+01  -5.0 4.00e+00    -  5.94e-02 1.18e-02h  1
  23  5.2147850e-01 4.30e+00 2.63e+01  -5.0 3.93e+00    -  3.00e-02 2.57e-01h  1
  24  5.2310838e-01 4.29e+00 2.64e+01  -5.0 2.90e+00    -  4.48e-04 3.64e-03h  1
  25  5.4344530e-01 4.09e+00 2.70e+01  -5.0 2.85e+00    -  1.86e-02 4.62e-02h  1
  26  5.5658598e-01 3.96e+00 2.70e+01  -5.0 2.73e+00    -  2.92e-02 3.12e-02h  1
  27  6.0507653e-01 3.49e+00 3.12e+01  -5.0 2.67e+00    -  6.76e-03 1.18e-01h  1
  28  6.1988050e-01 3.35e+00 3.13e+01  -5.0 2.32e+00    -  2.77e-02 4.13e-02h  1
  29  7.7280611e-01 1.87e+00 3.92e+01  -5.0 2.25e+00    -  8.43e-02 4.41e-01h  1
iter    objective    inf_pr   inf_du lg(mu)  ||d||  lg(rg) alpha_du alpha_pr  ls
  30  7.7294496e-01 1.87e+00 3.92e+01  -5.0 1.21e+00    -  2.37e-05 7.43e-04h  1
  31  9.3198557e-01 2.86e-01 4.56e+01  -5.0 1.22e+00    -  5.18e-02 8.47e-01h  1
  32  9.3718760e-01 2.34e-01 4.00e+01  -5.0 1.85e-01    -  7.99e-02 1.82e-01h  1
  33  9.6037492e-01 5.71e-05 2.79e+01  -5.0 1.50e-01    -  1.93e-01 1.00e+00h  1
  34  9.6023951e-01 4.10e-07 8.40e+00  -5.0 1.56e-03    -  6.99e-01 1.00e+00h  1
  35  9.6022186e-01 1.93e-07 3.64e+00  -5.0 3.73e-03    -  5.67e-01 1.00e+00h  1
  36  9.6020573e-01 1.96e-07 1.56e+00  -5.0 8.15e-03    -  5.71e-01 1.00e+00h  1
  37  9.6017568e-01 1.48e-06 5.80e-01  -5.0 1.60e-02    -  6.28e-01 1.00e+00h  1
  38  9.6011308e-01 7.13e-07 2.13e-01  -5.0 3.08e-02    -  6.32e-01 1.00e+00h  1
  39  9.5997121e-01 7.86e-07 1.61e-01  -5.0 3.70e-02    -  2.46e-01 1.00e+00h  1
iter    objective    inf_pr   inf_du lg(mu)  ||d||  lg(rg) alpha_du alpha_pr  ls
  40  9.5962464e-01 9.05e-07 3.57e-02  -5.0 6.03e-03    -  7.91e-01 1.00e+00h  1
  41  9.5930080e-01 9.44e-07 1.78e-02  -5.0 1.88e-02    -  6.02e-01 1.00e+00h  1
  42  9.5891767e-01 1.15e-06 1.22e-02  -5.0 1.29e-02    -  4.00e-01 1.00e+00h  1
  43  9.5844764e-01 1.06e-06 9.71e-03  -5.0 1.78e-02    -  8.75e-01 1.00e+00h  1
  44  9.5800437e-01 1.08e-06 8.27e-03  -5.0 1.62e-02    -  7.67e-01 1.00e+00h  1
  45  9.5754213e-01 1.10e-06 9.03e-03  -5.0 1.61e-02    -  1.00e+00 1.00e+00h  1
  46  9.5707825e-01 2.04e-06 8.98e-03  -5.0 1.57e-02    -  1.00e+00 1.00e+00h  1
  47  9.5661062e-01 1.12e-06 9.13e-03  -5.0 1.53e-02    -  1.00e+00 1.00e+00h  1
  48  9.5614012e-01 1.13e-06 9.22e-03  -5.0 1.50e-02    -  1.00e+00 1.00e+00h  1
  49  9.5566683e-01 1.17e-06 9.32e-03  -5.0 1.48e-02    -  1.00e+00 1.00e+00h  1
iter    objective    inf_pr   inf_du lg(mu)  ||d||  lg(rg) alpha_du alpha_pr  ls
  50  9.5519094e-01 1.18e-06 9.41e-03  -5.0 1.45e-02    -  1.00e+00 1.00e+00h  1
  51  9.5471256e-01 1.19e-06 9.50e-03  -5.0 1.43e-02    -  1.00e+00 1.00e+00h  1
  52  9.5423198e-01 1.44e-06 9.58e-03  -5.0 1.41e-02    -  1.00e+00 1.00e+00h  1
  53  9.5374927e-01 1.22e-06 9.65e-03  -5.0 1.38e-02    -  1.00e+00 1.00e+00h  1
  54  9.5326447e-01 1.23e-06 9.72e-03  -5.0 1.36e-02    -  1.00e+00 1.00e+00h  1
  55  9.5277762e-01 1.24e-06 9.80e-03  -5.0 1.38e-02    -  1.00e+00 1.00e+00h  1
  56  9.5228893e-01 1.26e-06 9.87e-03  -5.0 1.36e-02    -  1.00e+00 1.00e+00h  1
  57  9.5179847e-01 1.28e-06 9.93e-03  -5.0 1.34e-02    -  1.00e+00 1.00e+00h  1
  58  9.5130630e-01 1.30e-06 9.99e-03  -5.0 1.32e-02    -  1.00e+00 1.00e+00h  1
  59  9.5081249e-01 1.32e-06 1.01e-02  -5.0 1.30e-02    -  1.00e+00 1.00e+00h  1
iter    objective    inf_pr   inf_du lg(mu)  ||d||  lg(rg) alpha_du alpha_pr  ls
  60  9.5031693e-01 1.33e-06 1.01e-02  -5.0 1.31e-02    -  1.00e+00 1.00e+00h  1
  61  9.4981990e-01 1.34e-06 1.02e-02  -5.0 1.30e-02    -  1.00e+00 1.00e+00h  1
  62  9.4932144e-01 1.36e-06 1.02e-02  -5.0 1.28e-02    -  1.00e+00 1.00e+00h  1
  63  9.4882159e-01 1.37e-06 1.03e-02  -5.0 1.27e-02    -  1.00e+00 1.00e+00h  1
  64  9.4832043e-01 1.39e-06 1.03e-02  -5.0 1.25e-02    -  1.00e+00 1.00e+00h  1
  65  9.4781802e-01 1.43e-06 1.04e-02  -5.0 1.24e-02    -  1.00e+00 1.00e+00h  1
  66  9.4731449e-01 1.44e-06 1.04e-02  -5.0 1.23e-02    -  1.00e+00 1.00e+00h  1
  67  9.4680981e-01 1.46e-06 1.04e-02  -5.0 1.22e-02    -  1.00e+00 1.00e+00h  1
  68  9.4630406e-01 1.48e-06 1.05e-02  -5.0 1.22e-02    -  1.00e+00 1.00e+00h  1
  69  9.4579731e-01 1.49e-06 1.05e-02  -5.0 1.21e-02    -  1.00e+00 1.00e+00h  1
iter    objective    inf_pr   inf_du lg(mu)  ||d||  lg(rg) alpha_du alpha_pr  ls
  70  9.4528964e-01 1.51e-06 1.06e-02  -5.0 1.20e-02    -  1.00e+00 1.00e+00h  1
  71  9.4478109e-01 1.53e-06 1.06e-02  -5.0 1.19e-02    -  1.00e+00 1.00e+00h  1
  72  9.4427166e-01 1.56e-06 1.06e-02  -5.0 1.18e-02    -  1.00e+00 1.00e+00h  1
  73  9.4376148e-01 1.59e-06 1.06e-02  -5.0 1.17e-02    -  1.00e+00 1.00e+00h  1
  74  9.4325046e-01 1.61e-06 1.07e-02  -5.0 1.19e-02    -  1.00e+00 1.00e+00h  1
  75  9.4273893e-01 1.64e-06 1.07e-02  -5.0 1.16e-02    -  1.00e+00 1.00e+00h  1
  76  9.4222686e-01 1.66e-06 1.07e-02  -5.0 1.16e-02    -  1.00e+00 1.00e+00h  1
  77  9.4171430e-01 1.69e-06 1.07e-02  -5.0 1.15e-02    -  1.00e+00 1.00e+00h  1
  78  9.4120131e-01 1.72e-06 1.07e-02  -5.0 1.14e-02    -  1.00e+00 1.00e+00h  1
  79  9.4068797e-01 1.75e-06 1.07e-02  -5.0 1.14e-02    -  1.00e+00 1.00e+00h  1
iter    objective    inf_pr   inf_du lg(mu)  ||d||  lg(rg) alpha_du alpha_pr  ls
  80  9.4017434e-01 1.78e-06 1.07e-02  -5.0 1.13e-02    -  1.00e+00 1.00e+00h  1
  81  9.3966051e-01 1.83e-06 1.07e-02  -5.0 1.12e-02    -  1.00e+00 1.00e+00h  1
  82  9.3914656e-01 1.86e-06 1.07e-02  -5.0 1.12e-02    -  1.00e+00 1.00e+00h  1
  83  9.3863258e-01 1.90e-06 1.07e-02  -5.0 1.12e-02    -  1.00e+00 1.00e+00h  1
  84  9.3811856e-01 1.94e-06 1.07e-02  -5.0 1.14e-02    -  1.00e+00 1.00e+00h  1
  85  9.3760470e-01 1.99e-06 1.07e-02  -5.0 1.14e-02    -  1.00e+00 1.00e+00h  1
  86  9.3709114e-01 2.04e-06 1.07e-02  -5.0 1.12e-02    -  1.00e+00 1.00e+00h  1
  87  9.3657783e-01 2.09e-06 1.07e-02  -5.0 1.12e-02    -  1.00e+00 1.00e+00h  1
  88  9.3606500e-01 2.15e-06 1.07e-02  -5.0 1.14e-02    -  1.00e+00 1.00e+00h  1
  89  9.2198702e-01 2.47e-03 1.07e-02  -5.0 9.57e+01    -  3.21e-03 3.54e-03f  1
iter    objective    inf_pr   inf_du lg(mu)  ||d||  lg(rg) alpha_du alpha_pr  ls
  90  9.0681165e-01 2.45e-03 1.03e-02  -5.0 4.15e+01    -  3.99e-03 2.89e-02h  1
  91  9.0166005e-01 2.26e-03 1.03e-02  -5.0 9.46e+00    -  1.54e-02 9.37e-02h  1
  92  8.9837623e-01 2.24e-03 1.03e-02  -5.0 1.04e+01    -  1.33e-02 9.65e-03h  1
  93  8.9052427e-01 2.31e-03 1.02e-02  -5.0 3.03e+01    -  6.32e-03 9.56e-03f  1
  94  8.9058154e-01 2.25e-03 8.76e-02  -5.0 5.18e-01    -  8.66e-01 2.72e-02h  1
  95  8.9073698e-01 2.11e-03 8.40e-02  -5.0 4.91e-01    -  7.58e-01 6.35e-02h  1
  96  8.9118346e-01 1.78e-03 1.14e-01  -5.0 4.55e-01    -  1.00e+00 1.56e-01h  1
  97  8.9233274e-01 2.09e-03 1.35e-01  -5.0 1.39e-01    -  8.50e-01 3.38e-01h  1
  98  8.9425384e-01 2.05e-04 1.24e-01  -5.0 4.87e-01    -  2.80e-01 8.26e-01h  1
  99  8.9435123e-01 1.31e-04 3.04e-02  -5.0 2.67e-01    -  9.04e-01 3.60e-01h  1
iter    objective    inf_pr   inf_du lg(mu)  ||d||  lg(rg) alpha_du alpha_pr  ls
 100  8.9443002e-01 7.23e-05 2.02e-02  -5.0 8.20e-02    -  9.94e-01 4.51e-01h  1
 101  8.9445807e-01 4.64e-06 1.50e-02  -5.0 6.03e-02    -  9.26e-01 1.00e+00f  1
 102  8.9431573e-01 1.26e-06 9.54e-03  -5.0 4.03e-02    -  1.00e+00 1.00e+00h  1
 103  8.9416466e-01 1.24e-06 9.33e-03  -5.0 3.94e-02    -  1.00e+00 1.00e+00h  1
 104  8.9400108e-01 1.18e-06 9.11e-03  -5.0 3.84e-02    -  1.00e+00 1.00e+00h  1
 105  8.9383431e-01 1.15e-06 8.96e-03  -5.0 3.79e-02    -  1.00e+00 1.00e+00h  1
 106  8.9366711e-01 1.10e-06 8.77e-03  -5.0 3.70e-02    -  1.00e+00 1.00e+00h  1
 107  8.9350255e-01 3.46e-06 7.66e-03  -5.0 3.54e-02    -  1.00e+00 1.00e+00h  1
 108  8.9323320e-01 3.74e-06 4.18e-03  -5.0 2.86e-01    -  1.00e+00 1.78e-01h  1
 109  8.9306348e-01 1.73e-06 1.54e-03  -5.0 4.41e-02    -  1.00e+00 1.00e+00f  1
iter    objective    inf_pr   inf_du lg(mu)  ||d||  lg(rg) alpha_du alpha_pr  ls
 110  8.9295024e-01 1.69e-07 1.55e-03  -5.0 4.55e-02    -  1.00e+00 1.00e+00h  1
 111  8.9294592e-01 2.10e-08 1.46e-03  -5.0 1.46e-03    -  1.00e+00 1.00e+00h  1
 112  8.9294225e-01 7.38e-09 1.47e-03  -5.0 1.47e-03    -  1.00e+00 1.00e+00h  1
 113  8.9293867e-01 3.56e-09 1.47e-03  -5.0 1.47e-03    -  1.00e+00 1.00e+00h  1
 114  8.9293512e-01 1.95e-09 1.47e-03  -5.0 1.47e-03    -  1.00e+00 1.00e+00h  1
 115  8.9293158e-01 1.24e-09 1.47e-03  -5.0 1.47e-03    -  1.00e+00 1.00e+00h  1
 116  8.9292805e-01 9.17e-10 1.47e-03  -5.0 1.47e-03    -  1.00e+00 1.00e+00h  1
 117  8.9292451e-01 7.74e-10 1.47e-03  -5.0 1.46e-03    -  1.00e+00 1.00e+00h  1
 118  8.9292098e-01 7.10e-10 1.46e-03  -5.0 1.46e-03    -  1.00e+00 1.00e+00h  1
 119  8.9291745e-01 6.81e-10 1.46e-03  -5.0 1.46e-03    -  1.00e+00 1.00e+00h  1
iter    objective    inf_pr   inf_du lg(mu)  ||d||  lg(rg) alpha_du alpha_pr  ls
 120  8.9291393e-01 6.68e-10 1.46e-03  -5.0 1.46e-03    -  1.00e+00 1.00e+00h  1
 121  8.9291040e-01 6.61e-10 1.46e-03  -5.0 1.46e-03    -  1.00e+00 1.00e+00h  1
 122  8.9290688e-01 6.58e-10 1.46e-03  -5.0 1.46e-03    -  1.00e+00 1.00e+00h  1
 123  8.9290336e-01 6.55e-10 1.46e-03  -5.0 1.46e-03    -  1.00e+00 1.00e+00h  1
 124  8.9289985e-01 6.54e-10 1.46e-03  -5.0 1.46e-03    -  1.00e+00 1.00e+00h  1
 125  8.9289634e-01 6.53e-10 1.46e-03  -5.0 1.45e-03    -  1.00e+00 1.00e+00h  1
 126  8.9289283e-01 6.52e-10 1.45e-03  -5.0 1.45e-03    -  1.00e+00 1.00e+00h  1
 127  8.9288932e-01 6.51e-10 1.45e-03  -5.0 1.45e-03    -  1.00e+00 1.00e+00h  1
 128  8.9288582e-01 6.50e-10 1.45e-03  -5.0 1.45e-03    -  1.00e+00 1.00e+00h  1
 129  8.9288232e-01 6.50e-10 1.45e-03  -5.0 1.45e-03    -  1.00e+00 1.00e+00h  1
iter    objective    inf_pr   inf_du lg(mu)  ||d||  lg(rg) alpha_du alpha_pr  ls
 130  8.9287882e-01 6.49e-10 1.45e-03  -5.0 1.45e-03    -  1.00e+00 1.00e+00h  1
 131  8.9287533e-01 6.49e-10 1.45e-03  -5.0 1.45e-03    -  1.00e+00 1.00e+00h  1
 132  8.9287184e-01 6.48e-10 1.44e-03  -5.0 1.44e-03    -  1.00e+00 1.00e+00h  1
 133  8.9286836e-01 6.48e-10 1.44e-03  -5.0 1.44e-03    -  1.00e+00 1.00e+00h  1
 134  8.9286488e-01 6.48e-10 1.44e-03  -5.0 1.44e-03    -  1.00e+00 1.00e+00h  1
 135  8.9286140e-01 6.48e-10 1.44e-03  -5.0 1.44e-03    -  1.00e+00 1.00e+00h  1
 136  8.9285793e-01 6.48e-10 1.44e-03  -5.0 1.44e-03    -  1.00e+00 1.00e+00h  1
 137  8.9285446e-01 6.49e-10 1.43e-03  -5.0 1.43e-03    -  1.00e+00 1.00e+00h  1
 138  8.9285100e-01 6.49e-10 1.43e-03  -5.0 1.43e-03    -  1.00e+00 1.00e+00h  1
 139  8.9284754e-01 6.50e-10 1.43e-03  -5.0 1.43e-03    -  1.00e+00 1.00e+00h  1
iter    objective    inf_pr   inf_du lg(mu)  ||d||  lg(rg) alpha_du alpha_pr  ls
 140  8.9284409e-01 6.51e-10 1.43e-03  -5.0 1.43e-03    -  1.00e+00 1.00e+00h  1
 141  8.9284064e-01 6.52e-10 1.42e-03  -5.0 1.42e-03    -  1.00e+00 1.00e+00h  1
 142  8.9283720e-01 6.53e-10 1.42e-03  -5.0 1.42e-03    -  1.00e+00 1.00e+00h  1
 143  8.9283377e-01 6.55e-10 1.42e-03  -5.0 1.42e-03    -  1.00e+00 1.00e+00h  1
 144  8.9283034e-01 6.57e-10 1.42e-03  -5.0 1.41e-03    -  1.00e+00 1.00e+00h  1
 145  8.9282692e-01 6.59e-10 1.41e-03  -5.0 1.41e-03    -  1.00e+00 1.00e+00h  1
 146  8.9282351e-01 6.61e-10 1.41e-03  -5.0 1.41e-03    -  1.00e+00 1.00e+00h  1
 147  8.9282010e-01 6.64e-10 1.40e-03  -5.0 1.40e-03    -  1.00e+00 1.00e+00h  1
 148  8.9281670e-01 6.67e-10 1.40e-03  -5.0 1.40e-03    -  1.00e+00 1.00e+00h  1
 149  8.9281331e-01 6.71e-10 1.40e-03  -5.0 1.40e-03    -  1.00e+00 1.00e+00h  1
iter    objective    inf_pr   inf_du lg(mu)  ||d||  lg(rg) alpha_du alpha_pr  ls
 150  8.9280993e-01 6.75e-10 1.39e-03  -5.0 1.39e-03    -  1.00e+00 1.00e+00h  1
 151  8.9280656e-01 6.79e-10 1.39e-03  -5.0 1.39e-03    -  1.00e+00 1.00e+00h  1
 152  8.9280320e-01 6.85e-10 1.38e-03  -5.0 1.38e-03    -  1.00e+00 1.00e+00h  1
 153  8.9279985e-01 6.90e-10 1.38e-03  -5.0 1.38e-03    -  1.00e+00 1.00e+00h  1
 154  8.9279651e-01 6.97e-10 1.37e-03  -5.0 1.37e-03    -  1.00e+00 1.00e+00h  1
 155  8.9279318e-01 7.04e-10 1.37e-03  -5.0 1.37e-03    -  1.00e+00 1.00e+00h  1
 156  8.9278987e-01 7.12e-10 1.36e-03  -5.0 1.36e-03    -  1.00e+00 1.00e+00h  1
 157  8.9278657e-01 7.21e-10 1.36e-03  -5.0 1.35e-03    -  1.00e+00 1.00e+00h  1
 158  8.9278328e-01 7.32e-10 1.35e-03  -5.0 1.35e-03    -  1.00e+00 1.00e+00h  1
 159  8.9278001e-01 7.43e-10 1.34e-03  -5.0 1.34e-03    -  1.00e+00 1.00e+00h  1
iter    objective    inf_pr   inf_du lg(mu)  ||d||  lg(rg) alpha_du alpha_pr  ls
 160  8.9277676e-01 7.56e-10 1.33e-03  -5.0 1.33e-03    -  1.00e+00 1.00e+00h  1
 161  8.9277352e-01 7.71e-10 1.32e-03  -5.0 1.32e-03    -  1.00e+00 1.00e+00h  1
 162  8.9277031e-01 7.88e-10 1.31e-03  -5.0 1.31e-03    -  1.00e+00 1.00e+00h  1
 163  8.9276711e-01 8.07e-10 1.30e-03  -5.0 1.30e-03    -  1.00e+00 1.00e+00h  1
 164  8.9276394e-01 8.28e-10 1.29e-03  -5.0 1.29e-03    -  1.00e+00 1.00e+00h  1
 165  8.9276079e-01 8.52e-10 1.28e-03  -5.0 1.28e-03    -  1.00e+00 1.00e+00h  1
 166  8.9275767e-01 8.79e-10 1.27e-03  -5.0 1.27e-03    -  1.00e+00 1.00e+00h  1
 167  8.9275458e-01 9.10e-10 1.25e-03  -5.0 1.25e-03    -  1.00e+00 1.00e+00h  1
 168  8.9275152e-01 9.46e-10 1.24e-03  -5.0 1.24e-03    -  1.00e+00 1.00e+00h  1
 169  8.9274849e-01 9.86e-10 1.22e-03  -5.0 1.22e-03    -  1.00e+00 1.00e+00h  1
iter    objective    inf_pr   inf_du lg(mu)  ||d||  lg(rg) alpha_du alpha_pr  ls
 170  8.9274551e-01 1.03e-09 1.20e-03  -5.0 1.20e-03    -  1.00e+00 1.00e+00h  1
 171  8.9274256e-01 1.09e-09 1.18e-03  -5.0 1.18e-03    -  1.00e+00 1.00e+00h  1
 172  8.9273967e-01 1.15e-09 1.15e-03  -5.0 1.15e-03    -  1.00e+00 1.00e+00h  1
 173  8.9273683e-01 1.22e-09 1.13e-03  -5.0 1.13e-03    -  1.00e+00 1.00e+00h  1
 174  8.9273404e-01 1.29e-09 1.10e-03  -5.0 1.10e-03    -  1.00e+00 1.00e+00h  1
 175  8.9273132e-01 1.39e-09 1.06e-03  -5.0 1.06e-03    -  1.00e+00 1.00e+00h  1
 176  8.9272868e-01 1.49e-09 1.02e-03  -5.0 1.02e-03    -  1.00e+00 1.00e+00h  1
 177  8.9272612e-01 1.60e-09 9.81e-04  -5.0 9.81e-04    -  1.00e+00 1.00e+00h  1
 178  8.9272365e-01 1.73e-09 9.34e-04  -5.0 9.34e-04    -  1.00e+00 1.00e+00h  1
 179  8.9272128e-01 1.87e-09 8.81e-04  -5.0 8.81e-04    -  1.00e+00 1.00e+00h  1
iter    objective    inf_pr   inf_du lg(mu)  ||d||  lg(rg) alpha_du alpha_pr  ls
 180  8.9271903e-01 2.02e-09 8.22e-04  -5.0 8.22e-04    -  1.00e+00 1.00e+00h  1
 181  8.9271691e-01 2.17e-09 7.57e-04  -5.0 7.57e-04    -  1.00e+00 1.00e+00h  1
 182  8.9271494e-01 2.31e-09 6.88e-04  -5.0 6.88e-04    -  1.00e+00 1.00e+00h  1
 183  8.9271312e-01 2.42e-09 6.14e-04  -5.0 6.14e-04    -  1.00e+00 1.00e+00h  1
 184  8.9271147e-01 2.50e-09 5.38e-04  -5.0 5.38e-04    -  1.00e+00 1.00e+00h  1
 185  8.9271000e-01 2.52e-09 4.62e-04  -5.0 4.62e-04    -  1.00e+00 1.00e+00h  1
 186  8.9270872e-01 2.48e-09 3.88e-04  -5.0 3.88e-04    -  1.00e+00 1.00e+00h  1
 187  8.9270761e-01 2.36e-09 3.20e-04  -5.0 3.20e-04    -  1.00e+00 1.00e+00h  1
 188  8.9270669e-01 2.18e-09 2.58e-04  -5.0 2.58e-04    -  1.00e+00 1.00e+00h  1
 189  8.9270593e-01 1.95e-09 1.71e-04  -5.0 2.05e-04    -  1.00e+00 1.00e+00h  1
iter    objective    inf_pr   inf_du lg(mu)  ||d||  lg(rg) alpha_du alpha_pr  ls
 190  8.9270531e-01 1.69e-09 1.34e-04  -5.0 1.60e-04    -  1.00e+00 1.00e+00h  1
 191  8.9270482e-01 1.42e-09 1.03e-04  -5.0 1.24e-04    -  1.00e+00 1.00e+00h  1

Number of Iterations....: 191

                                   (scaled)                 (unscaled)
Objective...............:   8.9270481992765771e-01    8.9270481992765771e-01
Dual infeasibility......:   1.0333908804289853e-04    1.0333908804289853e-04
Constraint violation....:   1.4206282933186868e-09    1.4206282933186868e-09
Complementarity.........:   1.0000000000000006e-05    1.0000000000000006e-05
Overall NLP error.......:   1.0333908804289853e-04    1.0333908804289853e-04


Number of objective function evaluations             = 194
Number of objective gradient evaluations             = 192
Number of equality constraint evaluations            = 194
Number of inequality constraint evaluations          = 194
Number of equality constraint Jacobian evaluations   = 192
Number of inequality constraint Jacobian evaluations = 192
Number of Lagrangian Hessian evaluations             = 0
Total CPU secs in IPOPT (w/o function evaluations)   =      0.949
Total CPU secs in NLP function evaluations           =     78.244

EXIT: Solved To Acceptable Level.
