
List of user-set options:

                                    Name   Value                used
              acceptable_constr_viol_tol = 0.001                 yes
                          acceptable_tol = 0.01                  yes
                             alpha_for_y = safer-min-dual-infeas  yes
                         constr_viol_tol = 0.001                 yes
                        file_print_level = 5                     yes
                   hessian_approximation = limited-memory        yes
                           linear_solver = mumps                 yes
                                max_iter = 66                    yes
                                 mu_init = 1e-05                 yes
                             mu_strategy = monotone              yes
                      nlp_scaling_method = gradient-based        yes
                             output_file = /home/kaleb/projects/learning/AAD-design/sardines/SARDINE_optimization25_out/IPOPT.out  yes
                             print_level = 5                     yes
                      print_user_options = yes                   yes
                                      sb = yes                   yes
                                     tol = 0.001                 yes
This is Ipopt version 3.11.9, running with linear solver mumps.
NOTE: Other linear solvers might be more efficient (see Ipopt documentation).

Number of nonzeros in equality constraint Jacobian...:    11828
Number of nonzeros in inequality constraint Jacobian.:     4160
Number of nonzeros in Lagrangian Hessian.............:        0

Total number of variables............................:      215
                     variables with only lower bounds:        2
                variables with lower and upper bounds:      213
                     variables with only upper bounds:        0
Total number of equality constraints.................:      206
Total number of inequality constraints...............:      124
        inequality constraints with only lower bounds:       20
   inequality constraints with lower and upper bounds:       64
        inequality constraints with only upper bounds:       40

iter    objective    inf_pr   inf_du lg(mu)  ||d||  lg(rg) alpha_du alpha_pr  ls
   0  5.3995626e-06 1.96e+01 1.00e+00  -5.0 0.00e+00    -  0.00e+00 0.00e+00   0
   1  7.8539625e-06 1.92e+01 9.96e-01  -5.0 5.45e+00    -  6.82e-03 1.83e-02h  1
   2  7.8401357e-06 1.92e+01 1.08e+00  -5.0 4.84e+00    -  1.81e-02 1.05e-03h  1
   3  7.4972030e-06 1.80e+01 1.06e+00  -5.0 4.55e+00    -  1.68e-02 6.23e-02h  1
   4  1.3423155e-05 1.78e+01 1.25e+00  -5.0 3.78e+00    -  1.11e-02 8.85e-03h  1
   5  1.4037655e-04 1.66e+01 1.24e+00  -5.0 3.32e+00    -  7.73e-03 7.08e-02h  1
   6  2.8832706e-04 1.52e+01 1.20e+00  -5.0 3.25e+00    -  7.53e-02 8.42e-02h  1
   7r 2.8832706e-04 1.52e+01 9.99e+02   1.2 0.00e+00    -  0.00e+00 4.63e-07R  2
   8r 2.7931693e-04 1.53e+01 9.99e+02   1.2 2.49e+06    -  1.87e-06 3.74e-08f  6
   9r 3.1076421e-04 1.07e+01 9.99e+02   1.2 1.56e+03    -  8.20e-05 2.93e-03f  1
iter    objective    inf_pr   inf_du lg(mu)  ||d||  lg(rg) alpha_du alpha_pr  ls
  10r 3.1076421e-04 1.07e+01 9.99e+02   1.0 0.00e+00    -  0.00e+00 4.14e-07R  3
  11r 3.0064519e-04 1.08e+01 9.99e+02   1.0 2.52e+05    -  1.33e-05 3.95e-07f  5
  12r 3.2818290e-04 8.70e+00 9.98e+02   1.0 1.59e+03    -  1.11e-03 1.33e-03f  1
  13  3.5490479e-04 8.56e+00 6.13e+00  -5.0 3.20e+00    -  3.70e-02 1.55e-02h  1
  14  3.7681794e-04 8.47e+00 5.88e+00  -5.0 3.66e+00    -  4.02e-02 1.11e-02h  1
  15  4.7408679e-04 8.07e+00 4.86e+00  -5.0 3.88e+00    -  4.28e-02 4.64e-02h  1
  16  8.2489144e-04 6.60e+00 4.55e+00  -5.0 3.56e+00    -  5.68e-02 1.83e-01h  1
  17  9.7387713e-04 5.92e+00 5.62e+00  -5.0 6.29e+00    -  1.22e-01 1.03e-01h  1
  18  1.0750493e-03 5.47e+00 5.70e+00  -5.0 3.05e+00    -  1.68e-01 7.61e-02h  1
  19  1.1799040e-03 4.99e+00 5.92e+00  -5.0 3.19e+00    -  1.51e-01 8.67e-02h  1
iter    objective    inf_pr   inf_du lg(mu)  ||d||  lg(rg) alpha_du alpha_pr  ls
  20  1.9521452e-03 1.50e+00 1.26e+01  -5.0 2.46e+00    -  3.44e-01 6.99e-01h  1
  21  2.2885024e-03 1.14e-04 6.44e+00  -5.0 8.01e-01    -  7.50e-01 1.00e+00h  1
  22  2.2875258e-03 3.87e-07 3.47e-02  -5.0 2.07e-02    -  9.95e-01 1.00e+00h  1
  23  2.2874413e-03 5.19e-07 5.50e-03  -5.0 3.41e-02    -  8.41e-01 1.00e+00f  1
  24  2.2877138e-03 1.09e-05 7.24e-03  -5.0 5.80e-01    -  3.48e-01 1.00e+00h  1
  25  2.2877372e-03 1.48e-06 2.41e-03  -5.0 1.53e-01    -  1.00e+00 1.00e+00h  1
  26  2.2877519e-03 2.03e-06 2.45e-03  -5.0 1.66e-01    -  1.00e+00 1.00e+00h  1
  27  2.2877842e-03 8.59e-07 2.05e-03  -5.0 1.43e-01    -  1.00e+00 1.00e+00h  1
  28  2.2878229e-03 7.35e-07 1.93e-03  -5.0 1.37e-01    -  1.00e+00 1.00e+00h  1
  29  2.2878628e-03 6.20e-07 1.82e-03  -5.0 1.30e-01    -  1.00e+00 1.00e+00h  1
iter    objective    inf_pr   inf_du lg(mu)  ||d||  lg(rg) alpha_du alpha_pr  ls
  30  2.2879024e-03 5.50e-07 1.73e-03  -5.0 1.25e-01    -  1.00e+00 1.00e+00h  1
  31  2.2879414e-03 5.31e-07 1.66e-03  -5.0 1.21e-01    -  1.00e+00 1.00e+00h  1
  32  2.2879799e-03 5.15e-07 1.60e-03  -5.0 1.17e-01    -  1.00e+00 1.00e+00h  1
  33  2.2880179e-03 5.01e-07 1.55e-03  -5.0 1.14e-01    -  1.00e+00 1.00e+00h  1
  34  2.2880555e-03 5.65e-07 1.51e-03  -5.0 1.12e-01    -  1.00e+00 1.00e+00h  1
  35  2.2901301e-03 5.83e-05 1.32e-02  -5.0 5.84e+00    -  7.39e-01 1.00e+00h  1
  36  2.2959072e-03 2.35e-04 7.66e-03  -5.0 8.51e+00    -  5.37e-01 1.00e+00h  1
  37  2.3207370e-03 1.65e-04 5.28e-03  -5.0 4.56e+00    -  5.36e-01 1.00e+00h  1
  38  2.3654836e-03 6.75e-04 2.53e-03  -5.0 4.07e+00    -  8.98e-01 8.54e-01h  1
  39  2.3660011e-03 7.12e-05 5.32e-02  -5.0 1.27e+00    -  1.00e+00 1.00e+00h  1
iter    objective    inf_pr   inf_du lg(mu)  ||d||  lg(rg) alpha_du alpha_pr  ls
  40  2.3660195e-03 7.47e-07 4.76e-04  -5.0 1.97e-01    -  1.00e+00 1.00e+00h  1

Number of Iterations....: 40

                                   (scaled)                 (unscaled)
Objective...............:   2.3660194743241893e-03    2.3660194743241893e-03
Dual infeasibility......:   4.7617330145530037e-04    4.7617330145530037e-04
Constraint violation....:   7.4695503437824367e-07    7.4695503437824367e-07
Complementarity.........:   1.7329429803190376e-05    1.7329429803190376e-05
Overall NLP error.......:   4.7617330145530037e-04    4.7617330145530037e-04


Number of objective function evaluations             = 57
Number of objective gradient evaluations             = 39
Number of equality constraint evaluations            = 57
Number of inequality constraint evaluations          = 57
Number of equality constraint Jacobian evaluations   = 43
Number of inequality constraint Jacobian evaluations = 43
Number of Lagrangian Hessian evaluations             = 0
Total CPU secs in IPOPT (w/o function evaluations)   =      0.832
Total CPU secs in NLP function evaluations           =     26.118

EXIT: Optimal Solution Found.
