
List of user-set options:

                                    Name   Value                used
              acceptable_constr_viol_tol = 0.001                 yes
                          acceptable_tol = 0.01                  yes
                             alpha_for_y = safer-min-dual-infeas  yes
                         constr_viol_tol = 0.001                 yes
                        file_print_level = 5                     yes
                   hessian_approximation = limited-memory        yes
                           linear_solver = mumps                 yes
                                max_iter = 66                    yes
                                 mu_init = 1e-05                 yes
                             mu_strategy = monotone              yes
                      nlp_scaling_method = gradient-based        yes
                             output_file = /home/kaleb/projects/learning/AAD-design/sardines/SARDINE_optimization19_out/IPOPT.out  yes
                             print_level = 5                     yes
                      print_user_options = yes                   yes
                                      sb = yes                   yes
                                     tol = 0.001                 yes
This is Ipopt version 3.11.9, running with linear solver mumps.
NOTE: Other linear solvers might be more efficient (see Ipopt documentation).

Number of nonzeros in equality constraint Jacobian...:     8831
Number of nonzeros in inequality constraint Jacobian.:     2080
Number of nonzeros in Lagrangian Hessian.............:        0

Total number of variables............................:      180
                     variables with only lower bounds:        2
                variables with lower and upper bounds:      178
                     variables with only upper bounds:        0
Total number of equality constraints.................:      174
Total number of inequality constraints...............:       84
        inequality constraints with only lower bounds:       20
   inequality constraints with lower and upper bounds:       44
        inequality constraints with only upper bounds:       20

iter    objective    inf_pr   inf_du lg(mu)  ||d||  lg(rg) alpha_du alpha_pr  ls
   0  5.3995626e-06 1.96e+01 1.00e+00  -5.0 0.00e+00    -  0.00e+00 0.00e+00   0
   1  1.4601648e-05 1.91e+01 9.96e-01  -5.0 6.44e+00    -  1.41e-02 2.44e-02h  1
   2  1.6688683e-05 1.90e+01 1.32e+00  -5.0 5.18e+00    -  2.39e-02 3.49e-03h  1
   3  4.9962663e-05 1.80e+01 1.29e+00  -5.0 3.99e+00    -  2.61e-02 5.45e-02h  1
   4  5.4699521e-05 1.78e+01 9.51e-01  -5.0 3.56e+00    -  2.19e-02 7.94e-03h  1
   5  5.8310852e-05 1.78e+01 9.49e-01  -5.0 1.25e+01    -  2.06e-03 4.00e-03h  1
   6  6.4455495e-05 1.76e+01 9.50e-01  -5.0 1.42e+01    -  1.00e-03 7.28e-03h  1
   7  6.5885307e-05 1.76e+01 9.58e-01  -5.0 9.45e+01    -  4.94e-04 9.24e-04h  1
   8  7.4399061e-05 1.76e+01 9.82e-01  -5.0 4.14e+01    -  7.57e-04 3.34e-03h  1
   9  7.7404961e-05 1.75e+01 9.90e-01  -5.0 1.87e+01    -  3.22e-03 1.02e-03h  1
iter    objective    inf_pr   inf_du lg(mu)  ||d||  lg(rg) alpha_du alpha_pr  ls
  10  2.8501734e-04 1.64e+01 6.07e+00  -5.0 1.69e+01    -  4.03e-03 6.72e-02f  1
  11  2.8513471e-04 1.64e+01 7.33e+00  -5.0 1.14e+02    -  1.07e-03 1.04e-04h  1
  12  2.9691664e-04 1.63e+01 7.62e+00  -5.0 7.39e+01    -  5.21e-08 6.66e-03f  1
  13  4.1958755e-04 1.55e+01 9.96e+00  -5.0 2.06e+01    -  3.28e-03 4.78e-02h  1
  14  2.3640810e-03 4.11e+00 2.25e+01  -5.0 4.90e+00    -  4.55e-02 7.35e-01h  1
  15  2.5904008e-03 2.77e+00 1.80e+01  -5.0 1.29e+00    -  3.15e-01 3.26e-01h  1
  16  2.8207373e-03 1.29e+00 7.07e+00  -5.0 9.37e-01    -  2.63e-05 5.34e-01h  1
  17  3.0457945e-03 8.61e-06 4.90e+00  -5.0 4.17e-01    -  4.67e-01 1.00e+00h  1
  18  3.0458184e-03 3.93e-07 2.57e-03  -5.0 1.27e-03    -  9.99e-01 1.00e+00h  1
  19  3.0459164e-03 2.89e-06 5.67e-03  -5.0 4.58e-01    -  9.71e-01 1.00e+00f  1
iter    objective    inf_pr   inf_du lg(mu)  ||d||  lg(rg) alpha_du alpha_pr  ls
  20  3.0459883e-03 1.21e-06 2.43e-03  -5.0 2.10e-01    -  1.00e+00 1.00e+00h  1
  21  3.0460627e-03 1.36e-06 2.73e-03  -5.0 2.34e-01    -  1.00e+00 1.00e+00h  1
  22  3.0461236e-03 1.18e-06 2.35e-03  -5.0 2.03e-01    -  1.00e+00 1.00e+00h  1
  23  3.0461786e-03 1.10e-06 2.17e-03  -5.0 1.89e-01    -  1.00e+00 1.00e+00h  1
  24  3.0462288e-03 1.02e-06 2.02e-03  -5.0 1.76e-01    -  1.00e+00 1.00e+00h  1
  25  3.0462751e-03 9.66e-07 1.90e-03  -5.0 1.67e-01    -  1.00e+00 1.00e+00h  1
  26  3.0463182e-03 9.16e-07 1.80e-03  -5.0 1.58e-01    -  1.00e+00 1.00e+00h  1
  27  3.0463588e-03 8.74e-07 1.71e-03  -5.0 1.51e-01    -  1.00e+00 1.00e+00h  1
  28  3.0463972e-03 8.37e-07 1.74e-03  -5.0 1.44e-01    -  1.00e+00 1.00e+00h  1
  29  3.0464326e-03 8.50e-07 1.66e-03  -5.0 1.46e-01    -  1.00e+00 1.00e+00h  1
iter    objective    inf_pr   inf_du lg(mu)  ||d||  lg(rg) alpha_du alpha_pr  ls
  30  3.0464659e-03 8.18e-07 1.59e-03  -5.0 1.41e-01    -  1.00e+00 1.00e+00h  1
  31  3.0464975e-03 7.91e-07 1.53e-03  -5.0 1.36e-01    -  1.00e+00 1.00e+00h  1
  32  3.0465276e-03 7.66e-07 1.48e-03  -5.0 1.32e-01    -  1.00e+00 1.00e+00h  1
  33  3.0465564e-03 7.43e-07 1.43e-03  -5.0 1.28e-01    -  1.00e+00 1.00e+00h  1
  34  3.0465840e-03 7.23e-07 1.39e-03  -5.0 1.24e-01    -  1.00e+00 1.00e+00h  1

Number of Iterations....: 34

                                   (scaled)                 (unscaled)
Objective...............:   3.0465840326459352e-03    3.0465840326459352e-03
Dual infeasibility......:   1.3925984795379895e-03    1.3925984795379895e-03
Constraint violation....:   7.2296875248436948e-07    7.2296875248436948e-07
Complementarity.........:   1.0000000000000004e-05    1.0000000000000004e-05
Overall NLP error.......:   1.3925984795379895e-03    1.3925984795379895e-03


Number of objective function evaluations             = 35
Number of objective gradient evaluations             = 35
Number of equality constraint evaluations            = 35
Number of inequality constraint evaluations          = 35
Number of equality constraint Jacobian evaluations   = 35
Number of inequality constraint Jacobian evaluations = 35
Number of Lagrangian Hessian evaluations             = 0
Total CPU secs in IPOPT (w/o function evaluations)   =      0.774
Total CPU secs in NLP function evaluations           =     14.437

EXIT: Solved To Acceptable Level.
