
List of user-set options:

                                    Name   Value                used
              acceptable_constr_viol_tol = 0.001                 yes
                          acceptable_tol = 0.01                  yes
                             alpha_for_y = safer-min-dual-infeas  yes
                         constr_viol_tol = 0.001                 yes
                        file_print_level = 5                     yes
                   hessian_approximation = limited-memory        yes
                           linear_solver = mumps                 yes
                                max_iter = 66                    yes
                                 mu_init = 1e-05                 yes
                             mu_strategy = monotone              yes
                      nlp_scaling_method = gradient-based        yes
                             output_file = /home/kaleb/projects/learning/AAD-design/sardines/SARDINE_optimization4_out/IPOPT.out  yes
                             print_level = 5                     yes
                      print_user_options = yes                   yes
                                      sb = yes                   yes
                                     tol = 0.001                 yes
This is Ipopt version 3.11.9, running with linear solver mumps.
NOTE: Other linear solvers might be more efficient (see Ipopt documentation).

Number of nonzeros in equality constraint Jacobian...:     4707
Number of nonzeros in inequality constraint Jacobian.:     1910
Number of nonzeros in Lagrangian Hessian.............:        0

Total number of variables............................:      126
                     variables with only lower bounds:        2
                variables with lower and upper bounds:      124
                     variables with only upper bounds:        0
Total number of equality constraints.................:      120
Total number of inequality constraints...............:       82
        inequality constraints with only lower bounds:       20
   inequality constraints with lower and upper bounds:       42
        inequality constraints with only upper bounds:       20

iter    objective    inf_pr   inf_du lg(mu)  ||d||  lg(rg) alpha_du alpha_pr  ls
   0  5.3995626e-06 1.96e+01 1.00e+00  -5.0 0.00e+00    -  0.00e+00 0.00e+00   0
   1  9.4067152e-06 1.92e+01 1.49e+00  -5.0 9.03e+00    -  1.81e-02 1.85e-02h  1
   2  1.2060530e-05 1.92e+01 1.48e+00  -5.0 5.24e+01    -  6.41e-03 1.82e-03h  1
   3  3.6104912e-05 1.90e+01 1.47e+00  -5.0 6.00e+01    -  2.97e-03 8.24e-03h  1
   4  1.0457381e-03 1.30e+01 6.34e+00  -5.0 1.20e+01    -  6.79e-03 3.16e-01h  2
   5  1.3932431e-03 1.10e+01 6.78e+00  -5.0 4.12e+00    -  2.33e-01 1.56e-01h  2
   6  3.2666090e-03 1.05e-03 3.37e+01  -5.0 3.47e+00    -  3.48e-01 1.00e+00h  1
   7  3.2558195e-03 2.39e-04 6.16e+00  -5.0 3.06e-01    -  7.19e-01 1.00e+00h  1
   8  3.2521270e-03 6.99e-06 6.22e-01  -5.0 1.22e-01    -  8.99e-01 1.00e+00h  1
   9  3.2521982e-03 8.70e-08 3.01e-04  -5.0 1.84e-03    -  1.00e+00 1.00e+00h  1
iter    objective    inf_pr   inf_du lg(mu)  ||d||  lg(rg) alpha_du alpha_pr  ls
  10  3.2323420e-03 2.83e-03 1.25e-04  -5.0 2.95e+00    -  1.00e+00 1.00e+00f  1
  11  3.2491206e-03 4.43e-05 1.34e-04  -5.0 7.24e+00    -  1.00e+00 1.00e+00h  1

Number of Iterations....: 11

                                   (scaled)                 (unscaled)
Objective...............:   3.2491205843096834e-03    3.2491205843096834e-03
Dual infeasibility......:   1.3429557340689834e-04    1.3429557340689834e-04
Constraint violation....:   4.4329051587644057e-05    4.4329051587644057e-05
Complementarity.........:   1.1636043231635125e-05    1.1636043231635125e-05
Overall NLP error.......:   1.3429557340689834e-04    1.3429557340689834e-04


Number of objective function evaluations             = 16
Number of objective gradient evaluations             = 12
Number of equality constraint evaluations            = 16
Number of inequality constraint evaluations          = 16
Number of equality constraint Jacobian evaluations   = 12
Number of inequality constraint Jacobian evaluations = 12
Number of Lagrangian Hessian evaluations             = 0
Total CPU secs in IPOPT (w/o function evaluations)   =      0.493
Total CPU secs in NLP function evaluations           =      4.407

EXIT: Optimal Solution Found.
