
List of user-set options:

                                    Name   Value                used
              acceptable_constr_viol_tol = 0.001                 yes
                          acceptable_tol = 0.01                  yes
                             alpha_for_y = safer-min-dual-infeas  yes
                         constr_viol_tol = 0.001                 yes
                        file_print_level = 5                     yes
                   hessian_approximation = limited-memory        yes
                           linear_solver = mumps                 yes
                                max_iter = 66                    yes
                                 mu_init = 1e-05                 yes
                             mu_strategy = monotone              yes
                      nlp_scaling_method = gradient-based        yes
                             output_file = /home/kaleb/projects/learning/AAD-design/sardines/SARDINE_optimization5_out/IPOPT.out  yes
                             print_level = 5                     yes
                      print_user_options = yes                   yes
                                      sb = yes                   yes
                                     tol = 0.001                 yes
This is Ipopt version 3.11.9, running with linear solver mumps.
NOTE: Other linear solvers might be more efficient (see Ipopt documentation).

Number of nonzeros in equality constraint Jacobian...:     8831
Number of nonzeros in inequality constraint Jacobian.:     2080
Number of nonzeros in Lagrangian Hessian.............:        0

Total number of variables............................:      180
                     variables with only lower bounds:        2
                variables with lower and upper bounds:      178
                     variables with only upper bounds:        0
Total number of equality constraints.................:      174
Total number of inequality constraints...............:       84
        inequality constraints with only lower bounds:       20
   inequality constraints with lower and upper bounds:       44
        inequality constraints with only upper bounds:       20

iter    objective    inf_pr   inf_du lg(mu)  ||d||  lg(rg) alpha_du alpha_pr  ls
   0  5.3995626e-06 1.96e+01 1.00e+00  -5.0 0.00e+00    -  0.00e+00 0.00e+00   0
   1  1.4622150e-05 1.91e+01 9.97e-01  -5.0 4.68e+00    -  1.26e-02 2.18e-02h  1
   2  1.6836937e-05 1.91e+01 1.44e+00  -5.0 4.13e+00    -  2.12e-02 3.44e-03h  1
   3  3.2018249e-05 1.86e+01 1.15e+00  -5.0 4.56e+00    -  2.57e-02 2.40e-02h  1
   4  3.5418286e-05 1.85e+01 1.22e+00  -5.0 8.72e+00    -  1.61e-03 4.33e-03h  1
   5  3.9503253e-05 1.84e+01 1.16e+00  -5.0 1.14e+01    -  1.29e-03 4.88e-03h  1
   6  4.4367530e-05 1.83e+01 1.11e+00  -5.0 1.59e+01    -  9.51e-04 4.81e-03h  1
   7  4.8657686e-05 1.83e+01 1.11e+00  -5.0 4.80e+01    -  8.05e-04 1.94e-03h  1
   8  6.0507832e-05 1.82e+01 1.11e+00  -5.0 1.49e+01    -  2.11e-03 4.35e-03h  1
   9  7.4704869e-05 1.81e+01 1.47e+00  -5.0 1.11e+01    -  5.94e-03 4.99e-03h  1
iter    objective    inf_pr   inf_du lg(mu)  ||d||  lg(rg) alpha_du alpha_pr  ls
  10  2.0037911e-04 1.73e+01 2.27e+00  -5.0 1.05e+01    -  1.08e-02 4.39e-02f  1
  11  2.0045904e-04 1.73e+01 2.51e+00  -5.0 1.60e+02    -  3.60e-04 8.10e-05h  1
  12  2.0689105e-04 1.73e+01 2.69e+00  -5.0 7.83e+01    -  3.45e-08 3.35e-03f  1
  13  2.6056152e-04 1.69e+01 3.05e+00  -5.0 1.63e+01    -  2.10e-03 2.04e-02h  1
  14  2.7543477e-03 1.76e+00 2.16e+01  -5.0 5.15e+00    -  2.06e-02 8.96e-01h  1
  15  3.0314674e-03 1.72e-05 2.18e+00  -5.0 5.13e-01    -  6.65e-01 1.00e+00h  1
  16  3.0242890e-03 4.54e-04 3.65e-01  -5.0 2.60e-01    -  8.37e-01 1.00e+00h  1
  17  3.0260482e-03 9.25e-08 2.63e-03  -5.0 9.71e-03    -  9.98e-01 1.00e+00h  1
  18  3.0238636e-03 2.32e-04 2.67e-03  -5.0 7.15e+00    -  1.05e-02 2.50e-01f  1
  19  3.0259144e-03 4.86e-06 2.27e-03  -5.0 1.11e-01    -  9.80e-01 1.00e+00h  1
iter    objective    inf_pr   inf_du lg(mu)  ||d||  lg(rg) alpha_du alpha_pr  ls
  20  3.0505811e-03 2.85e-04 1.04e-02  -5.0 2.45e+00    -  2.44e-01 1.00e+00h  1
  21  3.0526319e-03 6.56e-05 5.74e-03  -5.0 1.39e+00    -  1.00e+00 1.00e+00h  1
  22  3.0526448e-03 7.12e-07 2.41e-04  -5.0 4.87e-03    -  1.00e+00 1.00e+00h  1

Number of Iterations....: 22

                                   (scaled)                 (unscaled)
Objective...............:   3.0526447948693125e-03    3.0526447948693125e-03
Dual infeasibility......:   2.4059208125886140e-04    2.4059208125886140e-04
Constraint violation....:   7.1230660487663619e-07    7.1230660487663619e-07
Complementarity.........:   1.0003862409004075e-05    1.0003862409004075e-05
Overall NLP error.......:   2.4059208125886140e-04    2.4059208125886140e-04


Number of objective function evaluations             = 23
Number of objective gradient evaluations             = 23
Number of equality constraint evaluations            = 23
Number of inequality constraint evaluations          = 23
Number of equality constraint Jacobian evaluations   = 23
Number of inequality constraint Jacobian evaluations = 23
Number of Lagrangian Hessian evaluations             = 0
Total CPU secs in IPOPT (w/o function evaluations)   =      0.721
Total CPU secs in NLP function evaluations           =      9.597

EXIT: Optimal Solution Found.
