This is Ipopt version 3.11.9, running with linear solver mumps.
NOTE: Other linear solvers might be more efficient (see Ipopt documentation).

Number of nonzeros in equality constraint Jacobian...:     6812
Number of nonzeros in inequality constraint Jacobian.:     1598
Number of nonzeros in Lagrangian Hessian.............:        0

Total number of variables............................:      203
                     variables with only lower bounds:        2
                variables with lower and upper bounds:      201
                     variables with only upper bounds:        0
Total number of equality constraints.................:      196
Total number of inequality constraints...............:       34
        inequality constraints with only lower bounds:        2
   inequality constraints with lower and upper bounds:       32
        inequality constraints with only upper bounds:        0

iter    objective    inf_pr   inf_du lg(mu)  ||d||  lg(rg) alpha_du alpha_pr  ls
   0 -4.2891667e-01 1.24e+03 1.87e+01  -5.0 0.00e+00    -  0.00e+00 0.00e+00   0
  10  3.9862226e+00 8.84e-02 4.39e-01  -5.0 7.52e-01    -  1.92e-01 9.93e-01f  1
  20  3.5026086e+00 8.97e-03 6.51e-01  -5.0 1.02e+00    -  8.94e-01 9.89e-01h  1
  30  3.3254315e+00 6.17e-03 1.31e-01  -5.0 1.27e+01    -  8.51e-02 2.49e-03h  1
  40  3.3172965e+00 1.30e-04 5.08e-02  -5.0 4.30e-01    -  7.77e-02 3.85e-01f  1

Number of Iterations....: 41

                                   (scaled)                 (unscaled)
Objective...............:   3.3165314006937208e+00    3.3165314006937208e+00
Dual infeasibility......:   5.8818964331159546e-02    5.8818964331159546e-02
Constraint violation....:   8.4613945214195851e-05    8.4613945214195851e-05
Complementarity.........:   1.8987103300562558e-05    1.8987103300562558e-05
Overall NLP error.......:   8.4613945214195851e-05    5.8818964331159546e-02


Number of objective function evaluations             = 42
Number of objective gradient evaluations             = 42
Number of equality constraint evaluations            = 42
Number of inequality constraint evaluations          = 42
Number of equality constraint Jacobian evaluations   = 42
Number of inequality constraint Jacobian evaluations = 42
Number of Lagrangian Hessian evaluations             = 0
Total CPU secs in IPOPT (w/o function evaluations)   =      0.902
Total CPU secs in NLP function evaluations           =     25.452

EXIT: Optimal Solution Found.
