
List of user-set options:

                                    Name   Value                used
              acceptable_constr_viol_tol = 0.001                 yes
                          acceptable_tol = 0.01                  yes
                             alpha_for_y = safer-min-dual-infeas  yes
                         constr_viol_tol = 0.001                 yes
                        file_print_level = 5                     yes
                   hessian_approximation = limited-memory        yes
                           linear_solver = mumps                 yes
                                max_iter = 66                    yes
                                 mu_init = 1e-05                 yes
                             mu_strategy = monotone              yes
                      nlp_scaling_method = gradient-based        yes
                             output_file = /home/kaleb/projects/learning/AAD-design/sardines/SARDINE_optimization23_out/IPOPT.out  yes
                             print_level = 5                     yes
                      print_user_options = yes                   yes
                                      sb = yes                   yes
                                     tol = 0.001                 yes
This is Ipopt version 3.11.9, running with linear solver mumps.
NOTE: Other linear solvers might be more efficient (see Ipopt documentation).

Number of nonzeros in equality constraint Jacobian...:     8831
Number of nonzeros in inequality constraint Jacobian.:     2080
Number of nonzeros in Lagrangian Hessian.............:        0

Total number of variables............................:      180
                     variables with only lower bounds:        2
                variables with lower and upper bounds:      178
                     variables with only upper bounds:        0
Total number of equality constraints.................:      174
Total number of inequality constraints...............:       84
        inequality constraints with only lower bounds:       20
   inequality constraints with lower and upper bounds:       44
        inequality constraints with only upper bounds:       20

iter    objective    inf_pr   inf_du lg(mu)  ||d||  lg(rg) alpha_du alpha_pr  ls
   0  5.3995626e-06 1.96e+01 1.00e+00  -5.0 0.00e+00    -  0.00e+00 0.00e+00   0
   1  1.4212126e-05 1.91e+01 9.95e-01  -5.0 6.08e+00    -  1.52e-02 2.52e-02h  1
   2  1.6101974e-05 1.90e+01 1.30e+00  -5.0 4.98e+00    -  2.41e-02 3.28e-03h  1
   3  6.2190438e-05 1.75e+01 1.27e+00  -5.0 4.05e+00    -  2.60e-02 7.75e-02h  1
   4  6.7042008e-05 1.74e+01 9.33e-01  -5.0 2.98e+00    -  3.76e-02 8.41e-03h  1
   5  7.2893870e-05 1.73e+01 9.30e-01  -5.0 1.24e+01    -  2.81e-03 6.49e-03h  1
   6  7.8082034e-05 1.72e+01 9.50e-01  -5.0 1.11e+01    -  1.20e-03 6.43e-03h  1
   7  8.0001581e-05 1.71e+01 1.03e+00  -5.0 5.68e+01    -  6.02e-04 1.62e-03h  1
   8  9.0026901e-05 1.71e+01 1.02e+00  -5.0 3.43e+01    -  8.84e-04 3.96e-03h  1
   9  1.0686301e-04 1.70e+01 1.06e+00  -5.0 1.32e+01    -  4.35e-03 6.09e-03f  1
iter    objective    inf_pr   inf_du lg(mu)  ||d||  lg(rg) alpha_du alpha_pr  ls
  10  1.9461162e-04 1.64e+01 4.34e+00  -5.0 1.11e+01    -  1.01e-02 3.16e-02h  1
  11  3.2674399e-04 1.56e+01 9.86e+00  -5.0 7.47e+00    -  2.98e-02 4.78e-02h  1
  12  3.2744280e-04 1.56e+01 9.88e+00  -5.0 5.10e+01    -  3.01e-07 3.94e-04h  1
  13  3.5867694e-04 1.54e+01 1.07e+01  -5.0 4.02e+01    -  8.22e-04 1.64e-02h  1
  14  4.2057181e-04 1.50e+01 1.15e+01  -5.0 5.02e+00    -  1.23e-02 2.68e-02h  1
  15  2.7034255e-03 2.87e-04 1.64e+01  -5.0 4.23e+00    -  3.85e-02 1.00e+00h  1
  16  2.6973539e-03 6.45e-07 7.15e-01  -5.0 1.13e-02    -  9.53e-01 1.00e+00h  1
  17  2.6973321e-03 5.86e-08 3.60e-04  -5.0 5.83e-04    -  9.99e-01 1.00e+00h  1
  18  2.6972964e-03 4.62e-05 1.22e-01  -5.0 5.40e+00    -  5.14e-01 3.38e-02f  1
  19  2.6976795e-03 5.72e-06 3.94e-02  -5.0 1.03e+00    -  6.76e-01 1.00e+00f  1
iter    objective    inf_pr   inf_du lg(mu)  ||d||  lg(rg) alpha_du alpha_pr  ls
  20  2.7050830e-03 7.62e-05 2.10e-02  -5.0 3.32e+00    -  4.68e-01 1.00e+00h  1
  21  2.7065037e-03 1.76e-05 3.00e-03  -5.0 2.19e+00    -  8.57e-01 1.00e+00h  1
  22  2.7064658e-03 1.50e-06 1.17e-03  -5.0 7.52e-02    -  1.00e+00 1.00e+00h  1
  23  2.7064496e-03 1.34e-06 9.76e-04  -5.0 6.76e-02    -  1.00e+00 1.00e+00h  1

Number of Iterations....: 23

                                   (scaled)                 (unscaled)
Objective...............:   2.7064495896060225e-03    2.7064495896060225e-03
Dual infeasibility......:   9.7640301736260889e-04    9.7640301736260889e-04
Constraint violation....:   1.3396544125200870e-06    1.3396544125200870e-06
Complementarity.........:   1.0000000000000003e-05    1.0000000000000003e-05
Overall NLP error.......:   9.7640301736260889e-04    9.7640301736260889e-04


Number of objective function evaluations             = 24
Number of objective gradient evaluations             = 24
Number of equality constraint evaluations            = 24
Number of inequality constraint evaluations          = 24
Number of equality constraint Jacobian evaluations   = 24
Number of inequality constraint Jacobian evaluations = 24
Number of Lagrangian Hessian evaluations             = 0
Total CPU secs in IPOPT (w/o function evaluations)   =      0.744
Total CPU secs in NLP function evaluations           =     10.242

EXIT: Optimal Solution Found.
