
List of user-set options:

                                    Name   Value                used
              acceptable_constr_viol_tol = 0.0001                yes
                          acceptable_tol = 0.001                 yes
                             alpha_for_y = safer-min-dual-infeas  yes
                         constr_viol_tol = 0.0001                yes
                        file_print_level = 5                     yes
                   hessian_approximation = limited-memory        yes
                           linear_solver = mumps                 yes
                                max_iter = 200                   yes
                                 mu_init = 1e-05                 yes
                             mu_strategy = monotone              yes
                      nlp_scaling_method = gradient-based        yes
                             output_file = /home/kaleb/projects/learning/AAD-design/sardines/SARDINE_optimization7_out/IPOPT.out  yes
                             print_level = 5                     yes
                      print_user_options = yes                   yes
                                      sb = yes                   yes
                                     tol = 0.0001                yes
This is Ipopt version 3.11.9, running with linear solver mumps.
NOTE: Other linear solvers might be more efficient (see Ipopt documentation).

Number of nonzeros in equality constraint Jacobian...:    11716
Number of nonzeros in inequality constraint Jacobian.:     4156
Number of nonzeros in Lagrangian Hessian.............:        0

Total number of variables............................:      213
                     variables with only lower bounds:        2
                variables with lower and upper bounds:      211
                     variables with only upper bounds:        0
Total number of equality constraints.................:      200
Total number of inequality constraints...............:      124
        inequality constraints with only lower bounds:       20
   inequality constraints with lower and upper bounds:       64
        inequality constraints with only upper bounds:       40

iter    objective    inf_pr   inf_du lg(mu)  ||d||  lg(rg) alpha_du alpha_pr  ls
   0  1.5427322e-03 1.08e+01 1.00e+00  -5.0 0.00e+00    -  0.00e+00 0.00e+00   0
   1  2.9027971e-03 1.04e+01 3.29e+00  -5.0 6.11e+00    -  2.46e-03 3.57e-02h  1
   2  2.9688289e-03 1.04e+01 3.29e+00  -5.0 4.29e+00    -  2.65e-02 7.53e-04h  1
   3  8.7526817e-03 1.01e+01 4.77e+00  -5.0 4.09e+00    -  1.19e-02 2.35e-02h  1
   4  1.3351579e-02 1.00e+01 6.24e+00  -5.0 1.46e+01    -  1.22e-02 9.06e-03h  1
   5r 1.3351579e-02 1.00e+01 9.99e+02   1.0 0.00e+00    -  0.00e+00 3.72e-07R  4
   6r 1.3252178e-02 1.00e+01 9.99e+02   1.0 3.41e+04    -  3.68e-08 4.48e-06f  1
   7r 4.3575773e-02 7.61e+00 9.99e+02   1.0 5.09e+02    -  8.39e-05 4.75e-03f  1
   8r 5.9898510e-02 5.15e+00 9.95e+02   1.0 6.20e+02    -  5.07e-03 3.95e-03f  1
   9  6.3269327e-02 5.12e+00 4.49e+01  -5.0 1.55e+01    -  4.09e-02 6.43e-03h  1
iter    objective    inf_pr   inf_du lg(mu)  ||d||  lg(rg) alpha_du alpha_pr  ls
  10  7.0468775e-02 5.08e+00 4.45e+01  -5.0 2.27e+01    -  9.44e-03 8.70e-03h  2
  11  8.8809211e-02 4.98e+00 4.45e+01  -5.0 2.87e+01    -  1.49e-02 1.99e-02h  2
  12  1.0712127e-01 4.88e+00 4.29e+01  -5.0 2.92e+01    -  3.62e-02 1.96e-02h  1
  13  1.1752776e-01 4.80e+00 4.46e+01  -5.0 3.93e+01    -  1.58e-03 1.57e-02h  1
  14  1.1787806e-01 4.80e+00 4.42e+01  -5.0 7.07e+00    -  1.05e-02 3.21e-04h  1
  15  3.9178817e-01 3.60e+00 3.71e+01  -5.0 7.12e+00    -  1.99e-02 2.49e-01h  1
  16  5.0002869e-01 3.16e+00 2.48e+01  -5.0 5.74e+00    -  2.52e-01 1.22e-01h  1
  17  5.2577818e-01 3.06e+00 2.31e+01  -5.0 5.03e+00    -  6.91e-02 3.32e-02h  1
  18  6.3466874e-01 2.62e+00 2.16e+01  -5.0 4.88e+00    -  1.13e-02 1.45e-01h  1
  19  6.4429819e-01 2.50e+00 2.50e+01  -5.0 8.89e+00    -  1.02e-01 4.37e-02h  1
iter    objective    inf_pr   inf_du lg(mu)  ||d||  lg(rg) alpha_du alpha_pr  ls
  20  6.4587023e-01 2.49e+00 2.39e+01  -5.0 1.17e+01    -  9.30e-04 6.27e-03h  1
  21  6.6564359e-01 2.27e+00 3.96e+01  -5.0 1.01e+01    -  1.49e-01 8.57e-02h  1
  22  6.6750488e-01 2.26e+00 3.57e+01  -5.0 9.97e+00    -  7.86e-02 4.56e-03h  1
  23  1.0462596e+00 4.80e-01 1.03e+02  -5.0 3.12e+00    -  3.26e-01 7.88e-01h  1
  24  1.0466637e+00 4.78e-01 5.46e+01  -5.0 6.22e-01    -  4.80e-01 4.21e-03h  1
  25  1.0780228e+00 3.33e-01 4.02e+01  -5.0 6.71e-01    -  3.41e-01 3.03e-01h  1
  26  1.0780268e+00 3.33e-01 4.02e+01  -5.0 4.76e-01    -  1.26e-04 1.02e-04h  1
  27  1.0804261e+00 3.02e-01 1.80e+01  -5.0 7.06e-01    -  5.57e-01 9.45e-02h  1
  28  1.0846495e+00 2.78e-01 1.64e+01  -5.0 1.37e+00    -  9.57e-02 7.95e-02h  1
  29  1.0941922e+00 2.27e-01 1.03e+01  -5.0 7.52e-01    -  4.13e-01 1.83e-01h  1
iter    objective    inf_pr   inf_du lg(mu)  ||d||  lg(rg) alpha_du alpha_pr  ls
  30  1.1113209e+00 1.42e-01 1.31e+01  -5.0 2.98e-01    -  4.87e-02 3.73e-01h  1
  31  1.1161095e+00 6.22e-02 1.88e+01  -5.0 5.06e-01    -  7.67e-01 5.63e-01h  1
  32  1.1113404e+00 4.91e-06 7.28e+00  -5.0 4.41e-02    -  6.77e-03 1.00e+00h  1
  33  1.1111084e+00 1.44e-06 6.78e-02  -5.0 2.25e-03    -  9.91e-01 6.68e-01h  1
  34  1.1112655e+00 1.23e-06 6.38e-02  -5.0 2.11e-01    -  5.87e-02 1.48e-01f  1
  35  1.1112525e+00 2.19e-06 6.32e-03  -5.0 1.80e-02    -  1.00e+00 4.66e-01f  1
  36  1.1112302e+00 4.71e-07 3.13e-03  -5.0 2.02e-02    -  9.99e-01 1.00e+00f  1
  37  1.1112242e+00 3.48e-05 1.27e-03  -5.0 2.85e-02    -  1.00e+00 1.00e+00h  1
  38  1.1112320e+00 2.85e-08 2.13e-04  -5.0 2.64e-03    -  1.00e+00 1.00e+00h  1
  39  1.1112379e+00 8.12e-08 3.09e-05  -5.0 7.68e-03    -  1.00e+00 1.00e+00h  1

Number of Iterations....: 39

                                   (scaled)                 (unscaled)
Objective...............:   1.1112378923329504e+00    1.1112378923329504e+00
Dual infeasibility......:   3.0909994344664737e-05    3.0909994344664737e-05
Constraint violation....:   8.1177057352141687e-08    8.1177057352141687e-08
Complementarity.........:   1.0000000000000003e-05    1.0000000000000003e-05
Overall NLP error.......:   3.0909994344664737e-05    3.0909994344664737e-05


Number of objective function evaluations             = 48
Number of objective gradient evaluations             = 38
Number of equality constraint evaluations            = 48
Number of inequality constraint evaluations          = 48
Number of equality constraint Jacobian evaluations   = 41
Number of inequality constraint Jacobian evaluations = 41
Number of Lagrangian Hessian evaluations             = 0
Total CPU secs in IPOPT (w/o function evaluations)   =      0.626
Total CPU secs in NLP function evaluations           =     23.413

EXIT: Optimal Solution Found.
