
List of user-set options:

                                    Name   Value                used
              acceptable_constr_viol_tol = 0.001                 yes
                          acceptable_tol = 0.01                  yes
                             alpha_for_y = safer-min-dual-infeas  yes
                         constr_viol_tol = 0.001                 yes
                        file_print_level = 5                     yes
                   hessian_approximation = limited-memory        yes
                           linear_solver = mumps                 yes
                                max_iter = 66                    yes
                                 mu_init = 1e-05                 yes
                             mu_strategy = monotone              yes
                      nlp_scaling_method = gradient-based        yes
                             output_file = /home/kaleb/projects/learning/AAD-design/sardines/SARDINE_optimization2_out/IPOPT.out  yes
                             print_level = 5                     yes
                      print_user_options = yes                   yes
                                      sb = yes                   yes
                                     tol = 0.001                 yes
This is Ipopt version 3.11.9, running with linear solver mumps.
NOTE: Other linear solvers might be more efficient (see Ipopt documentation).

Number of nonzeros in equality constraint Jacobian...:     4707
Number of nonzeros in inequality constraint Jacobian.:     1910
Number of nonzeros in Lagrangian Hessian.............:        0

Total number of variables............................:      126
                     variables with only lower bounds:        2
                variables with lower and upper bounds:      124
                     variables with only upper bounds:        0
Total number of equality constraints.................:      120
Total number of inequality constraints...............:       82
        inequality constraints with only lower bounds:       20
   inequality constraints with lower and upper bounds:       42
        inequality constraints with only upper bounds:       20

iter    objective    inf_pr   inf_du lg(mu)  ||d||  lg(rg) alpha_du alpha_pr  ls
   0  5.3995626e-06 1.96e+01 1.00e+00  -5.0 0.00e+00    -  0.00e+00 0.00e+00   0
   1  9.1799741e-06 1.93e+01 1.19e+00  -5.0 1.02e+01    -  1.38e-02 1.40e-02h  1
   2  1.2103652e-05 1.93e+01 1.41e+00  -5.0 7.18e+01    -  5.10e-03 1.63e-03h  1
   3  4.0258643e-05 1.91e+01 1.32e+00  -5.0 6.00e+01    -  2.81e-03 9.10e-03h  1
   4  1.4724364e-03 1.11e+01 8.57e+00  -5.0 1.09e+01    -  7.90e-03 4.20e-01h  2
   5  1.7219052e-03 9.69e+00 6.58e+00  -5.0 3.70e+00    -  3.42e-01 1.25e-01h  2
   6  3.4613644e-03 6.52e-04 2.85e+01  -5.0 3.22e+00    -  4.20e-01 1.00e+00h  1
   7  3.4401081e-03 1.32e-04 8.91e+00  -5.0 2.95e-01    -  5.68e-01 1.00e+00h  1
   8  3.4373429e-03 2.66e-06 2.77e-01  -5.0 8.39e-02    -  9.68e-01 1.00e+00h  1
   9  3.4373153e-03 2.94e-07 7.42e-05  -5.0 4.69e-03    -  1.00e+00 1.00e+00h  1
iter    objective    inf_pr   inf_du lg(mu)  ||d||  lg(rg) alpha_du alpha_pr  ls
  10  3.4286955e-03 2.76e-03 4.32e-04  -5.0 2.92e+00    -  1.00e+00 1.00e+00f  1
  11  3.4171275e-03 5.96e-04 1.10e-04  -5.0 3.12e+00    -  1.00e+00 1.00e+00h  1

Number of Iterations....: 11

                                   (scaled)                 (unscaled)
Objective...............:   3.4171275245337010e-03    3.4171275245337010e-03
Dual infeasibility......:   1.1023061169742417e-04    1.1023061169742417e-04
Constraint violation....:   5.9583411516874027e-04    5.9583411516874027e-04
Complementarity.........:   1.0284222895815679e-05    1.0284222895815679e-05
Overall NLP error.......:   5.9583411516874027e-04    5.9583411516874027e-04


Number of objective function evaluations             = 18
Number of objective gradient evaluations             = 12
Number of equality constraint evaluations            = 18
Number of inequality constraint evaluations          = 18
Number of equality constraint Jacobian evaluations   = 12
Number of inequality constraint Jacobian evaluations = 12
Number of Lagrangian Hessian evaluations             = 0
Total CPU secs in IPOPT (w/o function evaluations)   =      0.491
Total CPU secs in NLP function evaluations           =      5.155

EXIT: Optimal Solution Found.
