
List of user-set options:

                                    Name   Value                used
              acceptable_constr_viol_tol = 0.001                 yes
                          acceptable_tol = 0.01                  yes
                             alpha_for_y = safer-min-dual-infeas  yes
                         constr_viol_tol = 0.001                 yes
                        file_print_level = 5                     yes
                   hessian_approximation = limited-memory        yes
                           linear_solver = mumps                 yes
                                max_iter = 66                    yes
                                 mu_init = 1e-05                 yes
                             mu_strategy = monotone              yes
                      nlp_scaling_method = gradient-based        yes
                             output_file = /home/kaleb/projects/learning/AAD-design/sardines/SARDINE_optimization13_out/IPOPT.out  yes
                             print_level = 5                     yes
                      print_user_options = yes                   yes
                                      sb = yes                   yes
                                     tol = 0.001                 yes
This is Ipopt version 3.11.9, running with linear solver mumps.
NOTE: Other linear solvers might be more efficient (see Ipopt documentation).

Number of nonzeros in equality constraint Jacobian...:     8831
Number of nonzeros in inequality constraint Jacobian.:     2080
Number of nonzeros in Lagrangian Hessian.............:        0

Total number of variables............................:      180
                     variables with only lower bounds:        2
                variables with lower and upper bounds:      178
                     variables with only upper bounds:        0
Total number of equality constraints.................:      174
Total number of inequality constraints...............:       84
        inequality constraints with only lower bounds:       20
   inequality constraints with lower and upper bounds:       44
        inequality constraints with only upper bounds:       20

iter    objective    inf_pr   inf_du lg(mu)  ||d||  lg(rg) alpha_du alpha_pr  ls
   0  5.3995626e-06 1.96e+01 1.00e+00  -5.0 0.00e+00    -  0.00e+00 0.00e+00   0
   1  1.4420160e-05 1.91e+01 9.96e-01  -5.0 5.39e+00    -  1.38e-02 2.33e-02h  1
   2  1.6346345e-05 1.90e+01 1.30e+00  -5.0 4.36e+00    -  2.28e-02 3.11e-03h  1
   3  5.7127815e-05 1.78e+01 1.27e+00  -5.0 3.51e+00    -  2.48e-02 6.49e-02h  1
   4  6.0149911e-05 1.77e+01 9.53e-01  -5.0 3.70e+00    -  1.63e-02 4.81e-03h  1
   5  6.2037423e-05 1.77e+01 9.53e-01  -5.0 1.83e+01    -  7.76e-04 2.27e-03h  1
   6  6.5089877e-05 1.76e+01 1.10e+00  -5.0 2.76e+01    -  3.40e-04 3.09e-03h  1
   7  6.8826399e-05 1.76e+01 1.08e+00  -5.0 5.01e+01    -  6.89e-04 1.68e-03h  1
   8  7.9883483e-05 1.75e+01 1.07e+00  -5.0 1.57e+01    -  1.68e-03 3.81e-03h  1
   9  9.2870630e-05 1.75e+01 1.07e+00  -5.0 1.21e+01    -  5.12e-03 4.34e-03h  1
iter    objective    inf_pr   inf_du lg(mu)  ||d||  lg(rg) alpha_du alpha_pr  ls
  10  2.6248696e-04 1.65e+01 2.68e+00  -5.0 1.13e+01    -  9.37e-03 5.64e-02f  1
  11  2.6256952e-04 1.65e+01 2.85e+00  -5.0 1.18e+02    -  3.66e-04 7.68e-05h  1
  12  2.7200785e-04 1.64e+01 3.05e+00  -5.0 5.76e+01    -  4.74e-08 4.74e-03f  1
  13  3.2760570e-04 1.60e+01 3.41e+00  -5.0 1.57e+01    -  3.10e-03 2.14e-02h  1
  14  1.1725221e-03 1.10e+01 8.49e+00  -5.0 5.01e+00    -  2.28e-02 3.13e-01h  1
  15  3.0313441e-03 2.39e-04 3.80e+01  -5.0 3.44e+00    -  3.08e-01 1.00e+00h  1
  16  3.0103588e-03 4.85e-04 6.23e+00  -5.0 2.94e-01    -  7.87e-01 1.00e+00h  1
  17  3.0123451e-03 1.72e-07 3.50e-02  -5.0 1.28e-02    -  9.94e-01 1.00e+00h  1
  18  3.0126018e-03 8.76e-07 1.69e-04  -5.0 1.52e-02    -  9.95e-01 1.00e+00h  1
  19  2.9912505e-03 2.36e-04 8.67e-04  -5.0 8.15e+01    -  1.77e-02 2.53e-02f  2
iter    objective    inf_pr   inf_du lg(mu)  ||d||  lg(rg) alpha_du alpha_pr  ls
  20  3.0345607e-03 7.17e-04 1.54e-03  -5.0 7.32e+00    -  8.80e-02 4.15e-01H  1
  21  3.0344187e-03 3.22e-04 1.67e-01  -5.0 9.61e-01    -  1.00e+00 5.63e-01h  1
  22  3.0350253e-03 5.38e-05 4.90e-04  -5.0 2.54e+00    -  1.00e+00 1.00e+00h  1

Number of Iterations....: 22

                                   (scaled)                 (unscaled)
Objective...............:   3.0350252900431772e-03    3.0350252900431772e-03
Dual infeasibility......:   4.8988805130113604e-04    4.8988805130113604e-04
Constraint violation....:   5.3813917922461688e-05    5.3813917922461688e-05
Complementarity.........:   2.3999325437481978e-05    2.3999325437481978e-05
Overall NLP error.......:   4.8988805130113604e-04    4.8988805130113604e-04


Number of objective function evaluations             = 27
Number of objective gradient evaluations             = 23
Number of equality constraint evaluations            = 27
Number of inequality constraint evaluations          = 27
Number of equality constraint Jacobian evaluations   = 23
Number of inequality constraint Jacobian evaluations = 23
Number of Lagrangian Hessian evaluations             = 0
Total CPU secs in IPOPT (w/o function evaluations)   =      0.799
Total CPU secs in NLP function evaluations           =     11.107

EXIT: Optimal Solution Found.
