
List of user-set options:

                                    Name   Value                used
              acceptable_constr_viol_tol = 0.0001                yes
                          acceptable_tol = 0.001                 yes
                             alpha_for_y = safer-min-dual-infeas  yes
                         constr_viol_tol = 0.0001                yes
                        file_print_level = 5                     yes
                   hessian_approximation = limited-memory        yes
                           linear_solver = mumps                 yes
                                max_iter = 200                   yes
                                 mu_init = 1e-05                 yes
                             mu_strategy = monotone              yes
                      nlp_scaling_method = gradient-based        yes
                             output_file = /home/kaleb/projects/learning/AAD-design/sardines/SARDINE_optimization15_out/IPOPT.out  yes
                             print_level = 5                     yes
                      print_user_options = yes                   yes
                                      sb = yes                   yes
                                     tol = 0.0001                yes
This is Ipopt version 3.11.9, running with linear solver mumps.
NOTE: Other linear solvers might be more efficient (see Ipopt documentation).

Number of nonzeros in equality constraint Jacobian...:    11716
Number of nonzeros in inequality constraint Jacobian.:     4156
Number of nonzeros in Lagrangian Hessian.............:        0

Total number of variables............................:      213
                     variables with only lower bounds:        2
                variables with lower and upper bounds:      211
                     variables with only upper bounds:        0
Total number of equality constraints.................:      200
Total number of inequality constraints...............:      124
        inequality constraints with only lower bounds:       20
   inequality constraints with lower and upper bounds:       64
        inequality constraints with only upper bounds:       40

iter    objective    inf_pr   inf_du lg(mu)  ||d||  lg(rg) alpha_du alpha_pr  ls
   0  1.5427322e-03 1.08e+01 1.00e+00  -5.0 0.00e+00    -  0.00e+00 0.00e+00   0
   1  2.4239460e-03 1.05e+01 2.21e+00  -5.0 4.29e+00    -  2.95e-03 2.96e-02h  1
   2  2.4968359e-03 1.04e+01 2.23e+00  -5.0 3.79e+00    -  2.86e-02 1.00e-03h  1
   3  1.4027149e-02 9.79e+00 6.63e+00  -5.0 3.71e+00    -  1.35e-02 6.30e-02h  1
   4  1.7256758e-02 9.68e+00 7.06e+00  -5.0 6.66e+00    -  4.88e-02 1.17e-02h  1
   5  2.8577852e-02 9.41e+00 7.97e+00  -5.0 1.29e+01    -  3.35e-02 2.78e-02h  1
   6  3.4555991e-02 9.27e+00 7.86e+00  -5.0 1.26e+01    -  2.33e-02 1.51e-02h  1
   7  4.1112849e-02 9.11e+00 1.05e+01  -5.0 1.17e+01    -  2.86e-02 1.74e-02h  1
   8  4.1614899e-02 9.09e+00 7.44e+00  -5.0 1.79e+01    -  1.68e-03 2.13e-03h  1
   9  4.4616871e-02 9.02e+00 1.35e+01  -5.0 2.24e+01    -  6.20e-08 7.05e-03h  1
iter    objective    inf_pr   inf_du lg(mu)  ||d||  lg(rg) alpha_du alpha_pr  ls
  10  4.7883749e-02 8.97e+00 1.42e+01  -5.0 1.46e+01    -  7.16e-03 6.38e-03h  1
  11  5.7606483e-02 8.81e+00 1.79e+01  -5.0 1.19e+01    -  2.77e-05 1.74e-02h  3
  12  7.2733011e-02 8.56e+00 2.08e+01  -5.0 1.18e+01    -  2.16e-02 2.78e-02h  2
  13  9.8345415e-02 8.20e+00 2.12e+01  -5.0 1.14e+01    -  4.81e-03 4.26e-02h  1
  14  1.1196809e-01 8.01e+00 2.10e+01  -5.0 1.48e+01    -  2.28e-02 2.37e-02h  1
  15  1.1356883e-01 7.99e+00 2.09e+01  -5.0 4.19e+00    -  3.51e-03 2.50e-03h  1
  16  1.1761992e-01 7.93e+00 2.01e+01  -5.0 5.95e+00    -  4.64e-02 6.85e-03h  1
  17  1.4309285e-01 7.63e+00 2.31e+01  -5.0 4.30e+00    -  4.10e-03 3.84e-02h  1
  18  1.5889077e-01 7.47e+00 2.38e+01  -5.0 5.07e+00    -  4.26e-03 2.02e-02h  1
  19  1.6711297e-01 7.39e+00 2.42e+01  -5.0 5.05e+00    -  2.44e-02 1.06e-02h  1
iter    objective    inf_pr   inf_du lg(mu)  ||d||  lg(rg) alpha_du alpha_pr  ls
  20  1.7402562e-01 7.32e+00 2.48e+01  -5.0 4.81e+00    -  1.25e-06 9.32e-03h  1
  21  9.4836662e-01 1.28e-01 6.91e+01  -5.0 5.11e+00    -  9.94e-02 9.83e-01h  1
  22  9.4836460e-01 1.28e-01 6.91e+01  -5.0 4.86e-01    -  4.83e-05 3.78e-04h  1
  23  9.4336472e-01 2.67e-05 6.13e+01  -5.0 1.20e-01    -  1.11e-01 1.00e+00h  1
  24  9.4328457e-01 1.31e-08 6.61e-01  -5.0 7.54e-04    -  9.89e-01 1.00e+00h  1
  25  9.4315457e-01 4.96e-06 6.30e-01  -5.0 2.84e-01    -  4.74e-02 2.45e-01f  1
  26  9.4313528e-01 2.36e-06 8.41e-02  -5.0 3.18e-02    -  8.67e-01 1.00e+00f  1
  27  9.4284599e-01 1.98e-05 7.73e-02  -5.0 1.13e-01    -  1.54e-01 1.79e-01h  1
  28  9.4257258e-01 7.08e-07 3.04e-02  -5.0 2.75e-02    -  6.40e-01 1.00e+00f  1
  29  9.4218107e-01 1.02e-06 1.73e-02  -5.0 3.69e-02    -  4.65e-01 1.00e+00h  1
iter    objective    inf_pr   inf_du lg(mu)  ||d||  lg(rg) alpha_du alpha_pr  ls
  30  9.4167697e-01 1.03e-06 1.13e-02  -5.0 2.46e-02    -  7.15e-01 1.00e+00h  1
  31  9.4121029e-01 1.08e-06 8.75e-03  -5.0 2.21e-02    -  7.26e-01 1.00e+00h  1
  32  9.4072236e-01 1.09e-06 9.86e-03  -5.0 2.09e-02    -  1.00e+00 1.00e+00h  1
  33  9.4023268e-01 1.10e-06 9.81e-03  -5.0 1.97e-02    -  1.00e+00 1.00e+00h  1
  34  9.3973955e-01 1.11e-06 9.94e-03  -5.0 1.86e-02    -  1.00e+00 1.00e+00h  1
  35  9.3924413e-01 1.12e-06 1.00e-02  -5.0 1.78e-02    -  1.00e+00 1.00e+00h  1
  36  9.3874641e-01 1.14e-06 1.01e-02  -5.0 1.71e-02    -  1.00e+00 1.00e+00h  1
  37  9.3824665e-01 1.17e-06 1.02e-02  -5.0 1.65e-02    -  1.00e+00 1.00e+00h  1
  38  9.3774485e-01 1.41e-06 1.02e-02  -5.0 1.59e-02    -  1.00e+00 1.00e+00h  1
  39  9.3724101e-01 1.19e-06 1.03e-02  -5.0 1.55e-02    -  1.00e+00 1.00e+00h  1
iter    objective    inf_pr   inf_du lg(mu)  ||d||  lg(rg) alpha_du alpha_pr  ls
  40  9.3673537e-01 1.20e-06 1.04e-02  -5.0 1.49e-02    -  1.00e+00 1.00e+00h  1
  41  9.3622794e-01 1.22e-06 1.04e-02  -5.0 1.45e-02    -  1.00e+00 1.00e+00h  1
  42  9.3571881e-01 1.23e-06 1.05e-02  -5.0 1.42e-02    -  1.00e+00 1.00e+00h  1
  43  9.3520790e-01 1.24e-06 1.06e-02  -5.0 1.42e-02    -  1.00e+00 1.00e+00h  1
  44  9.3469541e-01 1.27e-06 1.06e-02  -5.0 1.39e-02    -  1.00e+00 1.00e+00h  1
  45  9.3418145e-01 1.29e-06 1.07e-02  -5.0 1.38e-02    -  1.00e+00 1.00e+00h  1
  46  9.3366606e-01 1.31e-06 1.07e-02  -5.0 1.38e-02    -  1.00e+00 1.00e+00h  1
  47  9.3314924e-01 1.32e-06 1.08e-02  -5.0 1.38e-02    -  1.00e+00 1.00e+00h  1
  48  9.3263120e-01 1.33e-06 1.08e-02  -5.0 1.36e-02    -  1.00e+00 1.00e+00h  1
  49  9.3211195e-01 1.35e-06 1.09e-02  -5.0 1.36e-02    -  1.00e+00 1.00e+00h  1
iter    objective    inf_pr   inf_du lg(mu)  ||d||  lg(rg) alpha_du alpha_pr  ls
  50  9.3159158e-01 1.36e-06 1.09e-02  -5.0 1.33e-02    -  1.00e+00 1.00e+00h  1
  51  9.3107020e-01 1.38e-06 1.10e-02  -5.0 1.33e-02    -  1.00e+00 1.00e+00h  1
  52  9.3054787e-01 1.39e-06 1.10e-02  -5.0 1.33e-02    -  1.00e+00 1.00e+00h  1
  53  9.3002464e-01 1.43e-06 1.10e-02  -5.0 1.32e-02    -  1.00e+00 1.00e+00h  1
  54  9.2950059e-01 1.45e-06 1.11e-02  -5.0 1.32e-02    -  1.00e+00 1.00e+00h  1
  55  9.2897578e-01 1.46e-06 1.11e-02  -5.0 1.31e-02    -  1.00e+00 1.00e+00h  1
  56  9.2845027e-01 1.48e-06 1.11e-02  -5.0 1.30e-02    -  1.00e+00 1.00e+00h  1
  57  9.2792413e-01 1.50e-06 1.11e-02  -5.0 1.29e-02    -  1.00e+00 1.00e+00h  1
  58  9.2739743e-01 1.52e-06 1.11e-02  -5.0 1.27e-02    -  1.00e+00 1.00e+00h  1
  59  9.2687026e-01 1.54e-06 1.12e-02  -5.0 1.25e-02    -  1.00e+00 1.00e+00h  1
iter    objective    inf_pr   inf_du lg(mu)  ||d||  lg(rg) alpha_du alpha_pr  ls
  60  9.2634262e-01 1.57e-06 1.12e-02  -5.0 1.23e-02    -  1.00e+00 1.00e+00h  1
  61  9.2581461e-01 1.60e-06 1.12e-02  -5.0 1.22e-02    -  1.00e+00 1.00e+00h  1
  62  9.2528637e-01 1.62e-06 1.12e-02  -5.0 1.19e-02    -  1.00e+00 1.00e+00h  1
  63  9.2475814e-01 1.65e-06 1.12e-02  -5.0 1.12e-02    -  1.00e+00 1.00e+00h  1
  64  9.2422989e-01 1.68e-06 1.12e-02  -5.0 1.12e-02    -  1.00e+00 1.00e+00h  1
  65  9.2370169e-01 1.70e-06 1.12e-02  -5.0 1.12e-02    -  1.00e+00 1.00e+00h  1
  66  9.2317366e-01 1.73e-06 1.12e-02  -5.0 1.12e-02    -  1.00e+00 1.00e+00h  1
  67  9.2264606e-01 1.77e-06 1.12e-02  -5.0 1.12e-02    -  1.00e+00 1.00e+00h  1
  68  9.2211884e-01 1.81e-06 1.11e-02  -5.0 1.11e-02    -  1.00e+00 1.00e+00h  1
  69  9.2159215e-01 1.85e-06 1.11e-02  -5.0 1.11e-02    -  1.00e+00 1.00e+00h  1
iter    objective    inf_pr   inf_du lg(mu)  ||d||  lg(rg) alpha_du alpha_pr  ls
  70  9.2106616e-01 1.89e-06 1.11e-02  -5.0 1.11e-02    -  1.00e+00 1.00e+00h  1
  71  9.2054101e-01 1.94e-06 1.10e-02  -5.0 1.10e-02    -  1.00e+00 1.00e+00h  1
  72  9.2001686e-01 1.98e-06 1.10e-02  -5.0 1.10e-02    -  1.00e+00 1.00e+00h  1
  73  8.9197077e-01 2.74e-03 1.10e-02  -5.0 6.15e+01    -  3.63e-03 4.51e-03f  1
  74  8.8192415e-01 2.67e-03 1.09e-02  -5.0 1.45e+01    -  1.56e-03 2.71e-02h  1
  75  8.8140864e-01 2.66e-03 1.07e-02  -5.0 1.68e+01    -  1.20e-02 1.07e-03h  1
  76  8.7107691e-01 2.63e-03 1.03e-02  -5.0 3.49e+01    -  8.17e-03 1.13e-02f  1
  77  8.6986541e-01 2.55e-03 9.65e-03  -5.0 1.85e+01    -  6.66e-02 3.31e-02h  1
  78  8.6997776e-01 2.46e-03 1.25e-01  -5.0 5.55e-01    -  1.00e+00 3.24e-02h  1
  79  8.7037041e-01 2.25e-03 1.61e-01  -5.0 1.40e+00    -  1.00e+00 8.56e-02h  1
iter    objective    inf_pr   inf_du lg(mu)  ||d||  lg(rg) alpha_du alpha_pr  ls
  80  8.7079906e-01 2.08e-03 1.85e-01  -5.0 1.59e+00    -  1.00e+00 7.75e-02h  1
  81  8.7226408e-01 1.82e-03 1.66e-01  -5.0 1.83e-01    -  8.20e-01 1.23e-01h  1
  82  8.8043960e-01 4.22e-04 1.64e-01  -5.0 1.98e-01    -  1.00e+00 7.68e-01h  1
  83  8.8271819e-01 2.14e-05 4.07e-02  -5.0 1.07e-01    -  1.00e+00 1.00e+00h  1
  84  8.8263291e-01 1.26e-06 2.82e-02  -5.0 1.72e-02    -  3.74e-01 1.00e+00h  1
  85  8.8259851e-01 3.08e-06 1.32e-02  -5.0 2.08e-02    -  7.30e-01 1.00e+00h  1
  86  8.8256602e-01 1.88e-06 6.78e-03  -5.0 2.23e-02    -  8.33e-01 1.00e+00h  1
  87  8.8256116e-01 9.79e-07 2.94e-03  -5.0 1.31e-02    -  1.00e+00 1.00e+00h  1
  88  8.8235987e-01 4.17e-05 4.02e-03  -5.0 1.80e-01    -  1.49e-01 1.00e+00h  1
  89  8.8074088e-01 2.95e-05 1.01e-02  -5.0 8.39e-01    -  9.05e-01 8.66e-01H  1
iter    objective    inf_pr   inf_du lg(mu)  ||d||  lg(rg) alpha_du alpha_pr  ls
  90  8.8159054e-01 4.29e-05 3.74e-03  -5.0 2.87e-01    -  1.92e-01 1.00e+00h  1
  91  8.8143004e-01 3.26e-06 5.11e-03  -5.0 2.87e-02    -  1.00e+00 9.29e-01h  1
  92  8.8138807e-01 4.92e-06 8.64e-03  -5.0 4.94e-02    -  1.00e+00 1.00e+00f  1
  93  8.8129640e-01 1.07e-06 5.37e-03  -5.0 2.23e-02    -  1.00e+00 1.00e+00h  1
  94  8.8120520e-01 1.18e-06 5.50e-03  -5.0 2.46e-02    -  1.00e+00 1.00e+00h  1
  95  8.8112237e-01 1.34e-06 6.22e-03  -5.0 3.02e-02    -  1.00e+00 1.00e+00h  1
  96  8.8103976e-01 1.38e-06 6.31e-03  -5.0 3.12e-02    -  1.00e+00 1.00e+00h  1
  97  8.8095627e-01 5.32e-06 6.31e-03  -5.0 3.13e-02    -  1.00e+00 1.00e+00h  1
  98  8.8087035e-01 3.92e-06 7.00e-03  -5.0 3.14e-02    -  1.00e+00 1.00e+00h  1
  99  8.8077848e-01 1.43e-06 6.56e-03  -5.0 3.28e-02    -  1.00e+00 1.00e+00h  1
iter    objective    inf_pr   inf_du lg(mu)  ||d||  lg(rg) alpha_du alpha_pr  ls
 100  8.8069186e-01 1.85e-06 6.14e-03  -5.0 3.27e-02    -  1.00e+00 1.00e+00h  1
 101  8.8061133e-01 1.44e-06 6.71e-03  -5.0 3.51e-02    -  1.00e+00 1.00e+00h  1
 102  8.8053041e-01 1.53e-06 6.87e-03  -5.0 3.74e-02    -  1.00e+00 1.00e+00h  1
 103  8.8044972e-01 3.46e-06 7.27e-03  -5.0 3.72e-02    -  1.00e+00 1.00e+00h  1
 104  8.8036388e-01 9.11e-06 7.36e-03  -5.0 3.86e-02    -  1.00e+00 1.00e+00h  1
 105  8.8027370e-01 1.26e-06 7.24e-03  -5.0 3.92e-02    -  1.00e+00 1.00e+00h  1
 106  8.8018220e-01 1.25e-06 7.01e-03  -5.0 3.91e-02    -  1.00e+00 1.00e+00h  1
 107  8.7968933e-01 1.57e-05 8.42e-03  -5.0 1.99e+00    -  1.36e-01 1.07e-01h  1
 108  8.7973947e-01 1.59e-05 1.65e-03  -5.0 8.95e-02    -  1.00e+00 1.00e+00f  1
 109  8.7958204e-01 5.37e-06 4.59e-04  -5.0 8.61e-02    -  1.00e+00 7.42e-01h  1
iter    objective    inf_pr   inf_du lg(mu)  ||d||  lg(rg) alpha_du alpha_pr  ls
 110  8.7951444e-01 2.06e-06 1.02e-02  -5.0 1.27e-02    -  1.00e+00 1.00e+00f  1
 111  8.7949659e-01 4.28e-07 2.75e-03  -5.0 1.58e-02    -  1.00e+00 1.00e+00h  1
 112  8.7949391e-01 1.38e-07 8.72e-04  -5.0 5.80e-03    -  1.00e+00 1.00e+00h  1
 113  8.7949394e-01 7.97e-08 5.13e-04  -5.0 3.40e-03    -  1.00e+00 1.00e+00h  1
 114  8.7949412e-01 3.92e-08 3.15e-04  -5.0 1.69e-03    -  1.00e+00 1.00e+00h  1
 115  8.7949422e-01 2.02e-08 1.47e-04  -5.0 8.73e-04    -  1.00e+00 1.00e+00h  1
 116  8.7949420e-01 1.04e-08 1.36e-04  -5.0 4.53e-04    -  1.00e+00 1.00e+00h  1
 117  8.7949411e-01 5.41e-09 1.26e-04  -5.0 2.34e-04    -  1.00e+00 1.00e+00h  1
 118  8.7949398e-01 2.79e-09 3.14e-04  -5.0 1.21e-04    -  1.00e+00 1.00e+00h  1
 119  8.7949384e-01 1.42e-09 1.08e-04  -5.0 1.08e-04    -  1.00e+00 1.00e+00h  1
iter    objective    inf_pr   inf_du lg(mu)  ||d||  lg(rg) alpha_du alpha_pr  ls
 120  8.7949369e-01 7.01e-10 8.42e-05  -5.0 1.00e-04    -  1.00e+00 1.00e+00h  1

Number of Iterations....: 120

                                   (scaled)                 (unscaled)
Objective...............:   8.7949368564317132e-01    8.7949368564317132e-01
Dual infeasibility......:   8.4237595511227814e-05    8.4237595511227814e-05
Constraint violation....:   7.0098802373208770e-10    7.0098802373208770e-10
Complementarity.........:   1.0000000000000004e-05    1.0000000000000004e-05
Overall NLP error.......:   8.4237595511227814e-05    8.4237595511227814e-05


Number of objective function evaluations             = 127
Number of objective gradient evaluations             = 121
Number of equality constraint evaluations            = 127
Number of inequality constraint evaluations          = 127
Number of equality constraint Jacobian evaluations   = 121
Number of inequality constraint Jacobian evaluations = 121
Number of Lagrangian Hessian evaluations             = 0
Total CPU secs in IPOPT (w/o function evaluations)   =      0.816
Total CPU secs in NLP function evaluations           =     55.796

EXIT: Optimal Solution Found.
