
List of user-set options:

                                    Name   Value                used
              acceptable_constr_viol_tol = 0.001                 yes
                          acceptable_tol = 0.01                  yes
                             alpha_for_y = safer-min-dual-infeas  yes
                         constr_viol_tol = 0.001                 yes
                        file_print_level = 5                     yes
                   hessian_approximation = limited-memory        yes
                           linear_solver = mumps                 yes
                                max_iter = 66                    yes
                                 mu_init = 1e-05                 yes
                             mu_strategy = monotone              yes
                      nlp_scaling_method = gradient-based        yes
                             output_file = /home/kaleb/projects/learning/AAD-design/sardines/SARDINE_optimization20_out/IPOPT.out  yes
                             print_level = 5                     yes
                      print_user_options = yes                   yes
                                      sb = yes                   yes
                                     tol = 0.001                 yes
This is Ipopt version 3.11.9, running with linear solver mumps.
NOTE: Other linear solvers might be more efficient (see Ipopt documentation).

Number of nonzeros in equality constraint Jacobian...:    11828
Number of nonzeros in inequality constraint Jacobian.:     4160
Number of nonzeros in Lagrangian Hessian.............:        0

Total number of variables............................:      215
                     variables with only lower bounds:        2
                variables with lower and upper bounds:      213
                     variables with only upper bounds:        0
Total number of equality constraints.................:      206
Total number of inequality constraints...............:      124
        inequality constraints with only lower bounds:       20
   inequality constraints with lower and upper bounds:       64
        inequality constraints with only upper bounds:       40

iter    objective    inf_pr   inf_du lg(mu)  ||d||  lg(rg) alpha_du alpha_pr  ls
   0  5.3995626e-06 1.96e+01 1.00e+00  -5.0 0.00e+00    -  0.00e+00 0.00e+00   0
   1  8.2041185e-06 1.92e+01 9.97e-01  -5.0 6.29e+00    -  6.83e-03 1.73e-02h  1
   2  8.2507520e-06 1.92e+01 1.14e+00  -5.0 5.33e+00    -  1.73e-02 1.05e-03h  1
   3  1.3039072e-05 1.83e+01 1.12e+00  -5.0 4.96e+00    -  1.62e-02 4.48e-02h  1
   4  3.1393703e-05 1.81e+01 1.11e+00  -5.0 3.37e+00    -  9.43e-03 1.34e-02h  1
   5  2.2377944e-04 1.62e+01 1.10e+00  -5.0 3.50e+00    -  1.73e-02 1.07e-01h  1
   6r 2.2377944e-04 1.62e+01 9.99e+02   1.2 0.00e+00    -  0.00e+00 3.04e-07R  3
   7r 2.0979336e-04 1.63e+01 9.99e+02   1.2 3.16e+06    -  1.26e-06 4.72e-08f  5
   8r 2.4675222e-04 1.28e+01 9.99e+02   1.2 1.39e+03    -  8.55e-05 2.55e-03f  1
   9r 2.4675222e-04 1.28e+01 9.99e+02   1.1 0.00e+00    -  0.00e+00 3.09e-07R  3
iter    objective    inf_pr   inf_du lg(mu)  ||d||  lg(rg) alpha_du alpha_pr  ls
  10r 2.3904129e-04 1.28e+01 9.99e+02   1.1 3.09e+05    -  1.34e-05 2.64e-07f  6
  11r 2.8895057e-04 9.82e+00 9.98e+02   1.1 1.32e+03    -  9.36e-04 2.29e-03f  1
  12  3.0956503e-04 9.71e+00 1.34e+00  -5.0 3.18e+00    -  9.47e-02 1.20e-02h  1
  13  3.5555382e-04 9.48e+00 1.78e+00  -5.0 4.89e+00    -  5.14e-02 2.28e-02h  1
  14  3.9958026e-04 9.30e+00 3.53e+00  -5.0 5.18e+00    -  4.89e-02 1.94e-02h  1
  15  8.0891920e-04 7.57e+00 8.58e+00  -5.0 4.07e+00    -  4.94e-02 1.86e-01h  1
  16  2.0604244e-03 2.19e+00 1.70e+01  -5.0 3.32e+00    -  1.73e-01 7.11e-01h  1
  17  2.1381204e-03 1.83e+00 1.32e+01  -5.0 2.06e+00    -  2.65e-01 1.66e-01h  1
  18  2.5430721e-03 1.18e-04 1.29e+01  -5.0 9.92e-01    -  2.36e-01 1.00e+00h  1
  19  2.5422965e-03 3.70e-07 3.57e-01  -5.0 3.86e-03    -  9.72e-01 1.00e+00h  1
iter    objective    inf_pr   inf_du lg(mu)  ||d||  lg(rg) alpha_du alpha_pr  ls
  20  2.5422919e-03 1.92e-07 3.58e-03  -5.0 5.12e-03    -  9.90e-01 1.00e+00h  1
  21  2.5708800e-03 1.79e-04 3.23e-03  -5.0 4.73e+00    -  1.39e-02 3.47e-01f  1
  22  2.5743570e-03 2.81e-05 2.47e-03  -5.0 4.61e-01    -  2.24e-01 1.00e+00f  1
  23  2.5797869e-03 1.43e-05 2.53e-04  -5.0 1.90e-01    -  8.96e-01 1.00e+00h  1
  24  2.5795555e-03 2.95e-06 2.13e-03  -5.0 6.28e-02    -  1.00e+00 1.00e+00h  1
  25  2.5794349e-03 1.76e-06 9.04e-04  -5.0 5.20e-02    -  1.00e+00 1.00e+00h  1

Number of Iterations....: 25

                                   (scaled)                 (unscaled)
Objective...............:   2.5794349309871110e-03    2.5794349309871110e-03
Dual infeasibility......:   9.0446392859531630e-04    9.0446392859531630e-04
Constraint violation....:   1.7630558814893064e-06    1.7630558814893064e-06
Complementarity.........:   1.0018734260624473e-05    1.0018734260624473e-05
Overall NLP error.......:   9.0446392859531630e-04    9.0446392859531630e-04


Number of objective function evaluations             = 43
Number of objective gradient evaluations             = 24
Number of equality constraint evaluations            = 43
Number of inequality constraint evaluations          = 43
Number of equality constraint Jacobian evaluations   = 28
Number of inequality constraint Jacobian evaluations = 28
Number of Lagrangian Hessian evaluations             = 0
Total CPU secs in IPOPT (w/o function evaluations)   =      0.767
Total CPU secs in NLP function evaluations           =     20.089

EXIT: Optimal Solution Found.
