
List of user-set options:

                                    Name   Value                used
              acceptable_constr_viol_tol = 0.001                 yes
                          acceptable_tol = 0.01                  yes
                             alpha_for_y = safer-min-dual-infeas  yes
                         constr_viol_tol = 0.001                 yes
                        file_print_level = 5                     yes
                   hessian_approximation = limited-memory        yes
                           linear_solver = mumps                 yes
                                max_iter = 66                    yes
                                 mu_init = 1e-05                 yes
                             mu_strategy = monotone              yes
                      nlp_scaling_method = gradient-based        yes
                             output_file = /home/kaleb/projects/learning/AAD-design/sardines/SARDINE_optimization_out/IPOPT.out  yes
                             print_level = 5                     yes
                      print_user_options = yes                   yes
                                      sb = yes                   yes
                                     tol = 0.001                 yes
This is Ipopt version 3.11.9, running with linear solver mumps.
NOTE: Other linear solvers might be more efficient (see Ipopt documentation).

Number of nonzeros in equality constraint Jacobian...:     8831
Number of nonzeros in inequality constraint Jacobian.:     2080
Number of nonzeros in Lagrangian Hessian.............:        0

Total number of variables............................:      180
                     variables with only lower bounds:        2
                variables with lower and upper bounds:      178
                     variables with only upper bounds:        0
Total number of equality constraints.................:      174
Total number of inequality constraints...............:       84
        inequality constraints with only lower bounds:       20
   inequality constraints with lower and upper bounds:       44
        inequality constraints with only upper bounds:       20

iter    objective    inf_pr   inf_du lg(mu)  ||d||  lg(rg) alpha_du alpha_pr  ls
   0  5.3995626e-06 1.96e+01 1.00e+00  -5.0 0.00e+00    -  0.00e+00 0.00e+00   0
   1  1.4980004e-05 1.91e+01 1.00e+00  -5.0 5.02e+00    -  1.21e-02 2.18e-02h  1
   2  2.1860655e-05 1.90e+01 2.05e+00  -5.0 6.00e+00    -  1.89e-02 9.10e-03h  1
   3  3.2107882e-05 1.87e+01 2.04e+00  -5.0 7.51e+00    -  7.25e-03 1.34e-02h  1
   4  3.4562904e-05 1.86e+01 2.03e+00  -5.0 1.58e+01    -  9.29e-04 2.99e-03h  1
   5  3.6286209e-05 1.86e+01 2.03e+00  -5.0 5.22e+01    -  2.92e-04 1.43e-03h  1
   6  3.9594900e-05 1.86e+01 2.04e+00  -5.0 6.27e+01    -  6.70e-04 1.52e-03h  1
   7  4.9390809e-05 1.85e+01 2.08e+00  -5.0 2.52e+01    -  1.58e-03 3.54e-03h  1
   8  5.5841092e-05 1.85e+01 2.29e+00  -5.0 1.78e+01    -  4.60e-03 2.21e-03h  1
   9  1.8001736e-04 1.77e+01 8.14e+00  -5.0 1.77e+01    -  6.47e-03 4.07e-02f  1
iter    objective    inf_pr   inf_du lg(mu)  ||d||  lg(rg) alpha_du alpha_pr  ls
  10  1.8005906e-04 1.77e+01 1.06e+01  -5.0 2.86e+02    -  2.92e-04 5.14e-05h  1
  11  1.8259708e-04 1.77e+01 1.07e+01  -5.0 1.37e+02    -  1.98e-08 1.21e-03f  2
  12  2.0690376e-04 1.76e+01 9.23e+00  -5.0 3.85e+01    -  9.14e-04 8.39e-03h  1
  13  5.0436000e-04 1.59e+01 1.14e+01  -5.0 5.81e+00    -  8.81e-03 9.49e-02h  1
  14  3.3771551e-03 1.43e-03 4.59e+01  -5.0 5.32e+00    -  1.01e-01 1.00e+00h  1
  15  3.3927310e-03 1.49e-06 1.88e+01  -5.0 4.13e-02    -  4.20e-01 1.00e+00h  1
  16  3.3927023e-03 1.44e-07 9.38e-03  -5.0 5.32e-05    -  1.00e+00 1.00e+00h  1
  17  3.3815639e-03 6.19e-05 9.23e-03  -5.0 1.02e+01    -  1.13e-02 1.25e-01f  1
  18  3.3813919e-03 1.93e-06 1.11e-02  -5.0 1.16e-01    -  9.91e-01 1.00e+00h  1
  19  3.3813814e-03 3.50e-06 2.90e-03  -5.0 1.49e-01    -  1.00e+00 1.00e+00h  1
iter    objective    inf_pr   inf_du lg(mu)  ||d||  lg(rg) alpha_du alpha_pr  ls
  20  3.3813615e-03 1.50e-06 1.46e-03  -5.0 7.16e-02    -  1.00e+00 1.00e+00h  1
  21  3.3813626e-03 1.47e-06 1.45e-03  -5.0 6.82e-02    -  1.00e+00 1.00e+00h  1
  22  3.3813717e-03 1.31e-06 1.32e-03  -5.0 5.88e-02    -  1.00e+00 1.00e+00h  1
  23  3.3813848e-03 5.50e-06 1.10e-03  -5.0 5.32e-02    -  1.00e+00 1.00e+00h  1
  24  3.3814021e-03 1.02e-06 1.06e-03  -5.0 4.15e-02    -  1.00e+00 1.00e+00h  1
  25  3.3814203e-03 9.55e-07 1.02e-03  -5.0 3.88e-02    -  1.00e+00 1.00e+00h  1
  26  3.3814391e-03 9.03e-07 9.80e-04  -5.0 3.64e-02    -  1.00e+00 1.00e+00h  1

Number of Iterations....: 26

                                   (scaled)                 (unscaled)
Objective...............:   3.3814391104221571e-03    3.3814391104221571e-03
Dual infeasibility......:   9.8011012032181107e-04    9.8011012032181107e-04
Constraint violation....:   9.0255189011090172e-07    9.0255189011090172e-07
Complementarity.........:   1.0000000000000006e-05    1.0000000000000006e-05
Overall NLP error.......:   9.8011012032181107e-04    9.8011012032181107e-04


Number of objective function evaluations             = 29
Number of objective gradient evaluations             = 27
Number of equality constraint evaluations            = 29
Number of inequality constraint evaluations          = 29
Number of equality constraint Jacobian evaluations   = 27
Number of inequality constraint Jacobian evaluations = 27
Number of Lagrangian Hessian evaluations             = 0
Total CPU secs in IPOPT (w/o function evaluations)   =      0.626
Total CPU secs in NLP function evaluations           =     11.502

EXIT: Optimal Solution Found.
