
List of user-set options:

                                    Name   Value                used
              acceptable_constr_viol_tol = 0.0001                yes
                          acceptable_tol = 0.001                 yes
                             alpha_for_y = safer-min-dual-infeas  yes
                         constr_viol_tol = 0.0001                yes
                        file_print_level = 5                     yes
                   hessian_approximation = limited-memory        yes
                           linear_solver = mumps                 yes
                                max_iter = 200                   yes
                                 mu_init = 1e-05                 yes
                             mu_strategy = monotone              yes
                      nlp_scaling_method = gradient-based        yes
                             output_file = /home/kaleb/projects/learning/AAD-design/sardines/SARDINE_optimization10_out/IPOPT.out  yes
                             print_level = 5                     yes
                      print_user_options = yes                   yes
                                      sb = yes                   yes
                                     tol = 0.0001                yes
This is Ipopt version 3.11.9, running with linear solver mumps.
NOTE: Other linear solvers might be more efficient (see Ipopt documentation).

Number of nonzeros in equality constraint Jacobian...:    11716
Number of nonzeros in inequality constraint Jacobian.:     4156
Number of nonzeros in Lagrangian Hessian.............:        0

Total number of variables............................:      213
                     variables with only lower bounds:        2
                variables with lower and upper bounds:      211
                     variables with only upper bounds:        0
Total number of equality constraints.................:      200
Total number of inequality constraints...............:      124
        inequality constraints with only lower bounds:       20
   inequality constraints with lower and upper bounds:       64
        inequality constraints with only upper bounds:       40

iter    objective    inf_pr   inf_du lg(mu)  ||d||  lg(rg) alpha_du alpha_pr  ls
   0  1.5427322e-03 1.08e+01 1.00e+00  -5.0 0.00e+00    -  0.00e+00 0.00e+00   0
   1  2.3395652e-03 1.05e+01 1.58e+00  -5.0 4.33e+00    -  3.69e-03 2.63e-02h  1
   2  2.3921890e-03 1.05e+01 1.59e+00  -5.0 3.91e+00    -  2.58e-02 7.08e-04h  1
   3  1.7276057e-02 9.64e+00 6.50e+00  -5.0 3.04e+00    -  1.28e-02 8.09e-02h  1
   4  1.6905972e-02 9.63e+00 5.95e+01  -5.0 1.15e+02    -  6.30e-04 7.42e-04h  1
   5r 1.6905972e-02 9.63e+00 9.99e+02   1.0 0.00e+00    -  0.00e+00 4.36e-07R  3
   6r 1.6951305e-02 9.75e+00 9.99e+02   1.0 5.11e+05    -  3.16e-06 2.32e-07f  3
   7r 2.0814254e-02 9.32e+00 9.99e+02   1.0 7.85e+02    -  9.10e-04 5.54e-04f  1
   8r 3.2722996e-02 6.93e+00 9.98e+02   1.0 6.66e+02    -  2.34e-04 3.58e-03f  1
   9r 3.2722996e-02 6.93e+00 9.99e+02   0.8 0.00e+00    -  0.00e+00 3.78e-07R  2
iter    objective    inf_pr   inf_du lg(mu)  ||d||  lg(rg) alpha_du alpha_pr  ls
  10r 3.2751660e-02 6.97e+00 1.00e+03   0.8 5.77e+05    -  8.83e-06 6.35e-08f  4
  11r 4.4133455e-02 5.63e+00 9.98e+02   0.8 7.08e+02    -  1.46e-03 1.89e-03f  1
  12  4.4606587e-02 5.62e+00 3.66e+00  -5.0 9.62e+00    -  6.88e-02 1.10e-03h  1
  13  9.0828717e-02 5.25e+00 2.14e+00  -5.0 7.34e+00    -  2.29e-02 6.51e-02h  1
  14  3.2366584e-01 3.91e+00 4.86e+00  -5.0 5.89e+00    -  4.61e-02 2.56e-01h  1
  15  6.3937871e-01 2.08e+00 8.11e+00  -5.0 4.37e+00    -  2.80e-01 4.69e-01h  1
  16  6.4170924e-01 2.06e+00 8.14e+00  -5.0 1.90e+00    -  8.90e-03 7.95e-03h  1
  17  6.4429671e-01 2.00e+00 8.23e+00  -5.0 4.13e+00    -  4.24e-03 2.94e-02h  1
  18  6.5225627e-01 1.79e+00 1.03e+01  -5.0 3.51e+00    -  9.61e-04 1.03e-01h  1
  19  6.5351138e-01 1.78e+00 1.03e+01  -5.0 1.44e+00    -  1.87e-02 5.67e-03h  1
iter    objective    inf_pr   inf_du lg(mu)  ||d||  lg(rg) alpha_du alpha_pr  ls
  20  6.6960636e-01 1.62e+00 1.09e+01  -5.0 1.19e+00    -  8.75e-03 9.28e-02h  1
  21  6.8101694e-01 1.33e+00 1.20e+01  -5.0 2.14e+00    -  2.36e-03 1.76e-01h  1
  22  6.8923289e-01 1.27e+00 9.75e+00  -5.0 1.18e+00    -  1.50e-01 4.50e-02h  1
  23  7.4958316e-01 8.33e-01 6.51e+00  -5.0 1.13e+00    -  5.79e-02 3.46e-01h  1
  24  8.4425720e-01 1.37e-01 2.23e+00  -5.0 7.34e-01    -  4.62e-01 8.36e-01h  1
  25  8.6211832e-01 1.89e-06 1.96e-01  -5.0 1.16e-01    -  9.14e-01 1.00e+00h  1
  26  8.6206594e-01 6.36e-08 2.06e-02  -5.0 9.16e-03    -  9.83e-01 1.00e+00h  1
  27  8.6150025e-01 2.87e-06 8.18e-02  -5.0 3.26e+00    -  1.53e-01 7.32e-02h  3
  28  8.6108545e-01 3.46e-06 4.16e-02  -5.0 8.18e-01    -  3.82e-01 2.05e-01h  3
  29  8.6018798e-01 2.49e-03 1.06e-01  -5.0 1.23e+00    -  2.05e-01 4.52e-01H  1
iter    objective    inf_pr   inf_du lg(mu)  ||d||  lg(rg) alpha_du alpha_pr  ls
  30  8.5983665e-01 3.72e-03 2.36e-01  -5.0 4.58e-01    -  6.41e-01 8.43e-01h  1
  31  8.5939654e-01 1.36e-05 3.02e-01  -5.0 7.07e-01    -  1.00e+00 1.00e+00h  1

Number of Iterations....: 31

                                   (scaled)                 (unscaled)
Objective...............:   8.5939654207143434e-01    8.5939654207143434e-01
Dual infeasibility......:   3.0218831588760214e-01    3.0218831588760214e-01
Constraint violation....:   1.3630522894276508e-05    1.3630522894276508e-05
Complementarity.........:   3.7620231974257771e-05    3.7620231974257771e-05
Overall NLP error.......:   3.7620231974257771e-05    3.0218831588760214e-01


Number of objective function evaluations             = 53
Number of objective gradient evaluations             = 29
Number of equality constraint evaluations            = 53
Number of inequality constraint evaluations          = 53
Number of equality constraint Jacobian evaluations   = 34
Number of inequality constraint Jacobian evaluations = 34
Number of Lagrangian Hessian evaluations             = 0
Total CPU secs in IPOPT (w/o function evaluations)   =      0.656
Total CPU secs in NLP function evaluations           =     21.717

EXIT: Optimal Solution Found.
